# Path: mpy-cross
# Arch: x86_64
# Object files:
[  0] linker synthesized
[  1] build/py/mpstate.o
[  2] build/py/nlr.o
[  3] build/py/nlrx64.o
[  4] build/py/malloc.o
[  5] build/py/gc.o
[  6] build/py/qstr.o
[  7] build/py/vstr.o
[  8] build/py/mpprint.o
[  9] build/py/unicode.o
[ 10] build/py/mpz.o
[ 11] build/py/reader.o
[ 12] build/py/lexer.o
[ 13] build/py/parse.o
[ 14] build/py/scope.o
[ 15] build/py/compile.o
[ 16] build/py/emitcommon.o
[ 17] build/py/emitbc.o
[ 18] build/py/asmbase.o
[ 19] build/py/asmx64.o
[ 20] build/py/emitnx64.o
[ 21] build/py/asmx86.o
[ 22] build/py/emitnx86.o
[ 23] build/py/asmthumb.o
[ 24] build/py/emitnthumb.o
[ 25] build/py/emitinlinethumb.o
[ 26] build/py/asmarm.o
[ 27] build/py/emitnarm.o
[ 28] build/py/asmxtensa.o
[ 29] build/py/emitnxtensa.o
[ 30] build/py/emitinlinextensa.o
[ 31] build/py/emitnxtensawin.o
[ 32] build/py/formatfloat.o
[ 33] build/py/parsenumbase.o
[ 34] build/py/parsenum.o
[ 35] build/py/emitglue.o
[ 36] build/py/persistentcode.o
[ 37] build/py/runtime.o
[ 38] build/py/runtime_utils.o
[ 39] build/py/scheduler.o
[ 40] build/py/nativeglue.o
[ 41] build/py/pairheap.o
[ 42] build/py/ringbuf.o
[ 43] build/py/stackctrl.o
[ 44] build/py/argcheck.o
[ 45] build/py/warning.o
[ 46] build/py/map.o
[ 47] build/py/obj.o
[ 48] build/py/objarray.o
[ 49] build/py/objbool.o
[ 50] build/py/objboundmeth.o
[ 51] build/py/objcell.o
[ 52] build/py/objclosure.o
[ 53] build/py/objcomplex.o
[ 54] build/py/objdict.o
[ 55] build/py/objenumerate.o
[ 56] build/py/objexcept.o
[ 57] build/py/objfilter.o
[ 58] build/py/objfloat.o
[ 59] build/py/objfun.o
[ 60] build/py/objgenerator.o
[ 61] build/py/objgetitemiter.o
[ 62] build/py/objint.o
[ 63] build/py/objint_mpz.o
[ 64] build/py/objlist.o
[ 65] build/py/objmap.o
[ 66] build/py/objmodule.o
[ 67] build/py/objobject.o
[ 68] build/py/objpolyiter.o
[ 69] build/py/objproperty.o
[ 70] build/py/objnone.o
[ 71] build/py/objrange.o
[ 72] build/py/objreversed.o
[ 73] build/py/objset.o
[ 74] build/py/objsingleton.o
[ 75] build/py/objslice.o
[ 76] build/py/objstr.o
[ 77] build/py/objstrunicode.o
[ 78] build/py/objtuple.o
[ 79] build/py/objtype.o
[ 80] build/py/objzip.o
[ 81] build/py/opmethods.o
[ 82] build/py/sequence.o
[ 83] build/py/stream.o
[ 84] build/py/binary.o
[ 85] build/py/builtinimport.o
[ 86] build/py/builtinevex.o
[ 87] build/py/modbuiltins.o
[ 88] build/py/modmicropython.o
[ 89] build/py/modstruct.o
[ 90] build/py/vm.o
[ 91] build/py/bc.o
[ 92] build/py/smallint.o
[ 93] build/main.o
[ 94] build/gccollect.o
[ 95] build/shared/runtime/gchelper_generic.o
[ 96] /Library/Developer/CommandLineTools/SDKs/MacOSX12.1.sdk/usr/lib/libm.tbd
# Sections:
# Address	Size    	Segment	Section
0x100001A80	0x00044222	__TEXT	__text
0x100045CA2	0x000000C0	__TEXT	__stubs
0x100045D64	0x00000150	__TEXT	__stub_helper
0x100045EC0	0x00000EF5	__TEXT	__const
0x100046DB5	0x00005200	__TEXT	__cstring
0x10004BFB8	0x00000048	__TEXT	__unwind_info
0x10004C000	0x000000C8	__DATA_CONST	__got
0x10004C0D0	0x00003D50	__DATA_CONST	__const
0x100050000	0x00000100	__DATA	__la_symbol_ptr
0x100050100	0x00000010	__DATA	__data
0x100050110	0x00000368	__DATA	__common
0x100050478	0x00000004	__DATA	__bss
# Symbols:
# Address	Size    	File  Name
0x100001A80	0x0000001A	[  2] _nlr_push_tail
0x100001A9A	0x00000018	[  2] _nlr_pop
0x100001AB2	0x00000032	[  3] _nlr_push
0x100001AE4	0x00000053	[  3] _nlr_jump
0x100001B37	0x00000029	[  4] _m_malloc
0x100001B60	0x0000000C	[  4] _m_malloc_maybe
0x100001B6C	0x0000000A	[  4] _m_malloc0
0x100001B76	0x0000002C	[  4] _m_realloc
0x100001BA2	0x0000000A	[  4] _m_realloc_maybe
0x100001BAC	0x0000000A	[  4] _m_free
0x100001BC0	0x00000090	[  5] _gc_init
0x100001C50	0x00000020	[  5] _gc_is_locked
0x100001C70	0x00000040	[  5] _gc_collect_start
0x100001CB0	0x000001C0	[  5] _gc_collect_root
0x100001E70	0x00000290	[  5] _gc_collect_end
0x100002100	0x00000200	[  5] _gc_alloc
0x100002300	0x000000E0	[  5] _gc_free
0x1000023E0	0x00000360	[  5] _gc_realloc
0x100002740	0x00000040	[  6] _qstr_compute_hash
0x100002780	0x00000023	[  6] _qstr_init
0x1000027A3	0x00000185	[  6] _qstr_find_strn
0x100002928	0x0000001F	[  6] _qstr_from_str
0x100002947	0x00000211	[  6] _qstr_from_strn
0x100002B58	0x00000028	[  6] _qstr_hash
0x100002B80	0x00000029	[  6] _qstr_len
0x100002BA9	0x00000029	[  6] _qstr_str
0x100002BD2	0x00000030	[  6] _qstr_data
0x100002C02	0x00000034	[  7] _vstr_init
0x100002C36	0x0000003D	[  7] _vstr_init_len
0x100002C73	0x00000044	[  7] _vstr_init_print
0x100002CB7	0x0000003D	[  7] _vstr_add_strn
0x100002CF4	0x00000027	[  7] _vstr_clear
0x100002D1B	0x00000049	[  7] _vstr_extend
0x100002D64	0x0000004C	[  7] _vstr_ensure_extra
0x100002DB0	0x00000036	[  7] _vstr_null_terminated_str
0x100002DE6	0x00000030	[  7] _vstr_add_byte
0x100002E16	0x00000136	[  7] _vstr_add_char
0x100002F4C	0x00000048	[  7] _vstr_add_str
0x100002F94	0x00000017	[  7] _vstr_cut_tail_bytes
0x100002FAE	0x0000003A	[  8] _mp_print_str
0x100002FE8	0x00000117	[  8] _mp_print_strn
0x1000030FF	0x000003F3	[  8] _mp_print_mp_int
0x1000034F2	0x000000F6	[  8] _mp_print_float
0x1000035E8	0x0000009A	[  8] _mp_printf
0x100003682	0x000005C6	[  8] _mp_vprintf
0x100003C48	0x00000184	[  8] _mp_print_int
0x100003DCC	0x0000005C	[  9] _utf8_get_char
0x100003E28	0x00000017	[  9] _utf8_next_char
0x100003E3F	0x00000023	[  9] _utf8_ptr_to_index
0x100003E62	0x0000002C	[  9] _utf8_charlen
0x100003E8E	0x0000001E	[  9] _unichar_isspace
0x100003EAC	0x0000001F	[  9] _unichar_isalpha
0x100003ECB	0x0000001E	[  9] _unichar_isdigit
0x100003EE9	0x0000001F	[  9] _unichar_isxdigit
0x100003F08	0x0000001E	[  9] _unichar_isupper
0x100003F26	0x0000001E	[  9] _unichar_islower
0x100003F44	0x0000001F	[  9] _unichar_tolower
0x100003F63	0x0000001F	[  9] _unichar_toupper
0x100003F82	0x00000019	[  9] _unichar_xdigit_value
0x100003F9B	0x00000055	[  9] _utf8_check
0x100003FF0	0x00000014	[ 10] _mpz_init_zero
0x100004004	0x00000067	[ 10] _mpz_set_from_int
0x10000406B	0x00000024	[ 10] _mpz_init_fixed_from_int
0x10000408F	0x0000001A	[ 10] _mpz_deinit
0x1000040A9	0x0000004B	[ 10] _mpz_set
0x1000040F4	0x0000005B	[ 10] _mpz_need_dig
0x10000414F	0x0000007A	[ 10] _mpz_set_from_ll
0x1000041C9	0x00000162	[ 10] _mpz_set_from_float
0x10000432B	0x0000011C	[ 10] _mpz_set_from_str
0x100004447	0x000000E5	[ 10] _mpz_set_from_bytes
0x10000452C	0x00000086	[ 10] _mpz_cmp
0x1000045B2	0x00000020	[ 10] _mpz_abs_inpl
0x1000045D2	0x00000020	[ 10] _mpz_neg_inpl
0x1000045F2	0x000000AC	[ 10] _mpz_not_inpl
0x10000469E	0x00000091	[ 10] _mpn_sub
0x10000472F	0x00000084	[ 10] _mpn_add
0x1000047B3	0x0000011B	[ 10] _mpz_shl_inpl
0x1000048CE	0x00000135	[ 10] _mpz_shr_inpl
0x100004A03	0x00000064	[ 10] _mpn_shr
0x100004A67	0x000000E8	[ 10] _mpz_add_inpl
0x100004B4F	0x000000F6	[ 10] _mpz_sub_inpl
0x100004C45	0x00000180	[ 10] _mpz_and_inpl
0x100004DC5	0x00000173	[ 10] _mpz_or_inpl
0x100004F38	0x00000145	[ 10] _mpz_xor_inpl
0x10000507D	0x0000016A	[ 10] _mpz_mul_inpl
0x1000051E7	0x0000006E	[ 10] _mpz_clone
0x100005255	0x00000026	[ 10] _mpz_free
0x10000527B	0x0000012A	[ 10] _mpz_pow_inpl
0x1000053A5	0x000003E4	[ 10] _mpz_divmod_inpl
0x100005789	0x0000003D	[ 10] _mpz_hash
0x1000057C6	0x0000004E	[ 10] _mpz_as_int_checked
0x100005814	0x000000D2	[ 10] _mpz_as_bytes
0x1000058E6	0x00000052	[ 10] _mpz_as_float
0x100005938	0x000001E8	[ 10] _mpz_as_str_inpl
0x100005B20	0x0000008A	[ 11] _mp_reader_new_file_from_fd
0x100005BAA	0x00000068	[ 11] _mp_reader_posix_readbyte
0x100005C12	0x00000024	[ 11] _mp_reader_posix_close
0x100005C36	0x0000003F	[ 11] _mp_reader_new_file
0x100005C78	0x00000AB0	[ 12] _mp_lexer_to_next
0x100006728	0x00000090	[ 12] _skip_whitespace
0x1000067B8	0x0000007D	[ 12] _is_string_or_bytes
0x100006835	0x000000EC	[ 12] _next_char
0x100006921	0x000000C5	[ 12] _mp_lexer_new
0x1000069E9	0x00000047	[ 12] _mp_lexer_new_from_file
0x100006A33	0x00000045	[ 12] _mp_lexer_free
0x100006A78	0x00000019	[ 13] _mp_parse_node_is_const_false
0x100006A91	0x0000001B	[ 13] _mp_parse_node_is_const_true
0x100006AAC	0x0000005E	[ 13] _mp_parse_node_get_int_maybe
0x100006B0A	0x00000040	[ 13] _mp_parse_node_extract_list
0x100006B4A	0x000009AA	[ 13] _mp_parse
0x1000074F4	0x0000007F	[ 13] _push_rule
0x100007573	0x000001BD	[ 13] _push_result_token
0x100007730	0x0000002E	[ 13] _push_rule_from_arg
0x10000775E	0x0000004F	[ 13] _push_result_node
0x1000077AD	0x00000025	[ 13] _pop_result
0x1000077D2	0x000007FA	[ 13] _push_result_rule
0x100007FCC	0x00000027	[ 13] _mp_parse_tree_clear
0x100007FF3	0x000000AF	[ 13] _parser_alloc
0x1000080A2	0x000000A4	[ 14] _scope_new
0x100008146	0x00000020	[ 14] _scope_free
0x100008166	0x00000098	[ 14] _scope_find_or_add_id
0x1000081FE	0x00000029	[ 14] _scope_find
0x100008227	0x00000030	[ 14] _scope_find_global
0x100008257	0x000000AC	[ 14] _scope_check_to_close_over
0x100008304	0x000005B1	[ 15] _mp_compile_to_raw_code
0x1000088B5	0x00000054	[ 15] _scope_new_and_link
0x100008909	0x00000491	[ 15] _compile_scope_inline_asm
0x100008D9A	0x00000521	[ 15] _compile_scope
0x1000092BD	0x00000044	[ 15] _compile_syntax_error
0x100009301	0x000001AB	[ 15] _compile_node
0x1000094AC	0x00000080	[ 15] _apply_to_single_or_list
0x10000952C	0x00000076	[ 15] _compile_viper_type_annotation
0x1000095A2	0x00000038	[ 15] _compile_load_id
0x1000095DA	0x00000157	[ 15] _compile_scope_comp_iter
0x100009731	0x00000033	[ 15] _compile_store_id
0x100009764	0x00000065	[ 15] _compile_generic_all_nodes
0x1000097C9	0x000002C3	[ 15] _compile_decorated
0x100009A8C	0x00000027	[ 15] _compile_funcdef
0x100009AB3	0x00000371	[ 15] _compile_expr_stmt
0x100009E24	0x0000000F	[ 15] _compile_generic_tuple
0x100009E33	0x0000001A	[ 15] _compile_del_stmt
0x100009E4D	0x0000005E	[ 15] _compile_break_cont_stmt
0x100009EAB	0x000000CE	[ 15] _compile_return_stmt
0x100009F79	0x00000026	[ 15] _compile_yield_stmt
0x100009F9F	0x00000084	[ 15] _compile_raise_stmt
0x10000A023	0x0000001A	[ 15] _compile_import_name
0x10000A03D	0x0000026E	[ 15] _compile_import_from
0x10000A2AB	0x0000012B	[ 15] _compile_global_nonlocal_stmt
0x10000A3D6	0x000000B3	[ 15] _compile_assert_stmt
0x10000A489	0x0000035A	[ 15] _compile_async_stmt
0x10000A7E3	0x000001AD	[ 15] _compile_if_stmt
0x10000A990	0x0000010F	[ 15] _compile_while_stmt
0x10000AA9F	0x000004AA	[ 15] _compile_for_stmt
0x10000AF49	0x000000DD	[ 15] _compile_try_stmt
0x10000B026	0x00000049	[ 15] _compile_with_stmt
0x10000B06F	0x00000015	[ 15] _compile_namedexpr
0x10000B084	0x000000C7	[ 15] _compile_test_if_expr
0x10000B14B	0x0000004D	[ 15] _compile_lambdef
0x10000B198	0x000000A0	[ 15] _compile_or_and_test
0x10000B238	0x0000002E	[ 15] _compile_not_test_2
0x10000B266	0x000001D7	[ 15] _compile_comparison
0x10000B43D	0x00000011	[ 15] _compile_star_expr
0x10000B44E	0x0000007A	[ 15] _compile_binary_op
0x10000B4C8	0x0000006A	[ 15] _compile_term
0x10000B532	0x00000051	[ 15] _compile_factor_2
0x10000B583	0x0000002A	[ 15] _compile_power
0x10000B5AD	0x00000044	[ 15] _compile_atom_expr_await
0x10000B5F1	0x000001DC	[ 15] _compile_atom_expr_normal
0x10000B7CD	0x000000D6	[ 15] _compile_atom_paren
0x10000B8A3	0x00000127	[ 15] _compile_atom_bracket
0x10000B9CA	0x0000026B	[ 15] _compile_atom_brace
0x10000BC35	0x00000012	[ 15] _compile_trailer_paren
0x10000BC47	0x0000002B	[ 15] _compile_trailer_bracket
0x10000BC72	0x00000023	[ 15] _compile_trailer_period
0x10000BC95	0x00000117	[ 15] _compile_subscript
0x10000BDAC	0x00000026	[ 15] _compile_dictorsetmaker_item
0x10000BDD2	0x00000027	[ 15] _compile_classdef
0x10000BDF9	0x0000009C	[ 15] _compile_yield_expr
0x10000BE95	0x0000001D	[ 15] _compile_const_object
0x10000BEB2	0x00000058	[ 15] _compile_funcdef_helper
0x10000BF0A	0x0000009C	[ 15] _compile_classdef_helper
0x10000BFA6	0x000000B1	[ 15] _compile_funcdef_lambdef
0x10000C057	0x00000169	[ 15] _compile_funcdef_lambdef_param
0x10000C1C0	0x00000167	[ 15] _close_over_variables_etc
0x10000C327	0x00000296	[ 15] _compile_trailer_paren_helper
0x10000C5BD	0x0000007E	[ 15] _compile_namedexpr_helper
0x10000C63B	0x000000C9	[ 15] _compile_comprehension
0x10000C704	0x0000036B	[ 15] _c_assign
0x10000CA6F	0x000001A5	[ 15] _c_assign_tuple
0x10000CC14	0x0000007D	[ 15] _c_tuple
0x10000CC91	0x00000254	[ 15] _c_del_stmt
0x10000CEE5	0x00000033	[ 15] _compile_delete_id
0x10000CF18	0x000001E9	[ 15] _c_if_cond
0x10000D101	0x00000057	[ 15] _compile_dotted_as_name
0x10000D158	0x0000023E	[ 15] _do_import_name
0x10000D396	0x00000040	[ 15] _compile_decrease_except_level
0x10000D3D6	0x00000052	[ 15] _compile_yield_from
0x10000D428	0x00000408	[ 15] _compile_async_with_stmt_helper
0x10000D830	0x000000F0	[ 15] _compile_try_finally
0x10000D920	0x000002F3	[ 15] _compile_try_except
0x10000DC13	0x0000013A	[ 15] _compile_with_stmt_helper
0x10000DD4D	0x0000018B	[ 15] _compile_scope_func_lambda_param
0x10000DED8	0x00000027	[ 16] _mp_emit_common_get_id_for_modification
0x10000DEFF	0x000000B9	[ 16] _mp_emit_common_id_op
0x10000DFB8	0x0000000F	[ 17] _emit_bc_new
0x10000DFC7	0x00000025	[ 17] _emit_bc_set_max_num_labels
0x10000DFEC	0x00000020	[ 17] _emit_bc_free
0x10000E00C	0x000002A3	[ 17] _mp_emit_bc_start_pass
0x10000E2AF	0x0000002B	[ 17] _emit_write_code_info_qstr
0x10000E2DA	0x00000163	[ 17] _mp_emit_bc_end_pass
0x10000E43D	0x00000012	[ 17] _mp_emit_bc_last_emit_was_return_value
0x10000E44F	0x00000039	[ 17] _mp_emit_bc_adjust_stack_size
0x10000E488	0x0000011C	[ 17] _mp_emit_bc_set_source_line
0x10000E5A4	0x0000005C	[ 17] _mp_emit_bc_label_assign
0x10000E600	0x00000054	[ 17] _mp_emit_bc_import
0x10000E654	0x0000004A	[ 17] _emit_write_bytecode_byte_qstr
0x10000E69E	0x00000080	[ 17] _mp_emit_bc_load_const_tok
0x10000E71E	0x0000010F	[ 17] _mp_emit_bc_load_const_small_int
0x10000E82D	0x00000017	[ 17] _mp_emit_bc_load_const_str
0x10000E844	0x0000003F	[ 17] _mp_emit_bc_load_const_obj
0x10000E883	0x0000002A	[ 17] _mp_emit_bc_load_null
0x10000E8AD	0x00000055	[ 17] _mp_emit_bc_load_local
0x10000E902	0x000000B0	[ 17] _emit_write_bytecode_byte_uint
0x10000E9B2	0x00000040	[ 17] _mp_emit_bc_load_global
0x10000E9F2	0x0000001C	[ 17] _mp_emit_bc_load_method
0x10000EA0E	0x0000002A	[ 17] _mp_emit_bc_load_build_class
0x10000EA38	0x0000007D	[ 17] _mp_emit_bc_subscr
0x10000EAB5	0x00000027	[ 17] _mp_emit_bc_rot_three
0x10000EADC	0x00000090	[ 17] _mp_emit_bc_attr
0x10000EB6C	0x00000027	[ 17] _mp_emit_bc_rot_two
0x10000EB93	0x00000057	[ 17] _mp_emit_bc_store_local
0x10000EBEA	0x00000018	[ 17] _mp_emit_bc_store_global
0x10000EC02	0x00000018	[ 17] _mp_emit_bc_delete_local
0x10000EC1A	0x00000015	[ 17] _mp_emit_bc_delete_global
0x10000EC2F	0x0000002A	[ 17] _mp_emit_bc_dup_top
0x10000EC59	0x0000002A	[ 17] _mp_emit_bc_dup_top_two
0x10000EC83	0x0000002C	[ 17] _mp_emit_bc_pop_top
0x10000ECAF	0x00000014	[ 17] _mp_emit_bc_jump
0x10000ECC3	0x0000005B	[ 17] _emit_write_bytecode_byte_signed_label
0x10000ED1E	0x00000019	[ 17] _mp_emit_bc_pop_jump_if
0x10000ED37	0x00000019	[ 17] _mp_emit_bc_jump_if_or_pop
0x10000ED50	0x000000AA	[ 17] _mp_emit_bc_unwind_jump
0x10000EDFA	0x0000001D	[ 17] _mp_emit_bc_setup_block
0x10000EE17	0x00000058	[ 17] _emit_write_bytecode_byte_unsigned_label
0x10000EE6F	0x00000062	[ 17] _mp_emit_bc_with_cleanup
0x10000EED1	0x0000002C	[ 17] _mp_emit_bc_end_finally
0x10000EEFD	0x0000002E	[ 17] _mp_emit_bc_get_iter
0x10000EF2B	0x00000017	[ 17] _mp_emit_bc_for_iter
0x10000EF42	0x00000011	[ 17] _mp_emit_bc_for_iter_end
0x10000EF53	0x00000014	[ 17] _mp_emit_bc_pop_except_jump
0x10000EF67	0x0000002A	[ 17] _mp_emit_bc_unary_op
0x10000EF91	0x00000070	[ 17] _mp_emit_bc_binary_op
0x10000F001	0x00000025	[ 17] _mp_emit_bc_build
0x10000F026	0x0000002C	[ 17] _mp_emit_bc_store_map
0x10000F052	0x0000003D	[ 17] _mp_emit_bc_store_comp
0x10000F08F	0x00000014	[ 17] _mp_emit_bc_unpack_sequence
0x10000F0A3	0x0000001E	[ 17] _mp_emit_bc_unpack_ex
0x10000F0C1	0x0000002D	[ 17] _mp_emit_bc_make_function
0x10000F0EE	0x00000047	[ 17] _emit_write_bytecode_byte_raw_code
0x10000F135	0x00000062	[ 17] _mp_emit_bc_make_closure
0x10000F197	0x0000001A	[ 17] _mp_emit_bc_call_function
0x10000F1B1	0x00000039	[ 17] _emit_bc_call_function_method_helper
0x10000F1EA	0x0000001D	[ 17] _mp_emit_bc_call_method
0x10000F207	0x00000030	[ 17] _mp_emit_bc_return_value
0x10000F237	0x0000003E	[ 17] _mp_emit_bc_raise_varargs
0x10000F275	0x00000038	[ 17] _mp_emit_bc_yield
0x10000F2AD	0x0000000F	[ 17] _mp_emit_bc_start_except_handler
0x10000F2BC	0x00000011	[ 17] _mp_emit_bc_end_except_handler
0x10000F2CD	0x00000036	[ 17] _emit_get_cur_to_write_code_info
0x10000F303	0x0000003F	[ 17] _emit_get_cur_to_write_bytecode
0x10000F342	0x00000025	[ 18] _mp_asm_base_init
0x10000F367	0x00000026	[ 18] _mp_asm_base_deinit
0x10000F38D	0x00000059	[ 18] _mp_asm_base_start_pass
0x10000F3E6	0x00000029	[ 18] _mp_asm_base_get_cur_to_write_bytes
0x10000F40F	0x0000003E	[ 18] _mp_asm_base_label_assign
0x10000F44D	0x00000015	[ 18] _mp_asm_base_align
0x10000F462	0x00000041	[ 18] _mp_asm_base_data
0x10000F4A3	0x0000000F	[ 19] _asm_x64_mov_r64_r64
0x10000F4B2	0x00000054	[ 19] _asm_x64_generic_r64_r64
0x10000F506	0x0000007D	[ 19] _asm_x64_mov_r8_to_mem8
0x10000F583	0x000000D8	[ 19] _asm_x64_write_r64_disp
0x10000F65B	0x00000083	[ 19] _asm_x64_mov_r16_to_mem16
0x10000F6DE	0x0000007D	[ 19] _asm_x64_mov_r32_to_mem32
0x10000F75B	0x0000005B	[ 19] _asm_x64_mov_r64_to_mem64
0x10000F7B6	0x00000081	[ 19] _asm_x64_mov_mem8_to_r64zx
0x10000F837	0x00000081	[ 19] _asm_x64_mov_mem16_to_r64zx
0x10000F8B8	0x0000007D	[ 19] _asm_x64_mov_mem32_to_r64zx
0x10000F935	0x0000005B	[ 19] _asm_x64_mov_mem64_to_r64
0x10000F990	0x00000075	[ 19] _asm_x64_mov_i32_to_r64
0x10000FA05	0x0000005A	[ 19] _asm_x64_mov_i64_to_r64
0x10000FA5F	0x00000019	[ 19] _asm_x64_mov_i64_to_r64_optimised
0x10000FA78	0x0000000F	[ 19] _asm_x64_and_r64_r64
0x10000FA87	0x0000000F	[ 19] _asm_x64_or_r64_r64
0x10000FA96	0x0000000F	[ 19] _asm_x64_xor_r64_r64
0x10000FAA5	0x00000038	[ 19] _asm_x64_shl_r64_cl
0x10000FADD	0x00000038	[ 19] _asm_x64_shr_r64_cl
0x10000FB15	0x00000035	[ 19] _asm_x64_sar_r64_cl
0x10000FB4A	0x0000000F	[ 19] _asm_x64_add_r64_r64
0x10000FB59	0x0000000F	[ 19] _asm_x64_sub_r64_r64
0x10000FB68	0x0000006A	[ 19] _asm_x64_mul_r64_r64
0x10000FBD2	0x00000015	[ 19] _asm_x64_cmp_r64_with_r64
0x10000FBE7	0x00000044	[ 19] _asm_x64_test_r8_with_r8
0x10000FC2B	0x00000015	[ 19] _asm_x64_test_r64_with_r64
0x10000FC40	0x0000003E	[ 19] _asm_x64_setcc_r8
0x10000FC7E	0x00000034	[ 19] _asm_x64_jmp_reg
0x10000FCB2	0x0000009B	[ 19] _asm_x64_jmp_label
0x10000FD4D	0x000000A9	[ 19] _asm_x64_jcc_label
0x10000FDF6	0x00000088	[ 19] _asm_x64_entry
0x10000FE7E	0x00000076	[ 19] _asm_x64_sub_r64_i32
0x10000FEF4	0x0000008A	[ 19] _asm_x64_exit
0x10000FF7E	0x00000018	[ 19] _asm_x64_mov_local_to_r64
0x10000FF96	0x00000016	[ 19] _asm_x64_mov_r64_to_local
0x10000FFAC	0x00000093	[ 19] _asm_x64_mov_local_addr_to_r64
0x10001003F	0x00000077	[ 19] _asm_x64_mov_reg_pcrel
0x1000100B6	0x0000004B	[ 19] _asm_x64_call_ind
0x100010104	0x0000007A	[ 20] _emit_native_x64_new
0x10001017E	0x0000004C	[ 20] _emit_native_x64_free
0x1000101CA	0x0000085C	[ 20] _emit_native_start_pass
0x100010A26	0x00000481	[ 20] _emit_native_end_pass
0x100010EA7	0x0000000C	[ 20] _emit_native_last_emit_was_return_value
0x100010EB3	0x00000060	[ 20] _emit_native_adjust_stack_size
0x100010F13	0x00000006	[ 20] _emit_native_set_source_line
0x100010F19	0x0000009A	[ 20] _emit_native_load_local
0x100010FB3	0x00000074	[ 20] _emit_native_load_global
0x100011027	0x000000D2	[ 20] _emit_native_store_local
0x1000110F9	0x0000012C	[ 20] _emit_native_store_global
0x100011225	0x00000043	[ 20] _emit_native_delete_local
0x100011268	0x0000001F	[ 20] _emit_native_delete_global
0x100011287	0x000000CD	[ 20] _emit_native_label_assign
0x100011354	0x00000175	[ 20] _emit_native_import
0x1000114C9	0x0000003E	[ 20] _emit_native_load_const_tok
0x100011507	0x00000019	[ 20] _emit_native_load_const_small_int
0x100011520	0x00000072	[ 20] _emit_native_load_const_str
0x100011592	0x00000054	[ 20] _emit_native_load_const_obj
0x1000115E6	0x00000015	[ 20] _emit_native_load_null
0x1000115FB	0x000000B5	[ 20] _emit_native_load_method
0x1000116B0	0x0000003A	[ 20] _emit_native_load_build_class
0x1000116EA	0x00000B5A	[ 20] _emit_native_subscr
0x100012244	0x0000016C	[ 20] _emit_native_attr
0x1000123B0	0x00000063	[ 20] _emit_native_dup_top
0x100012413	0x000000B2	[ 20] _emit_native_dup_top_two
0x1000124C5	0x00000018	[ 20] _emit_native_pop_top
0x1000124DD	0x00000092	[ 20] _emit_native_rot_two
0x10001256F	0x000000DC	[ 20] _emit_native_rot_three
0x10001264B	0x0000002C	[ 20] _emit_native_jump
0x100012677	0x0000000F	[ 20] _emit_native_pop_jump_if
0x100012686	0x0000000C	[ 20] _emit_native_jump_if_or_pop
0x100012692	0x00000146	[ 20] _emit_native_unwind_jump
0x1000127D8	0x000001CA	[ 20] _emit_native_setup_block
0x1000129A2	0x00000234	[ 20] _emit_native_with_cleanup
0x100012BD6	0x00000121	[ 20] _emit_native_end_finally
0x100012CF7	0x000000C0	[ 20] _emit_native_get_iter
0x100012DB7	0x0000007F	[ 20] _emit_native_for_iter
0x100012E36	0x00000018	[ 20] _emit_native_for_iter_end
0x100012E4E	0x00000062	[ 20] _emit_native_pop_except_jump
0x100012EB0	0x000000A6	[ 20] _emit_native_unary_op
0x100012F56	0x00000532	[ 20] _emit_native_binary_op
0x100013488	0x000001E4	[ 20] _emit_native_build
0x10001366C	0x000000E9	[ 20] _emit_native_store_map
0x100013755	0x00000174	[ 20] _emit_native_store_comp
0x1000138C9	0x00000076	[ 20] _emit_native_unpack_sequence
0x10001393F	0x0000008C	[ 20] _emit_native_unpack_ex
0x1000139CB	0x0000011F	[ 20] _emit_native_make_function
0x100013AEA	0x000000B3	[ 20] _emit_native_make_closure
0x100013B9D	0x000001E2	[ 20] _emit_native_call_function
0x100013D7F	0x00000089	[ 20] _emit_native_call_method
0x100013E08	0x000001F6	[ 20] _emit_native_return_value
0x100013FFE	0x00000089	[ 20] _emit_native_raise_varargs
0x100014087	0x0000028D	[ 20] _emit_native_yield
0x100014314	0x00000038	[ 20] _emit_native_start_except_handler
0x10001434C	0x00000011	[ 20] _emit_native_end_except_handler
0x10001435D	0x00000047	[ 20] _emit_call_with_imm_arg
0x1000143A4	0x00000034	[ 20] _emit_native_mov_state_reg
0x1000143D8	0x000003A7	[ 20] _emit_native_global_exc_entry
0x10001477F	0x0000005F	[ 20] _need_reg_all
0x1000147DE	0x00000032	[ 20] _emit_native_mov_reg_state
0x100014810	0x0000003C	[ 20] _ensure_extra_stack
0x10001484C	0x0000003B	[ 20] _adjust_stack
0x100014887	0x000000AB	[ 20] _emit_native_load_fast
0x100014932	0x00000051	[ 20] _emit_post_push_reg
0x100014983	0x0000007C	[ 20] _need_reg_single
0x1000149FF	0x0000007E	[ 20] _emit_pre_pop_reg_flexible
0x100014A7D	0x000000A6	[ 20] _emit_access_stack
0x100014B23	0x000000BD	[ 20] _load_reg_stack_imm
0x100014BE0	0x00000051	[ 20] _emit_post_push_imm
0x100014C31	0x00000076	[ 20] _emit_call_with_qstr_arg
0x100014CA7	0x00000114	[ 20] _emit_native_store_fast
0x100014DBB	0x0000007D	[ 20] _need_stack_settled
0x100014E38	0x00000088	[ 20] _emit_native_leave_exc_stack
0x100014EC0	0x00000087	[ 20] _emit_load_reg_with_ptr
0x100014F47	0x0000014F	[ 20] _emit_get_stack_pointer_to_reg_for_pop
0x100015096	0x0000007D	[ 20] _emit_get_stack_pointer_to_reg_for_push
0x100015113	0x00000055	[ 20] _emit_native_mov_reg_state_addr
0x100015168	0x0000019F	[ 20] _emit_native_jump_helper
0x100015307	0x0000009A	[ 20] _emit_native_push_exc_stack
0x1000153A1	0x0000005D	[ 20] _emit_call_with_2_imm_args
0x1000153FE	0x0000006D	[ 20] _emit_fold_stack_top
0x10001546B	0x0000002F	[ 21] _asm_x86_mov_r32_r32
0x10001549A	0x00000042	[ 21] _asm_x86_mov_r8_to_mem8
0x1000154DC	0x000000D4	[ 21] _asm_x86_write_r32_disp
0x1000155B0	0x00000044	[ 21] _asm_x86_mov_r16_to_mem16
0x1000155F4	0x00000042	[ 21] _asm_x86_mov_r32_to_mem32
0x100015636	0x00000044	[ 21] _asm_x86_mov_mem8_to_r32zx
0x10001567A	0x00000044	[ 21] _asm_x86_mov_mem16_to_r32zx
0x1000156BE	0x00000042	[ 21] _asm_x86_mov_mem32_to_r32
0x100015700	0x00000050	[ 21] _asm_x86_mov_i32_to_r32
0x100015750	0x0000002F	[ 21] _asm_x86_and_r32_r32
0x10001577F	0x0000002F	[ 21] _asm_x86_or_r32_r32
0x1000157AE	0x0000002F	[ 21] _asm_x86_xor_r32_r32
0x1000157DD	0x00000027	[ 21] _asm_x86_shl_r32_cl
0x100015804	0x00000027	[ 21] _asm_x86_shr_r32_cl
0x10001582B	0x00000027	[ 21] _asm_x86_sar_r32_cl
0x100015852	0x0000002F	[ 21] _asm_x86_add_r32_r32
0x100015881	0x0000002F	[ 21] _asm_x86_sub_r32_r32
0x1000158B0	0x00000031	[ 21] _asm_x86_mul_r32_r32
0x1000158E1	0x0000002F	[ 21] _asm_x86_cmp_r32_with_r32
0x100015910	0x0000002F	[ 21] _asm_x86_test_r8_with_r8
0x10001593F	0x0000002F	[ 21] _asm_x86_test_r32_with_r32
0x10001596E	0x00000032	[ 21] _asm_x86_setcc_r8
0x1000159A0	0x00000027	[ 21] _asm_x86_jmp_reg
0x1000159C7	0x0000009B	[ 21] _asm_x86_jmp_label
0x100015A62	0x000000A9	[ 21] _asm_x86_jcc_label
0x100015B0B	0x00000084	[ 21] _asm_x86_entry
0x100015B8F	0x0000006E	[ 21] _asm_x86_sub_r32_i32
0x100015BFD	0x00000086	[ 21] _asm_x86_exit
0x100015C83	0x0000001B	[ 21] _asm_x86_mov_arg_to_r32
0x100015C9E	0x00000018	[ 21] _asm_x86_mov_local_to_r32
0x100015CB6	0x00000016	[ 21] _asm_x86_mov_r32_to_local
0x100015CCC	0x00000072	[ 21] _asm_x86_mov_local_addr_to_r32
0x100015D3E	0x000000AB	[ 21] _asm_x86_mov_reg_pcrel
0x100015DE9	0x00000163	[ 21] _asm_x86_call_ind
0x100015F4C	0x0000007A	[ 22] _emit_native_x86_new
0x100015FC6	0x0000004C	[ 22] _emit_native_x86_free
0x100016012	0x000008B1	[ 22] _emit_native_start_pass
0x1000168C3	0x0000047F	[ 22] _emit_native_end_pass
0x100016D42	0x0000000C	[ 22] _emit_native_last_emit_was_return_value
0x100016D4E	0x00000060	[ 22] _emit_native_adjust_stack_size
0x100016DAE	0x00000006	[ 22] _emit_native_set_source_line
0x100016DB4	0x0000009A	[ 22] _emit_native_load_local
0x100016E4E	0x00000071	[ 22] _emit_native_load_global
0x100016EBF	0x000000D2	[ 22] _emit_native_store_local
0x100016F91	0x00000126	[ 22] _emit_native_store_global
0x1000170B7	0x00000043	[ 22] _emit_native_delete_local
0x1000170FA	0x0000001C	[ 22] _emit_native_delete_global
0x100017116	0x000000CD	[ 22] _emit_native_label_assign
0x1000171E3	0x00000171	[ 22] _emit_native_import
0x100017354	0x0000003E	[ 22] _emit_native_load_const_tok
0x100017392	0x00000019	[ 22] _emit_native_load_const_small_int
0x1000173AB	0x00000072	[ 22] _emit_native_load_const_str
0x10001741D	0x00000052	[ 22] _emit_native_load_const_obj
0x10001746F	0x00000015	[ 22] _emit_native_load_null
0x100017484	0x000000AF	[ 22] _emit_native_load_method
0x100017533	0x0000003C	[ 22] _emit_native_load_build_class
0x10001756F	0x00000B05	[ 22] _emit_native_subscr
0x100018074	0x00000163	[ 22] _emit_native_attr
0x1000181D7	0x00000063	[ 22] _emit_native_dup_top
0x10001823A	0x000000B2	[ 22] _emit_native_dup_top_two
0x1000182EC	0x00000018	[ 22] _emit_native_pop_top
0x100018304	0x00000092	[ 22] _emit_native_rot_two
0x100018396	0x000000DC	[ 22] _emit_native_rot_three
0x100018472	0x0000002C	[ 22] _emit_native_jump
0x10001849E	0x0000000F	[ 22] _emit_native_pop_jump_if
0x1000184AD	0x0000000C	[ 22] _emit_native_jump_if_or_pop
0x1000184B9	0x00000146	[ 22] _emit_native_unwind_jump
0x1000185FF	0x000001C4	[ 22] _emit_native_setup_block
0x1000187C3	0x00000217	[ 22] _emit_native_with_cleanup
0x1000189DA	0x00000123	[ 22] _emit_native_end_finally
0x100018AFD	0x000000CB	[ 22] _emit_native_get_iter
0x100018BC8	0x00000081	[ 22] _emit_native_for_iter
0x100018C49	0x00000018	[ 22] _emit_native_for_iter_end
0x100018C61	0x00000062	[ 22] _emit_native_pop_except_jump
0x100018CC3	0x000000A3	[ 22] _emit_native_unary_op
0x100018D66	0x0000052E	[ 22] _emit_native_binary_op
0x100019294	0x000001E0	[ 22] _emit_native_build
0x100019474	0x000000EB	[ 22] _emit_native_store_map
0x10001955F	0x0000017D	[ 22] _emit_native_store_comp
0x1000196DC	0x00000073	[ 22] _emit_native_unpack_sequence
0x10001974F	0x00000089	[ 22] _emit_native_unpack_ex
0x1000197D8	0x00000120	[ 22] _emit_native_make_function
0x1000198F8	0x000000B4	[ 22] _emit_native_make_closure
0x1000199AC	0x000001DC	[ 22] _emit_native_call_function
0x100019B88	0x00000089	[ 22] _emit_native_call_method
0x100019C11	0x000001E9	[ 22] _emit_native_return_value
0x100019DFA	0x0000008B	[ 22] _emit_native_raise_varargs
0x100019E85	0x00000291	[ 22] _emit_native_yield
0x10001A116	0x00000038	[ 22] _emit_native_start_except_handler
0x10001A14E	0x00000011	[ 22] _emit_native_end_except_handler
0x10001A15F	0x00000052	[ 22] _emit_call_with_imm_arg
0x10001A1B1	0x00000034	[ 22] _emit_native_mov_state_reg
0x10001A1E5	0x000003AC	[ 22] _emit_native_global_exc_entry
0x10001A591	0x0000005F	[ 22] _need_reg_all
0x10001A5F0	0x00000032	[ 22] _emit_native_mov_reg_state
0x10001A622	0x0000003C	[ 22] _ensure_extra_stack
0x10001A65E	0x0000003B	[ 22] _adjust_stack
0x10001A699	0x000000AB	[ 22] _emit_native_load_fast
0x10001A744	0x00000051	[ 22] _emit_post_push_reg
0x10001A795	0x0000007C	[ 22] _need_reg_single
0x10001A811	0x0000007E	[ 22] _emit_pre_pop_reg_flexible
0x10001A88F	0x000000A6	[ 22] _emit_access_stack
0x10001A935	0x000000B8	[ 22] _load_reg_stack_imm
0x10001A9ED	0x00000051	[ 22] _emit_post_push_imm
0x10001AA3E	0x00000081	[ 22] _emit_call_with_qstr_arg
0x10001AABF	0x00000114	[ 22] _emit_native_store_fast
0x10001ABD3	0x0000007D	[ 22] _need_stack_settled
0x10001AC50	0x00000088	[ 22] _emit_native_leave_exc_stack
0x10001ACD8	0x0000007A	[ 22] _emit_load_reg_with_ptr
0x10001AD52	0x0000014C	[ 22] _emit_get_stack_pointer_to_reg_for_pop
0x10001AE9E	0x0000007D	[ 22] _emit_get_stack_pointer_to_reg_for_push
0x10001AF1B	0x00000054	[ 22] _emit_native_mov_reg_state_addr
0x10001AF6F	0x000001A1	[ 22] _emit_native_jump_helper
0x10001B110	0x0000009A	[ 22] _emit_native_push_exc_stack
0x10001B1AA	0x00000065	[ 22] _emit_call_with_2_imm_args
0x10001B20F	0x0000006A	[ 22] _emit_fold_stack_top
0x10001B279	0x00000147	[ 23] _asm_thumb_entry
0x10001B3C0	0x0000002E	[ 23] _asm_thumb_op32
0x10001B3EE	0x00000021	[ 23] _asm_thumb_op16
0x10001B40F	0x00000088	[ 23] _asm_thumb_exit
0x10001B497	0x0000004D	[ 23] _asm_thumb_format_4
0x10001B4E4	0x00000052	[ 23] _asm_thumb_mov_reg_reg
0x10001B536	0x00000073	[ 23] _asm_thumb_mov_reg_i16
0x10001B5A9	0x00000076	[ 23] _asm_thumb_b_n_label
0x10001B61F	0x000000EA	[ 23] _asm_thumb_bcc_nw_label
0x10001B709	0x0000008D	[ 23] _asm_thumb_bl_label
0x10001B796	0x00000049	[ 23] _asm_thumb_mov_reg_i32
0x10001B7DF	0x00000094	[ 23] _asm_thumb_mov_reg_i32_optimised
0x10001B873	0x0000004A	[ 23] _asm_thumb_mov_local_reg
0x10001B8BD	0x00000028	[ 23] _asm_thumb_mov_local_check
0x10001B8E5	0x0000004C	[ 23] _asm_thumb_mov_reg_local
0x10001B931	0x00000041	[ 23] _asm_thumb_mov_reg_local_addr
0x10001B972	0x00000066	[ 23] _asm_thumb_mov_reg_pcrel
0x10001B9D8	0x0000008A	[ 23] _asm_thumb_ldr_reg_reg_i12_optimised
0x10001BA62	0x000000BA	[ 23] _asm_thumb_b_label
0x10001BB1C	0x000000D2	[ 23] _asm_thumb_bcc_label
0x10001BBEE	0x0000003D	[ 23] _asm_thumb_bl_ind
0x10001BC2C	0x0000007A	[ 24] _emit_native_thumb_new
0x10001BCA6	0x0000004C	[ 24] _emit_native_thumb_free
0x10001BCF2	0x00000827	[ 24] _emit_native_start_pass
0x10001C519	0x0000047C	[ 24] _emit_native_end_pass
0x10001C995	0x0000000C	[ 24] _emit_native_last_emit_was_return_value
0x10001C9A1	0x00000060	[ 24] _emit_native_adjust_stack_size
0x10001CA01	0x00000006	[ 24] _emit_native_set_source_line
0x10001CA07	0x0000009A	[ 24] _emit_native_load_local
0x10001CAA1	0x00000071	[ 24] _emit_native_load_global
0x10001CB12	0x000000DA	[ 24] _emit_native_store_local
0x10001CBEC	0x00000126	[ 24] _emit_native_store_global
0x10001CD12	0x00000043	[ 24] _emit_native_delete_local
0x10001CD55	0x0000001C	[ 24] _emit_native_delete_global
0x10001CD71	0x000000CD	[ 24] _emit_native_label_assign
0x10001CE3E	0x0000016F	[ 24] _emit_native_import
0x10001CFAD	0x0000003E	[ 24] _emit_native_load_const_tok
0x10001CFEB	0x00000019	[ 24] _emit_native_load_const_small_int
0x10001D004	0x00000072	[ 24] _emit_native_load_const_str
0x10001D076	0x00000052	[ 24] _emit_native_load_const_obj
0x10001D0C8	0x00000015	[ 24] _emit_native_load_null
0x10001D0DD	0x000000AF	[ 24] _emit_native_load_method
0x10001D18C	0x0000003D	[ 24] _emit_native_load_build_class
0x10001D1C9	0x00000BD3	[ 24] _emit_native_subscr
0x10001DD9C	0x00000168	[ 24] _emit_native_attr
0x10001DF04	0x00000063	[ 24] _emit_native_dup_top
0x10001DF67	0x000000B2	[ 24] _emit_native_dup_top_two
0x10001E019	0x00000018	[ 24] _emit_native_pop_top
0x10001E031	0x00000092	[ 24] _emit_native_rot_two
0x10001E0C3	0x000000DC	[ 24] _emit_native_rot_three
0x10001E19F	0x0000002C	[ 24] _emit_native_jump
0x10001E1CB	0x0000000F	[ 24] _emit_native_pop_jump_if
0x10001E1DA	0x0000000C	[ 24] _emit_native_jump_if_or_pop
0x10001E1E6	0x0000014A	[ 24] _emit_native_unwind_jump
0x10001E330	0x000001C4	[ 24] _emit_native_setup_block
0x10001E4F4	0x00000211	[ 24] _emit_native_with_cleanup
0x10001E705	0x00000123	[ 24] _emit_native_end_finally
0x10001E828	0x000000C3	[ 24] _emit_native_get_iter
0x10001E8EB	0x0000007D	[ 24] _emit_native_for_iter
0x10001E968	0x00000018	[ 24] _emit_native_for_iter_end
0x10001E980	0x00000062	[ 24] _emit_native_pop_except_jump
0x10001E9E2	0x000000A3	[ 24] _emit_native_unary_op
0x10001EA85	0x000004EB	[ 24] _emit_native_binary_op
0x10001EF70	0x000001DE	[ 24] _emit_native_build
0x10001F14E	0x000000E9	[ 24] _emit_native_store_map
0x10001F237	0x00000174	[ 24] _emit_native_store_comp
0x10001F3AB	0x00000073	[ 24] _emit_native_unpack_sequence
0x10001F41E	0x00000089	[ 24] _emit_native_unpack_ex
0x10001F4A7	0x0000011E	[ 24] _emit_native_make_function
0x10001F5C5	0x000000B2	[ 24] _emit_native_make_closure
0x10001F677	0x000001DC	[ 24] _emit_native_call_function
0x10001F853	0x00000089	[ 24] _emit_native_call_method
0x10001F8DC	0x000001E7	[ 24] _emit_native_return_value
0x10001FAC3	0x00000089	[ 24] _emit_native_raise_varargs
0x10001FB4C	0x0000028E	[ 24] _emit_native_yield
0x10001FDDA	0x00000038	[ 24] _emit_native_start_except_handler
0x10001FE12	0x00000011	[ 24] _emit_native_end_except_handler
0x10001FE23	0x0000004A	[ 24] _emit_call_with_imm_arg
0x10001FE6D	0x00000032	[ 24] _emit_native_mov_state_reg
0x10001FE9F	0x0000039E	[ 24] _emit_native_global_exc_entry
0x10002023D	0x0000005F	[ 24] _need_reg_all
0x10002029C	0x0000002D	[ 24] _emit_native_mov_reg_state
0x1000202C9	0x0000003C	[ 24] _ensure_extra_stack
0x100020305	0x0000003B	[ 24] _adjust_stack
0x100020340	0x000000AB	[ 24] _emit_native_load_fast
0x1000203EB	0x00000051	[ 24] _emit_post_push_reg
0x10002043C	0x0000007C	[ 24] _need_reg_single
0x1000204B8	0x0000007E	[ 24] _emit_pre_pop_reg_flexible
0x100020536	0x000000A6	[ 24] _emit_access_stack
0x1000205DC	0x000000A9	[ 24] _load_reg_stack_imm
0x100020685	0x00000051	[ 24] _emit_post_push_imm
0x1000206D6	0x0000007E	[ 24] _emit_call_with_qstr_arg
0x100020754	0x00000114	[ 24] _emit_native_store_fast
0x100020868	0x0000007D	[ 24] _need_stack_settled
0x1000208E5	0x0000008D	[ 24] _emit_native_leave_exc_stack
0x100020972	0x00000076	[ 24] _emit_load_reg_with_ptr
0x1000209E8	0x0000014C	[ 24] _emit_get_stack_pointer_to_reg_for_pop
0x100020B34	0x0000007D	[ 24] _emit_get_stack_pointer_to_reg_for_push
0x100020BB1	0x00000059	[ 24] _emit_native_mov_reg_state_addr
0x100020C0A	0x0000019E	[ 24] _emit_native_jump_helper
0x100020DA8	0x0000009B	[ 24] _emit_native_push_exc_stack
0x100020E43	0x0000005D	[ 24] _emit_call_with_2_imm_args
0x100020EA0	0x0000006A	[ 24] _emit_fold_stack_top
0x100020F0C	0x00000054	[ 25] _emit_inline_thumb_new
0x100020F60	0x0000002A	[ 25] _emit_inline_thumb_free
0x100020F8A	0x00000050	[ 25] _emit_inline_thumb_start_pass
0x100020FDA	0x0000000A	[ 25] _emit_inline_thumb_end_pass
0x100020FE4	0x000000D3	[ 25] _emit_inline_thumb_count_params
0x1000210B7	0x00000044	[ 25] _emit_inline_thumb_label
0x1000210FB	0x000010F9	[ 25] _emit_inline_thumb_op
0x1000221F4	0x000000AD	[ 25] _get_arg_vfpreg
0x1000222A1	0x000000C6	[ 25] _get_arg_reg
0x100022367	0x00000078	[ 25] _get_arg_addr
0x1000223DF	0x0000007E	[ 25] _get_arg_i
0x10002245D	0x0000007B	[ 25] _get_arg_label
0x1000224D8	0x00000162	[ 25] _get_arg_reglist
0x10002263A	0x0000007A	[ 26] _asm_arm_entry
0x1000226B4	0x00000063	[ 26] _asm_arm_exit
0x100022717	0x0000002E	[ 26] _asm_arm_mov_reg_reg
0x100022745	0x0000006B	[ 26] _asm_arm_mov_reg_i32
0x1000227B0	0x00000071	[ 26] _asm_arm_mov_reg_i32_optimised
0x100022821	0x00000032	[ 26] _asm_arm_mov_local_reg
0x100022853	0x00000032	[ 26] _asm_arm_mov_reg_local
0x100022885	0x00000031	[ 26] _asm_arm_cmp_reg_i8
0x1000228B6	0x0000002E	[ 26] _asm_arm_cmp_reg_reg
0x1000228E4	0x00000060	[ 26] _asm_arm_setcc_reg
0x100022944	0x00000041	[ 26] _asm_arm_add_reg_reg_reg
0x100022985	0x00000041	[ 26] _asm_arm_sub_reg_reg_reg
0x1000229C6	0x0000004A	[ 26] _asm_arm_mul_reg_reg_reg
0x100022A10	0x00000041	[ 26] _asm_arm_and_reg_reg_reg
0x100022A51	0x00000041	[ 26] _asm_arm_eor_reg_reg_reg
0x100022A92	0x00000041	[ 26] _asm_arm_orr_reg_reg_reg
0x100022AD3	0x00000033	[ 26] _asm_arm_mov_reg_local_addr
0x100022B06	0x000000AC	[ 26] _asm_arm_mov_reg_pcrel
0x100022BB2	0x00000036	[ 26] _asm_arm_lsl_reg_reg
0x100022BE8	0x00000036	[ 26] _asm_arm_lsr_reg_reg
0x100022C1E	0x00000036	[ 26] _asm_arm_asr_reg_reg
0x100022C54	0x00000041	[ 26] _asm_arm_ldr_reg_reg
0x100022C95	0x00000032	[ 26] _asm_arm_ldrh_reg_reg
0x100022CC7	0x00000032	[ 26] _asm_arm_ldrb_reg_reg
0x100022CF9	0x00000041	[ 26] _asm_arm_str_reg_reg
0x100022D3A	0x00000032	[ 26] _asm_arm_strh_reg_reg
0x100022D6C	0x00000032	[ 26] _asm_arm_strb_reg_reg
0x100022D9E	0x00000041	[ 26] _asm_arm_str_reg_reg_reg
0x100022DDF	0x0000005C	[ 26] _asm_arm_strh_reg_reg_reg
0x100022E3B	0x00000041	[ 26] _asm_arm_strb_reg_reg_reg
0x100022E7C	0x00000080	[ 26] _asm_arm_bcc_label
0x100022EFC	0x00000011	[ 26] _asm_arm_b_label
0x100022F0D	0x00000050	[ 26] _asm_arm_bl_ind
0x100022F5D	0x00000026	[ 26] _asm_arm_bx_reg
0x100022F84	0x0000007A	[ 27] _emit_native_arm_new
0x100022FFE	0x0000004C	[ 27] _emit_native_arm_free
0x10002304A	0x00000829	[ 27] _emit_native_start_pass
0x100023873	0x0000047B	[ 27] _emit_native_end_pass
0x100023CEE	0x0000000C	[ 27] _emit_native_last_emit_was_return_value
0x100023CFA	0x00000060	[ 27] _emit_native_adjust_stack_size
0x100023D5A	0x00000006	[ 27] _emit_native_set_source_line
0x100023D60	0x0000009A	[ 27] _emit_native_load_local
0x100023DFA	0x00000071	[ 27] _emit_native_load_global
0x100023E6B	0x000000D2	[ 27] _emit_native_store_local
0x100023F3D	0x00000126	[ 27] _emit_native_store_global
0x100024063	0x00000043	[ 27] _emit_native_delete_local
0x1000240A6	0x0000001C	[ 27] _emit_native_delete_global
0x1000240C2	0x000000CD	[ 27] _emit_native_label_assign
0x10002418F	0x0000016F	[ 27] _emit_native_import
0x1000242FE	0x0000003E	[ 27] _emit_native_load_const_tok
0x10002433C	0x00000019	[ 27] _emit_native_load_const_small_int
0x100024355	0x00000072	[ 27] _emit_native_load_const_str
0x1000243C7	0x00000052	[ 27] _emit_native_load_const_obj
0x100024419	0x00000015	[ 27] _emit_native_load_null
0x10002442E	0x000000AF	[ 27] _emit_native_load_method
0x1000244DD	0x0000003D	[ 27] _emit_native_load_build_class
0x10002451A	0x00000A52	[ 27] _emit_native_subscr
0x100024F6C	0x00000168	[ 27] _emit_native_attr
0x1000250D4	0x00000063	[ 27] _emit_native_dup_top
0x100025137	0x000000B2	[ 27] _emit_native_dup_top_two
0x1000251E9	0x00000018	[ 27] _emit_native_pop_top
0x100025201	0x00000092	[ 27] _emit_native_rot_two
0x100025293	0x000000DC	[ 27] _emit_native_rot_three
0x10002536F	0x0000002C	[ 27] _emit_native_jump
0x10002539B	0x0000000F	[ 27] _emit_native_pop_jump_if
0x1000253AA	0x0000000C	[ 27] _emit_native_jump_if_or_pop
0x1000253B6	0x00000147	[ 27] _emit_native_unwind_jump
0x1000254FD	0x000001C4	[ 27] _emit_native_setup_block
0x1000256C1	0x0000020F	[ 27] _emit_native_with_cleanup
0x1000258D0	0x0000011F	[ 27] _emit_native_end_finally
0x1000259EF	0x000000C3	[ 27] _emit_native_get_iter
0x100025AB2	0x0000007C	[ 27] _emit_native_for_iter
0x100025B2E	0x00000018	[ 27] _emit_native_for_iter_end
0x100025B46	0x00000062	[ 27] _emit_native_pop_except_jump
0x100025BA8	0x000000A3	[ 27] _emit_native_unary_op
0x100025C4B	0x000004DD	[ 27] _emit_native_binary_op
0x100026128	0x000001DE	[ 27] _emit_native_build
0x100026306	0x000000E9	[ 27] _emit_native_store_map
0x1000263EF	0x00000174	[ 27] _emit_native_store_comp
0x100026563	0x00000073	[ 27] _emit_native_unpack_sequence
0x1000265D6	0x00000089	[ 27] _emit_native_unpack_ex
0x10002665F	0x0000011E	[ 27] _emit_native_make_function
0x10002677D	0x000000B2	[ 27] _emit_native_make_closure
0x10002682F	0x000001DC	[ 27] _emit_native_call_function
0x100026A0B	0x00000089	[ 27] _emit_native_call_method
0x100026A94	0x000001E7	[ 27] _emit_native_return_value
0x100026C7B	0x00000089	[ 27] _emit_native_raise_varargs
0x100026D04	0x0000028D	[ 27] _emit_native_yield
0x100026F91	0x00000038	[ 27] _emit_native_start_except_handler
0x100026FC9	0x00000011	[ 27] _emit_native_end_except_handler
0x100026FDA	0x0000004A	[ 27] _emit_call_with_imm_arg
0x100027024	0x00000032	[ 27] _emit_native_mov_state_reg
0x100027056	0x0000039B	[ 27] _emit_native_global_exc_entry
0x1000273F1	0x0000005F	[ 27] _need_reg_all
0x100027450	0x00000030	[ 27] _emit_native_mov_reg_state
0x100027480	0x0000003C	[ 27] _ensure_extra_stack
0x1000274BC	0x0000003B	[ 27] _adjust_stack
0x1000274F7	0x000000AB	[ 27] _emit_native_load_fast
0x1000275A2	0x00000051	[ 27] _emit_post_push_reg
0x1000275F3	0x0000007C	[ 27] _need_reg_single
0x10002766F	0x0000007E	[ 27] _emit_pre_pop_reg_flexible
0x1000276ED	0x000000A6	[ 27] _emit_access_stack
0x100027793	0x000000AE	[ 27] _load_reg_stack_imm
0x100027841	0x00000051	[ 27] _emit_post_push_imm
0x100027892	0x00000079	[ 27] _emit_call_with_qstr_arg
0x10002790B	0x00000114	[ 27] _emit_native_store_fast
0x100027A1F	0x0000007D	[ 27] _need_stack_settled
0x100027A9C	0x0000008A	[ 27] _emit_native_leave_exc_stack
0x100027B26	0x0000007A	[ 27] _emit_load_reg_with_ptr
0x100027BA0	0x0000014C	[ 27] _emit_get_stack_pointer_to_reg_for_pop
0x100027CEC	0x0000007D	[ 27] _emit_get_stack_pointer_to_reg_for_push
0x100027D69	0x00000053	[ 27] _emit_native_mov_reg_state_addr
0x100027DBC	0x000001A2	[ 27] _emit_native_jump_helper
0x100027F5E	0x0000009B	[ 27] _emit_native_push_exc_stack
0x100027FF9	0x0000005D	[ 27] _emit_call_with_2_imm_args
0x100028056	0x0000006A	[ 27] _emit_fold_stack_top
0x1000280C0	0x00000013	[ 28] _asm_xtensa_end_pass
0x1000280D3	0x0000012B	[ 28] _asm_xtensa_entry
0x1000281FE	0x000000E7	[ 28] _asm_xtensa_exit
0x1000282E5	0x000000A5	[ 28] _asm_xtensa_entry_win
0x10002838A	0x0000003B	[ 28] _asm_xtensa_exit_win
0x1000283C5	0x00000021	[ 28] _asm_xtensa_op16
0x1000283E6	0x00000029	[ 28] _asm_xtensa_op24
0x10002840F	0x0000004E	[ 28] _asm_xtensa_j_label
0x10002845D	0x00000092	[ 28] _asm_xtensa_bccz_reg_label
0x1000284EF	0x000000A4	[ 28] _asm_xtensa_bcc_reg_reg_label
0x100028593	0x00000095	[ 28] _asm_xtensa_setcc_reg_reg_reg
0x100028628	0x0000008D	[ 28] _asm_xtensa_mov_reg_i32
0x1000286B5	0x00000065	[ 28] _asm_xtensa_mov_reg_i32_optimised
0x10002871A	0x0000003F	[ 28] _asm_xtensa_mov_local_reg
0x100028759	0x0000003F	[ 28] _asm_xtensa_mov_reg_local
0x100028798	0x000000B9	[ 28] _asm_xtensa_mov_reg_local_addr
0x100028851	0x000000D5	[ 28] _asm_xtensa_mov_reg_pcrel
0x100028926	0x0000006B	[ 28] _asm_xtensa_call_ind
0x100028991	0x0000006B	[ 28] _asm_xtensa_call_ind_win
0x1000289FC	0x0000007A	[ 29] _emit_native_xtensa_new
0x100028A76	0x0000004C	[ 29] _emit_native_xtensa_free
0x100028AC2	0x000007B1	[ 29] _emit_native_start_pass
0x100029273	0x00000437	[ 29] _emit_native_end_pass
0x1000296AA	0x0000000C	[ 29] _emit_native_last_emit_was_return_value
0x1000296B6	0x00000060	[ 29] _emit_native_adjust_stack_size
0x100029716	0x00000006	[ 29] _emit_native_set_source_line
0x10002971C	0x000000A4	[ 29] _emit_native_load_local
0x1000297C0	0x00000077	[ 29] _emit_native_load_global
0x100029837	0x000000E2	[ 29] _emit_native_store_local
0x100029919	0x0000012A	[ 29] _emit_native_store_global
0x100029A43	0x00000043	[ 29] _emit_native_delete_local
0x100029A86	0x0000001F	[ 29] _emit_native_delete_global
0x100029AA5	0x000000D7	[ 29] _emit_native_label_assign
0x100029B7C	0x00000176	[ 29] _emit_native_import
0x100029CF2	0x0000003E	[ 29] _emit_native_load_const_tok
0x100029D30	0x00000019	[ 29] _emit_native_load_const_small_int
0x100029D49	0x0000007B	[ 29] _emit_native_load_const_str
0x100029DC4	0x00000058	[ 29] _emit_native_load_const_obj
0x100029E1C	0x00000015	[ 29] _emit_native_load_null
0x100029E31	0x000000B5	[ 29] _emit_native_load_method
0x100029EE6	0x0000003B	[ 29] _emit_native_load_build_class
0x100029F21	0x00000B57	[ 29] _emit_native_subscr
0x10002AA78	0x0000016A	[ 29] _emit_native_attr
0x10002ABE2	0x00000063	[ 29] _emit_native_dup_top
0x10002AC45	0x000000BB	[ 29] _emit_native_dup_top_two
0x10002AD00	0x00000018	[ 29] _emit_native_pop_top
0x10002AD18	0x00000098	[ 29] _emit_native_rot_two
0x10002ADB0	0x000000E2	[ 29] _emit_native_rot_three
0x10002AE92	0x0000002C	[ 29] _emit_native_jump
0x10002AEBE	0x0000000F	[ 29] _emit_native_pop_jump_if
0x10002AECD	0x0000000C	[ 29] _emit_native_jump_if_or_pop
0x10002AED9	0x00000158	[ 29] _emit_native_unwind_jump
0x10002B031	0x000001CD	[ 29] _emit_native_setup_block
0x10002B1FE	0x000001FC	[ 29] _emit_native_with_cleanup
0x10002B3FA	0x00000118	[ 29] _emit_native_end_finally
0x10002B512	0x000000BF	[ 29] _emit_native_get_iter
0x10002B5D1	0x00000072	[ 29] _emit_native_for_iter
0x10002B643	0x00000018	[ 29] _emit_native_for_iter_end
0x10002B65B	0x00000068	[ 29] _emit_native_pop_except_jump
0x10002B6C3	0x000000A9	[ 29] _emit_native_unary_op
0x10002B76C	0x00000524	[ 29] _emit_native_binary_op
0x10002BC90	0x000001DE	[ 29] _emit_native_build
0x10002BE6E	0x000000EA	[ 29] _emit_native_store_map
0x10002BF58	0x00000172	[ 29] _emit_native_store_comp
0x10002C0CA	0x00000076	[ 29] _emit_native_unpack_sequence
0x10002C140	0x0000008C	[ 29] _emit_native_unpack_ex
0x10002C1CC	0x0000011C	[ 29] _emit_native_make_function
0x10002C2E8	0x000000B0	[ 29] _emit_native_make_closure
0x10002C398	0x000001E5	[ 29] _emit_native_call_function
0x10002C57D	0x0000008C	[ 29] _emit_native_call_method
0x10002C609	0x000001FA	[ 29] _emit_native_return_value
0x10002C803	0x00000087	[ 29] _emit_native_raise_varargs
0x10002C88A	0x00000296	[ 29] _emit_native_yield
0x10002CB20	0x0000003E	[ 29] _emit_native_start_except_handler
0x10002CB5E	0x00000011	[ 29] _emit_native_end_except_handler
0x10002CB6F	0x00000045	[ 29] _emit_call_with_imm_arg
0x10002CBB4	0x00000038	[ 29] _emit_native_mov_state_reg
0x10002CBEC	0x0000036B	[ 29] _emit_native_global_exc_entry
0x10002CF57	0x0000005F	[ 29] _need_reg_all
0x10002CFB6	0x00000038	[ 29] _emit_native_mov_reg_state
0x10002CFEE	0x0000003C	[ 29] _ensure_extra_stack
0x10002D02A	0x0000003B	[ 29] _adjust_stack
0x10002D065	0x000000B4	[ 29] _emit_native_load_fast
0x10002D119	0x00000051	[ 29] _emit_post_push_reg
0x10002D16A	0x0000007C	[ 29] _need_reg_single
0x10002D1E6	0x0000007E	[ 29] _emit_pre_pop_reg_flexible
0x10002D264	0x000000B5	[ 29] _emit_access_stack
0x10002D319	0x000000AB	[ 29] _load_reg_stack_imm
0x10002D3C4	0x00000051	[ 29] _emit_post_push_imm
0x10002D415	0x00000074	[ 29] _emit_call_with_qstr_arg
0x10002D489	0x0000011A	[ 29] _emit_native_store_fast
0x10002D5A3	0x0000007D	[ 29] _need_stack_settled
0x10002D620	0x0000008F	[ 29] _emit_native_leave_exc_stack
0x10002D6AF	0x0000007D	[ 29] _emit_load_reg_with_ptr
0x10002D72C	0x00000152	[ 29] _emit_get_stack_pointer_to_reg_for_pop
0x10002D87E	0x0000007D	[ 29] _emit_get_stack_pointer_to_reg_for_push
0x10002D8FB	0x0000005B	[ 29] _emit_native_mov_reg_state_addr
0x10002D956	0x00000187	[ 29] _emit_native_jump_helper
0x10002DADD	0x000000A1	[ 29] _emit_native_push_exc_stack
0x10002DB7E	0x0000005B	[ 29] _emit_call_with_2_imm_args
0x10002DBD9	0x0000006D	[ 29] _emit_fold_stack_top
0x10002DC48	0x00000058	[ 30] _emit_inline_xtensa_new
0x10002DCA0	0x0000002A	[ 30] _emit_inline_xtensa_free
0x10002DCCA	0x00000050	[ 30] _emit_inline_xtensa_start_pass
0x10002DD1A	0x0000001C	[ 30] _emit_inline_xtensa_end_pass
0x10002DD36	0x000000D3	[ 30] _emit_inline_xtensa_count_params
0x10002DE09	0x00000044	[ 30] _emit_inline_xtensa_label
0x10002DE4D	0x000003AF	[ 30] _emit_inline_xtensa_op
0x10002E1FC	0x000000A7	[ 30] _get_arg_reg
0x10002E2A3	0x0000007B	[ 30] _get_arg_label
0x10002E31E	0x000000A2	[ 30] _get_arg_i
0x10002E3C0	0x0000007A	[ 31] _emit_native_xtensawin_new
0x10002E43A	0x0000004C	[ 31] _emit_native_xtensawin_free
0x10002E486	0x000007EE	[ 31] _emit_native_start_pass
0x10002EC74	0x000004B0	[ 31] _emit_native_end_pass
0x10002F124	0x0000000C	[ 31] _emit_native_last_emit_was_return_value
0x10002F130	0x00000060	[ 31] _emit_native_adjust_stack_size
0x10002F190	0x00000006	[ 31] _emit_native_set_source_line
0x10002F196	0x000000A4	[ 31] _emit_native_load_local
0x10002F23A	0x00000077	[ 31] _emit_native_load_global
0x10002F2B1	0x000000E2	[ 31] _emit_native_store_local
0x10002F393	0x0000012A	[ 31] _emit_native_store_global
0x10002F4BD	0x00000043	[ 31] _emit_native_delete_local
0x10002F500	0x0000001F	[ 31] _emit_native_delete_global
0x10002F51F	0x000000D7	[ 31] _emit_native_label_assign
0x10002F5F6	0x00000176	[ 31] _emit_native_import
0x10002F76C	0x0000003E	[ 31] _emit_native_load_const_tok
0x10002F7AA	0x00000019	[ 31] _emit_native_load_const_small_int
0x10002F7C3	0x0000007B	[ 31] _emit_native_load_const_str
0x10002F83E	0x00000058	[ 31] _emit_native_load_const_obj
0x10002F896	0x00000015	[ 31] _emit_native_load_null
0x10002F8AB	0x000000B5	[ 31] _emit_native_load_method
0x10002F960	0x0000003B	[ 31] _emit_native_load_build_class
0x10002F99B	0x00000B5D	[ 31] _emit_native_subscr
0x1000304F8	0x0000016A	[ 31] _emit_native_attr
0x100030662	0x00000063	[ 31] _emit_native_dup_top
0x1000306C5	0x000000BB	[ 31] _emit_native_dup_top_two
0x100030780	0x00000018	[ 31] _emit_native_pop_top
0x100030798	0x00000098	[ 31] _emit_native_rot_two
0x100030830	0x000000E2	[ 31] _emit_native_rot_three
0x100030912	0x0000002C	[ 31] _emit_native_jump
0x10003093E	0x0000000F	[ 31] _emit_native_pop_jump_if
0x10003094D	0x0000000C	[ 31] _emit_native_jump_if_or_pop
0x100030959	0x00000158	[ 31] _emit_native_unwind_jump
0x100030AB1	0x000001CD	[ 31] _emit_native_setup_block
0x100030C7E	0x000001FC	[ 31] _emit_native_with_cleanup
0x100030E7A	0x00000118	[ 31] _emit_native_end_finally
0x100030F92	0x000000BF	[ 31] _emit_native_get_iter
0x100031051	0x00000072	[ 31] _emit_native_for_iter
0x1000310C3	0x00000018	[ 31] _emit_native_for_iter_end
0x1000310DB	0x00000068	[ 31] _emit_native_pop_except_jump
0x100031143	0x000000A9	[ 31] _emit_native_unary_op
0x1000311EC	0x00000524	[ 31] _emit_native_binary_op
0x100031710	0x000001DE	[ 31] _emit_native_build
0x1000318EE	0x000000EA	[ 31] _emit_native_store_map
0x1000319D8	0x00000172	[ 31] _emit_native_store_comp
0x100031B4A	0x00000076	[ 31] _emit_native_unpack_sequence
0x100031BC0	0x0000008C	[ 31] _emit_native_unpack_ex
0x100031C4C	0x0000011C	[ 31] _emit_native_make_function
0x100031D68	0x000000B0	[ 31] _emit_native_make_closure
0x100031E18	0x000001E5	[ 31] _emit_native_call_function
0x100031FFD	0x0000008C	[ 31] _emit_native_call_method
0x100032089	0x0000021A	[ 31] _emit_native_return_value
0x1000322A3	0x00000087	[ 31] _emit_native_raise_varargs
0x10003232A	0x00000296	[ 31] _emit_native_yield
0x1000325C0	0x0000003E	[ 31] _emit_native_start_except_handler
0x1000325FE	0x00000011	[ 31] _emit_native_end_except_handler
0x10003260F	0x00000045	[ 31] _emit_call_with_imm_arg
0x100032654	0x00000037	[ 31] _emit_native_mov_state_reg
0x10003268B	0x00000415	[ 31] _emit_native_global_exc_entry
0x100032AA0	0x0000005F	[ 31] _need_reg_all
0x100032AFF	0x00000037	[ 31] _emit_native_mov_reg_state
0x100032B36	0x0000003C	[ 31] _ensure_extra_stack
0x100032B72	0x0000003B	[ 31] _adjust_stack
0x100032BAD	0x000000B4	[ 31] _emit_native_load_fast
0x100032C61	0x00000051	[ 31] _emit_post_push_reg
0x100032CB2	0x0000007C	[ 31] _need_reg_single
0x100032D2E	0x0000007E	[ 31] _emit_pre_pop_reg_flexible
0x100032DAC	0x000000B5	[ 31] _emit_access_stack
0x100032E61	0x000000AB	[ 31] _load_reg_stack_imm
0x100032F0C	0x00000051	[ 31] _emit_post_push_imm
0x100032F5D	0x00000074	[ 31] _emit_call_with_qstr_arg
0x100032FD1	0x0000011A	[ 31] _emit_native_store_fast
0x1000330EB	0x0000007D	[ 31] _need_stack_settled
0x100033168	0x0000008F	[ 31] _emit_native_leave_exc_stack
0x1000331F7	0x0000007D	[ 31] _emit_load_reg_with_ptr
0x100033274	0x00000152	[ 31] _emit_get_stack_pointer_to_reg_for_pop
0x1000333C6	0x0000007D	[ 31] _emit_get_stack_pointer_to_reg_for_push
0x100033443	0x00000057	[ 31] _emit_native_mov_reg_state_addr
0x10003349A	0x00000187	[ 31] _emit_native_jump_helper
0x100033621	0x000000A1	[ 31] _emit_native_push_exc_stack
0x1000336C2	0x0000005B	[ 31] _emit_call_with_2_imm_args
0x10003371D	0x0000006D	[ 31] _emit_fold_stack_top
0x10003378A	0x0000065B	[ 32] _mp_format_float
0x100033DE5	0x000000AA	[ 33] _mp_parse_num_base
0x100033E8F	0x000001D7	[ 34] _mp_parse_num_integer
0x100034066	0x00000042	[ 34] _mp_obj_new_exception_arg1
0x1000340A8	0x00000034	[ 34] _raise_exc
0x1000340DC	0x00000395	[ 34] _mp_parse_num_decimal
0x100034471	0x0000001A	[ 35] _mp_emit_glue_new_raw_code
0x10003448B	0x00000034	[ 35] _mp_emit_glue_assign_bytecode
0x1000344BF	0x00000077	[ 35] _mp_emit_glue_assign_native
0x100034536	0x000000CC	[ 36] _mp_raw_code_save
0x100034602	0x0000007C	[ 36] _mp_raw_code_has_native
0x10003467E	0x00000066	[ 36] _mp_print_uint
0x1000346E4	0x0000042E	[ 36] _save_raw_code
0x100034B12	0x0000004F	[ 36] _mp_raw_code_save_file
0x100034B61	0x0000000A	[ 36] _fd_print_strn
0x100034B6B	0x00000147	[ 36] _extract_prelude
0x100034CB2	0x00000034	[ 36] _save_prelude_qstrs
0x100034CE6	0x00000117	[ 36] _save_qstr
0x100034E00	0x0000007A	[ 37] _mp_init
0x100034E7A	0x00000006	[ 37] _mp_deinit
0x100034E82	0x00000073	[ 37] _mp_raise_msg_varg
0x100034EF8	0x00000200	[ 37] _mp_unary_op
0x1000350F8	0x000005A0	[ 37] _mp_binary_op
0x100035698	0x00000013	[ 37] _mp_raise_ValueError
0x1000356AB	0x000000FF	[ 37] _mp_getiter
0x1000357AA	0x00000137	[ 37] _mp_iternext
0x1000358E1	0x00000023	[ 37] _mp_raise_msg
0x100035904	0x00000058	[ 37] _mp_call_function_n_kw
0x10003595C	0x00000021	[ 37] _mp_call_function_1
0x10003597D	0x00000032	[ 37] _mp_call_method_n_kw
0x1000359B0	0x000000C0	[ 37] _mp_convert_member_lookup
0x100035A70	0x000000BE	[ 37] _mp_load_method_maybe
0x100035B2E	0x000000D5	[ 37] _mp_iternext_allow_raise
0x100035C04	0x00000035	[ 37] _m_malloc_fail
0x100035C39	0x00000013	[ 37] _mp_raise_TypeError
0x100035C4C	0x00000013	[ 37] _mp_raise_NotImplementedError
0x100035C5F	0x00000011	[ 37] _mp_raise_type_arg
0x100035C70	0x00000034	[ 37] _mp_obj_new_exception_arg1
0x100035CA4	0x00000026	[ 37] _mp_raise_StopIteration
0x100035CCA	0x0000001A	[ 37] _mp_raise_OSError
0x100035CE4	0x00000015	[ 37] _mp_raise_recursion_depth
0x100035CF9	0x00000066	[ 37] _checked_fun_call
0x100035D60	0x0000008C	[ 40] _mp_native_type_from_qstr
0x100035DEC	0x00000014	[ 43] _mp_stack_ctrl_init
0x100035E00	0x00000011	[ 43] _mp_stack_set_limit
0x100035E11	0x0000002A	[ 43] _mp_stack_check
0x100035E3B	0x0000007D	[ 44] _mp_arg_check_num_sig
0x100035EB8	0x0000013C	[ 44] _mp_arg_parse_all
0x100035FF4	0x00000054	[ 44] _mp_arg_parse_all_kw_array
0x100036048	0x00000010	[ 44] _mp_arg_error_unimpl_kw
0x100036058	0x0000003C	[ 46] _mp_map_init
0x100036094	0x00000019	[ 46] _mp_map_init_fixed_table
0x1000360AD	0x00000031	[ 46] _mp_map_deinit
0x1000360DE	0x00000034	[ 46] _mp_map_clear
0x100036112	0x00000251	[ 46] _mp_map_lookup
0x100036363	0x000000C4	[ 46] _mp_map_rehash
0x100036427	0x0000002B	[ 47] _mp_obj_get_type
0x100036452	0x00000033	[ 47] _mp_obj_get_type_str
0x100036485	0x0000008D	[ 47] _mp_obj_print_helper
0x100036512	0x0000011A	[ 47] _mp_obj_print_exception
0x10003662C	0x00000088	[ 47] _mp_obj_is_true
0x1000366B4	0x00000078	[ 47] _mp_obj_len_maybe
0x10003672C	0x000001E1	[ 47] _mp_obj_equal_not_equal
0x10003690D	0x0000001D	[ 47] _mp_obj_equal
0x10003692A	0x00000058	[ 47] _mp_obj_get_int
0x100036982	0x00000030	[ 47] _mp_obj_get_int_truncated
0x1000369B2	0x00000067	[ 47] _mp_obj_get_int_maybe
0x100036A19	0x00000078	[ 47] _mp_obj_get_float_maybe
0x100036A91	0x00000042	[ 47] _mp_obj_get_float
0x100036AD3	0x000000A0	[ 47] _mp_obj_get_complex_maybe
0x100036B73	0x00000051	[ 47] _mp_obj_get_array
0x100036BC4	0x000000C7	[ 47] _mp_get_index
0x100036C8B	0x000000A1	[ 47] _mp_obj_subscr
0x100036D2C	0x00000009	[ 47] _mp_identity_getiter
0x100036D35	0x0000003F	[ 47] _mp_get_buffer
0x100036D74	0x00000046	[ 47] _mp_get_buffer_raise
0x100036DBA	0x00000014	[ 47] _mp_generic_unary_op
0x100036DCE	0x00000020	[ 49] _bool_print
0x100036DEE	0x00000041	[ 49] _bool_make_new
0x100036E2F	0x00000023	[ 49] _bool_unary_op
0x100036E52	0x0000001A	[ 49] _bool_binary_op
0x100036E6C	0x000000E9	[ 50] _mp_call_method_self_n_kw
0x100036F58	0x000000F5	[ 53] _complex_print
0x10003704D	0x000001E0	[ 53] _complex_make_new
0x10003722D	0x000000DB	[ 53] _complex_unary_op
0x100037308	0x00000017	[ 53] _complex_binary_op
0x10003731F	0x0000003C	[ 53] _complex_attr
0x10003735B	0x00000040	[ 53] _mp_obj_new_complex
0x10003739B	0x00000038	[ 53] _mp_obj_complex_get
0x1000373D3	0x0000031D	[ 53] _mp_obj_complex_binary_op
0x1000376F0	0x000000B3	[ 54] _mp_obj_dict_make_new
0x1000377A3	0x000001C8	[ 54] _dict_update
0x10003796B	0x00000033	[ 54] _mp_obj_dict_get
0x10003799E	0x00000096	[ 54] _mp_obj_dict_copy
0x100037A34	0x000000BA	[ 54] _dict_print
0x100037AEE	0x00000030	[ 54] _dict_unary_op
0x100037B1E	0x000000DC	[ 54] _dict_binary_op
0x100037BFA	0x00000092	[ 54] _dict_subscr
0x100037C8C	0x00000026	[ 54] _dict_getiter
0x100037CB2	0x00000018	[ 54] _mp_obj_dict_init
0x100037CCA	0x00000034	[ 54] _mp_obj_dict_store
0x100037CFE	0x0000008D	[ 54] _dict_get_helper
0x100037D8B	0x0000006F	[ 54] _dict_iter_next
0x100037DFA	0x00000055	[ 54] _dict_view_it_iternext
0x100037E4F	0x00000021	[ 54] _dict_clear
0x100037E70	0x000000B3	[ 54] _dict_fromkeys
0x100037F23	0x0000000C	[ 54] _dict_get
0x100037F2F	0x0000002F	[ 54] _dict_items
0x100037F5E	0x000000C1	[ 54] _dict_view_print
0x10003801F	0x00000038	[ 54] _dict_view_binary_op
0x100038057	0x00000029	[ 54] _dict_view_getiter
0x100038080	0x0000002F	[ 54] _dict_keys
0x1000380AF	0x0000000F	[ 54] _dict_pop
0x1000380BE	0x0000007D	[ 54] _dict_popitem
0x10003813B	0x0000000F	[ 54] _dict_setdefault
0x10003814A	0x0000002F	[ 54] _dict_values
0x100038179	0x000000B9	[ 56] _mp_obj_exception_print
0x100038232	0x000000AE	[ 56] _mp_obj_exception_make_new
0x1000382E0	0x00000021	[ 56] _mp_obj_exception_get_value
0x100038301	0x00000042	[ 56] _get_native_exception
0x100038343	0x00000072	[ 56] _mp_obj_exception_attr
0x1000383B5	0x00000065	[ 56] _mp_obj_new_exception
0x10003841A	0x000000C7	[ 56] _mp_obj_new_exception_msg
0x1000384E1	0x0000009A	[ 56] _mp_obj_new_exception_msg_varg
0x10003857B	0x00000159	[ 56] _mp_obj_new_exception_msg_vlist
0x1000386D4	0x00000091	[ 56] _exc_add_strn
0x100038765	0x0000003D	[ 56] _mp_obj_is_exception_type
0x1000387A2	0x00000012	[ 56] _mp_obj_is_exception_instance
0x1000387B4	0x00000038	[ 56] _mp_obj_exception_match
0x1000387EC	0x000000CE	[ 56] _mp_obj_exception_add_traceback
0x1000388BA	0x0000002D	[ 56] _mp_obj_exception_get_traceback
0x1000388E8	0x000000B2	[ 58] _float_print
0x10003899A	0x000000C1	[ 58] _float_make_new
0x100038A5B	0x000000C9	[ 58] _float_unary_op
0x100038B24	0x00000051	[ 58] _float_binary_op
0x100038B75	0x00000031	[ 58] _mp_obj_new_float
0x100038BA6	0x0000002B	[ 58] _mp_obj_float_get
0x100038BD1	0x000003A3	[ 58] _mp_obj_float_binary_op
0x100038F74	0x000000C0	[ 58] _mp_obj_float_divmod
0x100039036	0x0000004A	[ 59] _fun_builtin_1_call
0x100039080	0x0000004E	[ 59] _fun_builtin_2_call
0x1000390CE	0x00000052	[ 59] _fun_builtin_3_call
0x100039120	0x00000099	[ 59] _fun_builtin_var_call
0x1000391B9	0x0000002A	[ 61] _mp_obj_new_getitem_iter
0x1000391E3	0x00000070	[ 61] _it_iternext
0x100039253	0x000000AC	[ 62] _mp_obj_new_int_from_float
0x1000392FF	0x0000008C	[ 62] _mp_obj_int_print
0x10003938B	0x000001E5	[ 62] _mp_obj_int_formatted
0x100039570	0x00000072	[ 62] _mp_int_format_size
0x1000395E2	0x00000079	[ 62] _mp_obj_int_binary_op_extra_cases
0x10003965B	0x0000010C	[ 62] _mp_obj_int_make_new
0x100039767	0x000000A2	[ 62] _int_from_bytes
0x100039809	0x000000C3	[ 62] _int_to_bytes
0x1000398CC	0x00000030	[ 63] _mp_obj_int_new_mpz
0x1000398FC	0x000000C6	[ 63] _mp_obj_int_formatted_impl
0x1000399C2	0x0000005D	[ 63] _mp_obj_int_from_bytes_impl
0x100039A1F	0x00000032	[ 63] _mp_obj_int_to_bytes_impl
0x100039A51	0x0000003A	[ 63] _mp_obj_int_sign
0x100039A8B	0x00000135	[ 63] _mp_obj_int_unary_op
0x100039BC0	0x00000478	[ 63] _mp_obj_int_binary_op
0x10003A038	0x00000044	[ 63] _mp_obj_int_get_checked
0x10003A07C	0x0000001C	[ 63] _mp_obj_new_int
0x10003A098	0x0000004E	[ 63] _mp_obj_new_int_from_ll
0x10003A0E6	0x0000004B	[ 63] _mp_obj_new_int_from_ull
0x10003A131	0x0000001C	[ 63] _mp_obj_new_int_from_uint
0x10003A14D	0x00000069	[ 63] _mp_obj_new_int_from_str_len
0x10003A1B6	0x0000001C	[ 63] _mp_obj_int_get_truncated
0x10003A1D3	0x0000002E	[ 63] _mp_obj_int_as_float_impl
0x10003A201	0x0000006F	[ 64] _mp_obj_list_append
0x10003A270	0x0000006E	[ 64] _mp_obj_list_sort
0x10003A2DE	0x0000016D	[ 64] _mp_quicksort
0x10003A44B	0x00000069	[ 64] _mp_obj_list_remove
0x10003A4B4	0x0000001B	[ 64] _list_index
0x10003A4CF	0x000000B8	[ 64] _list_pop
0x10003A587	0x00000075	[ 64] _list_print
0x10003A5FC	0x00000055	[ 64] _list_make_new
0x10003A651	0x0000002E	[ 64] _list_unary_op
0x10003A67F	0x00000190	[ 64] _list_binary_op
0x10003A80F	0x000002E7	[ 64] _list_subscr
0x10003AAF6	0x0000002A	[ 64] _list_getiter
0x10003AB20	0x00000052	[ 64] _mp_obj_list_init
0x10003AB72	0x00000056	[ 64] _mp_obj_new_list
0x10003ABC8	0x00000014	[ 64] _mp_obj_list_get
0x10003ABDC	0x0000003C	[ 64] _list_extend_from_iter
0x10003AC18	0x000000AC	[ 64] _list_extend
0x10003ACC4	0x00000027	[ 64] _list_it_iternext
0x10003ACEB	0x00000041	[ 64] _list_clear
0x10003AD2C	0x00000015	[ 64] _list_copy
0x10003AD41	0x00000015	[ 64] _list_count
0x10003AD56	0x0000006E	[ 64] _list_insert
0x10003ADC4	0x0000004A	[ 64] _list_reverse
0x10003AE0E	0x0000002A	[ 67] _object_make_new
0x10003AE38	0x0000000B	[ 67] _object___init__
0x10003AE43	0x0000004B	[ 67] _object___new__
0x10003AE8E	0x00000008	[ 68] _polymorph_it_iternext
0x10003AE96	0x00000082	[ 69] _property_make_new
0x10003AF18	0x0000000A	[ 69] _mp_obj_property_get
0x10003AF22	0x0000002E	[ 69] _property_getter
0x10003AF50	0x0000002E	[ 69] _property_setter
0x10003AF7E	0x0000002E	[ 69] _property_deleter
0x10003AFAC	0x00000011	[ 70] _none_print
0x10003AFBD	0x00000017	[ 74] _singleton_print
0x10003AFD4	0x00000085	[ 75] _slice_print
0x10003B059	0x00000133	[ 75] _mp_obj_slice_indices
0x10003B18C	0x00000145	[ 76] _mp_str_print_quoted
0x10003B2D1	0x00000192	[ 76] _mp_obj_str_make_new
0x10003B463	0x000000A7	[ 76] _mp_obj_new_str_from_vstr
0x10003B50A	0x0000006B	[ 76] _mp_obj_new_str_copy
0x10003B575	0x0000003A	[ 76] _mp_obj_new_str
0x10003B5AF	0x0000008E	[ 76] _find_subbytes
0x10003B63D	0x000009D7	[ 76] _mp_obj_str_binary_op
0x10003C014	0x00000036	[ 76] _bad_implicit_conversion
0x10003C04A	0x000001AF	[ 76] _str_join
0x10003C1F9	0x00000269	[ 76] _mp_obj_str_split
0x10003C462	0x00000026	[ 76] _mp_obj_new_str_of_type
0x10003C488	0x00000069	[ 76] _mp_obj_str_get_data
0x10003C4F1	0x000001F9	[ 76] _str_rsplit
0x10003C6EA	0x00000011	[ 76] _str_find
0x10003C6FB	0x00000011	[ 76] _str_rfind
0x10003C70C	0x00000014	[ 76] _str_index
0x10003C720	0x00000014	[ 76] _str_rindex
0x10003C734	0x000000C3	[ 76] _str_startswith
0x10003C7F7	0x0000009A	[ 76] _str_endswith
0x10003C891	0x00000015	[ 76] _str_strip
0x10003C8A6	0x00000012	[ 76] _str_lstrip
0x10003C8B8	0x00000015	[ 76] _str_rstrip
0x10003C8CD	0x0000008D	[ 76] _mp_obj_str_format
0x10003C95A	0x00000A06	[ 76] _mp_obj_str_format_helper
0x10003D360	0x000002B5	[ 76] _str_replace
0x10003D615	0x00000165	[ 76] _str_count
0x10003D77A	0x00000014	[ 76] _str_lower
0x10003D78E	0x00000014	[ 76] _str_upper
0x10003D7A2	0x00000070	[ 76] _str_isspace
0x10003D812	0x00000070	[ 76] _str_isalpha
0x10003D882	0x00000070	[ 76] _str_isdigit
0x10003D8F2	0x00000095	[ 76] _str_isupper
0x10003D987	0x00000095	[ 76] _str_islower
0x10003DA1C	0x00000064	[ 76] _bytes_decode
0x10003DA80	0x0000005F	[ 76] _str_encode
0x10003DADF	0x0000005D	[ 76] _mp_obj_str_get_buffer
0x10003DB3C	0x00000083	[ 76] _str_print
0x10003DBBF	0x0000023C	[ 76] _bytes_make_new
0x10003DDFB	0x000000DA	[ 76] _bytes_subscr
0x10003DED5	0x0000002A	[ 76] _mp_obj_new_bytes_iterator
0x10003DEFF	0x00000017	[ 76] _mp_obj_new_bytes
0x10003DF16	0x00000013	[ 76] _mp_obj_new_str_via_qstr
0x10003DF29	0x000000F7	[ 76] _mp_obj_str_equal
0x10003E020	0x00000045	[ 76] _mp_obj_str_get_qstr
0x10003E068	0x0000017D	[ 76] _str_finder
0x10003E1E5	0x00000201	[ 76] _str_uni_strip
0x10003E3E6	0x00000046	[ 76] _arg_looks_numeric
0x10003E42C	0x00000099	[ 76] _str_caseconv
0x10003E4C5	0x00000064	[ 76] _bytes_it_iternext
0x10003E529	0x00000108	[ 77] _str_index_to_ptr
0x10003E631	0x000001AE	[ 77] _uni_print
0x10003E7DF	0x0000006A	[ 77] _uni_unary_op
0x10003E849	0x00000171	[ 77] _str_subscr
0x10003E9BA	0x0000002A	[ 77] _mp_obj_new_str_iterator
0x10003E9E4	0x0000007E	[ 77] _str_it_iternext
0x10003EA62	0x00000089	[ 78] _mp_obj_tuple_print
0x10003EAEB	0x00000089	[ 78] _mp_obj_tuple_unary_op
0x10003EB74	0x000001C4	[ 78] _mp_obj_tuple_binary_op
0x10003ED38	0x00000053	[ 78] _mp_obj_new_tuple
0x10003ED8B	0x000000D9	[ 78] _mp_obj_tuple_subscr
0x10003EE64	0x000000ED	[ 78] _mp_obj_tuple_make_new
0x10003EF51	0x0000002A	[ 78] _mp_obj_tuple_getiter
0x10003EF7B	0x00000043	[ 78] _mp_obj_tuple_get
0x10003EFBE	0x00000024	[ 78] _tuple_it_iternext
0x10003EFE2	0x00000015	[ 78] _tuple_count
0x10003EFF7	0x0000001B	[ 78] _tuple_index
0x10003F012	0x0000005D	[ 79] _mp_obj_new_instance
0x10003F06F	0x000000BD	[ 79] _instance_count_native_bases
0x10003F12C	0x00000239	[ 79] _mp_obj_instance_make_new
0x10003F365	0x0000020D	[ 79] _mp_obj_class_lookup
0x10003F572	0x000000D2	[ 79] _mp_obj_instance_call
0x10003F644	0x000000BE	[ 79] _mp_obj_instance_getiter
0x10003F702	0x00000017	[ 79] _type_print
0x10003F719	0x0000005D	[ 79] _type_make_new
0x10003F776	0x00000029	[ 79] _type_call
0x10003F79F	0x000001EB	[ 79] _type_attr
0x10003F98A	0x000002CE	[ 79] _mp_obj_new_type
0x10003FC58	0x0000013A	[ 79] _instance_print
0x10003FD92	0x0000010D	[ 79] _instance_unary_op
0x10003FE9F	0x000000DE	[ 79] _instance_binary_op
0x10003FF7D	0x0000028B	[ 79] _mp_obj_instance_attr
0x100040208	0x000000FB	[ 79] _instance_subscr
0x100040303	0x00000098	[ 79] _instance_get_buffer
0x10004039B	0x00000053	[ 79] _static_class_method_make_new
0x1000403EE	0x00000092	[ 79] _mp_obj_is_subclass_fast
0x100040480	0x00000036	[ 79] _mp_obj_cast_to_native_base
0x1000404B6	0x00000056	[ 79] _native_base_init_wrapper
0x10004050C	0x00000027	[ 81] _op_getitem
0x100040533	0x00000031	[ 81] _op_setitem
0x100040564	0x00000024	[ 81] _op_delitem
0x100040588	0x0000003F	[ 82] _mp_seq_multiply
0x1000405C7	0x00000056	[ 82] _mp_seq_get_fast_slice_indexes
0x10004061D	0x00000069	[ 82] _mp_seq_extract_slice
0x100040686	0x00000091	[ 82] _mp_seq_cmp_bytes
0x100040717	0x000000E4	[ 82] _mp_seq_cmp_objs
0x1000407FB	0x000000B3	[ 82] _mp_seq_index_obj
0x1000408AE	0x0000005B	[ 82] _mp_seq_count_obj
0x10004090C	0x0000003D	[ 84] _mp_binary_set_int
0x100040949	0x00000020	[ 87] _mp_builtin_next
0x100040969	0x00000091	[ 91] _mp_opcode_format
0x1000409FA	0x00000080	[ 92] _mp_small_int_mul_overflow
0x100040A7A	0x00000028	[ 92] _mp_small_int_modulo
0x100040AA2	0x0000002E	[ 92] _mp_small_int_floor_divide
0x100040AD0	0x00000759	[ 93] _main_
0x100041229	0x00000037	[ 93] _usage
0x100041260	0x0000001F	[ 93] _main
0x10004127F	0x00000029	[ 93] _nlr_jump_fail
0x1000412A8	0x0000000F	[ 93] _stderr_print_strn
0x1000412B7	0x00000014	[ 94] _gc_collect
0x1000412CB	0x00000074	[ 95] _gc_helper_collect_regs_and_stack
0x100041340	0x00000030	[  5] _gc_free.cold.1
0x100041370	0x00000030	[  5] _gc_free.cold.2
0x1000413A0	0x00000030	[  5] _gc_realloc.cold.1
0x1000413D0	0x00000030	[  5] _gc_realloc.cold.2
0x100041400	0x00000023	[  5] _gc_realloc.cold.3
0x100041423	0x00000023	[  7] _vstr_add_char.cold.1
0x100041448	0x00000023	[  8] _mp_print_mp_int.cold.1
0x10004146B	0x00000023	[  8] _mp_vprintf.cold.1
0x10004148E	0x00000023	[ 10] _mpz_need_dig.cold.1
0x1000414B1	0x00000023	[ 10] _mpz_set_from_str.cold.1
0x1000414D4	0x00000023	[ 10] _mpz_or_inpl.cold.1
0x1000414F7	0x00000023	[ 10] _mpz_clone.cold.1
0x10004151A	0x00000023	[ 10] _mpz_divmod_inpl.cold.1
0x10004153D	0x00000023	[ 10] _mpz_as_str_inpl.cold.1
0x100041560	0x00000023	[ 10] _mpz_as_str_inpl.cold.2
0x100041586	0x00000023	[ 13] _mp_parse.cold.1
0x1000415A9	0x00000023	[ 13] _mp_parse.cold.2
0x1000415CC	0x00000023	[ 13] _mp_parse.cold.3
0x1000415EF	0x00000023	[ 13] _mp_parse.cold.4
0x100041612	0x00000023	[ 13] _mp_parse.cold.5
0x100041635	0x00000023	[ 13] _mp_parse.cold.6
0x100041658	0x00000023	[ 13] _mp_parse.cold.7
0x10004167B	0x00000023	[ 13] _mp_parse.cold.8
0x10004169E	0x00000023	[ 13] _mp_parse.cold.9
0x1000416C1	0x00000023	[ 13] _mp_parse.cold.10
0x1000416E4	0x00000023	[ 13] _mp_parse.cold.11
0x100041707	0x00000023	[ 13] _mp_parse.cold.12
0x10004172A	0x00000023	[ 13] _push_rule_from_arg.cold.1
0x10004174D	0x00000023	[ 13] _pop_result.cold.1
0x100041770	0x00000023	[ 13] _push_result_rule.cold.1
0x100041793	0x00000023	[ 13] _push_result_rule.cold.2
0x1000417B6	0x00000023	[ 13] _push_result_rule.cold.3
0x1000417D9	0x00000023	[ 13] _push_result_rule.cold.4
0x1000417FC	0x00000023	[ 13] _push_result_rule.cold.5
0x10004181F	0x00000023	[ 13] _push_result_rule.cold.6
0x100041842	0x00000023	[ 13] _push_result_rule.cold.7
0x100041865	0x00000023	[ 13] _push_result_rule.cold.8
0x100041888	0x00000023	[ 13] _push_result_rule.cold.9
0x1000418AB	0x00000023	[ 13] _push_result_rule.cold.10
0x1000418CE	0x00000023	[ 13] _push_result_rule.cold.11
0x1000418F1	0x00000023	[ 13] _push_result_rule.cold.12
0x100041914	0x00000023	[ 13] _push_result_rule.cold.13
0x100041937	0x00000023	[ 13] _push_result_rule.cold.14
0x10004195A	0x00000023	[ 13] _push_result_rule.cold.15
0x10004197D	0x00000023	[ 13] _push_result_rule.cold.16
0x1000419A0	0x00000021	[ 14] _scope_new.cold.1
0x1000419C1	0x00000023	[ 14] _scope_check_to_close_over.cold.1
0x1000419E4	0x00000021	[ 14] _scope_check_to_close_over.cold.2
0x100041A08	0x00000023	[ 15] _mp_compile_to_raw_code.cold.1
0x100041A2B	0x00000023	[ 15] _compile_scope_inline_asm.cold.1
0x100041A4E	0x00000023	[ 15] _compile_scope_inline_asm.cold.2
0x100041A71	0x00000023	[ 15] _compile_scope_inline_asm.cold.3
0x100041A94	0x00000023	[ 15] _compile_scope_inline_asm.cold.4
0x100041AB7	0x00000023	[ 15] _compile_scope.cold.1
0x100041ADA	0x00000023	[ 15] _compile_scope.cold.2
0x100041AFD	0x00000023	[ 15] _compile_scope.cold.3
0x100041B20	0x00000023	[ 15] _compile_scope.cold.4
0x100041B43	0x00000023	[ 15] _compile_scope.cold.5
0x100041B66	0x00000023	[ 15] _compile_scope.cold.6
0x100041B89	0x00000023	[ 15] _compile_scope.cold.7
0x100041BAC	0x00000023	[ 15] _compile_scope.cold.8
0x100041BCF	0x00000023	[ 15] _compile_scope.cold.9
0x100041BF2	0x00000023	[ 15] _compile_scope.cold.10
0x100041C15	0x00000023	[ 15] _compile_scope.cold.11
0x100041C38	0x00000023	[ 15] _compile_scope.cold.12
0x100041C5B	0x00000023	[ 15] _compile_scope.cold.13
0x100041C7E	0x00000023	[ 15] _compile_node.cold.1
0x100041CA1	0x00000023	[ 15] _compile_scope_comp_iter.cold.1
0x100041CC4	0x00000023	[ 15] _compile_decorated.cold.1
0x100041CE7	0x00000023	[ 15] _compile_decorated.cold.2
0x100041D0A	0x00000023	[ 15] _compile_decorated.cold.3
0x100041D2D	0x00000023	[ 15] _compile_decorated.cold.4
0x100041D50	0x00000023	[ 15] _compile_expr_stmt.cold.1
0x100041D73	0x00000023	[ 15] _compile_break_cont_stmt.cold.1
0x100041D96	0x00000023	[ 15] _compile_import_from.cold.1
0x100041DB9	0x00000023	[ 15] _compile_import_from.cold.2
0x100041DDC	0x00000023	[ 15] _compile_import_from.cold.3
0x100041DFF	0x00000023	[ 15] _compile_async_stmt.cold.1
0x100041E22	0x00000023	[ 15] _compile_async_stmt.cold.2
0x100041E45	0x00000023	[ 15] _compile_async_stmt.cold.3
0x100041E68	0x00000023	[ 15] _compile_if_stmt.cold.1
0x100041E8B	0x00000023	[ 15] _compile_for_stmt.cold.1
0x100041EAE	0x00000023	[ 15] _compile_try_stmt.cold.1
0x100041ED1	0x00000023	[ 15] _compile_with_stmt.cold.1
0x100041EF4	0x00000023	[ 15] _compile_test_if_expr.cold.1
0x100041F17	0x00000023	[ 15] _compile_comparison.cold.1
0x100041F3A	0x00000023	[ 15] _compile_comparison.cold.2
0x100041F5D	0x00000023	[ 15] _compile_factor_2.cold.1
0x100041F80	0x00000023	[ 15] _compile_atom_paren.cold.1
0x100041FA3	0x00000023	[ 15] _compile_atom_paren.cold.2
0x100041FC6	0x00000023	[ 15] _compile_atom_paren.cold.3
0x100041FE9	0x00000023	[ 15] _compile_atom_bracket.cold.1
0x10004200C	0x00000023	[ 15] _compile_atom_brace.cold.1
0x10004202F	0x00000023	[ 15] _compile_atom_brace.cold.2
0x100042052	0x00000023	[ 15] _compile_subscript.cold.1
0x100042075	0x00000023	[ 15] _compile_subscript.cold.2
0x100042098	0x00000023	[ 15] _compile_subscript.cold.3
0x1000420BB	0x00000023	[ 15] _compile_subscript.cold.4
0x1000420DE	0x00000023	[ 15] _compile_funcdef_lambdef_param.cold.1
0x100042101	0x00000023	[ 15] _compile_funcdef_lambdef_param.cold.2
0x100042124	0x00000023	[ 15] _close_over_variables_etc.cold.1
0x100042147	0x00000023	[ 15] _close_over_variables_etc.cold.2
0x10004216A	0x00000023	[ 15] _compile_comprehension.cold.1
0x10004218D	0x00000023	[ 15] _compile_comprehension.cold.2
0x1000421B0	0x00000023	[ 15] _c_assign.cold.1
0x1000421D3	0x00000023	[ 15] _c_assign.cold.2
0x1000421F6	0x00000023	[ 15] _c_assign.cold.3
0x100042219	0x00000023	[ 15] _c_assign.cold.4
0x10004223C	0x00000023	[ 15] _c_assign.cold.5
0x10004225F	0x00000023	[ 15] _c_del_stmt.cold.1
0x100042282	0x00000023	[ 15] _c_del_stmt.cold.2
0x1000422A5	0x00000023	[ 15] _c_del_stmt.cold.3
0x1000422C8	0x00000023	[ 15] _c_del_stmt.cold.4
0x1000422EB	0x00000023	[ 15] _c_if_cond.cold.1
0x10004230E	0x00000023	[ 15] _do_import_name.cold.1
0x100042331	0x00000023	[ 15] _compile_decrease_except_level.cold.1
0x100042354	0x00000023	[ 15] _compile_try_finally.cold.1
0x100042377	0x00000023	[ 15] _compile_try_except.cold.1
0x10004239A	0x00000023	[ 15] _compile_scope_func_lambda_param.cold.1
0x1000423BD	0x00000023	[ 15] _compile_scope_func_lambda_param.cold.2
0x1000423E0	0x00000023	[ 15] _compile_scope_func_lambda_param.cold.3
0x100042404	0x00000021	[ 16] _mp_emit_common_id_op.cold.1
0x100042425	0x00000021	[ 16] _mp_emit_common_id_op.cold.2
0x100042446	0x00000023	[ 17] _emit_write_code_info_qstr.cold.1
0x100042469	0x00000023	[ 17] _mp_emit_bc_end_pass.cold.1
0x10004248C	0x00000023	[ 17] _mp_emit_bc_end_pass.cold.2
0x1000424AF	0x00000023	[ 17] _mp_emit_bc_end_pass.cold.3
0x1000424D2	0x00000023	[ 17] _mp_emit_bc_adjust_stack_size.cold.1
0x1000424F5	0x00000023	[ 17] _mp_emit_bc_set_source_line.cold.1
0x100042518	0x00000023	[ 17] _mp_emit_bc_label_assign.cold.1
0x10004253B	0x00000023	[ 17] _mp_emit_bc_label_assign.cold.2
0x10004255E	0x00000023	[ 17] _mp_emit_bc_label_assign.cold.3
0x100042581	0x00000023	[ 17] _emit_write_bytecode_byte_qstr.cold.1
0x1000425A4	0x00000023	[ 17] _mp_emit_bc_make_closure.cold.1
0x1000425C7	0x00000023	[ 17] _mp_emit_bc_raise_varargs.cold.1
0x1000425EA	0x00000021	[ 17] _emit_get_cur_to_write_code_info.cold.1
0x10004260B	0x00000023	[ 17] _emit_get_cur_to_write_bytecode.cold.1
0x10004262E	0x00000021	[ 18] _mp_asm_base_start_pass.cold.1
0x10004264F	0x00000021	[ 18] _mp_asm_base_get_cur_to_write_bytes.cold.1
0x100042670	0x00000021	[ 18] _mp_asm_base_label_assign.cold.1
0x100042691	0x00000021	[ 18] _mp_asm_base_label_assign.cold.2
0x1000426B2	0x00000021	[ 18] _mp_asm_base_label_assign.cold.3
0x1000426D3	0x00000023	[ 19] _asm_x64_test_r8_with_r8.cold.1
0x1000426F6	0x00000023	[ 19] _asm_x64_test_r8_with_r8.cold.2
0x100042719	0x00000023	[ 19] _asm_x64_setcc_r8.cold.1
0x10004273C	0x00000023	[ 19] _asm_x64_jmp_reg.cold.1
0x10004275F	0x00000023	[ 19] _asm_x64_jmp_label.cold.1
0x100042782	0x00000023	[ 19] _asm_x64_jcc_label.cold.1
0x1000427A5	0x00000023	[ 19] _asm_x64_entry.cold.1
0x1000427C8	0x00000023	[ 19] _asm_x64_mov_local_addr_to_r64.cold.1
0x1000427EB	0x00000023	[ 19] _asm_x64_mov_reg_pcrel.cold.1
0x10004280E	0x00000023	[ 19] _asm_x64_call_ind.cold.1
0x100042833	0x00000023	[ 20] _emit_native_start_pass.cold.1
0x100042856	0x00000023	[ 20] _emit_native_start_pass.cold.2
0x100042879	0x00000023	[ 20] _emit_native_end_pass.cold.1
0x10004289C	0x00000023	[ 20] _emit_native_end_pass.cold.2
0x1000428BF	0x00000023	[ 20] _emit_native_end_pass.cold.3
0x1000428E2	0x00000023	[ 20] _emit_native_end_pass.cold.4
0x100042905	0x00000023	[ 20] _emit_native_store_global.cold.1
0x100042928	0x00000023	[ 20] _emit_native_import.cold.1
0x10004294B	0x00000023	[ 20] _emit_native_import.cold.2
0x10004296E	0x00000023	[ 20] _emit_native_import.cold.3
0x100042991	0x00000023	[ 20] _emit_native_import.cold.4
0x1000429B4	0x00000023	[ 20] _emit_native_load_method.cold.1
0x1000429D7	0x00000023	[ 20] _emit_native_subscr.cold.1
0x1000429FA	0x00000023	[ 20] _emit_native_subscr.cold.2
0x100042A1D	0x00000023	[ 20] _emit_native_attr.cold.1
0x100042A40	0x00000023	[ 20] _emit_native_attr.cold.2
0x100042A63	0x00000023	[ 20] _emit_native_attr.cold.3
0x100042A86	0x00000023	[ 20] _emit_native_attr.cold.4
0x100042AA9	0x00000023	[ 20] _emit_native_setup_block.cold.1
0x100042ACC	0x00000023	[ 20] _emit_native_end_finally.cold.1
0x100042AEF	0x00000023	[ 20] _emit_native_end_finally.cold.2
0x100042B12	0x00000023	[ 20] _emit_native_get_iter.cold.1
0x100042B35	0x00000023	[ 20] _emit_native_build.cold.1
0x100042B58	0x00000023	[ 20] _emit_native_build.cold.2
0x100042B7B	0x00000023	[ 20] _emit_native_build.cold.3
0x100042B9E	0x00000023	[ 20] _emit_native_build.cold.4
0x100042BC1	0x00000023	[ 20] _emit_native_build.cold.5
0x100042BE4	0x00000023	[ 20] _emit_native_build.cold.6
0x100042C07	0x00000023	[ 20] _emit_native_store_map.cold.1
0x100042C2A	0x00000023	[ 20] _emit_native_store_map.cold.2
0x100042C4D	0x00000023	[ 20] _emit_native_store_map.cold.3
0x100042C70	0x00000023	[ 20] _emit_native_store_comp.cold.1
0x100042C93	0x00000023	[ 20] _emit_native_store_comp.cold.2
0x100042CB6	0x00000023	[ 20] _emit_native_store_comp.cold.3
0x100042CD9	0x00000023	[ 20] _emit_native_store_comp.cold.4
0x100042CFC	0x00000023	[ 20] _emit_native_store_comp.cold.5
0x100042D1F	0x00000023	[ 20] _emit_native_unpack_sequence.cold.1
0x100042D42	0x00000023	[ 20] _emit_native_unpack_ex.cold.1
0x100042D65	0x00000023	[ 20] _emit_native_make_function.cold.1
0x100042D88	0x00000023	[ 20] _emit_native_make_function.cold.2
0x100042DAB	0x00000023	[ 20] _emit_native_call_function.cold.1
0x100042DCE	0x00000023	[ 20] _emit_native_call_function.cold.2
0x100042DF1	0x00000023	[ 20] _emit_native_call_function.cold.3
0x100042E14	0x00000023	[ 20] _emit_native_return_value.cold.1
0x100042E37	0x00000023	[ 20] _emit_native_raise_varargs.cold.1
0x100042E5A	0x00000023	[ 20] _adjust_stack.cold.1
0x100042E7D	0x00000023	[ 20] _adjust_stack.cold.2
0x100042EA0	0x00000023	[ 20] _emit_native_leave_exc_stack.cold.1
0x100042EC3	0x00000023	[ 20] _emit_get_stack_pointer_to_reg_for_pop.cold.1
0x100042EE6	0x00000023	[ 21] _asm_x86_jmp_label.cold.1
0x100042F09	0x00000023	[ 21] _asm_x86_jcc_label.cold.1
0x100042F2C	0x00000023	[ 21] _asm_x86_entry.cold.1
0x100042F4F	0x00000023	[ 21] _asm_x86_mov_reg_pcrel.cold.1
0x100042F72	0x00000023	[ 21] _asm_x86_call_ind.cold.1
0x100042F95	0x00000023	[ 22] _emit_native_start_pass.cold.1
0x100042FB8	0x00000023	[ 22] _emit_native_start_pass.cold.2
0x100042FDB	0x00000023	[ 22] _emit_native_end_pass.cold.1
0x100042FFE	0x00000023	[ 22] _emit_native_end_pass.cold.2
0x100043021	0x00000023	[ 22] _emit_native_end_pass.cold.3
0x100043044	0x00000023	[ 22] _emit_native_end_pass.cold.4
0x100043067	0x00000023	[ 22] _emit_native_store_global.cold.1
0x10004308A	0x00000023	[ 22] _emit_native_import.cold.1
0x1000430AD	0x00000023	[ 22] _emit_native_import.cold.2
0x1000430D0	0x00000023	[ 22] _emit_native_import.cold.3
0x1000430F3	0x00000023	[ 22] _emit_native_import.cold.4
0x100043116	0x00000023	[ 22] _emit_native_load_method.cold.1
0x100043139	0x00000023	[ 22] _emit_native_subscr.cold.1
0x10004315C	0x00000023	[ 22] _emit_native_subscr.cold.2
0x10004317F	0x00000023	[ 22] _emit_native_attr.cold.1
0x1000431A2	0x00000023	[ 22] _emit_native_attr.cold.2
0x1000431C5	0x00000023	[ 22] _emit_native_attr.cold.3
0x1000431E8	0x00000023	[ 22] _emit_native_attr.cold.4
0x10004320B	0x00000023	[ 22] _emit_native_setup_block.cold.1
0x10004322E	0x00000023	[ 22] _emit_native_end_finally.cold.1
0x100043251	0x00000023	[ 22] _emit_native_end_finally.cold.2
0x100043274	0x00000023	[ 22] _emit_native_get_iter.cold.1
0x100043297	0x00000023	[ 22] _emit_native_build.cold.1
0x1000432BA	0x00000023	[ 22] _emit_native_build.cold.2
0x1000432DD	0x00000023	[ 22] _emit_native_build.cold.3
0x100043300	0x00000023	[ 22] _emit_native_build.cold.4
[...]
<<dead>> 	0x00000078	[ 59] _mp_type_fun_native
<<dead>> 	0x00000078	[ 59] _mp_type_fun_bc
<<dead>> 	0x00000078	[ 59] _mp_type_fun_asm
<<dead>> 	0x00000012	[ 59] literal string: mp_obj_new_fun_bc
<<dead>> 	0x0000002C	[ 59] literal string: mp_obj_is_type(def_args_in, &mp_type_tuple)
<<dead>> 	0x00000013	[ 59] literal string: fun_builtin_0_call
<<dead>> 	0x00000030	[ 59] literal string: mp_obj_is_type(self_in, &mp_type_fun_builtin_0)
<<dead>> 	0x00000016	[ 59] literal string: <function %q at 0x%p>
<<dead>> 	0x0000000C	[ 59] literal string: fun_bc_call
<<dead>> 	0x00000029	[ 59] literal string: vm_return_kind == MP_VM_RETURN_EXCEPTION
<<dead>> 	0x0000000D	[ 59] literal string: fun_asm_call
<<dead>> 	0x0000000C	[ 59] literal string: n_args == 4
<<dead>> 	0x000000D7	[ 60] _gen_wrap_call
<<dead>> 	0x000000D3	[ 60] _native_gen_wrap_call
<<dead>> 	0x00000163	[ 60] _mp_obj_gen_resume
<<dead>> 	0x00000031	[ 60] _gen_instance_print
<<dead>> 	0x00000013	[ 60] _gen_instance_iternext
<<dead>> 	0x0000005B	[ 60] _gen_resume_and_raise
<<dead>> 	0x0000006B	[ 60] _gen_instance_close
<<dead>> 	0x00000011	[ 60] _gen_instance_send
<<dead>> 	0x0000002D	[ 60] _gen_instance_throw
<<dead>> 	0x0000001F	[ 60] _gen_instance_pend_throw
<<dead>> 	0x00000020	[ 60] _mp_const_GeneratorExit_obj
<<dead>> 	0x00000078	[ 60] _mp_type_gen_wrap
<<dead>> 	0x00000078	[ 60] _mp_type_native_gen_wrap
<<dead>> 	0x00000080	[ 60] _mp_type_gen_instance
<<dead>> 	0x00000040	[ 60] _gen_instance_locals_dict_table
<<dead>> 	0x00000020	[ 60] _gen_instance_locals_dict
<<dead>> 	0x00000018	[ 60] _gen_instance_throw_obj
<<dead>> 	0x00000010	[ 60] _gen_instance_close_obj
<<dead>> 	0x00000010	[ 60] _gen_instance_send_obj
<<dead>> 	0x00000010	[ 60] _gen_instance_pend_throw_obj
<<dead>> 	0x0000001C	[ 60] literal string: generator already executing
<<dead>> 	0x00000036	[ 60] literal string: can't send non-None value to a just-started generator
<<dead>> 	0x0000001F	[ 60] literal string: generator raised StopIteration
<<dead>> 	0x0000001E	[ 60] literal string: <generator object '%q' at %p>
<<dead>> 	0x00000020	[ 60] literal string: generator ignored GeneratorExit
<<dead>> 	0x00000049	[ 63] _mp_obj_int_get_uint_checked
<<dead>> 	0x00000026	[ 63] literal string: mp_obj_is_type(self_in, &mp_type_int)
<<dead>> 	0x0000000F	[ 63] literal string: divide by zero
<<dead>> 	0x00000015	[ 63] literal string: negative shift count
<<dead>> 	0x0000000A	[ 64] _mp_obj_list_set_len
<<dead>> 	0x0000002B	[ 64] _mp_obj_list_store
<<dead>> 	0x00000003	[ 64] literal string: , 
<<dead>> 	0x00000002	[ 64] literal string: ]
<<dead>> 	0x0000007E	[ 65] _map_make_new
<<dead>> 	0x00000076	[ 65] _map_iternext
<<dead>> 	0x00000078	[ 65] _mp_type_map
<<dead>> 	0x0000004E	[ 66] _module_print
<<dead>> 	0x000000A2	[ 66] _module_attr
<<dead>> 	0x0000007D	[ 66] _mp_obj_new_module
<<dead>> 	0x0000004D	[ 66] _mp_module_get
<<dead>> 	0x00000031	[ 66] _mp_module_register
<<dead>> 	0x00000080	[ 66] _mp_type_module
<<dead>> 	0x00000040	[ 66] _mp_builtin_module_table
<<dead>> 	0x00000018	[ 66] _mp_builtin_module_map
<<dead>> 	0x00000001	[ 66] literal string: 
<<dead>> 	0x0000000E	[ 66] literal string: <module '%s'>
<<dead>> 	0x00000005	[ 70] literal string: None
<<dead>> 	0x00000055	[ 71] _range_print
<<dead>> 	0x00000099	[ 71] _range_make_new
<<dead>> 	0x00000059	[ 71] _range_unary_op
<<dead>> 	0x00000049	[ 71] _range_attr
<<dead>> 	0x000000EB	[ 71] _range_subscr
<<dead>> 	0x00000023	[ 71] _range_getiter
<<dead>> 	0x0000003F	[ 71] _range_it_iternext
<<dead>> 	0x00000078	[ 71] _mp_type_range
<<dead>> 	0x00000078	[ 71] _mp_type_range_it
<<dead>> 	0x0000000F	[ 71] literal string: range(%ld, %ld
<<dead>> 	0x00000002	[ 71] literal string: )
<<dead>> 	0x00000007	[ 71] literal string: , %ld)
<<dead>> 	0x0000000A	[ 71] literal string: zero step
<<dead>> 	0x000000AB	[ 72] _reversed_make_new
<<dead>> 	0x0000002F	[ 72] _reversed_iternext
<<dead>> 	0x00000078	[ 72] _mp_type_reversed
<<dead>> 	0x000000AF	[ 73] _set_print
<<dead>> 	0x00000096	[ 73] _set_make_new
<<dead>> 	0x0000002E	[ 73] _set_unary_op
<<dead>> 	0x00000209	[ 73] _set_binary_op
<<dead>> 	0x0000002A	[ 73] _set_getiter
<<dead>> 	0x0000006F	[ 73] _mp_obj_new_set
<<dead>> 	0x00000013	[ 73] _mp_obj_set_store
<<dead>> 	0x00000025	[ 73] _set_union
<<dead>> 	0x00000025	[ 73] _set_symmetric_difference
<<dead>> 	0x0000000C	[ 73] _set_intersect
<<dead>> 	0x0000000C	[ 73] _set_diff
<<dead>> 	0x0000003F	[ 73] _set_update
<<dead>> 	0x0000004F	[ 73] _set_symmetric_difference_update
<<dead>> 	0x000000FF	[ 73] _set_intersect_int
<<dead>> 	0x00000093	[ 73] _set_diff_int
<<dead>> 	0x0000000C	[ 73] _set_issubset
<<dead>> 	0x00000015	[ 73] _set_issuperset
<<dead>> 	0x0000004F	[ 73] _set_copy
<<dead>> 	0x0000004A	[ 73] _set_update_int
<<dead>> 	0x00000019	[ 73] _set_add
<<dead>> 	0x00000014	[ 73] _set_clear
<<dead>> 	0x00000161	[ 73] _set_issubset_internal
<<dead>> 	0x0000004B	[ 73] _set_it_iternext
<<dead>> 	0x00000019	[ 73] _set_discard
<<dead>> 	0x00000015	[ 73] _set_diff_update
<<dead>> 	0x0000000F	[ 73] _set_intersect_update
<<dead>> 	0x00000058	[ 73] _set_isdisjoint
<<dead>> 	0x00000027	[ 73] _set_pop
<<dead>> 	0x00000037	[ 73] _set_remove
<<dead>> 	0x00000080	[ 73] _mp_type_set
<<dead>> 	0x00000120	[ 73] _set_locals_dict_table
<<dead>> 	0x00000020	[ 73] _set_locals_dict
<<dead>> 	0x00000018	[ 73] _set_diff_obj
<<dead>> 	0x00000018	[ 73] _set_diff_update_obj
<<dead>> 	0x00000018	[ 73] _set_update_obj
<<dead>> 	0x00000010	[ 73] _set_add_obj
<<dead>> 	0x00000010	[ 73] _set_clear_obj
<<dead>> 	0x00000010	[ 73] _set_copy_obj
<<dead>> 	0x00000010	[ 73] _set_discard_obj
<<dead>> 	0x00000010	[ 73] _set_intersect_obj
<<dead>> 	0x00000010	[ 73] _set_intersect_update_obj
<<dead>> 	0x00000010	[ 73] _set_isdisjoint_obj
<<dead>> 	0x00000010	[ 73] _set_issubset_obj
<<dead>> 	0x00000010	[ 73] _set_issuperset_obj
<<dead>> 	0x00000010	[ 73] _set_pop_obj
<<dead>> 	0x00000010	[ 73] _set_remove_obj
<<dead>> 	0x00000010	[ 73] _set_symmetric_difference_obj
<<dead>> 	0x00000010	[ 73] _set_symmetric_difference_update_obj
<<dead>> 	0x00000010	[ 73] _set_union_obj
<<dead>> 	0x00000006	[ 73] literal string: set()
<<dead>> 	0x00000002	[ 73] literal string: {
<<dead>> 	0x00000003	[ 73] literal string: , 
<<dead>> 	0x00000002	[ 73] literal string: }
<<dead>> 	0x00000016	[ 73] literal string: pop from an empty set
<<dead>> 	0x0000003E	[ 75] _mp_obj_new_slice
<<dead>> 	0x00000003	[ 75] literal string: , 
<<dead>> 	0x00000002	[ 75] literal string: )
<<dead>> 	0x00000048	[ 76] _mp_obj_str_intern
<<dead>> 	0x0000002C	[ 76] _mp_obj_str_intern_checked
<<dead>> 	0x00000057	[ 76] _mp_obj_str_get_str
<<dead>> 	0x00000003	[ 76] literal string: %c
<<dead>> 	0x00000001	[ 76] literal string: 
<<dead>> 	0x00000031	[ 76] literal string: only slices with step=1 (aka None) are supported
<<dead>> 	0x00000003	[ 77] literal string: %c
<<dead>> 	0x00000004	[ 77] literal string: \%c
<<dead>> 	0x00000003	[ 77] literal string: \\
<<dead>> 	0x00000003	[ 77] literal string: \n
<<dead>> 	0x00000003	[ 77] literal string: \r
<<dead>> 	0x00000003	[ 77] literal string: \t
<<dead>> 	0x00000007	[ 77] literal string: \x%02x
<<dead>> 	0x00000031	[ 77] literal string: only slices with step=1 (aka None) are supported
<<dead>> 	0x0000002A	[ 78] _mp_obj_tuple_del
<<dead>> 	0x00000023	[ 78] _mp_obj_tuple_del.cold.1
<<dead>> 	0x00000003	[ 78] literal string: , 
<<dead>> 	0x00000002	[ 78] literal string: )
<<dead>> 	0x00000031	[ 78] literal string: only slices with step=1 (aka None) are supported
<<dead>> 	0x00000011	[ 78] literal string: mp_obj_tuple_del
<<dead>> 	0x00000028	[ 78] literal string: mp_obj_is_type(self_in, &mp_type_tuple)
<<dead>> 	0x00000069	[ 79] _mp_obj_instance_is_callable
<<dead>> 	0x00000057	[ 79] _super_print
<<dead>> 	0x0000005B	[ 79] _super_make_new
<<dead>> 	0x00000178	[ 79] _super_attr
<<dead>> 	0x0000002F	[ 79] _mp_load_super_method
<<dead>> 	0x00000031	[ 79] _mp_builtin_issubclass
<<dead>> 	0x0000001F	[ 79] _mp_builtin_isinstance
<<dead>> 	0x000000CB	[ 79] _mp_obj_is_subclass
<<dead>> 	0x00000023	[ 79] _super_attr.cold.1
<<dead>> 	0x00000023	[ 79] _super_attr.cold.2
<<dead>> 	0x00000023	[ 79] _super_attr.cold.3
<<dead>> 	0x00000010	[ 79] 16-byte-literal
<<dead>> 	0x00000010	[ 79] 16-byte-literal
<<dead>> 	0x0000001B	[ 79] literal string: '%s' object isn't callable
<<dead>> 	0x00000016	[ 79] literal string: mp_map_slot_is_filled
<<dead>> 	0x00000006	[ 79] literal string: obj.h
<<dead>> 	0x00000011	[ 79] literal string: pos < map->alloc
<<dead>> 	0x00000009	[ 79] literal string: <super: 
<<dead>> 	0x00000003	[ 79] literal string: , 
<<dead>> 	0x00000002	[ 79] literal string: >
<<dead>> 	0x0000000B	[ 79] literal string: super_attr
<<dead>> 	0x00000028	[ 79] literal string: mp_obj_is_type(self_in, &mp_type_super)
<<dead>> 	0x0000002A	[ 79] literal string: mp_obj_is_type(self->type, &mp_type_type)
<<dead>> 	0x00000028	[ 79] literal string: mp_obj_is_type(items[i], &mp_type_type)
<<dead>> 	0x00000023	[ 79] literal string: issubclass() arg 1 must be a class
<<dead>> 	0x00000039	[ 79] literal string: issubclass() arg 2 must be a class or a tuple of classes
<<dead>> 	0x00000078	[ 79] _mp_type_super
<<dead>> 	0x00000010	[ 79] _mp_builtin_issubclass_obj
<<dead>> 	0x00000010	[ 79] _mp_builtin_isinstance_obj
<<dead>> 	0x0000006F	[ 80] _zip_make_new
<<dead>> 	0x00000061	[ 80] _zip_iternext
<<dead>> 	0x00000078	[ 80] _mp_type_zip
<<dead>> 	0x00000027	[ 81] _op_contains
<<dead>> 	0x00000010	[ 81] _mp_op_contains_obj
<<dead>> 	0x0000008D	[ 83] _mp_stream_rw
<<dead>> 	0x00000053	[ 83] _mp_get_stream_raise
<<dead>> 	0x0000000C	[ 83] _stream_read
<<dead>> 	0x0000000F	[ 83] _stream_read1
<<dead>> 	0x0000002D	[ 83] _mp_stream_write
<<dead>> 	0x0000000F	[ 83] _mp_stream_write_adaptor
<<dead>> 	0x00000094	[ 83] _stream_write_method
<<dead>> 	0x0000003F	[ 83] _stream_write1_method
<<dead>> 	0x000000B7	[ 83] _stream_readinto
<<dead>> 	0x000000DE	[ 83] _stream_unbuffered_readline
<<dead>> 	0x00000072	[ 83] _stream_unbuffered_readlines
<<dead>> 	0x00000034	[ 83] _mp_stream_unbuffered_iter
<<dead>> 	0x00000036	[ 83] _mp_stream_close
<<dead>> 	0x00000092	[ 83] _stream_seek
<<dead>> 	0x00000052	[ 83] _stream_tell
<<dead>> 	0x00000036	[ 83] _stream_flush
<<dead>> 	0x0000008F	[ 83] _stream_ioctl
<<dead>> 	0x00000270	[ 83] _stream_read_generic
<<dead>> 	0x0000001F	[ 83] literal string: stream operation not supported
<<dead>> 	0x00000018	[ 83] _mp_stream_read_obj
<<dead>> 	0x00000018	[ 83] _mp_stream_read1_obj
<<dead>> 	0x00000018	[ 83] _mp_stream_write_obj
<<dead>> 	0x00000010	[ 83] _mp_stream_write1_obj
<<dead>> 	0x00000018	[ 83] _mp_stream_readinto_obj
<<dead>> 	0x00000018	[ 83] _mp_stream_unbuffered_readline_obj
<<dead>> 	0x00000010	[ 83] _mp_stream_unbuffered_readlines_obj
<<dead>> 	0x00000010	[ 83] _mp_stream_close_obj
<<dead>> 	0x00000018	[ 83] _mp_stream_seek_obj
<<dead>> 	0x00000010	[ 83] _mp_stream_tell_obj
<<dead>> 	0x00000010	[ 83] _mp_stream_flush_obj
<<dead>> 	0x00000018	[ 83] _mp_stream_ioctl_obj
<<dead>> 	0x0000020C	[ 84] _mp_binary_get_size
<<dead>> 	0x00000128	[ 84] _mp_binary_get_val_array
<<dead>> 	0x00000058	[ 84] _mp_binary_get_int
<<dead>> 	0x00000134	[ 84] _mp_binary_get_val
<<dead>> 	0x0000010E	[ 84] _mp_binary_set_val
<<dead>> 	0x000000C2	[ 84] _mp_binary_set_val_array
<<dead>> 	0x000000DB	[ 84] _mp_binary_set_val_array_from_int
<<dead>> 	0x0000000D	[ 84] literal string: bad typecode
<<dead>> 	0x0000004B	[ 85] _mp_obj_is_package
<<dead>> 	0x0000052E	[ 85] _mp_builtin___import__
<<dead>> 	0x00000054	[ 85] _stat_dir_or_file
<<dead>> 	0x00000033	[ 85] _do_load
<<dead>> 	0x00000023	[ 85] _mp_builtin___import__.cold.1
<<dead>> 	0x00000016	[ 85] literal string: mp_builtin___import__
<<dead>> 	0x00000010	[ 85] literal string: builtinimport.c
<<dead>> 	0x0000001B	[ 85] literal string: this_name_q != MP_OBJ_NULL
<<dead>> 	0x0000001E	[ 85] literal string: can't perform relative import
<<dead>> 	0x00000015	[ 85] literal string: no module named '%q'
<<dead>> 	0x0000000C	[ 85] literal string: __init__.py
<<dead>> 	0x00000004	[ 85] literal string: .py
<<dead>> 	0x00000018	[ 85] _mp_builtin___import___obj
<<dead>> 	0x0000000F	[ 86] _mp_builtin_eval
<<dead>> 	0x0000000F	[ 86] _mp_builtin_exec
<<dead>> 	0x000000BD	[ 86] _eval_exec_helper
<<dead>> 	0x00000018	[ 86] _mp_builtin_eval_obj
<<dead>> 	0x00000018	[ 86] _mp_builtin_exec_obj
<<dead>> 	0x000000EC	[ 87] _mp_builtin___build_class__
<<dead>> 	0x00000012	[ 87] _mp_builtin_abs
<<dead>> 	0x00000041	[ 87] _mp_builtin_all
<<dead>> 	0x00000041	[ 87] _mp_builtin_any
<<dead>> 	0x0000004C	[ 87] _mp_builtin_bin
<<dead>> 	0x00000016	[ 87] _mp_builtin_callable
<<dead>> 	0x000000D2	[ 87] _mp_builtin_chr
<<dead>> 	0x00000106	[ 87] _mp_builtin_dir
<<dead>> 	0x00000015	[ 87] _mp_builtin_divmod
<<dead>> 	0x00000012	[ 87] _mp_builtin_hash
<<dead>> 	0x00000017	[ 87] _mp_builtin_hex
<<dead>> 	0x0000000C	[ 87] _mp_builtin_iter
<<dead>> 	0x0000000F	[ 87] _mp_builtin_max
<<dead>> 	0x0000000C	[ 87] _mp_builtin_min
<<dead>> 	0x00000017	[ 87] _mp_builtin_oct
<<dead>> 	0x0000009A	[ 87] _mp_builtin_ord
<<dead>> 	0x0000002B	[ 87] _mp_builtin_pow
<<dead>> 	0x000000C9	[ 87] _mp_builtin_print
<<dead>> 	0x0000003E	[ 87] _mp_builtin___repl_print__
<<dead>> 	0x00000052	[ 87] _mp_builtin_repr
<<dead>> 	0x000000A9	[ 87] _mp_builtin_round
<<dead>> 	0x0000005A	[ 87] _mp_builtin_sum
<<dead>> 	0x00000057	[ 87] _mp_builtin_sorted
<<dead>> 	0x00000091	[ 87] _mp_builtin_getattr
<<dead>> 	0x0000002D	[ 87] _mp_builtin_setattr
<<dead>> 	0x0000002A	[ 87] _mp_builtin_delattr
<<dead>> 	0x00000069	[ 87] _mp_builtin_hasattr
<<dead>> 	0x00000011	[ 87] _mp_builtin_globals
<<dead>> 	0x00000011	[ 87] _mp_builtin_locals
<<dead>> 	0x0000014F	[ 87] _mp_builtin_min_max
<<dead>> 	0x00000021	[ 87] _mp_builtin___build_class__.cold.1
<<dead>> 	0x00000023	[ 87] _mp_builtin_dir.cold.1
<<dead>> 	0x00000018	[ 87] _mp_builtin___build_class___obj
<<dead>> 	0x00000010	[ 87] _mp_builtin_abs_obj
<<dead>> 	0x00000010	[ 87] _mp_builtin_all_obj
<<dead>> 	0x00000010	[ 87] _mp_builtin_any_obj
<<dead>> 	0x00000010	[ 87] _mp_builtin_bin_obj
<<dead>> 	0x00000010	[ 87] _mp_builtin_callable_obj
<<dead>> 	0x00000010	[ 87] _mp_builtin_chr_obj
<<dead>> 	0x00000018	[ 87] _mp_builtin_dir_obj
<<dead>> 	0x00000010	[ 87] _mp_builtin_divmod_obj
<<dead>> 	0x00000010	[ 87] _mp_builtin_hash_obj
<<dead>> 	0x00000010	[ 87] _mp_builtin_hex_obj
<<dead>> 	0x00000010	[ 87] _mp_builtin_iter_obj
<<dead>> 	0x00000018	[ 87] _mp_builtin_max_obj
<<dead>> 	0x00000018	[ 87] _mp_builtin_min_obj
<<dead>> 	0x00000010	[ 87] _mp_builtin_oct_obj
<<dead>> 	0x00000010	[ 87] _mp_builtin_ord_obj
<<dead>> 	0x00000018	[ 87] _mp_builtin_pow_obj
<<dead>> 	0x00000018	[ 87] _mp_builtin_print_obj
<<dead>> 	0x00000010	[ 87] _mp_builtin___repl_print___obj
<<dead>> 	0x00000010	[ 87] _mp_builtin_repr_obj
<<dead>> 	0x00000018	[ 87] _mp_builtin_round_obj
<<dead>> 	0x00000018	[ 87] _mp_builtin_sum_obj
<<dead>> 	0x00000018	[ 87] _mp_builtin_sorted_obj
<<dead>> 	0x00000018	[ 87] _mp_builtin_getattr_obj
<<dead>> 	0x00000010	[ 87] _mp_builtin_setattr_obj
<<dead>> 	0x00000010	[ 87] _mp_builtin_delattr_obj
<<dead>> 	0x00000010	[ 87] _mp_builtin_hasattr_obj
<<dead>> 	0x00000010	[ 87] _mp_builtin_globals_obj
<<dead>> 	0x00000010	[ 87] _mp_builtin_locals_obj
<<dead>> 	0x00000010	[ 87] _mp_builtin_id_obj
<<dead>> 	0x00000010	[ 87] _mp_builtin_len_obj
<<dead>> 	0x000005B0	[ 87] _mp_module_builtins_globals_table
<<dead>> 	0x00000020	[ 87] _mp_module_builtins_globals
<<dead>> 	0x00000010	[ 87] _mp_module_builtins
<<dead>> 	0x0000001B	[ 87] literal string: mp_builtin___build_class__
<<dead>> 	0x0000000E	[ 87] literal string: modbuiltins.c
<<dead>> 	0x0000000C	[ 87] literal string: 2 <= n_args
<<dead>> 	0x00000021	[ 87] literal string: chr() arg not in range(0x110000)
<<dead>> 	0x00000016	[ 87] literal string: mp_map_slot_is_filled
<<dead>> 	0x00000006	[ 87] literal string: obj.h
<<dead>> 	0x00000011	[ 87] literal string: pos < map->alloc
<<dead>> 	0x00000019	[ 87] literal string: arg is an empty sequence
<<dead>> 	0x0000003A	[ 87] literal string: ord() expected a character, but string of length %d found
<<dead>> 	0x0000001A	[ 87] literal string: 3-arg pow() not supported
<<dead>> 	0x00000002	[ 87] literal string: \n
<<dead>> 	0x0000002B	[ 87] literal string: must use keyword argument for key function
<<dead>> 	0x00000020	[ 87] _mp_builtin_print.allowed_args
<<dead>> 	0x0000003C	[ 88] _mp_micropython_opt_level
<<dead>> 	0x00000010	[ 88] _mp_micropython_heap_lock
<<dead>> 	0x0000001F	[ 88] _mp_micropython_heap_unlock
<<dead>> 	0x00000010	[ 88] _mp_module_micropython
<<dead>> 	0x00000050	[ 88] _mp_module_micropython_globals_table
<<dead>> 	0x00000020	[ 88] _mp_module_micropython_globals
<<dead>> 	0x00000018	[ 88] _mp_micropython_opt_level_obj
<<dead>> 	0x00000010	[ 88] _mp_micropython_heap_lock_obj
<<dead>> 	0x00000010	[ 88] _mp_micropython_heap_unlock_obj
<<dead>> 	0x0000002A	[ 89] _struct_calcsize
<<dead>> 	0x000001D5	[ 89] _struct_unpack_from
<<dead>> 	0x00000088	[ 89] _struct_pack
<<dead>> 	0x000000B3	[ 89] _struct_pack_into
<<dead>> 	0x000000F0	[ 89] _calc_size_items
<<dead>> 	0x00000049	[ 89] _get_fmt_num
<<dead>> 	0x00000179	[ 89] _struct_pack_into_internal
<<dead>> 	0x00000010	[ 89] _struct_calcsize_obj
<<dead>> 	0x00000018	[ 89] _struct_unpack_from_obj
<<dead>> 	0x00000018	[ 89] _struct_pack_obj
<<dead>> 	0x00000018	[ 89] _struct_pack_into_obj
<<dead>> 	0x00000018	[ 89] _mp_module_ustruct
<<dead>> 	0x00000060	[ 89] _mp_module_struct_globals_table
<<dead>> 	0x00000020	[ 89] _mp_module_struct_globals
<<dead>> 	0x00000011	[ 89] literal string: buffer too small
<<dead>> 	0x000016D0	[ 90] _mp_execute_bytecode
<<dead>> 	0x00000030	[ 90] _mp_execute_bytecode.cold.1
<<dead>> 	0x00000030	[ 90] _mp_execute_bytecode.cold.2
<<dead>> 	0x00000030	[ 90] _mp_execute_bytecode.cold.3
<<dead>> 	0x00000030	[ 90] _mp_execute_bytecode.cold.4
<<dead>> 	0x00000030	[ 90] _mp_execute_bytecode.cold.5
<<dead>> 	0x00000030	[ 90] _mp_execute_bytecode.cold.6
<<dead>> 	0x00000030	[ 90] _mp_execute_bytecode.cold.7
<<dead>> 	0x00000030	[ 90] _mp_execute_bytecode.cold.8
<<dead>> 	0x00000030	[ 90] _mp_execute_bytecode.cold.9
<<dead>> 	0x00000030	[ 90] _mp_execute_bytecode.cold.10
<<dead>> 	0x00000030	[ 90] _mp_execute_bytecode.cold.11
<<dead>> 	0x00000023	[ 90] _mp_execute_bytecode.cold.12
<<dead>> 	0x0000002C	[ 90] literal string: local variable referenced before assignment
<<dead>> 	0x00000014	[ 90] literal string: mp_execute_bytecode
<<dead>> 	0x00000005	[ 90] literal string: vm.c
<<dead>> 	0x00000024	[ 90] literal string: mp_obj_is_exception_instance(TOP())
<<dead>> 	0x00000014	[ 90] literal string: exc_sp >= exc_stack
<<dead>> 	0x00000029	[ 90] literal string: &sp[-1] == MP_TAGPTR_PTR(exc_sp->val_sp)
<<dead>> 	0x00000040	[ 90] literal string: sp[-1] == mp_const_none || mp_obj_is_exception_instance(sp[-1])
<<dead>> 	0x00000018	[ 90] literal string: exc_sp == exc_stack - 1
<<dead>> 	0x0000001F	[ 90] literal string: no active exception to reraise
<<dead>> 	0x00000021	[ 90] literal string: exception chaining not supported
<<dead>> 	0x00000023	[ 90] literal string: ret_kind == MP_VM_RETURN_EXCEPTION
<<dead>> 	0x0000003F	[ 90] literal string: !EXC_MATCH(ret_value, MP_OBJ_FROM_PTR(&mp_type_StopIteration))
<<dead>> 	0x00000007	[ 90] literal string: opcode
<<dead>> 	0x000004E3	[ 91] _mp_setup_code_state
<<dead>> 	0x00000030	[ 91] _fun_pos_args_mismatch
<<dead>> 	0x0000002F	[ 91] literal string: function got multiple values for argument '%q'
<<dead>> 	0x00000021	[ 91] literal string: unexpected keyword argument '%q'
<<dead>> 	0x00000032	[ 91] literal string: function missing required positional argument #%d
<<dead>> 	0x00000030	[ 91] literal string: function missing required keyword argument '%q'
<<dead>> 	0x00000027	[ 91] literal string: function missing keyword-only argument
<<dead>> 	0x00000035	[ 91] literal string: %q() takes %d positional arguments but %d were given
<<dead>> 	0x00000008	[ 93] _mp_import_stat
<<dead>> 	0x00000000	[ 96] ___memcpy_chk
