Archive member included to satisfy reference by file (symbol)

esp-idf/bootloader_support/libbootloader_support.a(bootloader_panic.c.obj)
                              (abort)
esp-idf/main/libmain.a(bootloader_start.c.obj)
                              (call_start_cpu0)
esp-idf/bootloader_support/libbootloader_support.a(bootloader_common.c.obj)
                              esp-idf/main/libmain.a(bootloader_start.c.obj) (bootloader_common_get_reset_reason)
esp-idf/bootloader_support/libbootloader_support.a(bootloader_flash.c.obj)
                              esp-idf/bootloader_support/libbootloader_support.a(bootloader_common.c.obj) (bootloader_mmap)
esp-idf/bootloader_support/libbootloader_support.a(bootloader_utility.c.obj)
                              esp-idf/main/libmain.a(bootloader_start.c.obj) (bootloader_utility_load_partition_table)
esp-idf/bootloader_support/libbootloader_support.a(esp_image_format.c.obj)
                              esp-idf/bootloader_support/libbootloader_support.a(bootloader_utility.c.obj) (bootloader_load_image)
esp-idf/bootloader_support/libbootloader_support.a(flash_partitions.c.obj)
                              esp-idf/bootloader_support/libbootloader_support.a(bootloader_common.c.obj) (esp_partition_table_verify)
esp-idf/bootloader_support/libbootloader_support.a(bootloader_console_loader.c.obj)
                              esp-idf/bootloader_support/libbootloader_support.a(bootloader_utility.c.obj) (bootloader_console_deinit)
esp-idf/bootloader_support/libbootloader_support.a(bootloader_sha.c.obj)
                              esp-idf/bootloader_support/libbootloader_support.a(bootloader_utility.c.obj) (bootloader_sha256_start)
esp-idf/bootloader_support/libbootloader_support.a(bootloader_soc.c.obj)
                              esp-idf/bootloader_support/libbootloader_support.a(bootloader_utility.c.obj) (bootloader_ana_clock_glitch_reset_config)
esp-idf/bootloader_support/libbootloader_support.a(bootloader_esp32s3.c.obj)
                              esp-idf/main/libmain.a(bootloader_start.c.obj) (bootloader_init)
esp-idf/bootloader_support/libbootloader_support.a(bootloader_common_loader.c.obj)
                              esp-idf/bootloader_support/libbootloader_support.a(bootloader_utility.c.obj) (bootloader_common_ota_select_crc)
esp-idf/bootloader_support/libbootloader_support.a(bootloader_clock_init.c.obj)
                              esp-idf/bootloader_support/libbootloader_support.a(bootloader_esp32s3.c.obj) (bootloader_clock_configure)
esp-idf/bootloader_support/libbootloader_support.a(bootloader_mem.c.obj)
                              esp-idf/bootloader_support/libbootloader_support.a(bootloader_esp32s3.c.obj) (bootloader_init_mem)
esp-idf/bootloader_support/libbootloader_support.a(bootloader_random.c.obj)
                              esp-idf/bootloader_support/libbootloader_support.a(esp_image_format.c.obj) (bootloader_fill_random)
esp-idf/bootloader_support/libbootloader_support.a(bootloader_random_esp32s3.c.obj)
                              esp-idf/bootloader_support/libbootloader_support.a(bootloader_utility.c.obj) (bootloader_random_disable)
esp-idf/bootloader_support/libbootloader_support.a(bootloader_flash_config_esp32s3.c.obj)
                              esp-idf/bootloader_support/libbootloader_support.a(bootloader_esp32s3.c.obj) (bootloader_flash_update_id)
esp-idf/bootloader_support/libbootloader_support.a(bootloader_efuse_esp32s3.c.obj)
                              esp-idf/bootloader_support/libbootloader_support.a(bootloader_common_loader.c.obj) (bootloader_common_get_chip_revision)
esp-idf/bootloader_support/libbootloader_support.a(bootloader_init.c.obj)
                              esp-idf/bootloader_support/libbootloader_support.a(bootloader_esp32s3.c.obj) (bootloader_clear_bss_section)
esp-idf/bootloader_support/libbootloader_support.a(bootloader_console.c.obj)
                              esp-idf/bootloader_support/libbootloader_support.a(bootloader_esp32s3.c.obj) (bootloader_console_init)
esp-idf/esp_hw_support/libesp_hw_support.a(cpu_util.c.obj)
                              esp-idf/bootloader_support/libbootloader_support.a(esp_image_format.c.obj) (esp_cpu_in_ocd_debug_mode)
esp-idf/esp_hw_support/libesp_hw_support.a(rtc_clk.c.obj)
                              esp-idf/bootloader_support/libbootloader_support.a(bootloader_clock_init.c.obj) (rtc_clk_slow_freq_get)
esp-idf/esp_hw_support/libesp_hw_support.a(rtc_clk_init.c.obj)
                              esp-idf/bootloader_support/libbootloader_support.a(bootloader_clock_init.c.obj) (rtc_clk_init)
esp-idf/esp_hw_support/libesp_hw_support.a(rtc_init.c.obj)
                              esp-idf/bootloader_support/libbootloader_support.a(bootloader_common.c.obj) (rtc_vddsdio_get_config)
esp-idf/esp_hw_support/libesp_hw_support.a(rtc_sleep.c.obj)
                              esp-idf/esp_hw_support/libesp_hw_support.a(rtc_init.c.obj) (rtc_sleep_pu)
[...]
Memory Configuration

Name             Origin             Length             Attributes
iram_seg         0x00000000403b6000 0x0000000000004000 xrw
iram_loader_seg  0x00000000403ba000 0x0000000000006000 xrw
dram_seg         0x000000003fcd0000 0x0000000000004000 rw
*default*        0x0000000000000000 0xffffffffffffffff

Linker script and memory map

LOAD /Users/jinouxiang/.espressif/tools/xtensa-esp32s3-elf/esp-2021r2-8.4.0/xtensa-esp32s3-elf/bin/../lib/gcc/xtensa-esp32s3-elf/8.4.0/../../../../xtensa-esp32s3-elf/lib/no-rtti/crt0.o
LOAD /Users/jinouxiang/.espressif/tools/xtensa-esp32s3-elf/esp-2021r2-8.4.0/xtensa-esp32s3-elf/bin/../lib/gcc/xtensa-esp32s3-elf/8.4.0/no-rtti/crti.o
LOAD /Users/jinouxiang/.espressif/tools/xtensa-esp32s3-elf/esp-2021r2-8.4.0/xtensa-esp32s3-elf/bin/../lib/gcc/xtensa-esp32s3-elf/8.4.0/no-rtti/crtbegin.o
LOAD CMakeFiles/bootloader.elf.dir/project_elf_src_esp32s3.c.obj
LOAD esp-idf/hal/libhal.a
LOAD esp-idf/soc/libsoc.a
LOAD esp-idf/micro-ecc/libmicro-ecc.a
LOAD esp-idf/spi_flash/libspi_flash.a
LOAD esp-idf/bootloader_support/libbootloader_support.a
LOAD esp-idf/efuse/libefuse.a
LOAD esp-idf/esp_system/libesp_system.a
LOAD esp-idf/esp_hw_support/libesp_hw_support.a
LOAD esp-idf/xtensa/libxtensa.a
LOAD esp-idf/esp_common/libesp_common.a
LOAD esp-idf/esp_rom/libesp_rom.a
LOAD esp-idf/log/liblog.a
LOAD esp-idf/main/libmain.a
LOAD esp-idf/hal/libhal.a
LOAD esp-idf/soc/libsoc.a
LOAD esp-idf/micro-ecc/libmicro-ecc.a
LOAD esp-idf/spi_flash/libspi_flash.a
LOAD esp-idf/bootloader_support/libbootloader_support.a
LOAD esp-idf/efuse/libefuse.a
LOAD esp-idf/esp_system/libesp_system.a
LOAD esp-idf/esp_hw_support/libesp_hw_support.a
LOAD esp-idf/xtensa/libxtensa.a
LOAD esp-idf/esp_common/libesp_common.a
LOAD esp-idf/esp_rom/libesp_rom.a
LOAD esp-idf/log/liblog.a
LOAD esp-idf/hal/libhal.a
LOAD esp-idf/soc/libsoc.a
LOAD esp-idf/micro-ecc/libmicro-ecc.a
LOAD esp-idf/spi_flash/libspi_flash.a
LOAD esp-idf/bootloader_support/libbootloader_support.a
LOAD esp-idf/efuse/libefuse.a
LOAD esp-idf/esp_system/libesp_system.a
LOAD esp-idf/esp_hw_support/libesp_hw_support.a
LOAD esp-idf/xtensa/libxtensa.a
LOAD esp-idf/esp_common/libesp_common.a
LOAD esp-idf/esp_rom/libesp_rom.a
LOAD esp-idf/log/liblog.a
LOAD esp-idf/hal/libhal.a
LOAD esp-idf/soc/libsoc.a
LOAD esp-idf/micro-ecc/libmicro-ecc.a
LOAD esp-idf/spi_flash/libspi_flash.a
LOAD esp-idf/bootloader_support/libbootloader_support.a
LOAD esp-idf/efuse/libefuse.a
LOAD esp-idf/esp_system/libesp_system.a
LOAD esp-idf/esp_hw_support/libesp_hw_support.a
LOAD esp-idf/xtensa/libxtensa.a
LOAD esp-idf/esp_common/libesp_common.a
LOAD esp-idf/esp_rom/libesp_rom.a
LOAD esp-idf/log/liblog.a
LOAD esp-idf/hal/libhal.a
LOAD esp-idf/soc/libsoc.a
LOAD esp-idf/micro-ecc/libmicro-ecc.a
LOAD esp-idf/spi_flash/libspi_flash.a
LOAD esp-idf/bootloader_support/libbootloader_support.a
LOAD esp-idf/efuse/libefuse.a
LOAD esp-idf/esp_system/libesp_system.a
LOAD esp-idf/esp_hw_support/libesp_hw_support.a
LOAD esp-idf/xtensa/libxtensa.a
LOAD esp-idf/esp_common/libesp_common.a
LOAD esp-idf/esp_rom/libesp_rom.a
LOAD esp-idf/log/liblog.a
LOAD /Users/jinouxiang/Documents/work/esp/esp-idf/components/xtensa/esp32s3/libxt_hal.a
LOAD /Users/jinouxiang/.espressif/tools/xtensa-esp32s3-elf/esp-2021r2-8.4.0/xtensa-esp32s3-elf/bin/../lib/gcc/xtensa-esp32s3-elf/8.4.0/no-rtti/libgcc.a
LOAD /Users/jinouxiang/.espressif/tools/xtensa-esp32s3-elf/esp-2021r2-8.4.0/xtensa-esp32s3-elf/bin/../lib/gcc/xtensa-esp32s3-elf/8.4.0/../../../../xtensa-esp32s3-elf/lib/no-rtti/libc.a
LOAD /Users/jinouxiang/.espressif/tools/xtensa-esp32s3-elf/esp-2021r2-8.4.0/xtensa-esp32s3-elf/bin/../lib/gcc/xtensa-esp32s3-elf/8.4.0/../../../../xtensa-esp32s3-elf/lib/no-rtti/libnosys.a
LOAD /Users/jinouxiang/.espressif/tools/xtensa-esp32s3-elf/esp-2021r2-8.4.0/xtensa-esp32s3-elf/bin/../lib/gcc/xtensa-esp32s3-elf/8.4.0/../../../../xtensa-esp32s3-elf/lib/no-rtti/libc.a
LOAD /Users/jinouxiang/.espressif/tools/xtensa-esp32s3-elf/esp-2021r2-8.4.0/xtensa-esp32s3-elf/bin/../lib/gcc/xtensa-esp32s3-elf/8.4.0/no-rtti/libgcc.a
LOAD /Users/jinouxiang/.espressif/tools/xtensa-esp32s3-elf/esp-2021r2-8.4.0/xtensa-esp32s3-elf/bin/../lib/gcc/xtensa-esp32s3-elf/8.4.0/no-rtti/crtend.o
LOAD /Users/jinouxiang/.espressif/tools/xtensa-esp32s3-elf/esp-2021r2-8.4.0/xtensa-esp32s3-elf/bin/../lib/gcc/xtensa-esp32s3-elf/8.4.0/no-rtti/crtn.o
                [!provide]                        PROVIDE (UART0 = 0x60000000)
                0x0000000060002000                PROVIDE (SPIMEM1 = 0x60002000)
                [!provide]                        PROVIDE (SPIMEM0 = 0x60003000)
                0x0000000060004000                PROVIDE (GPIO = 0x60004000)
                [!provide]                        PROVIDE (SIGMADELTA = 0x60004f00)
                0x0000000060008000                PROVIDE (RTCCNTL = 0x60008000)
                [!provide]                        PROVIDE (RTCIO = 0x60008400)
                [!provide]                        PROVIDE (SENS = 0x60008800)
                [!provide]                        PROVIDE (HINF = 0x6000b000)
                [!provide]                        PROVIDE (I2S0 = 0x6000f000)
                [!provide]                        PROVIDE (I2S1 = 0x6002d000)
                [!provide]                        PROVIDE (UART1 = 0x60010000)
                [!provide]                        PROVIDE (I2C0 = 0x60013000)
                [!provide]                        PROVIDE (UHCI0 = 0x60014000)
                [!provide]                        PROVIDE (UHCI1 = 0x60014000)
                [!provide]                        PROVIDE (HOST = 0x60015000)
                [!provide]                        PROVIDE (RMT = 0x60016000)
                [!provide]                        PROVIDE (RMTMEM = 0x60016800)
                [!provide]                        PROVIDE (PCNT = 0x60017000)
                [!provide]                        PROVIDE (SLC = 0x60018000)
                [!provide]                        PROVIDE (LEDC = 0x60019000)
                [!provide]                        PROVIDE (MCPWM0 = 0x6001e000)
                [!provide]                        PROVIDE (MCPWM1 = 0x6002c000)
                [!provide]                        PROVIDE (MCP = 0x600c3000)
                0x000000006001f000                PROVIDE (TIMERG0 = 0x6001f000)
                0x0000000060020000                PROVIDE (TIMERG1 = 0x60020000)
                [!provide]                        PROVIDE (SYSTIMER = 0x60023000)
                [!provide]                        PROVIDE (GPSPI2 = 0x60024000)
                [!provide]                        PROVIDE (GPSPI3 = 0x60025000)
                [!provide]                        PROVIDE (SYSCON = 0x60026000)
                [!provide]                        PROVIDE (I2C1 = 0x60027000)
                [!provide]                        PROVIDE (SDMMC = 0x60028000)
                [!provide]                        PROVIDE (TWAI = 0x6002b000)
                [!provide]                        PROVIDE (GPSPI4 = 0x60037000)
                [!provide]                        PROVIDE (GDMA = 0x6003f000)
                [!provide]                        PROVIDE (UART2 = 0x6002e000)
                [!provide]                        PROVIDE (DMA = 0x6003f000)
                [!provide]                        PROVIDE (APB_SARADC = 0x60040000)
                [!provide]                        PROVIDE (LCD_CAM = 0x60041000)
                [!provide]                        PROVIDE (USB_SERIAL_JTAG = 0x60038000)
                [!provide]                        PROVIDE (USB0 = 0x60080000)
                [!provide]                        PROVIDE (USBH = 0x60080000)
                [!provide]                        PROVIDE (USB_WRAP = 0x60039000)
                0x000000004000057c                rtc_get_reset_reason = 0x4000057c
                0x0000000040000588                analog_super_wdt_reset_happened = 0x40000588
                0x0000000040000594                jtag_cpu_reset_happened = 0x40000594
                0x00000000400005a0                rtc_get_wakeup_cause = 0x400005a0
                0x00000000400005ac                rtc_select_apb_bridge = 0x400005ac
                0x00000000400005b8                rtc_unhold_all_pads = 0x400005b8
                0x00000000400005c4                ets_is_print_boot = 0x400005c4
                0x00000000400005d0                ets_printf = 0x400005d0
                0x00000000400005dc                ets_install_putc1 = 0x400005dc
                0x00000000400005e8                ets_install_uart_printf = 0x400005e8
                0x00000000400005f4                ets_install_putc2 = 0x400005f4
                0x0000000040000600                PROVIDE (ets_delay_us = 0x40000600)
                0x000000004000060c                ets_get_stack_info = 0x4000060c
                0x0000000040000618                ets_install_lock = 0x40000618
                0x0000000040000624                ets_backup_dma_copy = 0x40000624
                0x0000000040000630                ets_apb_backup_init_lock_func = 0x40000630
                0x000000004000063c                UartRxString = 0x4000063c
                0x0000000040000648                uart_tx_one_char = 0x40000648
                0x0000000040000654                uart_tx_one_char2 = 0x40000654
                0x0000000040000660                uart_rx_one_char = 0x40000660
                0x000000004000066c                uart_rx_one_char_block = 0x4000066c
                0x0000000040000678                uart_rx_readbuff = 0x40000678
                0x0000000040000684                uartAttach = 0x40000684
                0x0000000040000690                uart_tx_flush = 0x40000690
                0x000000004000069c                uart_tx_wait_idle = 0x4000069c
                0x00000000400006a8                uart_div_modify = 0x400006a8
                0x00000000400006b4                ets_write_char_uart = 0x400006b4
                0x00000000400006c0                uart_tx_switch = 0x400006c0
                0x00000000400006cc                multofup = 0x400006cc
                0x00000000400006d8                software_reset = 0x400006d8
                0x00000000400006e4                software_reset_cpu = 0x400006e4
                0x00000000400006f0                assist_debug_clock_enable = 0x400006f0
                0x00000000400006fc                assist_debug_record_enable = 0x400006fc
                0x0000000040000708                clear_super_wdt_reset_flag = 0x40000708
                0x0000000040000714                disable_default_watchdog = 0x40000714
                0x0000000040000720                ets_set_appcpu_boot_addr = 0x40000720
                0x000000004000072c                esp_rom_set_rtc_wake_addr = 0x4000072c
                0x0000000040000738                esp_rom_get_rtc_wake_addr = 0x40000738
                0x0000000040000744                send_packet = 0x40000744
                0x0000000040000750                recv_packet = 0x40000750
                0x000000004000075c                GetUartDevice = 0x4000075c
                0x0000000040000768                UartDwnLdProc = 0x40000768
                0x0000000040000774                Uart_Init = 0x40000774
                0x0000000040000780                ets_set_user_start = 0x40000780
                0x000000003ff1fffc                ets_rom_layout_p = 0x3ff1fffc
                0x000000003fcefffc                ets_ops_table_ptr = 0x3fcefffc
                0x000000004000078c                mz_adler32 = 0x4000078c
                0x0000000040000798                mz_crc32 = 0x40000798
                0x00000000400007a4                mz_free = 0x400007a4
                0x00000000400007b0                tdefl_compress = 0x400007b0
                0x00000000400007bc                tdefl_compress_buffer = 0x400007bc
                0x00000000400007c8                tdefl_compress_mem_to_heap = 0x400007c8
                0x00000000400007d4                tdefl_compress_mem_to_mem = 0x400007d4
                0x00000000400007e0                tdefl_compress_mem_to_output = 0x400007e0
                0x00000000400007ec                tdefl_get_adler32 = 0x400007ec
                0x00000000400007f8                tdefl_get_prev_return_status = 0x400007f8
                0x0000000040000804                tdefl_init = 0x40000804
                0x0000000040000810                tdefl_write_image_to_png_file_in_memory = 0x40000810
                0x000000004000081c                tdefl_write_image_to_png_file_in_memory_ex = 0x4000081c
                0x0000000040000828                tinfl_decompress = 0x40000828
                0x0000000040000834                tinfl_decompress_mem_to_callback = 0x40000834
                0x0000000040000840                tinfl_decompress_mem_to_heap = 0x40000840
                0x000000004000084c                tinfl_decompress_mem_to_mem = 0x4000084c
                [!provide]                        PROVIDE (jd_prepare = 0x40000858)
                [!provide]                        PROVIDE (jd_decomp = 0x40000864)
                0x000000003fcefff8                dsps_fft2r_w_table_fc32_1024 = 0x3fcefff8
                [!provide]                        PROVIDE (opi_flash_set_lock_func = 0x40000870)
                [!provide]                        PROVIDE (esp_rom_spi_cmd_config = 0x4000087c)
                [!provide]                        PROVIDE (esp_rom_spi_cmd_start = 0x40000888)
                [!provide]                        PROVIDE (esp_rom_opiflash_pin_config = 0x40000894)
                [!provide]                        PROVIDE (esp_rom_spi_set_op_mode = 0x400008a0)
                [!provide]                        PROVIDE (esp_rom_opiflash_mode_reset = 0x400008ac)
                [!provide]                        PROVIDE (esp_rom_opiflash_exec_cmd = 0x400008b8)
                [!provide]                        PROVIDE (esp_rom_opiflash_soft_reset = 0x400008c4)
                [!provide]                        PROVIDE (esp_rom_opiflash_read_id = 0x400008d0)
                [!provide]                        PROVIDE (esp_rom_opiflash_rdsr = 0x400008dc)
                [!provide]                        PROVIDE (esp_rom_opiflash_wait_idle = 0x400008e8)
                [!provide]                        PROVIDE (esp_rom_opiflash_wren = 0x400008f4)
                [!provide]                        PROVIDE (esp_rom_opiflash_erase_sector = 0x40000900)
                [!provide]                        PROVIDE (esp_rom_opiflash_erase_block_64k = 0x4000090c)
                [!provide]                        PROVIDE (esp_rom_opiflash_erase_area = 0x40000918)
                [!provide]                        PROVIDE (esp_rom_opiflash_read = 0x40000924)
                [!provide]                        PROVIDE (esp_rom_opiflash_write = 0x40000930)
                [!provide]                        PROVIDE (esp_rom_spi_set_dtr_swap_mode = 0x4000093c)
                [!provide]                        PROVIDE (esp_rom_opiflash_exit_continuous_read_mode = 0x40000948)
                [!provide]                        PROVIDE (esp_rom_opiflash_legacy_driver_init = 0x40000954)
                [!provide]                        PROVIDE (esp_rom_opiflash_read_raw = 0x4004d9d4)
                [!provide]                        PROVIDE (rom_opiflash_cmd_def = 0x3fcefff4)
                [!provide]                        PROVIDE (rom_spi_usr_cmd_legacy_funcs = 0x3fcefff0)
                0x0000000040000960                PROVIDE (esp_rom_spiflash_wait_idle = 0x40000960)
                0x000000004000096c                PROVIDE (esp_rom_spiflash_write_encrypted = 0x4000096c)
                [!provide]                        PROVIDE (esp_rom_spiflash_write_encrypted_dest = 0x40000978)
                [!provide]                        PROVIDE (esp_rom_spiflash_write_encrypted_enable = 0x40000984)
                [!provide]                        PROVIDE (esp_rom_spiflash_write_encrypted_disable = 0x40000990)
                [!provide]                        PROVIDE (esp_rom_spiflash_erase_chip = 0x4000099c)
                [!provide]                        PROVIDE (_esp_rom_spiflash_erase_sector = 0x400009a8)
                [!provide]                        PROVIDE (_esp_rom_spiflash_erase_block = 0x400009b4)
                [!provide]                        PROVIDE (_esp_rom_spiflash_write = 0x400009c0)
                [!provide]                        PROVIDE (_esp_rom_spiflash_read = 0x400009cc)
                [!provide]                        PROVIDE (_esp_rom_spiflash_unlock = 0x400009d8)
                [!provide]                        PROVIDE (_SPIEraseArea = 0x400009e4)
                [!provide]                        PROVIDE (_SPI_write_enable = 0x400009f0)
                0x00000000400009fc                PROVIDE (esp_rom_spiflash_erase_sector = 0x400009fc)
                0x0000000040000a08                PROVIDE (esp_rom_spiflash_erase_block = 0x40000a08)
                0x0000000040000a14                PROVIDE (esp_rom_spiflash_write = 0x40000a14)
                0x0000000040000a20                PROVIDE (esp_rom_spiflash_read = 0x40000a20)
                [!provide]                        PROVIDE (esp_rom_spiflash_unlock = 0x40000a2c)
                [!provide]                        PROVIDE (SPIEraseArea = 0x40000a38)
                [!provide]                        PROVIDE (SPI_write_enable = 0x40000a44)
                0x0000000040000a50                PROVIDE (esp_rom_spiflash_config_param = 0x40000a50)
                [!provide]                        PROVIDE (esp_rom_spiflash_read_user_cmd = 0x40000a5c)
                [!provide]                        PROVIDE (esp_rom_spiflash_select_qio_pins = 0x40000a68)
                [!provide]                        PROVIDE (esp_rom_spi_flash_auto_sus_res = 0x40000a74)
                [!provide]                        PROVIDE (esp_rom_spi_flash_send_resume = 0x40000a80)
                [!provide]                        PROVIDE (esp_rom_spi_flash_update_id = 0x40000a8c)
                0x0000000040000a98                PROVIDE (esp_rom_spiflash_config_clk = 0x40000a98)
                [!provide]                        PROVIDE (esp_rom_spiflash_config_readmode = 0x40000aa4)
                [!provide]                        PROVIDE (esp_rom_spiflash_read_status = 0x40000ab0)
                [!provide]                        PROVIDE (esp_rom_spiflash_read_statushigh = 0x40000abc)
                [!provide]                        PROVIDE (esp_rom_spiflash_write_status = 0x40000ac8)
                [!provide]                        PROVIDE (esp_rom_opiflash_cache_mode_config = 0x40000ad4)
                [!provide]                        PROVIDE (esp_rom_spiflash_auto_wait_idle = 0x40000ae0)
                [!provide]                        PROVIDE (spi_flash_attach = 0x40000aec)
                [!provide]                        PROVIDE (spi_flash_get_chip_size = 0x40000af8)
                [!provide]                        PROVIDE (spi_flash_guard_set = 0x40000b04)
                [!provide]                        PROVIDE (spi_flash_guard_get = 0x40000b10)
                [!provide]                        PROVIDE (spi_flash_write_config_set = 0x40000b1c)
                [!provide]                        PROVIDE (spi_flash_write_config_get = 0x40000b28)
                [!provide]                        PROVIDE (spi_flash_safe_write_address_func_set = 0x40000b34)
                [!provide]                        PROVIDE (spi_flash_unlock = 0x40000b40)
                [!provide]                        PROVIDE (spi_flash_erase_range = 0x40000b4c)
                [!provide]                        PROVIDE (spi_flash_erase_sector = 0x40000b58)
                [!provide]                        PROVIDE (spi_flash_write = 0x40000b64)
                [!provide]                        PROVIDE (spi_flash_read = 0x40000b70)
                [!provide]                        PROVIDE (spi_flash_write_encrypted = 0x40000b7c)
                [!provide]                        PROVIDE (spi_flash_read_encrypted = 0x40000b88)
                [!provide]                        PROVIDE (spi_flash_mmap_os_func_set = 0x40000b94)
                [!provide]                        PROVIDE (spi_flash_mmap_page_num_init = 0x40000ba0)
                [!provide]                        PROVIDE (spi_flash_mmap = 0x40000bac)
                [!provide]                        PROVIDE (spi_flash_mmap_pages = 0x40000bb8)
                [!provide]                        PROVIDE (spi_flash_munmap = 0x40000bc4)
                [!provide]                        PROVIDE (spi_flash_mmap_dump = 0x40000bd0)
                [!provide]                        PROVIDE (spi_flash_check_and_flush_cache = 0x40000bdc)
                [!provide]                        PROVIDE (spi_flash_mmap_get_free_pages = 0x40000be8)
                [!provide]                        PROVIDE (spi_flash_cache2phys = 0x40000bf4)
                [!provide]                        PROVIDE (spi_flash_phys2cache = 0x40000c00)
                [!provide]                        PROVIDE (spi_flash_disable_cache = 0x40000c0c)
                [!provide]                        PROVIDE (spi_flash_restore_cache = 0x40000c18)
                [!provide]                        PROVIDE (spi_flash_cache_enabled = 0x40000c24)
                [!provide]                        PROVIDE (spi_flash_enable_cache = 0x40000c30)
                [!provide]                        PROVIDE (spi_cache_mode_switch = 0x40000c3c)
                [!provide]                        PROVIDE (spi_common_set_dummy_output = 0x40000c48)
                [!provide]                        PROVIDE (spi_common_set_flash_cs_timing = 0x40000c54)
                [!provide]                        PROVIDE (esp_rom_spi_set_address_bit_len = 0x40000c60)
                [!provide]                        PROVIDE (esp_enable_cache_flash_wrap = 0x40000c6c)
                [!provide]                        PROVIDE (SPILock = 0x40000c78)
                [!provide]                        PROVIDE (SPIMasterReadModeCnfig = 0x40000c84)
                [!provide]                        PROVIDE (SPI_Common_Command = 0x40000c90)
                [!provide]                        PROVIDE (SPI_WakeUp = 0x40000c9c)
                [!provide]                        PROVIDE (SPI_block_erase = 0x40000ca8)
                [!provide]                        PROVIDE (SPI_chip_erase = 0x40000cb4)
                [!provide]                        PROVIDE (SPI_init = 0x40000cc0)
                [!provide]                        PROVIDE (SPI_page_program = 0x40000ccc)
                [!provide]                        PROVIDE (SPI_read_data = 0x40000cd8)
                [!provide]                        PROVIDE (SPI_sector_erase = 0x40000ce4)
                [!provide]                        PROVIDE (SelectSpiFunction = 0x40000cf0)
                [!provide]                        PROVIDE (SetSpiDrvs = 0x40000cfc)
                [!provide]                        PROVIDE (Wait_SPI_Idle = 0x40000d08)
                [!provide]                        PROVIDE (spi_dummy_len_fix = 0x40000d14)
                [!provide]                        PROVIDE (Disable_QMode = 0x40000d20)
                [!provide]                        PROVIDE (Enable_QMode = 0x40000d2c)
                [!provide]                        PROVIDE (rom_spiflash_legacy_funcs = 0x3fceffe8)
                0x000000003fceffe4                PROVIDE (rom_spiflash_legacy_data = 0x3fceffe4)
                [!provide]                        PROVIDE (g_flash_guard_ops = 0x3fceffec)
                [!provide]                        PROVIDE (spi_flash_hal_poll_cmd_done = 0x40000d38)
                [!provide]                        PROVIDE (spi_flash_hal_device_config = 0x40000d44)
                [!provide]                        PROVIDE (spi_flash_hal_configure_host_io_mode = 0x40000d50)
                [!provide]                        PROVIDE (spi_flash_hal_common_command = 0x40000d5c)
                [!provide]                        PROVIDE (spi_flash_hal_read = 0x40000d68)
                [!provide]                        PROVIDE (spi_flash_hal_erase_chip = 0x40000d74)
                [!provide]                        PROVIDE (spi_flash_hal_erase_sector = 0x40000d80)
                [!provide]                        PROVIDE (spi_flash_hal_erase_block = 0x40000d8c)
                [!provide]                        PROVIDE (spi_flash_hal_program_page = 0x40000d98)
                [!provide]                        PROVIDE (spi_flash_hal_set_write_protect = 0x40000da4)
                [!provide]                        PROVIDE (spi_flash_hal_host_idle = 0x40000db0)
                [!provide]                        PROVIDE (wdt_hal_init = 0x40000dbc)
                [!provide]                        PROVIDE (wdt_hal_deinit = 0x40000dc8)
                [!provide]                        PROVIDE (wdt_hal_config_stage = 0x40000dd4)
                [!provide]                        PROVIDE (wdt_hal_write_protect_disable = 0x40000de0)
                [!provide]                        PROVIDE (wdt_hal_write_protect_enable = 0x40000dec)
                [!provide]                        PROVIDE (wdt_hal_enable = 0x40000df8)
                [!provide]                        PROVIDE (wdt_hal_disable = 0x40000e04)
                [!provide]                        PROVIDE (wdt_hal_handle_intr = 0x40000e10)
                [!provide]                        PROVIDE (wdt_hal_feed = 0x40000e1c)
                [!provide]                        PROVIDE (wdt_hal_set_flashboot_en = 0x40000e28)
                [!provide]                        PROVIDE (wdt_hal_is_enabled = 0x40000e34)
                [!provide]                        PROVIDE (systimer_hal_get_counter_value = 0x40000e40)
                [!provide]                        PROVIDE (systimer_hal_get_time = 0x40000e4c)
                [!provide]                        PROVIDE (systimer_hal_set_alarm_target = 0x40000e58)
                [!provide]                        PROVIDE (systimer_hal_set_alarm_period = 0x40000e64)
                [!provide]                        PROVIDE (systimer_hal_get_alarm_value = 0x40000e70)
                [!provide]                        PROVIDE (systimer_hal_enable_alarm_int = 0x40000e7c)
                [!provide]                        PROVIDE (systimer_hal_on_apb_freq_update = 0x40000e88)
                [!provide]                        PROVIDE (systimer_hal_counter_value_advance = 0x40000e94)
                [!provide]                        PROVIDE (systimer_hal_enable_counter = 0x40000ea0)
                [!provide]                        PROVIDE (systimer_hal_init = 0x40000eac)
                [!provide]                        PROVIDE (systimer_hal_select_alarm_mode = 0x40000eb8)
                [!provide]                        PROVIDE (systimer_hal_connect_alarm_counter = 0x40000ec4)
                [!provide]                        PROVIDE (spi_flash_chip_generic_probe = 0x40000ed0)
                [!provide]                        PROVIDE (spi_flash_chip_generic_detect_size = 0x40000edc)
                [!provide]                        PROVIDE (spi_flash_chip_generic_write = 0x40000ee8)
                [!provide]                        PROVIDE (spi_flash_chip_generic_write_encrypted = 0x40000ef4)
                [!provide]                        PROVIDE (spi_flash_chip_generic_set_write_protect = 0x40000f00)
                [!provide]                        PROVIDE (spi_flash_common_write_status_16b_wrsr = 0x40000f0c)
                [!provide]                        PROVIDE (spi_flash_chip_generic_reset = 0x40000f18)
                [!provide]                        PROVIDE (spi_flash_chip_generic_erase_chip = 0x40000f24)
                [!provide]                        PROVIDE (spi_flash_chip_generic_erase_sector = 0x40000f30)
                [!provide]                        PROVIDE (spi_flash_chip_generic_erase_block = 0x40000f3c)
                [!provide]                        PROVIDE (spi_flash_chip_generic_page_program = 0x40000f48)
                [!provide]                        PROVIDE (spi_flash_chip_generic_get_write_protect = 0x40000f54)
                [!provide]                        PROVIDE (spi_flash_common_read_status_16b_rdsr_rdsr2 = 0x40000f60)
                [!provide]                        PROVIDE (spi_flash_chip_generic_read_reg = 0x40000f6c)
                [!provide]                        PROVIDE (spi_flash_chip_generic_yield = 0x40000f78)
                [!provide]                        PROVIDE (spi_flash_generic_wait_host_idle = 0x40000f84)
                [!provide]                        PROVIDE (spi_flash_chip_generic_wait_idle = 0x40000f90)
                [!provide]                        PROVIDE (spi_flash_chip_generic_config_host_io_mode = 0x40000f9c)
                [!provide]                        PROVIDE (spi_flash_chip_generic_read = 0x40000fa8)
                [!provide]                        PROVIDE (spi_flash_common_read_status_8b_rdsr2 = 0x40000fb4)
                [!provide]                        PROVIDE (spi_flash_chip_generic_get_io_mode = 0x40000fc0)
                [!provide]                        PROVIDE (spi_flash_common_read_status_8b_rdsr = 0x40000fcc)
                [!provide]                        PROVIDE (spi_flash_common_write_status_8b_wrsr = 0x40000fd8)
                [!provide]                        PROVIDE (spi_flash_common_write_status_8b_wrsr2 = 0x40000fe4)
                [!provide]                        PROVIDE (spi_flash_common_set_io_mode = 0x40000ff0)
                [!provide]                        PROVIDE (spi_flash_chip_generic_set_io_mode = 0x40000ffc)
                [!provide]                        PROVIDE (spi_flash_chip_gd_get_io_mode = 0x40001008)
                [!provide]                        PROVIDE (spi_flash_chip_gd_probe = 0x40001014)
                [!provide]                        PROVIDE (spi_flash_chip_gd_set_io_mode = 0x40001020)
                [!provide]                        PROVIDE (spi_flash_chip_generic_config_data = 0x3fceffe0)
                [!provide]                        PROVIDE (memspi_host_read_id_hs = 0x4000102c)
                [!provide]                        PROVIDE (memspi_host_read_status_hs = 0x40001038)
                [!provide]                        PROVIDE (memspi_host_flush_cache = 0x40001044)
                [!provide]                        PROVIDE (memspi_host_erase_chip = 0x40001050)
                [!provide]                        PROVIDE (memspi_host_erase_sector = 0x4000105c)
                [!provide]                        PROVIDE (memspi_host_erase_block = 0x40001068)
                [!provide]                        PROVIDE (memspi_host_program_page = 0x40001074)
                [!provide]                        PROVIDE (memspi_host_read = 0x40001080)
                [!provide]                        PROVIDE (memspi_host_set_write_protect = 0x4000108c)
                [!provide]                        PROVIDE (memspi_host_set_max_read_len = 0x40001098)
                [!provide]                        PROVIDE (memspi_host_read_data_slicer = 0x400010a4)
                [!provide]                        PROVIDE (memspi_host_write_data_slicer = 0x400010b0)
                [!provide]                        PROVIDE (esp_flash_chip_driver_initialized = 0x400010bc)
                [!provide]                        PROVIDE (esp_flash_read_id = 0x400010c8)
                [!provide]                        PROVIDE (esp_flash_get_size = 0x400010d4)
                [!provide]                        PROVIDE (esp_flash_erase_chip = 0x400010e0)
                [!provide]                        PROVIDE (rom_esp_flash_erase_region = 0x400010ec)
                [!provide]                        PROVIDE (esp_flash_get_chip_write_protect = 0x400010f8)
                [!provide]                        PROVIDE (esp_flash_set_chip_write_protect = 0x40001104)
                [!provide]                        PROVIDE (esp_flash_get_protectable_regions = 0x40001110)
                [!provide]                        PROVIDE (esp_flash_get_protected_region = 0x4000111c)
                [!provide]                        PROVIDE (esp_flash_set_protected_region = 0x40001128)
                [!provide]                        PROVIDE (esp_flash_read = 0x40001134)
                [!provide]                        PROVIDE (esp_flash_write = 0x40001140)
                [!provide]                        PROVIDE (esp_flash_write_encrypted = 0x4000114c)
                [!provide]                        PROVIDE (esp_flash_read_encrypted = 0x40001158)
                [!provide]                        PROVIDE (esp_flash_get_io_mode = 0x40001164)
                [!provide]                        PROVIDE (esp_flash_set_io_mode = 0x40001170)
                [!provide]                        PROVIDE (spi_flash_boot_attach = 0x4000117c)
                [!provide]                        PROVIDE (spi_flash_dump_counters = 0x40001188)
                [!provide]                        PROVIDE (spi_flash_get_counters = 0x40001194)
                [!provide]                        PROVIDE (spi_flash_op_counters_config = 0x400011a0)
                [!provide]                        PROVIDE (spi_flash_reset_counters = 0x400011ac)
                [!provide]                        PROVIDE (esp_flash_read_chip_id = 0x400011b8)
                [!provide]                        PROVIDE (detect_spi_flash_chip = 0x400011c4)
                [!provide]                        PROVIDE (esp_rom_spiflash_write_disable = 0x400011d0)
                [!provide]                        PROVIDE (esp_flash_default_chip = 0x3fceffdc)
                [!provide]                        PROVIDE (esp_flash_api_funcs = 0x3fceffd8)
                [!provide]                        PROVIDE (Cache_Get_ICache_Line_Size = 0x400015fc)
                [!provide]                        PROVIDE (Cache_Get_DCache_Line_Size = 0x40001608)
                [!provide]                        PROVIDE (Cache_Get_Mode = 0x40001614)
                [!provide]                        PROVIDE (Cache_Set_ICache_Mode = 0x40001620)
                [!provide]                        PROVIDE (Cache_Set_DCache_Mode = 0x4000162c)
                [!provide]                        PROVIDE (Cache_Address_Through_ICache = 0x40001638)
                [!provide]                        PROVIDE (Cache_Address_Through_DCache = 0x40001644)
                [!provide]                        PROVIDE (Cache_Set_Default_Mode = 0x40001650)
                [!provide]                        PROVIDE (Cache_Enable_Defalut_ICache_Mode = 0x4000165c)
                [!provide]                        PROVIDE (ROM_Boot_Cache_Init = 0x40001668)
                [!provide]                        PROVIDE (Cache_Invalidate_ICache_Items = 0x40001674)
                [!provide]                        PROVIDE (Cache_Invalidate_DCache_Items = 0x40001680)
                [!provide]                        PROVIDE (Cache_Clean_Items = 0x4000168c)
                [!provide]                        PROVIDE (Cache_WriteBack_Items = 0x40001698)
                [!provide]                        PROVIDE (Cache_Op_Addr = 0x400016a4)
                [!provide]                        PROVIDE (Cache_Invalidate_Addr = 0x400016b0)
                [!provide]                        PROVIDE (Cache_Clean_Addr = 0x400016bc)
                [!provide]                        PROVIDE (Cache_WriteBack_Addr = 0x400016c8)
                [!provide]                        PROVIDE (Cache_Invalidate_ICache_All = 0x400016d4)
                0x00000000400016e0                PROVIDE (Cache_Invalidate_DCache_All = 0x400016e0)
                [!provide]                        PROVIDE (Cache_Clean_All = 0x400016ec)
                [!provide]                        PROVIDE (Cache_WriteBack_All = 0x400016f8)
                [!provide]                        PROVIDE (Cache_Mask_All = 0x40001704)
                [!provide]                        PROVIDE (Cache_UnMask_Dram0 = 0x40001710)
                [!provide]                        PROVIDE (Cache_Suspend_ICache_Autoload = 0x4000171c)
                [!provide]                        PROVIDE (Cache_Resume_ICache_Autoload = 0x40001728)
                [!provide]                        PROVIDE (Cache_Suspend_DCache_Autoload = 0x40001734)
                [!provide]                        PROVIDE (Cache_Resume_DCache_Autoload = 0x40001740)
                [!provide]                        PROVIDE (Cache_Start_ICache_Preload = 0x4000174c)
                [!provide]                        PROVIDE (Cache_ICache_Preload_Done = 0x40001758)
                [!provide]                        PROVIDE (Cache_End_ICache_Preload = 0x40001764)
                [!provide]                        PROVIDE (Cache_Start_DCache_Preload = 0x40001770)
                [!provide]                        PROVIDE (Cache_DCache_Preload_Done = 0x4000177c)
                [!provide]                        PROVIDE (Cache_End_DCache_Preload = 0x40001788)
                [!provide]                        PROVIDE (Cache_Config_ICache_Autoload = 0x40001794)
                [!provide]                        PROVIDE (Cache_Config_ICache_Region_Autoload = 0x400017a0)
                [!provide]                        PROVIDE (Cache_Enable_ICache_Autoload = 0x400017ac)
                [!provide]                        PROVIDE (Cache_Disable_ICache_Autoload = 0x400017b8)
                [!provide]                        PROVIDE (Cache_Config_DCache_Autoload = 0x400017c4)
                [!provide]                        PROVIDE (Cache_Config_DCache_Region_Autoload = 0x400017d0)
                [!provide]                        PROVIDE (Cache_Enable_DCache_Autoload = 0x400017dc)
                [!provide]                        PROVIDE (Cache_Disable_DCache_Autoload = 0x400017e8)
                [!provide]                        PROVIDE (Cache_Enable_ICache_PreLock = 0x400017f4)
                [!provide]                        PROVIDE (Cache_Disable_ICache_PreLock = 0x40001800)
                [!provide]                        PROVIDE (Cache_Lock_ICache_Items = 0x4000180c)
                [!provide]                        PROVIDE (Cache_Unlock_ICache_Items = 0x40001818)
                [!provide]                        PROVIDE (Cache_Enable_DCache_PreLock = 0x40001824)
                [!provide]                        PROVIDE (Cache_Disable_DCache_PreLock = 0x40001830)
                [!provide]                        PROVIDE (Cache_Lock_DCache_Items = 0x4000183c)
                [!provide]                        PROVIDE (Cache_Unlock_DCache_Items = 0x40001848)
                [!provide]                        PROVIDE (Cache_Lock_Addr = 0x40001854)
                [!provide]                        PROVIDE (Cache_Unlock_Addr = 0x40001860)
                [!provide]                        PROVIDE (Cache_Disable_ICache = 0x4000186c)
                [!provide]                        PROVIDE (Cache_Enable_ICache = 0x40001878)
                [!provide]                        PROVIDE (Cache_Disable_DCache = 0x40001884)
                [!provide]                        PROVIDE (Cache_Enable_DCache = 0x40001890)
                [!provide]                        PROVIDE (Cache_Suspend_ICache = 0x4000189c)
                [!provide]                        PROVIDE (Cache_Resume_ICache = 0x400018a8)
                0x00000000400018b4                PROVIDE (Cache_Suspend_DCache = 0x400018b4)
                0x00000000400018c0                PROVIDE (Cache_Resume_DCache = 0x400018c0)
                [!provide]                        PROVIDE (Cache_Occupy_Items = 0x400018cc)
                [!provide]                        PROVIDE (Cache_Occupy_Addr = 0x400018d8)
                [!provide]                        PROVIDE (Cache_Freeze_ICache_Enable = 0x400018e4)
                [!provide]                        PROVIDE (Cache_Freeze_ICache_Disable = 0x400018f0)
                [!provide]                        PROVIDE (Cache_Freeze_DCache_Enable = 0x400018fc)
                [!provide]                        PROVIDE (Cache_Freeze_DCache_Disable = 0x40001908)
                [!provide]                        PROVIDE (Cache_Set_IDROM_MMU_Size = 0x40001914)
                [!provide]                        PROVIDE (flash2spiram_instruction_offset = 0x40001920)
                [!provide]                        PROVIDE (flash2spiram_rodata_offset = 0x4000192c)
                [!provide]                        PROVIDE (flash_instr_rodata_start_page = 0x40001938)
                [!provide]                        PROVIDE (flash_instr_rodata_end_page = 0x40001944)
                [!provide]                        PROVIDE (Cache_Set_IDROM_MMU_Info = 0x40001950)
                [!provide]                        PROVIDE (Cache_Get_IROM_MMU_End = 0x4000195c)
                [!provide]                        PROVIDE (Cache_Get_DROM_MMU_End = 0x40001968)
                [!provide]                        PROVIDE (Cache_Owner_Init = 0x40001974)
                [!provide]                        PROVIDE (Cache_Occupy_ICache_MEMORY = 0x40001980)
                [!provide]                        PROVIDE (Cache_Occupy_DCache_MEMORY = 0x4000198c)
                0x0000000040001998                PROVIDE (Cache_MMU_Init = 0x40001998)
                0x00000000400019a4                PROVIDE (Cache_Ibus_MMU_Set = 0x400019a4)
                0x00000000400019b0                PROVIDE (Cache_Dbus_MMU_Set = 0x400019b0)
                [!provide]                        PROVIDE (Cache_Count_Flash_Pages = 0x400019bc)
                [!provide]                        PROVIDE (Cache_Flash_To_SPIRAM_Copy = 0x400019c8)
                [!provide]                        PROVIDE (Cache_Travel_Tag_Memory = 0x400019d4)
                [!provide]                        PROVIDE (Cache_Travel_Tag_Memory2 = 0x400019e0)
                [!provide]                        PROVIDE (Cache_Get_Virtual_Addr = 0x400019ec)
                [!provide]                        PROVIDE (Cache_Get_Memory_BaseAddr = 0x400019f8)
                [!provide]                        PROVIDE (Cache_Get_Memory_Addr = 0x40001a04)
                [!provide]                        PROVIDE (Cache_Get_Memory_value = 0x40001a10)
                [!provide]                        PROVIDE (rom_config_instruction_cache_mode = 0x40001a1c)
                [!provide]                        PROVIDE (rom_config_data_cache_mode = 0x40001a28)
                [!provide]                        PROVIDE (rom_cache_op_cb = 0x3fceffc8)
                [!provide]                        PROVIDE (rom_cache_internal_table_ptr = 0x3fceffc4)
                0x0000000040001a34                ets_get_apb_freq = 0x40001a34
                0x0000000040001a40                ets_get_cpu_frequency = 0x40001a40
                0x0000000040001a4c                ets_update_cpu_frequency = 0x40001a4c
                0x0000000040001a58                ets_get_printf_channel = 0x40001a58
                0x0000000040001a64                ets_get_xtal_div = 0x40001a64
                0x0000000040001a70                ets_set_xtal_div = 0x40001a70
                0x0000000040001a7c                ets_get_xtal_freq = 0x40001a7c
                0x0000000040001a88                gpio_input_get = 0x40001a88
                0x0000000040001a94                gpio_matrix_in = 0x40001a94
                0x0000000040001aa0                gpio_matrix_out = 0x40001aa0
                0x0000000040001aac                gpio_output_disable = 0x40001aac
                0x0000000040001ab8                gpio_output_enable = 0x40001ab8
                0x0000000040001ac4                gpio_output_set = 0x40001ac4
                0x0000000040001ad0                gpio_pad_hold = 0x40001ad0
                0x0000000040001adc                gpio_pad_input_disable = 0x40001adc
                0x0000000040001ae8                gpio_pad_input_enable = 0x40001ae8
                0x0000000040001af4                gpio_pad_pulldown = 0x40001af4
                0x0000000040001b00                gpio_pad_pullup = 0x40001b00
                0x0000000040001b0c                gpio_pad_select_gpio = 0x40001b0c
                0x0000000040001b18                gpio_pad_set_drv = 0x40001b18
                0x0000000040001b24                gpio_pad_unhold = 0x40001b24
                0x0000000040001b30                gpio_pin_wakeup_disable = 0x40001b30
                0x0000000040001b3c                gpio_pin_wakeup_enable = 0x40001b3c
                0x0000000040001b48                gpio_bypass_matrix_in = 0x40001b48
                0x0000000040001b54                intr_matrix_set = 0x40001b54
                0x0000000040001b60                ets_intr_lock = 0x40001b60
                0x0000000040001b6c                ets_intr_unlock = 0x40001b6c
                0x0000000040001b78                ets_isr_attach = 0x40001b78
                0x0000000040001b84                ets_isr_mask = 0x40001b84
                0x0000000040001b90                ets_isr_unmask = 0x40001b90
                0x0000000040001b9c                xthal_bcopy = 0x40001b9c
                0x0000000040001ba8                xthal_memcpy = 0x40001ba8
                0x0000000040001bb4                xthal_get_ccompare = 0x40001bb4
                0x0000000040001bc0                xthal_set_ccompare = 0x40001bc0
                0x0000000040001bcc                xthal_get_ccount = 0x40001bcc
                0x0000000040001bd8                xthal_get_interrupt = 0x40001bd8
                0x0000000040001be4                xthal_set_intclear = 0x40001be4
                0x0000000040001bf0                _xtos_ints_off = 0x40001bf0
                0x0000000040001bfc                _xtos_ints_on = 0x40001bfc
                0x0000000040001c08                _xtos_restore_intlevel = 0x40001c08
                0x0000000040001c14                _xtos_set_exception_handler = 0x40001c14
                0x0000000040001c20                _xtos_set_interrupt_handler = 0x40001c20
                0x0000000040001c2c                _xtos_set_interrupt_handler_arg = 0x40001c2c
                0x0000000040001c38                _xtos_set_intlevel = 0x40001c38
                0x0000000040001c44                _xtos_set_vpri = 0x40001c44
                0x0000000040001c50                md5_vector = 0x40001c50
                0x0000000040001c5c                MD5Init = 0x40001c5c
                0x0000000040001c68                MD5Update = 0x40001c68
                0x0000000040001c74                MD5Final = 0x40001c74
                0x0000000040001c80                hmac_md5_vector = 0x40001c80
                0x0000000040001c8c                hmac_md5 = 0x40001c8c
                0x0000000040001c98                crc32_le = 0x40001c98
                0x0000000040001ca4                crc32_be = 0x40001ca4
                0x0000000040001cb0                crc16_le = 0x40001cb0
                0x0000000040001cbc                crc16_be = 0x40001cbc
                0x0000000040001cc8                crc8_le = 0x40001cc8
                0x0000000040001cd4                crc8_be = 0x40001cd4
                0x0000000040001ce0                esp_crc8 = 0x40001ce0
                0x0000000040001cec                ets_sha_enable = 0x40001cec
                0x0000000040001cf8                ets_sha_disable = 0x40001cf8
                0x0000000040001d04                ets_sha_get_state = 0x40001d04
                0x0000000040001d10                ets_sha_init = 0x40001d10
                0x0000000040001d1c                ets_sha_process = 0x40001d1c
                0x0000000040001d28                ets_sha_starts = 0x40001d28
                0x0000000040001d34                ets_sha_update = 0x40001d34
                0x0000000040001d40                ets_sha_finish = 0x40001d40
                0x0000000040001d4c                ets_sha_clone = 0x40001d4c
                0x0000000040001d58                ets_hmac_enable = 0x40001d58
                0x0000000040001d64                ets_hmac_disable = 0x40001d64
                0x0000000040001d70                ets_hmac_calculate_message = 0x40001d70
                0x0000000040001d7c                ets_hmac_calculate_downstream = 0x40001d7c
                0x0000000040001d88                ets_hmac_invalidate_downstream = 0x40001d88
                0x0000000040001d94                ets_jtag_enable_temporarily = 0x40001d94
                0x0000000040001da0                ets_aes_enable = 0x40001da0
                0x0000000040001dac                ets_aes_disable = 0x40001dac
                0x0000000040001db8                ets_aes_setkey = 0x40001db8
                0x0000000040001dc4                ets_aes_block = 0x40001dc4
                0x0000000040001dd0                ets_bigint_enable = 0x40001dd0
                0x0000000040001ddc                ets_bigint_disable = 0x40001ddc
                0x0000000040001de8                ets_bigint_multiply = 0x40001de8
                0x0000000040001df4                ets_bigint_modmult = 0x40001df4
                0x0000000040001e00                ets_bigint_modexp = 0x40001e00
                0x0000000040001e0c                ets_bigint_wait_finish = 0x40001e0c
                0x0000000040001e18                ets_bigint_getz = 0x40001e18
                0x0000000040001e24                ets_ds_enable = 0x40001e24
                0x0000000040001e30                ets_ds_disable = 0x40001e30
                0x0000000040001e3c                ets_ds_start_sign = 0x40001e3c
                0x0000000040001e48                ets_ds_is_busy = 0x40001e48
                0x0000000040001e54                ets_ds_finish_sign = 0x40001e54
                0x0000000040001e60                ets_ds_encrypt_params = 0x40001e60
                0x0000000040001e6c                ets_aes_setkey_dec = 0x40001e6c
                0x0000000040001e78                ets_aes_setkey_enc = 0x40001e78
                0x0000000040001e84                ets_mgf1_sha256 = 0x40001e84
                0x0000000040001e90                ets_efuse_read = 0x40001e90
                0x0000000040001e9c                ets_efuse_program = 0x40001e9c
                0x0000000040001ea8                ets_efuse_clear_program_registers = 0x40001ea8
                0x0000000040001eb4                ets_efuse_write_key = 0x40001eb4
                0x0000000040001ec0                ets_efuse_get_read_register_address = 0x40001ec0
                0x0000000040001ecc                ets_efuse_get_key_purpose = 0x40001ecc
                0x0000000040001ed8                ets_efuse_key_block_unused = 0x40001ed8
                0x0000000040001ee4                ets_efuse_find_unused_key_block = 0x40001ee4
                0x0000000040001ef0                ets_efuse_rs_calculate = 0x40001ef0
                0x0000000040001efc                ets_efuse_count_unused_key_blocks = 0x40001efc
                0x0000000040001f08                ets_efuse_secure_boot_enabled = 0x40001f08
                0x0000000040001f14                ets_efuse_secure_boot_aggressive_revoke_enabled = 0x40001f14
                0x0000000040001f20                ets_efuse_cache_encryption_enabled = 0x40001f20
                0x0000000040001f2c                ets_efuse_download_modes_disabled = 0x40001f2c
                0x0000000040001f38                ets_efuse_find_purpose = 0x40001f38
                0x0000000040001f44                ets_efuse_flash_opi_5pads_power_sel_vddspi = 0x40001f44
                0x0000000040001f50                ets_efuse_force_send_resume = 0x40001f50
                0x0000000040001f5c                ets_efuse_get_flash_delay_us = 0x40001f5c
                0x0000000040001f68                ets_efuse_get_mac = 0x40001f68
                0x0000000040001f74                ets_efuse_get_spiconfig = 0x40001f74
                0x0000000040001f80                ets_efuse_usb_print_is_disabled = 0x40001f80
                0x0000000040001f8c                ets_efuse_get_uart_print_channel = 0x40001f8c
                0x0000000040001f98                ets_efuse_get_uart_print_control = 0x40001f98
                0x0000000040001fa4                ets_efuse_get_wp_pad = 0x40001fa4
                0x0000000040001fb0                ets_efuse_legacy_spi_boot_mode_disabled = 0x40001fb0
                0x0000000040001fbc                ets_efuse_security_download_modes_enabled = 0x40001fbc
                0x0000000040001fc8                ets_efuse_set_timing = 0x40001fc8
                0x0000000040001fd4                ets_efuse_jtag_disabled = 0x40001fd4
                0x0000000040001fe0                ets_efuse_usb_download_mode_disabled = 0x40001fe0
                0x0000000040001fec                ets_efuse_usb_module_disabled = 0x40001fec
                0x0000000040001ff8                ets_efuse_usb_device_disabled = 0x40001ff8
                0x0000000040002004                ets_efuse_flash_octal_mode = 0x40002004
                0x0000000040002010                ets_efuse_ecc_en = 0x40002010
                0x000000004000201c                ets_efuse_ecc_flash_page_size = 0x4000201c
                0x0000000040002028                ets_efuse_ecc_16to17_mode = 0x40002028
                0x0000000040002034                ets_ecc_flash_enable = 0x40002034
                0x0000000040002040                ets_ecc_flash_enable_all = 0x40002040
                0x000000004000204c                ets_ecc_flash_disable = 0x4000204c
                0x0000000040002058                ets_ecc_flash_disable_all = 0x40002058
                0x0000000040002064                ets_ecc_get_flash_page_size = 0x40002064
                0x0000000040002070                ets_ecc_set_flash_page_size = 0x40002070
                0x000000004000207c                ets_ecc_set_flash_byte_mode = 0x4000207c
                0x0000000040002088                ets_ecc_get_flash_byte_mode = 0x40002088
                0x0000000040002094                ets_ecc_set_flash_range = 0x40002094
                0x00000000400020a0                ets_ecc_get_flash_range = 0x400020a0
                0x00000000400020ac                ets_ecc_sram_enable = 0x400020ac
                0x00000000400020b8                ets_ecc_sram_disable = 0x400020b8
                0x00000000400020c4                ets_ecc_sram_enable_all = 0x400020c4
                0x00000000400020d0                ets_ecc_sram_disable_all = 0x400020d0
                0x00000000400020dc                ets_ecc_get_sram_page_size = 0x400020dc
                0x00000000400020e8                ets_ecc_set_sram_page_size = 0x400020e8
                0x00000000400020f4                ets_ecc_get_sram_byte_mode = 0x400020f4
                0x0000000040002100                ets_ecc_set_sram_byte_mode = 0x40002100
                0x000000004000210c                ets_ecc_set_sram_range = 0x4000210c
                0x0000000040002118                ets_ecc_get_sram_range = 0x40002118
                0x000000003fceffc0                ets_ecc_table_ptr = 0x3fceffc0
                0x0000000040002124                ets_emsa_pss_verify = 0x40002124
                0x0000000040002130                ets_rsa_pss_verify = 0x40002130
                0x000000004000213c                ets_secure_boot_verify_bootloader_with_keys = 0x4000213c
                0x0000000040002148                ets_secure_boot_verify_signature = 0x40002148
                0x0000000040002154                ets_secure_boot_read_key_digests = 0x40002154
                0x0000000040002160                ets_secure_boot_revoke_public_key_digest = 0x40002160
                [!provide]                        PROVIDE (usb_uart_otg_rx_one_char = 0x400025a4)
                [!provide]                        PROVIDE (usb_uart_otg_rx_one_char_block = 0x400025b0)
                [!provide]                        PROVIDE (usb_uart_otg_tx_flush = 0x400025bc)
                [!provide]                        PROVIDE (usb_uart_otg_tx_one_char = 0x400025c8)
                [!provide]                        PROVIDE (usb_uart_device_rx_one_char = 0x400025d4)
                [!provide]                        PROVIDE (usb_uart_device_rx_one_char_block = 0x400025e0)
                [!provide]                        PROVIDE (usb_uart_device_tx_flush = 0x400025ec)
                [!provide]                        PROVIDE (usb_uart_device_tx_one_char = 0x400025f8)
                [!provide]                        PROVIDE (Uart_Init_USB = 0x40002604)
                [!provide]                        PROVIDE (uart_acm_dev = 0x3fceffbc)
                [!provide]                        PROVIDE (g_uart_print = 0x3fceffb9)
                [!provide]                        PROVIDE (g_usb_print = 0x3fceffb8)
                0x0000000040002610                cdc_acm_class_handle_req = 0x40002610
                0x000000004000261c                cdc_acm_init = 0x4000261c
                0x0000000040002628                cdc_acm_fifo_fill = 0x40002628
                0x0000000040002634                cdc_acm_rx_fifo_cnt = 0x40002634
                0x0000000040002640                cdc_acm_fifo_read = 0x40002640
                0x000000004000264c                cdc_acm_irq_tx_enable = 0x4000264c
                0x0000000040002658                cdc_acm_irq_tx_disable = 0x40002658
                0x0000000040002664                cdc_acm_irq_state_enable = 0x40002664
                0x0000000040002670                cdc_acm_irq_state_disable = 0x40002670
                0x000000004000267c                cdc_acm_irq_tx_ready = 0x4000267c
                0x0000000040002688                cdc_acm_irq_rx_enable = 0x40002688
                0x0000000040002694                cdc_acm_irq_rx_disable = 0x40002694
                0x00000000400026a0                cdc_acm_irq_rx_ready = 0x400026a0
                0x00000000400026ac                cdc_acm_irq_is_pending = 0x400026ac
                0x00000000400026b8                cdc_acm_irq_callback_set = 0x400026b8
                0x00000000400026c4                cdc_acm_line_ctrl_set = 0x400026c4
                0x00000000400026d0                cdc_acm_line_ctrl_get = 0x400026d0
                0x00000000400026dc                cdc_acm_poll_out = 0x400026dc
                0x00000000400026e8                chip_usb_dw_did_persist = 0x400026e8
                0x00000000400026f4                chip_usb_dw_init = 0x400026f4
                0x0000000040002700                chip_usb_detach = 0x40002700
                0x000000004000270c                chip_usb_dw_prepare_persist = 0x4000270c
                0x0000000040002718                chip_usb_get_persist_flags = 0x40002718
                0x0000000040002724                chip_usb_set_persist_flags = 0x40002724
                0x0000000040002730                cpio_start = 0x40002730
                0x000000004000273c                cpio_feed = 0x4000273c
                0x0000000040002748                cpio_done = 0x40002748
                0x0000000040002754                cpio_destroy = 0x40002754
                0x0000000040002760                dfu_flash_init = 0x40002760
                0x000000004000276c                dfu_flash_erase = 0x4000276c
                0x0000000040002778                dfu_flash_program = 0x40002778
                0x0000000040002784                dfu_flash_read = 0x40002784
                0x0000000040002790                dfu_flash_attach = 0x40002790
                0x000000004000279c                dfu_cpio_callback = 0x4000279c
                0x00000000400027a8                dfu_updater_get_err = 0x400027a8
                0x00000000400027b4                dfu_updater_clear_err = 0x400027b4
                0x00000000400027c0                dfu_updater_enable = 0x400027c0
                0x00000000400027cc                dfu_updater_begin = 0x400027cc
                0x00000000400027d8                dfu_updater_feed = 0x400027d8
                0x00000000400027e4                dfu_updater_end = 0x400027e4
                0x00000000400027f0                dfu_updater_set_raw_addr = 0x400027f0
                0x00000000400027fc                dfu_updater_flash_read = 0x400027fc
                0x0000000040002808                usb_dc_prepare_persist = 0x40002808
                0x0000000040002814                usb_dw_isr_handler = 0x40002814
                0x0000000040002820                usb_dc_attach = 0x40002820
                0x000000004000282c                usb_dc_detach = 0x4000282c
                0x0000000040002838                usb_dc_reset = 0x40002838
                0x0000000040002844                usb_dc_set_address = 0x40002844
                0x0000000040002850                usb_dc_ep_check_cap = 0x40002850
                0x000000004000285c                usb_dc_ep_configure = 0x4000285c
                0x0000000040002868                usb_dc_ep_set_stall = 0x40002868
                0x0000000040002874                usb_dc_ep_clear_stall = 0x40002874
                0x0000000040002880                usb_dc_ep_halt = 0x40002880
                0x000000004000288c                usb_dc_ep_is_stalled = 0x4000288c
                0x0000000040002898                usb_dc_ep_enable = 0x40002898
                0x00000000400028a4                usb_dc_ep_disable = 0x400028a4
                0x00000000400028b0                usb_dc_ep_flush = 0x400028b0
                0x00000000400028bc                usb_dc_ep_write_would_block = 0x400028bc
                0x00000000400028c8                usb_dc_ep_write = 0x400028c8
                0x00000000400028d4                usb_dc_ep_read_wait = 0x400028d4
                0x00000000400028e0                usb_dc_ep_read_continue = 0x400028e0
                0x00000000400028ec                usb_dc_ep_read = 0x400028ec
                0x00000000400028f8                usb_dc_ep_set_callback = 0x400028f8
                0x0000000040002904                usb_dc_set_status_callback = 0x40002904
                0x0000000040002910                usb_dc_ep_mps = 0x40002910
                0x000000004000291c                usb_dc_check_poll_for_interrupts = 0x4000291c
                0x0000000040002928                mac_addr_to_serial_str_desc = 0x40002928
                0x0000000040002934                usb_set_current_descriptor = 0x40002934
                0x0000000040002940                usb_get_descriptor = 0x40002940
                0x000000004000294c                usb_dev_resume = 0x4000294c
                0x0000000040002958                usb_dev_get_configuration = 0x40002958
                0x0000000040002964                usb_set_config = 0x40002964
                0x0000000040002970                usb_deconfig = 0x40002970
                0x000000004000297c                usb_enable = 0x4000297c
                0x0000000040002988                usb_disable = 0x40002988
                0x0000000040002994                usb_write_would_block = 0x40002994
                0x00000000400029a0                usb_write = 0x400029a0
                0x00000000400029ac                usb_read = 0x400029ac
                0x00000000400029b8                usb_ep_set_stall = 0x400029b8
                0x00000000400029c4                usb_ep_clear_stall = 0x400029c4
                0x00000000400029d0                usb_ep_read_wait = 0x400029d0
                0x00000000400029dc                usb_ep_read_continue = 0x400029dc
                0x00000000400029e8                usb_transfer_ep_callback = 0x400029e8
                0x00000000400029f4                usb_transfer = 0x400029f4
                0x0000000040002a00                usb_cancel_transfer = 0x40002a00
                0x0000000040002a0c                usb_transfer_sync = 0x40002a0c
                0x0000000040002a18                usb_dfu_set_detach_cb = 0x40002a18
                0x0000000040002a24                dfu_class_handle_req = 0x40002a24
                0x0000000040002a30                dfu_status_cb = 0x40002a30
                0x0000000040002a3c                dfu_custom_handle_req = 0x40002a3c
                0x0000000040002a48                usb_dfu_init = 0x40002a48
                0x0000000040002a54                usb_dfu_force_detach = 0x40002a54
                0x0000000040002a60                usb_dev_deinit = 0x40002a60
                0x0000000040002a6c                usb_dw_ctrl_deinit = 0x40002a6c
                0x000000003fceffac                s_usb_osglue = 0x3fceffac
                0x0000000040002a78                bt_rf_coex_get_dft_cfg = 0x40002a78
                0x0000000040002a84                bt_rf_coex_hooks_p_set = 0x40002a84
                0x0000000040002a90                btdm_con_maxevtime_cal_impl = 0x40002a90
                0x0000000040002a9c                btdm_controller_get_compile_version_impl = 0x40002a9c
                0x0000000040002aa8                btdm_controller_rom_data_init = 0x40002aa8
                0x0000000040002ab4                btdm_dis_privacy_err_report_impl = 0x40002ab4
                0x0000000040002ac0                btdm_disable_adv_delay_impl = 0x40002ac0
                0x0000000040002acc                btdm_enable_scan_continue_impl = 0x40002acc
                0x0000000040002ad8                btdm_enable_scan_forever_impl = 0x40002ad8
                0x0000000040002ae4                btdm_get_power_state_impl = 0x40002ae4
                0x0000000040002af0                btdm_get_prevent_sleep_flag_impl = 0x40002af0
                0x0000000040002afc                btdm_power_state_active_impl = 0x40002afc
                0x0000000040002b08                btdm_switch_phy_coded_impl = 0x40002b08
                0x0000000040002b14                hci_acl_data_handler = 0x40002b14
                0x0000000040002b20                hci_disconnect_cmd_handler = 0x40002b20
                0x0000000040002b2c                hci_le_con_upd_cmd_handler = 0x40002b2c
                0x0000000040002b38                hci_le_ltk_req_neg_reply_cmd_handler = 0x40002b38
                0x0000000040002b44                hci_le_ltk_req_reply_cmd_handler = 0x40002b44
                0x0000000040002b50                hci_le_rd_chnl_map_cmd_handler = 0x40002b50
                0x0000000040002b5c                hci_le_rd_phy_cmd_handler = 0x40002b5c
                0x0000000040002b68                hci_le_rd_rem_feats_cmd_handler = 0x40002b68
                0x0000000040002b74                hci_le_rem_con_param_req_neg_reply_cmd_handler = 0x40002b74
                0x0000000040002b80                hci_le_rem_con_param_req_reply_cmd_handler = 0x40002b80
                0x0000000040002b8c                hci_le_set_data_len_cmd_handler = 0x40002b8c
                0x0000000040002b98                hci_le_set_phy_cmd_handler = 0x40002b98
                0x0000000040002ba4                hci_le_start_enc_cmd_handler = 0x40002ba4
                0x0000000040002bb0                hci_rd_auth_payl_to_cmd_handler = 0x40002bb0
                0x0000000040002bbc                hci_rd_rem_ver_info_cmd_handler = 0x40002bbc
                0x0000000040002bc8                hci_rd_rssi_cmd_handler = 0x40002bc8
                0x0000000040002bd4                hci_rd_tx_pwr_lvl_cmd_handler = 0x40002bd4
                0x0000000040002be0                hci_vs_set_pref_slave_evt_dur_cmd_handler = 0x40002be0
                0x0000000040002bec                hci_vs_set_pref_slave_latency_cmd_handler = 0x40002bec
                0x0000000040002bf8                hci_wr_auth_payl_to_cmd_handler = 0x40002bf8
                0x0000000040002c04                ll_channel_map_ind_handler = 0x40002c04
                0x0000000040002c10                ll_connection_param_req_handler = 0x40002c10
                0x0000000040002c1c                ll_connection_param_rsp_handler = 0x40002c1c
                0x0000000040002c28                ll_connection_update_ind_handler = 0x40002c28
                0x0000000040002c34                ll_enc_req_handler = 0x40002c34
                0x0000000040002c40                ll_enc_rsp_handler = 0x40002c40
                0x0000000040002c4c                ll_feature_req_handler = 0x40002c4c
                0x0000000040002c58                ll_feature_rsp_handler = 0x40002c58
                0x0000000040002c64                ll_length_req_handler = 0x40002c64
                0x0000000040002c70                ll_length_rsp_handler = 0x40002c70
                0x0000000040002c7c                ll_min_used_channels_ind_handler = 0x40002c7c
                0x0000000040002c88                ll_pause_enc_req_handler = 0x40002c88
                0x0000000040002c94                ll_pause_enc_rsp_handler = 0x40002c94
                0x0000000040002ca0                ll_phy_req_handler = 0x40002ca0
                0x0000000040002cac                ll_phy_rsp_handler = 0x40002cac
                0x0000000040002cb8                ll_phy_update_ind_handler = 0x40002cb8
                0x0000000040002cc4                ll_ping_req_handler = 0x40002cc4
                0x0000000040002cd0                ll_ping_rsp_handler = 0x40002cd0
                0x0000000040002cdc                ll_slave_feature_req_handler = 0x40002cdc
                0x0000000040002ce8                ll_start_enc_req_handler = 0x40002ce8
                0x0000000040002cf4                ll_start_enc_rsp_handler = 0x40002cf4
                0x0000000040002d00                ll_terminate_ind_handler = 0x40002d00
                0x0000000040002d0c                ll_version_ind_handler = 0x40002d0c
                0x0000000040002d18                llc_auth_payl_nearly_to_handler = 0x40002d18
                0x0000000040002d24                llc_auth_payl_real_to_handler = 0x40002d24
                0x0000000040002d30                llc_encrypt_ind_handler = 0x40002d30
                0x0000000040002d3c                llc_hci_command_handler_wrapper = 0x40002d3c
                0x0000000040002d48                llc_ll_connection_param_req_pdu_send = 0x40002d48
                0x0000000040002d54                llc_ll_connection_param_rsp_pdu_send = 0x40002d54
                0x0000000040002d60                llc_ll_connection_update_ind_pdu_send = 0x40002d60
                0x0000000040002d6c                llc_ll_enc_req_pdu_send = 0x40002d6c
                0x0000000040002d78                llc_ll_enc_rsp_pdu_send = 0x40002d78
                0x0000000040002d84                llc_ll_feature_req_pdu_send = 0x40002d84
                0x0000000040002d90                llc_ll_feature_rsp_pdu_send = 0x40002d90
                0x0000000040002d9c                llc_ll_length_req_pdu_send = 0x40002d9c
                0x0000000040002da8                llc_ll_length_rsp_pdu_send = 0x40002da8
                0x0000000040002db4                llc_ll_pause_enc_req_pdu_send = 0x40002db4
                0x0000000040002dc0                llc_ll_pause_enc_rsp_pdu_send = 0x40002dc0
                0x0000000040002dcc                llc_ll_phy_req_pdu_send = 0x40002dcc
                0x0000000040002dd8                llc_ll_phy_rsp_pdu_send = 0x40002dd8
                0x0000000040002de4                llc_ll_ping_req_pdu_send = 0x40002de4
                0x0000000040002df0                llc_ll_ping_rsp_pdu_send = 0x40002df0
                0x0000000040002dfc                llc_ll_start_enc_req_pdu_send = 0x40002dfc
                0x0000000040002e08                llc_ll_start_enc_rsp_pdu_send = 0x40002e08
                0x0000000040002e14                llc_ll_terminate_ind_pdu_send = 0x40002e14
                0x0000000040002e20                llc_ll_unknown_rsp_pdu_send = 0x40002e20
                0x0000000040002e2c                llc_llcp_ch_map_update_ind_pdu_send = 0x40002e2c
                0x0000000040002e38                llc_llcp_phy_upd_ind_pdu_send = 0x40002e38
                0x0000000040002e44                llc_llcp_version_ind_pdu_send = 0x40002e44
                0x0000000040002e50                llc_op_ch_map_upd_ind_handler = 0x40002e50
                0x0000000040002e5c                llc_op_con_upd_ind_handler = 0x40002e5c
                0x0000000040002e68                llc_op_disconnect_ind_handler = 0x40002e68
                0x0000000040002e74                llc_op_dl_upd_ind_handler = 0x40002e74
                0x0000000040002e80                llc_op_encrypt_ind_handler = 0x40002e80
                0x0000000040002e8c                llc_op_feats_exch_ind_handler = 0x40002e8c
                0x0000000040002e98                llc_op_le_ping_ind_handler = 0x40002e98
                0x0000000040002ea4                llc_op_phy_upd_ind_handler = 0x40002ea4
                0x0000000040002eb0                llc_op_ver_exch_ind_handler = 0x40002eb0
                0x0000000040002ebc                llc_stopped_ind_handler = 0x40002ebc
                0x0000000040002ec8                lld_acl_rx_ind_handler = 0x40002ec8
                0x0000000040002ed4                lld_acl_tx_cfm_handler = 0x40002ed4
                0x0000000040002ee0                lld_adv_end_ind_handler = 0x40002ee0
                0x0000000040002eec                lld_adv_rep_ind_handler = 0x40002eec
                0x0000000040002ef8                lld_ch_map_upd_cfm_handler = 0x40002ef8
                0x0000000040002f04                lld_con_estab_ind_handler = 0x40002f04
                0x0000000040002f10                lld_con_evt_sd_evt_time_set = 0x40002f10
                0x0000000040002f1c                lld_con_offset_upd_ind_handler = 0x40002f1c
                0x0000000040002f28                lld_con_param_upd_cfm_handler = 0x40002f28
                0x0000000040002f34                lld_disc_ind_handler = 0x40002f34
                0x0000000040002f40                lld_init_end_ind_handler = 0x40002f40
                0x0000000040002f4c                lld_llcp_rx_ind_handler_wrapper = 0x40002f4c
                0x0000000040002f58                lld_llcp_tx_cfm_handler = 0x40002f58
                0x0000000040002f64                lld_per_adv_end_ind_handler = 0x40002f64
                0x0000000040002f70                lld_per_adv_rep_ind_handler = 0x40002f70
                0x0000000040002f7c                lld_per_adv_rx_end_ind_handler = 0x40002f7c
                0x0000000040002f88                lld_phy_coded_500k_get = 0x40002f88
                0x0000000040002f94                lld_phy_upd_cfm_handler = 0x40002f94
                0x0000000040002fa0                lld_scan_end_ind_handler = 0x40002fa0
                0x0000000040002fac                lld_scan_req_ind_handler = 0x40002fac
                0x0000000040002fb8                lld_sync_start_req_handler = 0x40002fb8
                0x0000000040002fc4                lld_test_end_ind_handler = 0x40002fc4
                0x0000000040002fd0                lld_update_rxbuf_handler = 0x40002fd0
                0x0000000040002fdc                llm_ch_map_update_ind_handler = 0x40002fdc
                0x0000000040002fe8                llm_hci_command_handler_wrapper = 0x40002fe8
                0x0000000040002ff4                llm_scan_period_to_handler = 0x40002ff4
                0x0000000040003000                r_Add2SelfBigHex256 = 0x40003000
                0x000000004000300c                r_AddBigHex256 = 0x4000300c
                0x0000000040003018                r_AddBigHexModP256 = 0x40003018
                0x0000000040003024                r_AddP256 = 0x40003024
                0x0000000040003030                r_AddPdiv2_256 = 0x40003030
                0x000000004000303c                r_GF_Jacobian_Point_Addition256 = 0x4000303c
                0x0000000040003048                r_GF_Jacobian_Point_Double256 = 0x40003048
                0x0000000040003054                r_GF_Point_Jacobian_To_Affine256 = 0x40003054
                0x0000000040003060                r_MultiplyBigHexByUint32_256 = 0x40003060
                0x000000004000306c                r_MultiplyBigHexModP256 = 0x4000306c
                0x0000000040003078                r_MultiplyByU16ModP256 = 0x40003078
                0x0000000040003084                r_SubtractBigHex256 = 0x40003084
                0x0000000040003090                r_SubtractBigHexMod256 = 0x40003090
                0x000000004000309c                r_SubtractBigHexUint32_256 = 0x4000309c
                0x00000000400030a8                r_SubtractFromSelfBigHex256 = 0x400030a8
                0x00000000400030b4                r_SubtractFromSelfBigHexSign256 = 0x400030b4
                0x00000000400030c0                r_aes_alloc = 0x400030c0
                0x00000000400030cc                r_aes_ccm_continue = 0x400030cc
                0x00000000400030d8                r_aes_ccm_process_e = 0x400030d8
                0x00000000400030e4                r_aes_ccm_xor_128_lsb = 0x400030e4
                0x00000000400030f0                r_aes_ccm_xor_128_msb = 0x400030f0
                0x00000000400030fc                r_aes_cmac_continue = 0x400030fc
                0x0000000040003108                r_aes_cmac_start = 0x40003108
                0x0000000040003114                r_aes_k1_continue = 0x40003114
                0x0000000040003120                r_aes_k2_continue = 0x40003120
                0x000000004000312c                r_aes_k3_continue = 0x4000312c
                0x0000000040003138                r_aes_k4_continue = 0x40003138
                0x0000000040003144                r_aes_shift_left_128 = 0x40003144
                0x0000000040003150                r_aes_start = 0x40003150
                0x000000004000315c                r_aes_xor_128 = 0x4000315c
                0x0000000040003168                r_assert_err = 0x40003168
                0x0000000040003174                r_assert_param = 0x40003174
                0x0000000040003180                r_assert_warn = 0x40003180
                0x000000004000318c                r_bigHexInversion256 = 0x4000318c
                0x0000000040003198                r_ble_sw_cca_check_isr = 0x40003198
                0x00000000400031a4                r_ble_util_buf_acl_tx_alloc = 0x400031a4
                0x00000000400031b0                r_ble_util_buf_acl_tx_elt_get = 0x400031b0
                0x00000000400031bc                r_ble_util_buf_acl_tx_free = 0x400031bc
                0x00000000400031c8                r_ble_util_buf_acl_tx_free_in_isr = 0x400031c8
                0x00000000400031d4                r_ble_util_buf_adv_tx_alloc = 0x400031d4
                0x00000000400031e0                r_ble_util_buf_adv_tx_free = 0x400031e0
                0x00000000400031ec                r_ble_util_buf_adv_tx_free_in_isr = 0x400031ec
                0x00000000400031f8                r_ble_util_buf_env_deinit = 0x400031f8
                0x0000000040003204                r_ble_util_buf_env_init = 0x40003204
                0x0000000040003210                r_ble_util_buf_get_rx_buf_nb = 0x40003210
                0x000000004000321c                r_ble_util_buf_get_rx_buf_size = 0x4000321c
                0x0000000040003228                r_ble_util_buf_llcp_tx_alloc = 0x40003228
                0x0000000040003234                r_ble_util_buf_llcp_tx_free = 0x40003234
                0x0000000040003240                r_ble_util_buf_rx_alloc = 0x40003240
                0x000000004000324c                r_ble_util_buf_rx_alloc_in_isr = 0x4000324c
                0x0000000040003258                r_ble_util_buf_rx_free = 0x40003258
                0x0000000040003264                r_ble_util_buf_rx_free_in_isr = 0x40003264
                0x0000000040003270                r_ble_util_buf_set_rx_buf_nb = 0x40003270
                0x000000004000327c                r_ble_util_buf_set_rx_buf_size = 0x4000327c
                0x0000000040003288                r_ble_util_data_rx_buf_reset = 0x40003288
                0x0000000040003294                r_bt_bb_get_intr_mask = 0x40003294
                0x00000000400032a0                r_bt_bb_intr_clear = 0x400032a0
                0x00000000400032ac                r_bt_bb_intr_mask_set = 0x400032ac
                0x00000000400032b8                r_bt_bb_isr = 0x400032b8
                0x00000000400032c4                r_bt_rf_coex_cfg_set = 0x400032c4
                0x00000000400032d0                r_bt_rf_coex_conn_dynamic_pti_en_get = 0x400032d0
                0x00000000400032dc                r_bt_rf_coex_conn_phy_coded_data_time_limit_en_get = 0x400032dc
                0x00000000400032e8                r_bt_rf_coex_ext_adv_dynamic_pti_en_get = 0x400032e8
                0x00000000400032f4                r_bt_rf_coex_ext_scan_dynamic_pti_en_get = 0x400032f4
                0x0000000040003300                r_bt_rf_coex_legacy_adv_dynamic_pti_en_get = 0x40003300
                0x000000004000330c                r_bt_rf_coex_per_adv_dynamic_pti_en_get = 0x4000330c
                0x0000000040003318                r_bt_rf_coex_pti_table_get = 0x40003318
                0x0000000040003324                r_bt_rf_coex_st_param_get = 0x40003324
                0x0000000040003330                r_bt_rf_coex_st_param_set = 0x40003330
                0x000000004000333c                r_bt_rf_coex_sync_scan_dynamic_pti_en_get = 0x4000333c
                0x0000000040003348                r_bt_rma_apply_rule_cs_fmt = 0x40003348
                0x0000000040003354                r_bt_rma_apply_rule_cs_idx = 0x40003354
                0x0000000040003360                r_bt_rma_configure = 0x40003360
                0x000000004000336c                r_bt_rma_deregister_rule_cs_fmt = 0x4000336c
                0x0000000040003378                r_bt_rma_deregister_rule_cs_idx = 0x40003378
                0x0000000040003384                r_bt_rma_get_ant_by_act = 0x40003384
                0x0000000040003390                r_bt_rma_init = 0x40003390
                0x000000004000339c                r_bt_rma_register_rule_cs_fmt = 0x4000339c
                0x00000000400033a8                r_bt_rma_register_rule_cs_idx = 0x400033a8
                0x00000000400033b4                r_bt_rtp_apply_rule_cs_fmt = 0x400033b4
                0x00000000400033c0                r_bt_rtp_apply_rule_cs_idx = 0x400033c0
                0x00000000400033cc                r_bt_rtp_deregister_rule_cs_fmt = 0x400033cc
                0x00000000400033d8                r_bt_rtp_deregister_rule_cs_idx = 0x400033d8
                0x00000000400033e4                r_bt_rtp_get_txpwr_idx_by_act = 0x400033e4
                0x00000000400033f0                r_bt_rtp_init = 0x400033f0
                0x00000000400033fc                r_bt_rtp_register_rule_cs_fmt = 0x400033fc
                0x0000000040003408                r_bt_rtp_register_rule_cs_idx = 0x40003408
                0x0000000040003414                r_btdm_isr = 0x40003414
                0x0000000040003420                r_btdm_task_post = 0x40003420
                0x000000004000342c                r_btdm_task_post_from_isr = 0x4000342c
                0x0000000040003438                r_btdm_task_recycle = 0x40003438
                0x0000000040003444                r_cali_phase_match_p = 0x40003444
                0x0000000040003450                r_cmp_abs_time = 0x40003450
                0x000000004000345c                r_cmp_dest_id = 0x4000345c
                0x0000000040003468                r_cmp_timer_id = 0x40003468
                0x0000000040003474                r_co_bdaddr_compare = 0x40003474
                0x0000000040003480                r_co_ble_pkt_dur_in_us = 0x40003480
                0x000000004000348c                r_co_list_extract = 0x4000348c
                0x0000000040003498                r_co_list_extract_after = 0x40003498
                0x00000000400034a4                r_co_list_extract_sublist = 0x400034a4
                0x00000000400034b0                r_co_list_find = 0x400034b0
                0x00000000400034bc                r_co_list_init = 0x400034bc
                0x00000000400034c8                r_co_list_insert_after = 0x400034c8
                0x00000000400034d4                r_co_list_insert_before = 0x400034d4
                0x00000000400034e0                r_co_list_merge = 0x400034e0
                0x00000000400034ec                r_co_list_pool_init = 0x400034ec
                0x00000000400034f8                r_co_list_pop_front = 0x400034f8
                0x0000000040003504                r_co_list_push_back = 0x40003504
                0x0000000040003510                r_co_list_push_back_sublist = 0x40003510
                0x000000004000351c                r_co_list_push_front = 0x4000351c
                0x0000000040003528                r_co_list_size = 0x40003528
                0x0000000040003534                r_co_nb_good_le_channels = 0x40003534
                0x0000000040003540                r_co_util_pack = 0x40003540
                0x000000004000354c                r_co_util_read_array_size = 0x4000354c
                0x0000000040003558                r_co_util_unpack = 0x40003558
                0x0000000040003564                r_dbg_env_deinit = 0x40003564
                0x0000000040003570                r_dbg_env_init = 0x40003570
                0x000000004000357c                r_dbg_platform_reset_complete = 0x4000357c
                0x0000000040003588                r_dl_upd_proc_start = 0x40003588
                0x0000000040003594                r_dump_data = 0x40003594
                0x00000000400035a0                r_ecc_abort_key256_generation = 0x400035a0
                0x00000000400035ac                r_ecc_gen_new_public_key = 0x400035ac
                0x00000000400035b8                r_ecc_gen_new_secret_key = 0x400035b8
                0x00000000400035c4                r_ecc_generate_key256 = 0x400035c4
                0x00000000400035d0                r_ecc_get_debug_Keys = 0x400035d0
                0x00000000400035dc                r_ecc_init = 0x400035dc
                0x00000000400035e8                r_ecc_is_valid_point = 0x400035e8
                0x00000000400035f4                r_ecc_multiplication_event_handler = 0x400035f4
                0x0000000040003600                r_ecc_point_multiplication_win_256 = 0x40003600
                0x000000004000360c                r_emi_alloc_em_mapping_by_offset = 0x4000360c
                0x0000000040003618                r_emi_base_reg_lut_show = 0x40003618
                0x0000000040003624                r_emi_em_base_reg_show = 0x40003624
                0x0000000040003630                r_emi_free_em_mapping_by_offset = 0x40003630
                0x000000004000363c                r_emi_get_em_mapping_idx_by_offset = 0x4000363c
                0x0000000040003648                r_emi_get_mem_addr_by_offset = 0x40003648
                0x0000000040003654                r_emi_overwrite_em_mapping_by_offset = 0x40003654
                0x0000000040003660                r_esp_vendor_hci_command_handler = 0x40003660
                0x000000004000366c                r_get_stack_usage = 0x4000366c
                0x0000000040003678                r_h4tl_acl_hdr_rx_evt_handler = 0x40003678
                0x0000000040003684                r_h4tl_cmd_hdr_rx_evt_handler = 0x40003684
                0x0000000040003690                r_h4tl_cmd_pld_rx_evt_handler = 0x40003690
                0x000000004000369c                r_h4tl_eif_io_event_post = 0x4000369c
                0x00000000400036a8                r_h4tl_eif_register = 0x400036a8
                0x00000000400036b4                r_h4tl_init = 0x400036b4
                0x00000000400036c0                r_h4tl_out_of_sync = 0x400036c0
                0x00000000400036cc                r_h4tl_out_of_sync_check = 0x400036cc
                0x00000000400036d8                r_h4tl_read_hdr = 0x400036d8
                0x00000000400036e4                r_h4tl_read_next_out_of_sync = 0x400036e4
                0x00000000400036f0                r_h4tl_read_payl = 0x400036f0
                0x00000000400036fc                r_h4tl_read_start = 0x400036fc
                0x0000000040003708                r_h4tl_rx_acl_hdr_extract = 0x40003708
                0x0000000040003714                r_h4tl_rx_cmd_hdr_extract = 0x40003714
                0x0000000040003720                r_h4tl_rx_done = 0x40003720
                0x000000004000372c                r_h4tl_start = 0x4000372c
                0x0000000040003738                r_h4tl_stop = 0x40003738
                0x0000000040003744                r_h4tl_tx_done = 0x40003744
                0x0000000040003750                r_h4tl_tx_evt_handler = 0x40003750
                0x000000004000375c                r_h4tl_write = 0x4000375c
                0x0000000040003768                r_hci_acl_tx_data_alloc = 0x40003768
                0x0000000040003774                r_hci_acl_tx_data_received = 0x40003774
                0x0000000040003780                r_hci_basic_cmd_send_2_controller = 0x40003780
                0x000000004000378c                r_hci_ble_adv_report_filter_check = 0x4000378c
                0x0000000040003798                r_hci_ble_adv_report_tx_check = 0x40003798
                0x00000000400037a4                r_hci_ble_conhdl_register = 0x400037a4
                0x00000000400037b0                r_hci_ble_conhdl_unregister = 0x400037b0
                0x00000000400037bc                r_hci_build_acl_data = 0x400037bc
                0x00000000400037c8                r_hci_build_cc_evt = 0x400037c8
                0x00000000400037d4                r_hci_build_cs_evt = 0x400037d4
                0x00000000400037e0                r_hci_build_evt = 0x400037e0
                0x00000000400037ec                r_hci_build_le_evt = 0x400037ec
                0x00000000400037f8                r_hci_cmd_get_max_param_size = 0x400037f8
                0x0000000040003804                r_hci_cmd_received = 0x40003804
                0x0000000040003810                r_hci_cmd_reject = 0x40003810
                0x000000004000381c                r_hci_evt_mask_check = 0x4000381c
                0x0000000040003828                r_hci_evt_mask_set = 0x40003828
                0x0000000040003834                r_hci_fc_acl_buf_size_set = 0x40003834
                0x0000000040003840                r_hci_fc_acl_en = 0x40003840
                0x000000004000384c                r_hci_fc_acl_packet_sent = 0x4000384c
                0x0000000040003858                r_hci_fc_check_host_available_nb_acl_packets = 0x40003858
                0x0000000040003864                r_hci_fc_host_nb_acl_pkts_complete = 0x40003864
                0x0000000040003870                r_hci_fc_init = 0x40003870
                0x000000004000387c                r_hci_look_for_cmd_desc = 0x4000387c
                0x0000000040003888                r_hci_look_for_evt_desc = 0x40003888
                0x0000000040003894                r_hci_look_for_le_evt_desc = 0x40003894
                0x00000000400038a0                r_hci_look_for_le_evt_desc_esp = 0x400038a0
                0x00000000400038ac                r_hci_pack_bytes = 0x400038ac
                0x00000000400038b8                r_hci_register_vendor_desc_tab = 0x400038b8
                0x00000000400038c4                r_hci_send_2_controller = 0x400038c4
                0x00000000400038d0                r_hci_send_2_host = 0x400038d0
                0x00000000400038dc                r_hci_tl_c2h_data_flow_on = 0x400038dc
                0x00000000400038e8                r_hci_tl_cmd_hdr_rx_evt_handler = 0x400038e8
                0x00000000400038f4                r_hci_tl_cmd_pld_rx_evt_handler = 0x400038f4
                0x0000000040003900                r_hci_tl_get_pkt = 0x40003900
                0x000000004000390c                r_hci_tl_hci_pkt_handler = 0x4000390c
                0x0000000040003918                r_hci_tl_hci_tx_done_evt_handler = 0x40003918
                0x0000000040003924                r_hci_tl_inc_nb_h2c_cmd_pkts = 0x40003924
                0x0000000040003930                r_hci_tl_save_pkt = 0x40003930
                0x000000004000393c                r_hci_tl_send = 0x4000393c
                0x0000000040003948                r_hci_tx_done = 0x40003948
                0x0000000040003954                r_hci_tx_start = 0x40003954
                0x0000000040003960                r_hci_tx_trigger = 0x40003960
                0x000000004000396c                r_isValidSecretKey_256 = 0x4000396c
                0x0000000040003978                r_ke_check_malloc = 0x40003978
                0x0000000040003984                r_ke_event_callback_set = 0x40003984
                0x0000000040003990                r_ke_event_clear = 0x40003990
                0x000000004000399c                r_ke_event_flush = 0x4000399c
                0x00000000400039a8                r_ke_event_get = 0x400039a8
                0x00000000400039b4                r_ke_event_get_all = 0x400039b4
                0x00000000400039c0                r_ke_event_init = 0x400039c0
                0x00000000400039cc                r_ke_event_schedule = 0x400039cc
                0x00000000400039d8                r_ke_event_set = 0x400039d8
                0x00000000400039e4                r_ke_flush = 0x400039e4
                0x00000000400039f0                r_ke_free = 0x400039f0
                0x00000000400039fc                r_ke_handler_search = 0x400039fc
                0x0000000040003a08                r_ke_init = 0x40003a08
                0x0000000040003a14                r_ke_is_free = 0x40003a14
                0x0000000040003a20                r_ke_malloc = 0x40003a20
                0x0000000040003a2c                r_ke_mem_init = 0x40003a2c
                0x0000000040003a38                r_ke_mem_is_empty = 0x40003a38
                0x0000000040003a44                r_ke_mem_is_in_heap = 0x40003a44
                0x0000000040003a50                r_ke_msg_alloc = 0x40003a50