###############################################################################
#
# IAR ELF Linker V8.20.1.14183/W32 for ARM                03/Jan/2018  13:53:57
# Copyright 2007-2017 IAR Systems AB.
#
#    Output file  =  
#        C:\repo\AliOS-Things\projects\IAR\mqttapp\Debug\Exe\mqtt_example.out
#    Map file     =  
#        C:\repo\AliOS-Things\projects\IAR\mqttapp\Debug\List\mqtt_example.map
#    Command line =  
#        -f C:\Users\SHENGP~1.DSP\AppData\Local\Temp\EW59D8.tmp
#        (C:\repo\AliOS-Things\projects\IAR\mqttapp\Debug\Obj\aos.o
#        C:\repo\AliOS-Things\projects\IAR\mqttapp\Debug\Obj\aos_init.o
#        C:\repo\AliOS-Things\projects\IAR\mqttapp\Debug\Obj\aos_rhino.o
#        C:\repo\AliOS-Things\projects\IAR\mqttapp\Debug\Obj\board.o
#        C:\repo\AliOS-Things\projects\IAR\mqttapp\Debug\Obj\ca.o
#        C:\repo\AliOS-Things\projects\IAR\mqttapp\Debug\Obj\CheckSumUtils.o
#        C:\repo\AliOS-Things\projects\IAR\mqttapp\Debug\Obj\cJSON.o
#        C:\repo\AliOS-Things\projects\IAR\mqttapp\Debug\Obj\cli.o
#        C:\repo\AliOS-Things\projects\IAR\mqttapp\Debug\Obj\device.o
#        C:\repo\AliOS-Things\projects\IAR\mqttapp\Debug\Obj\device_iar.o
#        C:\repo\AliOS-Things\projects\IAR\mqttapp\Debug\Obj\download_common.o
#        C:\repo\AliOS-Things\projects\IAR\mqttapp\Debug\Obj\dumpsys.o
#        C:\repo\AliOS-Things\projects\IAR\mqttapp\Debug\Obj\es_wifi.o
#        C:\repo\AliOS-Things\projects\IAR\mqttapp\Debug\Obj\es_wifi_io.o
#        C:\repo\AliOS-Things\projects\IAR\mqttapp\Debug\Obj\flash_l4.o
#        C:\repo\AliOS-Things\projects\IAR\mqttapp\Debug\Obj\flash_port.o
#        C:\repo\AliOS-Things\projects\IAR\mqttapp\Debug\Obj\guider.o
#        C:\repo\AliOS-Things\projects\IAR\mqttapp\Debug\Obj\HAL_OS_rhino.o
#        C:\repo\AliOS-Things\projects\IAR\mqttapp\Debug\Obj\HAL_TCP_rhino.o
#        C:\repo\AliOS-Things\projects\IAR\mqttapp\Debug\Obj\HAL_TLS_mbedtls.o
#        C:\repo\AliOS-Things\projects\IAR\mqttapp\Debug\Obj\hts221.o
#        C:\repo\AliOS-Things\projects\IAR\mqttapp\Debug\Obj\hw.o
#        C:\repo\AliOS-Things\projects\IAR\mqttapp\Debug\Obj\iar_libc.o
#        C:\repo\AliOS-Things\projects\IAR\mqttapp\Debug\Obj\json_parser.o
#        C:\repo\AliOS-Things\projects\IAR\mqttapp\Debug\Obj\json_token.o
#        C:\repo\AliOS-Things\projects\IAR\mqttapp\Debug\Obj\k_buf_queue.o
#        C:\repo\AliOS-Things\projects\IAR\mqttapp\Debug\Obj\k_dyn_mem_proc.o
#        C:\repo\AliOS-Things\projects\IAR\mqttapp\Debug\Obj\k_err.o
#        C:\repo\AliOS-Things\projects\IAR\mqttapp\Debug\Obj\k_event.o
#        C:\repo\AliOS-Things\projects\IAR\mqttapp\Debug\Obj\k_fifo.o
#        C:\repo\AliOS-Things\projects\IAR\mqttapp\Debug\Obj\k_idle.o
#        C:\repo\AliOS-Things\projects\IAR\mqttapp\Debug\Obj\k_mm.o
#        C:\repo\AliOS-Things\projects\IAR\mqttapp\Debug\Obj\k_mm_blk.o
#        C:\repo\AliOS-Things\projects\IAR\mqttapp\Debug\Obj\k_mm_debug.o
#        C:\repo\AliOS-Things\projects\IAR\mqttapp\Debug\Obj\k_mutex.o
#        C:\repo\AliOS-Things\projects\IAR\mqttapp\Debug\Obj\k_obj.o
#        C:\repo\AliOS-Things\projects\IAR\mqttapp\Debug\Obj\k_obj_set.o
#        C:\repo\AliOS-Things\projects\IAR\mqttapp\Debug\Obj\k_pend.o
#        C:\repo\AliOS-Things\projects\IAR\mqttapp\Debug\Obj\k_queue.o
#        C:\repo\AliOS-Things\projects\IAR\mqttapp\Debug\Obj\k_ringbuf.o
#        C:\repo\AliOS-Things\projects\IAR\mqttapp\Debug\Obj\k_sched.o
#        C:\repo\AliOS-Things\projects\IAR\mqttapp\Debug\Obj\k_sem.o
#        C:\repo\AliOS-Things\projects\IAR\mqttapp\Debug\Obj\k_stats.o
#        C:\repo\AliOS-Things\projects\IAR\mqttapp\Debug\Obj\k_sys.o
#        C:\repo\AliOS-Things\projects\IAR\mqttapp\Debug\Obj\k_task.o
#        C:\repo\AliOS-Things\projects\IAR\mqttapp\Debug\Obj\k_task_sem.o
#        C:\repo\AliOS-Things\projects\IAR\mqttapp\Debug\Obj\k_tick.o
#        C:\repo\AliOS-Things\projects\IAR\mqttapp\Debug\Obj\k_time.o
#        C:\repo\AliOS-Things\projects\IAR\mqttapp\Debug\Obj\k_timer.o
#        C:\repo\AliOS-Things\projects\IAR\mqttapp\Debug\Obj\k_trace.o
#        C:\repo\AliOS-Things\projects\IAR\mqttapp\Debug\Obj\k_workqueue.o
#        C:\repo\AliOS-Things\projects\IAR\mqttapp\Debug\Obj\kvmgr.o
#        C:\repo\AliOS-Things\projects\IAR\mqttapp\Debug\Obj\lis3mdl.o
#        C:\repo\AliOS-Things\projects\IAR\mqttapp\Debug\Obj\lite-log.o
#        C:\repo\AliOS-Things\projects\IAR\mqttapp\Debug\Obj\local_event.o
#        C:\repo\AliOS-Things\projects\IAR\mqttapp\Debug\Obj\log.o
#        C:\repo\AliOS-Things\projects\IAR\mqttapp\Debug\Obj\lps22hb.o
#        C:\repo\AliOS-Things\projects\IAR\mqttapp\Debug\Obj\lsm6dsl.o
#        C:\repo\AliOS-Things\projects\IAR\mqttapp\Debug\Obj\main.o
#        C:\repo\AliOS-Things\projects\IAR\mqttapp\Debug\Obj\mbedtls_net.o
#        C:\repo\AliOS-Things\projects\IAR\mqttapp\Debug\Obj\mbedtls_ssl.o
#        C:\repo\AliOS-Things\projects\IAR\mqttapp\Debug\Obj\md5.o
#        C:\repo\AliOS-Things\projects\IAR\mqttapp\Debug\Obj\mem_stats.o
#        C:\repo\AliOS-Things\projects\IAR\mqttapp\Debug\Obj\mqtt-example-b_l475e.o
#        C:\repo\AliOS-Things\projects\IAR\mqttapp\Debug\Obj\mqtt_client.o
#        C:\repo\AliOS-Things\projects\IAR\mqttapp\Debug\Obj\MQTTConnectClient.o
#        C:\repo\AliOS-Things\projects\IAR\mqttapp\Debug\Obj\MQTTDeserializePublish.o
#        C:\repo\AliOS-Things\projects\IAR\mqttapp\Debug\Obj\MQTTPacket.o
#        C:\repo\AliOS-Things\projects\IAR\mqttapp\Debug\Obj\MQTTSerializePublish.o
#        C:\repo\AliOS-Things\projects\IAR\mqttapp\Debug\Obj\MQTTSubscribeClient.o
#        C:\repo\AliOS-Things\projects\IAR\mqttapp\Debug\Obj\MQTTUnsubscribeClient.o
#        C:\repo\AliOS-Things\projects\IAR\mqttapp\Debug\Obj\netmgr.o
#        C:\repo\AliOS-Things\projects\IAR\mqttapp\Debug\Obj\osa_flash.o
#        C:\repo\AliOS-Things\projects\IAR\mqttapp\Debug\Obj\ota.o
#        C:\repo\AliOS-Things\projects\IAR\mqttapp\Debug\Obj\ota_download.o
#        C:\repo\AliOS-Things\projects\IAR\mqttapp\Debug\Obj\ota_platform_os.o
#        C:\repo\AliOS-Things\projects\IAR\mqttapp\Debug\Obj\ota_port.o
#        C:\repo\AliOS-Things\projects\IAR\mqttapp\Debug\Obj\ota_service.o
#        C:\repo\AliOS-Things\projects\IAR\mqttapp\Debug\Obj\ota_socket.o
#        C:\repo\AliOS-Things\projects\IAR\mqttapp\Debug\Obj\ota_transport.o
#        C:\repo\AliOS-Things\projects\IAR\mqttapp\Debug\Obj\ota_update_manifest.o
#        C:\repo\AliOS-Things\projects\IAR\mqttapp\Debug\Obj\ota_util.o
#        C:\repo\AliOS-Things\projects\IAR\mqttapp\Debug\Obj\ota_version.o
#        C:\repo\AliOS-Things\projects\IAR\mqttapp\Debug\Obj\port_c.o
#        C:\repo\AliOS-Things\projects\IAR\mqttapp\Debug\Obj\port_s.o
#        C:\repo\AliOS-Things\projects\IAR\mqttapp\Debug\Obj\sdk-impl.o
#        C:\repo\AliOS-Things\projects\IAR\mqttapp\Debug\Obj\sensors_data.o
#        C:\repo\AliOS-Things\projects\IAR\mqttapp\Debug\Obj\soc_impl.o
#        C:\repo\AliOS-Things\projects\IAR\mqttapp\Debug\Obj\soc_init.o
#        C:\repo\AliOS-Things\projects\IAR\mqttapp\Debug\Obj\startup_stm32l475xx_icc.o
#        C:\repo\AliOS-Things\projects\IAR\mqttapp\Debug\Obj\stm32l475e_iot01.o
#        C:\repo\AliOS-Things\projects\IAR\mqttapp\Debug\Obj\stm32l475e_iot01_accelero.o
#        C:\repo\AliOS-Things\projects\IAR\mqttapp\Debug\Obj\stm32l475e_iot01_gyro.o
#        C:\repo\AliOS-Things\projects\IAR\mqttapp\Debug\Obj\stm32l475e_iot01_hsensor.o
#        C:\repo\AliOS-Things\projects\IAR\mqttapp\Debug\Obj\stm32l475e_iot01_magneto.o
#        C:\repo\AliOS-Things\projects\IAR\mqttapp\Debug\Obj\stm32l475e_iot01_psensor.o
#        C:\repo\AliOS-Things\projects\IAR\mqttapp\Debug\Obj\stm32l475e_iot01_qspi.o
#        C:\repo\AliOS-Things\projects\IAR\mqttapp\Debug\Obj\stm32l475e_iot01_tsensor.o
#        C:\repo\AliOS-Things\projects\IAR\mqttapp\Debug\Obj\stm32l4xx_hal.o
#        C:\repo\AliOS-Things\projects\IAR\mqttapp\Debug\Obj\stm32l4xx_hal_cortex.o
#        C:\repo\AliOS-Things\projects\IAR\mqttapp\Debug\Obj\stm32l4xx_hal_dma.o
#        C:\repo\AliOS-Things\projects\IAR\mqttapp\Debug\Obj\stm32l4xx_hal_flash.o
#        C:\repo\AliOS-Things\projects\IAR\mqttapp\Debug\Obj\stm32l4xx_hal_flash_ex.o
#        C:\repo\AliOS-Things\projects\IAR\mqttapp\Debug\Obj\stm32l4xx_hal_gpio.o
#        C:\repo\AliOS-Things\projects\IAR\mqttapp\Debug\Obj\stm32l4xx_hal_i2c.o
#        C:\repo\AliOS-Things\projects\IAR\mqttapp\Debug\Obj\stm32l4xx_hal_i2c_ex.o
#        C:\repo\AliOS-Things\projects\IAR\mqttapp\Debug\Obj\stm32l4xx_hal_msp.o
#        C:\repo\AliOS-Things\projects\IAR\mqttapp\Debug\Obj\stm32l4xx_hal_msp_template.o
#        C:\repo\AliOS-Things\projects\IAR\mqttapp\Debug\Obj\stm32l4xx_hal_pwr.o
#        C:\repo\AliOS-Things\projects\IAR\mqttapp\Debug\Obj\stm32l4xx_hal_pwr_ex.o
#        C:\repo\AliOS-Things\projects\IAR\mqttapp\Debug\Obj\stm32l4xx_hal_qspi.o
#        C:\repo\AliOS-Things\projects\IAR\mqttapp\Debug\Obj\stm32l4xx_hal_rcc.o
#        C:\repo\AliOS-Things\projects\IAR\mqttapp\Debug\Obj\stm32l4xx_hal_rcc_ex.o
#        C:\repo\AliOS-Things\projects\IAR\mqttapp\Debug\Obj\stm32l4xx_hal_rng.o
#        C:\repo\AliOS-Things\projects\IAR\mqttapp\Debug\Obj\stm32l4xx_hal_rtc.o
#        C:\repo\AliOS-Things\projects\IAR\mqttapp\Debug\Obj\stm32l4xx_hal_rtc_ex.o
#        C:\repo\AliOS-Things\projects\IAR\mqttapp\Debug\Obj\stm32l4xx_hal_spi.o
#        C:\repo\AliOS-Things\projects\IAR\mqttapp\Debug\Obj\stm32l4xx_hal_spi_ex.o
#        C:\repo\AliOS-Things\projects\IAR\mqttapp\Debug\Obj\stm32l4xx_hal_uart.o
#        C:\repo\AliOS-Things\projects\IAR\mqttapp\Debug\Obj\stm32l4xx_hal_uart_ex.o
#        C:\repo\AliOS-Things\projects\IAR\mqttapp\Debug\Obj\stm32l4xx_it.o
#        C:\repo\AliOS-Things\projects\IAR\mqttapp\Debug\Obj\string_utils.o
#        C:\repo\AliOS-Things\projects\IAR\mqttapp\Debug\Obj\system_stm32l4xx.o
#        C:\repo\AliOS-Things\projects\IAR\mqttapp\Debug\Obj\trace_impl.o
#        C:\repo\AliOS-Things\projects\IAR\mqttapp\Debug\Obj\utils_base64.o
#        C:\repo\AliOS-Things\projects\IAR\mqttapp\Debug\Obj\utils_epoch_time.o
#        C:\repo\AliOS-Things\projects\IAR\mqttapp\Debug\Obj\utils_hmac.o
#        C:\repo\AliOS-Things\projects\IAR\mqttapp\Debug\Obj\utils_httpc.o
#        C:\repo\AliOS-Things\projects\IAR\mqttapp\Debug\Obj\utils_list.o
#        C:\repo\AliOS-Things\projects\IAR\mqttapp\Debug\Obj\utils_md5.o
#        C:\repo\AliOS-Things\projects\IAR\mqttapp\Debug\Obj\utils_net.o
#        C:\repo\AliOS-Things\projects\IAR\mqttapp\Debug\Obj\utils_sha1.o
#        C:\repo\AliOS-Things\projects\IAR\mqttapp\Debug\Obj\utils_timer.o
#        C:\repo\AliOS-Things\projects\IAR\mqttapp\Debug\Obj\version.o
#        C:\repo\AliOS-Things\projects\IAR\mqttapp\Debug\Obj\vfs.o
#        C:\repo\AliOS-Things\projects\IAR\mqttapp\Debug\Obj\vfs_inode.o
#        C:\repo\AliOS-Things\projects\IAR\mqttapp\Debug\Obj\vfs_register.o
#        C:\repo\AliOS-Things\projects\IAR\mqttapp\Debug\Obj\vl53l0x_api.o
#        C:\repo\AliOS-Things\projects\IAR\mqttapp\Debug\Obj\vl53l0x_api_calibration.o
#        C:\repo\AliOS-Things\projects\IAR\mqttapp\Debug\Obj\vl53l0x_api_core.o
#        C:\repo\AliOS-Things\projects\IAR\mqttapp\Debug\Obj\vl53l0x_api_ranging.o
#        C:\repo\AliOS-Things\projects\IAR\mqttapp\Debug\Obj\vl53l0x_api_strings.o
#        C:\repo\AliOS-Things\projects\IAR\mqttapp\Debug\Obj\vl53l0x_platform.o
#        C:\repo\AliOS-Things\projects\IAR\mqttapp\Debug\Obj\vl53l0x_platform_log.o
#        C:\repo\AliOS-Things\projects\IAR\mqttapp\Debug\Obj\vl53l0x_proximity.o
#        C:\repo\AliOS-Things\projects\IAR\mqttapp\Debug\Obj\wifi.o
#        C:\repo\AliOS-Things\projects\IAR\mqttapp\Debug\Obj\wifi_iar.o
#        C:\repo\AliOS-Things\projects\IAR\mqttapp\Debug\Obj\wifi_port.o
#        C:\repo\AliOS-Things\projects\IAR\mqttapp\Debug\Obj\yloop.o -o
#        C:\repo\AliOS-Things\projects\IAR\mqttapp\Debug\Exe\mqtt_example.out
#        --map
#        C:\repo\AliOS-Things\projects\IAR\mqttapp\Debug\List\mqtt_example.map
#        --log
#        libraries,initialization,modules,redirects,sections,veneers,unused_fragments,call_graph
#        --log_file
#        C:\repo\AliOS-Things\projects\IAR\mqttapp\Debug\List\mqtt_example.log
#        --config C:\repo\AliOS-Things\projects\IAR\mqttapp\alios.icf
#        --semihosting
#        C:\repo\AliOS-Things\projects\IAR\mqttapp\..\..\..\security\mbedtls\lib\Cortex-M4\IAR\libmbedtls.a
#        C:\repo\AliOS-Things\projects\IAR\mqttapp\..\..\..\security\alicrypto\lib\Cortex-M4\IAR\libmbedcrytpo.a
#        C:\repo\AliOS-Things\projects\IAR\mqttapp\..\..\..\security\alicrypto\lib\Cortex-M4\IAR\libalicrypto.a
#        --entry __iar_program_start --vfe --text_out locale)
#
###############################################################################

*******************************************************************************
*** RUNTIME MODEL ATTRIBUTES
***

CppFlavor       = *
__SystemLibrary = DLib
__dlib_version  = 6


*******************************************************************************
*** HEAP SELECTION
***

The basic heap was selected because no calls to memory allocation
functions were found in the application outside of system library
functions, and there are calls to deallocation functions in the
application.


*******************************************************************************
*** PLACEMENT SUMMARY
***

"A1":  place at 0x08000000 { ro section .intvec };
"P1":  place in [from 0x08000000 to 0x080647ff] |
                [from 0x08066800 to 0x080fffff] { ro };
define block CSTACK with size = 8K, alignment = 8 { };
define block HEAP with size = 67K, alignment = 8 { };
"P2":  place in [from 0x20000000 to 0x20017fff] {
          block CSTACK, rw, block HEAP };
initialize by copy { rw };

No sections matched the following patterns:

  ro section INITED_FIXED_LOC  in "P4"
  ro section UNINIT_FIXED_LOC  in "P3"
  ro section firewall_section  in "A0"


  Section            Kind        Address     Size  Object
  -------            ----        -------     ----  ------
"A1":                                       0x188
  .intvec            ro code  0x08000000    0x188  startup_stm32l475xx_icc.o [1]
                            - 0x08000188    0x188

"P1":                                     0x35d34
  .text              ro code  0x08000188   0x2c80  mqtt_client.o [1]
  .text              ro code  0x08002e08    0x1ac  lite-log.o [1]
  .text              ro code  0x08002fb4     0x36  strlen.o [8]
  .text              ro code  0x08002fea     0x1e  xsscin.o [3]
  .text              ro code  0x08003008     0x66  ABImemset.o [8]
  .text              ro code  0x0800306e     0x1a  xsnprout.o [3]
  .text              ro code  0x08003088     0x70  strncpy.o [8]
  .text              ro code  0x080030f8     0x48  strtok.o [3]
  .text              ro code  0x08003140     0xdc  utils_timer.o [1]
  .text              ro code  0x0800321c     0x8a  HAL_OS_rhino.o [1]
  .text              ro code  0x080032a6      0xa  xsprout.o [3]
  .text              ro code  0x080032b0    0x300  MQTTConnectClient.o [1]
  .text              ro code  0x080035b0    0x150  MQTTSerializePublish.o [1]
  .text              ro code  0x08003700    0x21c  utils_list.o [1]
  .text              ro code  0x0800391c    0x188  MQTTSubscribeClient.o [1]
  .text              ro code  0x08003aa4    0x10c  MQTTUnsubscribeClient.o [1]
  .text              ro code  0x08003bb0     0x74  mem_stats.o [1]
  .text              ro code  0x08003c24     0xa6  ABImemcpy.o [8]
  .rodata            const    0x08003cca      0x2  stm32l475e_iot01.o [1]
  .text              ro code  0x08003ccc    0x258  MQTTPacket.o [1]
  .text              ro code  0x08003f24    0x128  MQTTDeserializePublish.o [1]
  .text              ro code  0x0800404c     0x28  strncmp.o [3]
  .text              ro code  0x08004074    0x250  utils_net.o [1]
  .text              ro code  0x080042c4    0xc8c  guider.o [1]
  .text              ro code  0x08004f50     0x28  printf.o [3]
  .text              ro code  0x08004f78     0x3c  vsnprint.o [3]
  .text              ro code  0x08004fb4     0x16  strchr.o [8]
  .text              ro code  0x08004fca     0x22  strspn.o [3]
  .text              ro code  0x08004fec     0x22  strcspn.o [3]
  .rodata            const    0x0800500e      0x2  stm32l475e_iot01.o [1]
  .text              ro code  0x08005010    0x8a0  aos_rhino.o [1]
  .text              ro code  0x080058b0     0x20  vprintf.o [3]
  .text              ro code  0x080058d0     0xac  fflush.o [3]
  .text              ro code  0x0800597c     0x3c  iar_libc.o [1]
  .text              ro code  0x080059b8    0x180  HAL_TCP_rhino.o [1]
  .text              ro code  0x08005b38    0x738  HAL_TLS_mbedtls.o [1]
  .text              ro code  0x08006270    0x11c  device_iar.o [1]
  .text              ro code  0x0800638c     0x24  ABIassert.o [9]
  .text              ro code  0x080063b0     0x44  snprintf.o [3]
  .text              ro code  0x080063f4    0x100  utils_hmac.o [1]
  .text              ro code  0x080064f4   0x1234  utils_httpc.o [1]
  .text              ro code  0x08007728      0x6  ABImemclr4.o [8]
  .rodata            const    0x0800772e      0x1  guider.o [1]
  .rodata            const    0x0800772f      0x1  kvmgr.o [1]
  .text              ro code  0x08007730      0xc  ca.o [1]
  .text              ro code  0x0800773c    0x11c  json_token.o [1]
  .text              ro code  0x08007858    0x17c  iar_Stoulx.o [3]
  .text              ro code  0x080079d4     0x4c  strcpy.o [8]
  .text              ro code  0x08007a20     0x20  strcat.o [3]
  .text              ro code  0x08007a40     0x40  sprintf.o [3]
  .text              ro code  0x08007a80     0x30  strstr.o [3]
  .text              ro code  0x08007ab0    0xde2  xprintffull_nomb.o [3]
  .rodata            const    0x08008892      0x1  kvmgr.o [1]
  .text              ro code  0x08008894     0x2c  hw.o [1]
  .text              ro code  0x080088c0    0x8f4  k_task.o [1]
  .text              ro code  0x080091b4    0x430  k_mutex.o [1]
  .text              ro code  0x080095e4     0xa2  k_time.o [1]
  .text              ro code  0x08009688    0x2c0  k_sem.o [1]
  .text              ro code  0x08009948    0xafc  k_mm.o [1]
  .text              ro code  0x0800a444    0x1a2  k_sys.o [1]
  .text              ro code  0x0800a5e6     0x10  write.o [9]
  .text              ro code  0x0800a5f6     0x14  memset.o [8]
  .text              ro code  0x0800a60c    0x284  wifi_iar.o [1]
  .text              ro code  0x0800a890     0xa8  rand.o [3]
  .text              ro code  0x0800a938     0x3c  fprintf.o [3]
  .text              ro code  0x0800a974    0x274  mbedtls_net.o [1]
  .text              ro code  0x0800abe8   0x1eb8  ssl_tls.o [6]
  .text              ro code  0x0800caa0    0xb54  x509_crt.o [6]
  .text              ro code  0x0800d5f4     0x38  errno.o [3]
  .text              ro code  0x0800d62c      0x6  abort.o [3]
  .text              ro code  0x0800d634   0x18a4  utils_sha1.o [1]
  .text              ro code  0x0800eed8     0x14  utils_md5.o [1]
  .text              ro code  0x0800eeec     0x4a  strcmp.o [8]
  .text              ro code  0x0800ef38     0x28  sscanf.o [3]
  .text              ro code  0x0800ef60     0x96  ABImemmove.o [8]
  .text              ro code  0x0800eff8     0x32  ABImemset48.o [8]
  .text              ro code  0x0800f02c    0x3c4  json_parser.o [1]
  .text              ro code  0x0800f3f0     0x14  isspace.o [3]
  .text              ro code  0x0800f404     0x14  tolower.o [3]
  .text              ro code  0x0800f418     0x58  memchr.o [8]
  .text              ro code  0x0800f470     0x44  xfail_s.o [3]
  .text              ro code  0x0800f4b4    0x22e  I64DivMod.o [8]
  .text              ro code  0x0800f6e4    0x1a2  DblMul.o [7]
  .text              ro code  0x0800f888     0x70  frexp.o [7]
  .text              ro code  0x0800f8f8     0x2e  DblCmpLe.o [7]
  .text              ro code  0x0800f928     0x2e  DblCmpGe.o [7]
  .text              ro code  0x0800f958    0x13a  ldexp.o [7]
  .text              ro code  0x0800fa94     0x3a  DblToS32.o [7]
  .text              ro code  0x0800fad0     0x22  S32ToDbl.o [7]
  .text              ro code  0x0800faf4     0xe2  DblSub.o [7]
  .text              ro code  0x0800fbd8    0x246  DblDiv.o [7]
  .text              ro code  0x0800fe20     0x28  DblToU32.o [7]
  .text              ro code  0x0800fe48     0x1a  U32ToDbl.o [7]
  .text              ro code  0x0800fe64     0x40  xlocale_c.o [3]
  .text              ro code  0x0800fea4    0x16c  stm32l4xx_hal_cortex.o [1]
  .text              ro code  0x08010010     0xea  wifi.o [1]
  .text              ro code  0x080100fc     0x7e  ota.o [1]
  CODE               ro code  0x0801017c     0x8c  port_s.o [1]
  .text              ro code  0x08010208     0xf4  port_c.o [1]
  .text              ro code  0x080102fc    0x440  k_sched.o [1]
  .text              ro code  0x0801073c    0x1ac  k_tick.o [1]
  .text              ro code  0x080108e8    0x194  k_pend.o [1]
  .text              ro code  0x08010a7c     0x80  soc_impl.o [1]
  .text              ro code  0x08010afc     0x1c  k_err.o [1]
  .text              ro code  0x08010b18    0x172  k_mm_blk.o [1]
  .text              ro code  0x08010c8c    0x29c  k_mm_debug.o [1]
  .text              ro code  0x08010f28     0x50  k_stats.o [1]
  .text              ro code  0x08010f78     0xd0  k_dyn_mem_proc.o [1]
  .text              ro code  0x08011048    0x408  k_timer.o [1]
  .text              ro code  0x08011450     0x1e  dwrite.o [9]
  .text              ro code  0x08011470    0xab4  es_wifi.o [1]
  .text              ro code  0x08011f24    0x28c  md.o [6]
  .text              ro code  0x080121b0    0x3ce  cipher.o [6]
  .text              ro code  0x08012580    0xbf8  sha256.o [6]
  .text              ro code  0x08013178      0x6  ABImemclr.o [8]
  .text              ro code  0x08013180     0x68  memcmp.o [8]
  .text              ro code  0x080131e8     0x1e  U64Shr.o [8]
  .text              ro code  0x08013208     0x22  I64Shl.o [8]
  .text              ro code  0x0801322c    0x9b2  ssl_cli.o [6]
  .text              ro code  0x08013be0    0x108  ssl_ciphersuites.o [6]
  .text              ro code  0x08013ce8    0x1d4  pk.o [6]
  .text              ro code  0x08013ebc    0x1c8  asn1parse.o [6]
  .text              ro code  0x08014084    0x26c  x509.o [6]
  .text              ro code  0x080142f0    0x168  pkparse.o [6]
  .text              ro code  0x08014458    0x408  pem.o [6]
  .text              ro code  0x08014860      0x4  tp_nothreads.o [3]
  .text              ro code  0x08014864     0x14  exit.o [9]
  .text              ro code  0x08014878    0x6c4  xscanflarge_nomb.o [3]
  .text              ro code  0x08014f3c      0x2  I64DivZer.o [8]
  .text              ro code  0x08014f40    0x178  DblAdd.o [7]
  .text              ro code  0x080150b8    0xea4  cli.o [1]
  .text              ro code  0x08015f5c    0x1d0  k_queue.o [1]
  .text              ro code  0x0801612c     0x20  iarwstd.o [9]
  .text              ro code  0x0801614c     0x22  iarwrite.o [9]
  .text              ro code  0x08016170    0x9fc  md5.o [6]
  .text              ro code  0x08016b6c    0x718  mbedtls_alt.o [6]
  .text              ro code  0x08017284    0x184  base64.o [6]
  .text              ro code  0x08017408     0x7c  iarttio.o [9]
  .text              ro code  0x08017484     0x86  iar_Stolx.o [3]
  .text              ro code  0x0801750c     0x24  log.o [1]
  .text              ro code  0x08017530     0x3c  log.o [1]
  .text              ro code  0x0801756c    0x674  dumpsys.o [1]
  .text              ro code  0x08017be0    0x5d0  soc_init.o [1]
  .text              ro code  0x080181b0    0x246  k_ringbuf.o [1]
  .text              ro code  0x080183f8     0x4c  XShHandles.o [3]
  .text              ro code  0x08018444    0x6e0  aes.o [4]
  .text              ro code  0x08018b24    0xc5c  rsa.o [4]
  .text              ro code  0x08019780     0x3c  XShttio.o [3]
  .text              ro code  0x080197bc     0x16  stm32l4xx_hal.o [1]
  .text              ro code  0x080197d4    0x54c  stm32l475e_iot01.o [1]
  .text              ro code  0x08019d20     0x46  stm32l4xx_hal_rng.o [1]
  .text              ro code  0x08019d68    0xa94  stm32l4xx_hal_rcc.o [1]
  .text              ro code  0x0801a7fc    0x830  stm32l4xx_hal_rcc_ex.o [1]
  .text              ro code  0x0801b02c     0xa8  stm32l4xx_hal_pwr_ex.o [1]
  .text              ro code  0x0801b0d4      0xc  stm32l4xx_hal.o [1]
  .text              ro code  0x0801b0e0    0xaa6  stm32l4xx_hal_uart.o [1]
  .text              ro code  0x0801bb88    0x3b0  stm32l4xx_hal_rtc.o [1]
  .text              ro code  0x0801bf38     0x20  stm32l4xx_hal.o [1]
  .text              ro code  0x0801bf58    0xde6  aes.o [5]
  .text              ro code  0x0801cd40     0xe4  ali_crypto_rand.o [4]
  .text              ro code  0x0801ce24   0x18d0  bignum.o [5]
  .text              ro code  0x0801e6f4    0x9e4  rsa.o [5]
  .text              ro code  0x0801f0d8     0x28  stm32l4xx_hal.o [1]
  .text              ro code  0x0801f100      0x2  stm32l4xx_hal_msp_template.o [1]
  .text              ro code  0x0801f104    0x278  stm32l4xx_hal_gpio.o [1]
  .text              ro code  0x0801f37c    0xc0a  stm32l4xx_hal_i2c.o [1]
  .text              ro code  0x0801ff88     0x64  stm32l4xx_hal_i2c_ex.o [1]
  .text              ro code  0x0801ffec     0x4c  stm32l4xx_hal_msp.o [1]
  .text              ro code  0x08020038     0x58  stm32l4xx_hal_dma.o [1]
  .text              ro code  0x08020090      0x2  stm32l4xx_hal_uart.o [1]
  .text              ro code  0x08020092      0x2  stm32l4xx_hal_uart_ex.o [1]
  .text              ro code  0x08020094     0x44  threading.o [6]
  .text              ro code  0x080200d8     0xcc  oid.o [5]
  .text              ro code  0x080201a4      0x2  stm32l4xx_hal_i2c.o [1]
  .text              ro code  0x080201a8   0x1b76  vl53l0x_api_core.o [1]
  .text              ro code  0x08021d20   0x12a8  vl53l0x_api.o [1]
  .text              ro code  0x08022fc8    0x288  vl53l0x_platform.o [1]
  .text              ro code  0x08023250    0x9d8  vl53l0x_api_calibration.o [1]
  .text              ro code  0x08023c28      0x8  abs.o [3]
  .text              ro code  0x08023c30    0x128  vl53l0x_api_strings.o [1]
  .text              ro code  0x08023d58   0x1070  sha1.o [6]
  .text              ro code  0x08024dc8    0xee0  kvmgr.o [1]
  .text              ro code  0x08025ca8    0x198  flash_port.o [1]
  .text              ro code  0x08025e40    0x3cc  flash_l4.o [1]
  .text              ro code  0x0802620c    0x31c  stm32l4xx_hal_flash.o [1]
  .text              ro code  0x08026528    0x870  stm32l4xx_hal_flash_ex.o [1]
  .text              ro code  0x08026d98    0xeba  stm32l4xx_hal_spi.o [1]
  .text              ro code  0x08027c52      0x2  stm32l4xx_hal_spi.o [1]
  .text              ro code  0x08027c54      0x2  stm32l4xx_hal_spi.o [1]
  .text              ro code  0x08027c58    0x66c  es_wifi_io.o [1]
  .text              ro code  0x080282c4      0x2  stm32l4xx_hal_spi.o [1]
  .text              ro code  0x080282c6     0x2a  stm32l4xx_hal_spi_ex.o [1]
  .text              ro code  0x080282f0    0xb28  pow64.o [7]
  .text              ro code  0x08028e18     0x20  DblCmpEq.o [7]
  .text              ro code  0x08028e38    0x418  iar_Exp64.o [7]
  .text              ro code  0x08029250    0x95c  mqtt-example-b_l475e.o [1]
  .text              ro code  0x08029bac    0x1d0  sensors_data.o [1]
  .text              ro code  0x08029d7c    0x130  sdk-impl.o [1]
  .text              ro code  0x08029eac    0x148  local_event.o [1]
  .text              ro code  0x08029ff4    0x7ca  netmgr.o [1]
  .text              ro code  0x0802a7c0    0x334  yloop.o [1]
  .text              ro code  0x0802aaf4    0x1b8  ota_service.o [1]
  .text              ro code  0x0802acac     0x40  stm32l475e_iot01_hsensor.o [1]
  .text              ro code  0x0802acec     0x38  stm32l475e_iot01_tsensor.o [1]
  .text              ro code  0x0802ad24     0x40  stm32l475e_iot01_psensor.o [1]
  .text              ro code  0x0802ad64     0x78  stm32l475e_iot01_magneto.o [1]
  .text              ro code  0x0802addc     0x9c  stm32l475e_iot01_gyro.o [1]
  .text              ro code  0x0802ae78     0x98  stm32l475e_iot01_accelero.o [1]
  .text              ro code  0x0802af10    0x22c  vl53l0x_proximity.o [1]
  .text              ro code  0x0802b13c     0x48  FltToDbl.o [7]
  .text              ro code  0x0802b184    0x4c0  vfs.o [1]
  .text              ro code  0x0802b644    0x7a8  ota_transport.o [1]
  .text              ro code  0x0802bdec    0x592  ota_update_manifest.o [1]
  .text              ro code  0x0802c380      0x8  version.o [1]
  .text              ro code  0x0802c388    0x170  vfs_inode.o [1]
  .text              ro code  0x0802c4f8    0x778  cJSON.o [1]
  .text              ro code  0x0802cc70    0x10c  ota_util.o [1]
  .text              ro code  0x0802cd7c     0x94  ota_version.o [1]
  .text              ro code  0x0802ce10     0x1e  download_common.o [1]
  .text              ro code  0x0802ce30    0x588  ota_download.o [1]
  .text              ro code  0x0802d3b8     0x60  ota_platform_os.o [1]
  .text              ro code  0x0802d418     0x16  math_wrappers64.o [7]
  .text              ro code  0x0802d430    0x296  ota_socket.o [1]
  .text              ro code  0x0802d6c8    0x90a  md5.o [1]
  .text              ro code  0x0802dfd4    0x10c  strerror.o [3]
  .rodata            const    0x0802e0e0    0x504  ca.o [1]
  .text              ro code  0x0802e5e4    0x314  lsm6dsl.o [1]
  .text              ro code  0x0802e8f8    0x30c  device.o [1]
  .text              ro code  0x0802ec04     0x8c  vfs_register.o [1]
  .text              ro code  0x0802ec90    0x264  hts221.o [1]
  .text              ro code  0x0802eef4    0x20c  ota_port.o [1]
  .text              ro code  0x0802f100     0x7a  CheckSumUtils.o [1]
  .text              ro code  0x0802f17a    0x1f2  lz77_init.o [8]
  .text              ro code  0x0802f36c    0x1cc  wifi_port.o [1]
  .text              ro code  0x0802f538    0x184  lis3mdl.o [1]
  .rodata            const    0x0802f6bc    0x144  cipher_wrap.o [6]
  .text              ro code  0x0802f800    0x12a  aos.o [1]
  .text              ro code  0x0802f92c    0x114  board.o [1]
  .text              ro code  0x0802fa40     0x36  aos_init.o [1]
  .text              ro code  0x0802fa78     0x10  trace_impl.o [1]
  .text              ro code  0x0802fa88     0x20  main.o [1]
  .text              ro code  0x0802faa8     0x58  version.o [1]
  .text              ro code  0x0802fb00      0x8  version.o [1]
  .rodata            const    0x0802fb08    0x100  sensors_data.o [1]
  .text              ro code  0x0802fc08     0xe6  lps22hb.o [1]
  .rodata            const    0x0802fcf0     0xdc  md_wrap.o [6]
  .text              ro code  0x0802fdcc     0xc0  pk_wrap.o [6]
  .text              ro code  0x0802fe8c     0xb8  md_wrap.o [6]
  .rodata            const    0x0802ff44     0xb0  oid.o [5]
  .rodata            const    0x0802fff4     0x9c  cli.o [1]
  .rodata            const    0x08030090     0x84  ota_download.o [1]
  .text              ro code  0x08030114     0x84  stm32l4xx_it.o [1]
  .text              ro code  0x08030198     0x10  stm32l4xx_hal.o [1]
  .rodata            const    0x080301a8     0x81  ssl_ciphersuites.o [6]
  .rodata            const    0x0803022c     0x74  ota_download.o [1]
  .rodata            const    0x080302a0     0x70  mqtt-example-b_l475e.o [1]
  .rodata            const    0x08030310     0x70  mqtt-example-b_l475e.o [1]
  .rodata            const    0x08030380     0x6c  guider.o [1]
  .text              ro code  0x080303ec     0x6c  system_stm32l4xx.o [1]
  .text              ro code  0x08030458     0x6c  mbedtls_alt.o [5]
  .rodata            const    0x080304c4     0x58  k_mm_debug.o [1]
  .rodata            const    0x0803051c     0x58  k_mm_debug.o [1]
  .rodata            const    0x08030574     0x58  k_mm_debug.o [1]
  .rodata            const    0x080305cc     0x58  mqtt_client.o [1]
  .rodata            const    0x08030624     0x54  mqtt-example-b_l475e.o [1]
  .rodata            const    0x08030678     0x54  mqtt_client.o [1]
  .rodata            const    0x080306cc     0x50  dumpsys.o [1]
  .rodata            const    0x0803071c     0x50  dumpsys.o [1]
  .rodata            const    0x0803076c     0x50  mqtt_client.o [1]
  .rodata            const    0x080307bc     0x4c  mqtt-example-b_l475e.o [1]
  .rodata            const    0x08030808     0x4c  netmgr.o [1]
  .rodata            const    0x08030854     0x48  mqtt_client.o [1]
  .rodata            const    0x0803089c     0x48  ota_socket.o [1]
  .text              ro code  0x080308e4     0x48  cipher_wrap.o [6]
  .rodata            const    0x0803092c     0x44  HAL_TCP_rhino.o [1]
  .rodata            const    0x08030970     0x44  HAL_TLS_mbedtls.o [1]
  .rodata            const    0x080309b4     0x44  mqtt_client.o [1]
  .rodata            const    0x080309f8     0x44  ota_transport.o [1]
  .rodata            const    0x08030a3c     0x44  utils_httpc.o [1]
  .rodata            const    0x08030a80     0x40  es_wifi_io.o [1]
  .rodata            const    0x08030ac0     0x40  flash_l4.o [1]
  .rodata            const    0x08030b00     0x40  guider.o [1]
  .rodata            const    0x08030b40     0x40  HAL_TCP_rhino.o [1]
  .rodata            const    0x08030b80     0x40  HAL_TCP_rhino.o [1]
  .rodata            const    0x08030bc0     0x40  HAL_TLS_mbedtls.o [1]
  .rodata            const    0x08030c00     0x40  HAL_TLS_mbedtls.o [1]
  .rodata            const    0x08030c40     0x40  HAL_TLS_mbedtls.o [1]
  .rodata            const    0x08030c80     0x40  k_mm_debug.o [1]
  .rodata            const    0x08030cc0     0x40  md5.o [1]
  .rodata            const    0x08030d00     0x40  mqtt_client.o [1]
  .rodata            const    0x08030d40     0x40  netmgr.o [1]
  .rodata            const    0x08030d80     0x40  ota_socket.o [1]
  .rodata            const    0x08030dc0     0x40  ota_update_manifest.o [1]
  .rodata            const    0x08030e00     0x40  utils_sha1.o [1]
  .text              ro code  0x08030e40     0x40  zero_init3.o [8]
  .rodata            const    0x08030e80     0x3c  dumpsys.o [1]
  .rodata            const    0x08030ebc     0x3c  flash_l4.o [1]
  .rodata            const    0x08030ef8     0x3c  HAL_TCP_rhino.o [1]
  .rodata            const    0x08030f34     0x3c  HAL_TCP_rhino.o [1]
  .rodata            const    0x08030f70     0x3c  HAL_TLS_mbedtls.o [1]
  .rodata            const    0x08030fac     0x3c  HAL_TLS_mbedtls.o [1]
  .rodata            const    0x08030fe8     0x3c  k_mm_debug.o [1]
  .rodata            const    0x08031024     0x3c  mbedtls_net.o [1]
  .rodata            const    0x08031060     0x3c  mqtt_client.o [1]
  .rodata            const    0x0803109c     0x3c  mqtt_client.o [1]
  .rodata            const    0x080310d8     0x3c  ota_port.o [1]
  .rodata            const    0x08031114     0x3c  ota_socket.o [1]
  .rodata            const    0x08031150     0x3c  soc_impl.o [1]
  .rodata            const    0x0803118c     0x3c  utils_timer.o [1]
  .text              ro code  0x080311c8     0x3c  k_idle.o [1]
  .rodata            const    0x08031204     0x38  dumpsys.o [1]
  .rodata            const    0x0803123c     0x38  flash_l4.o [1]
  .rodata            const    0x08031274     0x38  guider.o [1]
  .rodata            const    0x080312ac     0x38  guider.o [1]
  .rodata            const    0x080312e4     0x38  HAL_TLS_mbedtls.o [1]
  .rodata            const    0x0803131c     0x38  HAL_TLS_mbedtls.o [1]
  .rodata            const    0x08031354     0x38  HAL_TLS_mbedtls.o [1]
  .rodata            const    0x0803138c     0x38  HAL_TLS_mbedtls.o [1]
  .rodata            const    0x080313c4     0x38  HAL_TLS_mbedtls.o [1]
  .rodata            const    0x080313fc     0x38  HAL_TLS_mbedtls.o [1]
  .rodata            const    0x08031434     0x38  HAL_TLS_mbedtls.o [1]
  .rodata            const    0x0803146c     0x38  mqtt_client.o [1]
  .rodata            const    0x080314a4     0x38  mqtt_client.o [1]
  .rodata            const    0x080314dc     0x38  ota_port.o [1]
  .rodata            const    0x08031514     0x38  ota_port.o [1]
  .rodata            const    0x0803154c     0x38  ota_socket.o [1]
  .rodata            const    0x08031584     0x38  ota_socket.o [1]
  .rodata            const    0x080315bc     0x38  ota_socket.o [1]
  .rodata            const    0x080315f4     0x38  ota_transport.o [1]
  .rodata            const    0x0803162c     0x38  ota_update_manifest.o [1]
  .rodata            const    0x08031664     0x38  vl53l0x_proximity.o [1]
  .rodata            const    0x0803169c     0x34  cli.o [1]
  .rodata            const    0x080316d0     0x34  dumpsys.o [1]
  .rodata            const    0x08031704     0x34  HAL_TLS_mbedtls.o [1]
  .rodata            const    0x08031738     0x34  HAL_TLS_mbedtls.o [1]
  .rodata            const    0x0803176c     0x34  mbedtls_net.o [1]
  .rodata            const    0x080317a0     0x34  mqtt_client.o [1]
  .rodata            const    0x080317d4     0x34  ota_socket.o [1]
  .rodata            const    0x08031808     0x34  ota_socket.o [1]
  .rodata            const    0x0803183c     0x34  ota_socket.o [1]
  .rodata            const    0x08031870     0x34  ota_transport.o [1]
  .rodata            const    0x080318a4     0x34  ota_transport.o [1]
  .rodata            const    0x080318d8     0x34  ota_update_manifest.o [1]
  .rodata            const    0x0803190c     0x34  utils_httpc.o [1]
  .rodata            const    0x08031940     0x34  pk_wrap.o [6]
  .rodata            const    0x08031974     0x30  cli.o [1]
  .rodata            const    0x080319a4     0x30  dumpsys.o [1]
  .rodata            const    0x080319d4     0x30  dumpsys.o [1]
  .rodata            const    0x08031a04     0x30  guider.o [1]
  .rodata            const    0x08031a34     0x30  guider.o [1]
  .rodata            const    0x08031a64     0x30  guider.o [1]
  .rodata            const    0x08031a94     0x30  HAL_TLS_mbedtls.o [1]
  .rodata            const    0x08031ac4     0x30  k_mm_debug.o [1]
  .rodata            const    0x08031af4     0x30  kvmgr.o [1]
  .rodata            const    0x08031b24     0x30  mbedtls_net.o [1]
  .rodata            const    0x08031b54     0x30  ota_download.o [1]
  .rodata            const    0x08031b84     0x30  ota_socket.o [1]
  .rodata            const    0x08031bb4     0x30  ota_transport.o [1]
  .rodata            const    0x08031be4     0x30  ota_transport.o [1]
  .rodata            const    0x08031c14     0x30  ota_transport.o [1]
  .rodata            const    0x08031c44     0x30  ota_transport.o [1]
  .rodata            const    0x08031c74     0x30  ota_transport.o [1]
  .rodata            const    0x08031ca4     0x30  system_stm32l4xx.o [1]
  .rodata            const    0x08031cd4     0x30  vl53l0x_proximity.o [1]
  .rodata            const    0x08031d04     0x30  vl53l0x_proximity.o [1]
  .rodata            const    0x08031d34     0x2c  cli.o [1]
  .rodata            const    0x08031d60     0x2c  cli.o [1]
  .rodata            const    0x08031d8c     0x2c  flash_l4.o [1]
  .rodata            const    0x08031db8     0x2c  guider.o [1]
  .rodata            const    0x08031de4     0x2c  HAL_TLS_mbedtls.o [1]
  .rodata            const    0x08031e10     0x2c  mbedtls_net.o [1]
  .rodata            const    0x08031e3c     0x2c  mbedtls_net.o [1]
  .rodata            const    0x08031e68     0x2c  mbedtls_net.o [1]
  .rodata            const    0x08031e94     0x2c  mbedtls_net.o [1]
  .rodata            const    0x08031ec0     0x2c  mqtt-example-b_l475e.o [1]
  .rodata            const    0x08031eec     0x2c  mqtt-example-b_l475e.o [1]
  .rodata            const    0x08031f18     0x2c  mqtt-example-b_l475e.o [1]
  .rodata            const    0x08031f44     0x2c  mqtt_client.o [1]
  .rodata            const    0x08031f70     0x2c  mqtt_client.o [1]
  .rodata            const    0x08031f9c     0x2c  mqtt_client.o [1]
  .rodata            const    0x08031fc8     0x2c  mqtt_client.o [1]
  .rodata            const    0x08031ff4     0x2c  mqtt_client.o [1]
  .rodata            const    0x08032020     0x2c  netmgr.o [1]
  .rodata            const    0x0803204c     0x2c  ota_download.o [1]
  .rodata            const    0x08032078     0x2c  ota_socket.o [1]
  .rodata            const    0x080320a4     0x2c  ota_transport.o [1]
  .rodata            const    0x080320d0     0x2c  ota_transport.o [1]
  .rodata            const    0x080320fc     0x2c  ota_transport.o [1]
  .rodata            const    0x08032128     0x2c  ota_update_manifest.o [1]
  .rodata            const    0x08032154     0x2c  utils_httpc.o [1]
  .rodata            const    0x08032180     0x2c  utils_httpc.o [1]
  .rodata            const    0x080321ac     0x2c  utils_httpc.o [1]
  .rodata            const    0x080321d8     0x2c  utils_httpc.o [1]
  .rodata            const    0x08032204     0x2c  vl53l0x_proximity.o [1]
  .rodata            const    0x08032230     0x2c  wifi_port.o [1]
  .rodata            const    0x0803225c     0x28  aos.o [1]
  .rodata            const    0x08032284     0x28  device_iar.o [1]
  .rodata            const    0x080322ac     0x28  dumpsys.o [1]
  .rodata            const    0x080322d4     0x28  HAL_TLS_mbedtls.o [1]
  .rodata            const    0x080322fc     0x28  k_mm.o [1]
  .rodata            const    0x08032324     0x28  lite-log.o [1]
  .rodata            const    0x0803234c     0x28  mbedtls_net.o [1]
  .rodata            const    0x08032374     0x28  mqtt-example-b_l475e.o [1]
  .rodata            const    0x0803239c     0x28  mqtt-example-b_l475e.o [1]
  .rodata            const    0x080323c4     0x28  mqtt_client.o [1]
  .rodata            const    0x080323ec     0x28  mqtt_client.o [1]
  .rodata            const    0x08032414     0x28  mqtt_client.o [1]
  .rodata            const    0x0803243c     0x28  mqtt_client.o [1]
  .rodata            const    0x08032464     0x28  mqtt_client.o [1]
  .rodata            const    0x0803248c     0x28  mqtt_client.o [1]
  .rodata            const    0x080324b4     0x28  netmgr.o [1]
  .rodata            const    0x080324dc     0x28  ota_download.o [1]
  .rodata            const    0x08032504     0x28  ota_download.o [1]
  .rodata            const    0x0803252c     0x28  ota_download.o [1]
  .rodata            const    0x08032554     0x28  ota_download.o [1]
  .rodata            const    0x0803257c     0x28  ota_download.o [1]
  .rodata            const    0x080325a4     0x28  ota_download.o [1]
  .rodata            const    0x080325cc     0x28  ota_port.o [1]
  .rodata            const    0x080325f4     0x28  ota_service.o [1]
  .rodata            const    0x0803261c     0x28  ota_socket.o [1]
  .rodata            const    0x08032644     0x28  ota_transport.o [1]
  .rodata            const    0x0803266c     0x28  ota_transport.o [1]
  .rodata            const    0x08032694     0x28  ota_update_manifest.o [1]
  .rodata            const    0x080326bc     0x28  utils_httpc.o [1]
  .rodata            const    0x080326e4     0x28  utils_httpc.o [1]
  .rodata            const    0x0803270c     0x28  utils_httpc.o [1]
  .rodata            const    0x08032734     0x28  utils_net.o [1]
  .rodata            const    0x0803275c     0x28  utils_timer.o [1]
  .rodata            const    0x08032784     0x28  utils_timer.o [1]
  .rodata            const    0x080327ac     0x28  vl53l0x_proximity.o [1]
  .text              ro code  0x080327d4     0x28  data_init.o [8]
  .rodata            const    0x080327fc     0x24  aos.o [1]
  .rodata            const    0x08032820     0x24  aos.o [1]
  .rodata            const    0x08032844     0x24  cli.o [1]
  .rodata            const    0x08032868     0x24  device_iar.o [1]
  .rodata            const    0x0803288c     0x24  dumpsys.o [1]
  .rodata            const    0x080328b0     0x24  dumpsys.o [1]
  .rodata            const    0x080328d4     0x24  dumpsys.o [1]
  .rodata            const    0x080328f8     0x24  flash_l4.o [1]
  .rodata            const    0x0803291c     0x24  guider.o [1]
  .rodata            const    0x08032940     0x24  guider.o [1]
  .rodata            const    0x08032964     0x24  guider.o [1]
  .rodata            const    0x08032988     0x24  HAL_TLS_mbedtls.o [1]
  .rodata            const    0x080329ac     0x24  json_token.o [1]
  .rodata            const    0x080329d0     0x24  k_mm.o [1]
  .rodata            const    0x080329f4     0x24  mbedtls_net.o [1]
  .rodata            const    0x08032a18     0x24  mbedtls_net.o [1]
  .rodata            const    0x08032a3c     0x24  mem_stats.o [1]
  .rodata            const    0x08032a60     0x24  mqtt-example-b_l475e.o [1]
  .rodata            const    0x08032a84     0x24  mqtt-example-b_l475e.o [1]
  .rodata            const    0x08032aa8     0x24  mqtt-example-b_l475e.o [1]
  .rodata            const    0x08032acc     0x24  mqtt-example-b_l475e.o [1]
  .rodata            const    0x08032af0     0x24  mqtt-example-b_l475e.o [1]
  .rodata            const    0x08032b14     0x24  mqtt-example-b_l475e.o [1]
  .rodata            const    0x08032b38     0x24  mqtt_client.o [1]
  .rodata            const    0x08032b5c     0x24  mqtt_client.o [1]
  .rodata            const    0x08032b80     0x24  mqtt_client.o [1]
  .rodata            const    0x08032ba4     0x24  mqtt_client.o [1]
  .rodata            const    0x08032bc8     0x24  mqtt_client.o [1]
  .rodata            const    0x08032bec     0x24  mqtt_client.o [1]
  .rodata            const    0x08032c10     0x24  mqtt_client.o [1]
  .rodata            const    0x08032c34     0x24  mqtt_client.o [1]
  .rodata            const    0x08032c58     0x24  mqtt_client.o [1]
  .rodata            const    0x08032c7c     0x24  ota_download.o [1]
  .rodata            const    0x08032ca0     0x24  ota_download.o [1]
  .rodata            const    0x08032cc4     0x24  ota_service.o [1]
  .rodata            const    0x08032ce8     0x24  ota_transport.o [1]
  .rodata            const    0x08032d0c     0x24  ota_transport.o [1]
  .rodata            const    0x08032d30     0x24  ota_transport.o [1]
  .rodata            const    0x08032d54     0x24  ota_transport.o [1]
  .rodata            const    0x08032d78     0x24  ota_transport.o [1]
  .rodata            const    0x08032d9c     0x24  ota_update_manifest.o [1]
  .rodata            const    0x08032dc0     0x24  ota_update_manifest.o [1]
  .rodata            const    0x08032de4     0x24  utils_httpc.o [1]
  .rodata            const    0x08032e08     0x24  utils_httpc.o [1]
  .rodata            const    0x08032e2c     0x24  utils_httpc.o [1]
  .rodata            const    0x08032e50     0x24  utils_httpc.o [1]
  .rodata            const    0x08032e74     0x24  utils_httpc.o [1]
  .rodata            const    0x08032e98     0x24  utils_httpc.o [1]
  .rodata            const    0x08032ebc     0x24  utils_list.o [1]
  .rodata            const    0x08032ee0     0x24  vl53l0x_proximity.o [1]
  .rodata            const    0x08032f04     0x24  vl53l0x_proximity.o [1]
  .rodata            const    0x08032f28     0x24  vl53l0x_proximity.o [1]
  .text              ro code  0x08032f4c     0x22  fpinit_M.o [7]
  .iar.init_table    const    0x08032f70     0x2c  - Linker created -
  .rodata            const    0x08032f9c     0x20  aos.o [1]
  .rodata            const    0x08032fbc     0x20  cli.o [1]
  .rodata            const    0x08032fdc     0x20  device_iar.o [1]
  .rodata            const    0x08032ffc     0x20  dumpsys.o [1]
  .rodata            const    0x0803301c     0x20  guider.o [1]
  .rodata            const    0x0803303c     0x20  guider.o [1]
  .rodata            const    0x0803305c     0x20  guider.o [1]
  .rodata            const    0x0803307c     0x20  HAL_TLS_mbedtls.o [1]
  .rodata            const    0x0803309c     0x20  HAL_TLS_mbedtls.o [1]
  .rodata            const    0x080330bc     0x20  HAL_TLS_mbedtls.o [1]
  .rodata            const    0x080330dc     0x20  HAL_TLS_mbedtls.o [1]
  .rodata            const    0x080330fc     0x20  json_parser.o [1]
  .rodata            const    0x0803311c     0x20  k_mm.o [1]
  .rodata            const    0x0803313c     0x20  k_mm.o [1]
  .rodata            const    0x0803315c     0x20  main.o [1]
  .rodata            const    0x0803317c     0x20  mqtt-example-b_l475e.o [1]
  .rodata            const    0x0803319c     0x20  mqtt-example-b_l475e.o [1]
  .rodata            const    0x080331bc     0x20  mqtt-example-b_l475e.o [1]
  .rodata            const    0x080331dc     0x20  mqtt-example-b_l475e.o [1]
  .rodata            const    0x080331fc     0x20  mqtt-example-b_l475e.o [1]
  .rodata            const    0x0803321c     0x20  mqtt-example-b_l475e.o [1]
  .rodata            const    0x0803323c     0x20  mqtt-example-b_l475e.o [1]
  .rodata            const    0x0803325c     0x20  mqtt-example-b_l475e.o [1]
  .rodata            const    0x0803327c     0x20  mqtt-example-b_l475e.o [1]
  .rodata            const    0x0803329c     0x20  mqtt-example-b_l475e.o [1]
  .rodata            const    0x080332bc     0x20  mqtt_client.o [1]
  .rodata            const    0x080332dc     0x20  mqtt_client.o [1]
  .rodata            const    0x080332fc     0x20  mqtt_client.o [1]
  .rodata            const    0x0803331c     0x20  mqtt_client.o [1]
  .rodata            const    0x0803333c     0x20  mqtt_client.o [1]
  .rodata            const    0x0803335c     0x20  mqtt_client.o [1]
  .rodata            const    0x0803337c     0x20  mqtt_client.o [1]
  .rodata            const    0x0803339c     0x20  mqtt_client.o [1]
  .rodata            const    0x080333bc     0x20  mqtt_client.o [1]
  .rodata            const    0x080333dc     0x20  ota_download.o [1]
  .rodata            const    0x080333fc     0x20  ota_port.o [1]
  .rodata            const    0x0803341c     0x20  ota_transport.o [1]
  .rodata            const    0x0803343c     0x20  ota_transport.o [1]
  .rodata            const    0x0803345c     0x20  ota_transport.o [1]
  .rodata            const    0x0803347c     0x20  ota_update_manifest.o [1]
  .rodata            const    0x0803349c     0x20  ota_update_manifest.o [1]
  .rodata            const    0x080334bc     0x20  ota_update_manifest.o [1]
  .rodata            const    0x080334dc     0x20  sdk-impl.o [1]
  .rodata            const    0x080334fc     0x20  sensors_data.o [1]
  .rodata            const    0x0803351c     0x20  sensors_data.o [1]
  .rodata            const    0x0803353c     0x20  sensors_data.o [1]
  .rodata            const    0x0803355c     0x20  sensors_data.o [1]
  .rodata            const    0x0803357c     0x20  sensors_data.o [1]
  .rodata            const    0x0803359c     0x20  utils_httpc.o [1]
  .rodata            const    0x080335bc     0x20  vl53l0x_proximity.o [1]
  .rodata            const    0x080335dc     0x20  wifi_port.o [1]
  .rodata            const    0x080335fc     0x20  wifi_port.o [1]
  .rodata            const    0x0803361c     0x20  yloop.o [1]
  .text              ro code  0x0803363c     0x1e  cmain.o [8]
  .text              ro code  0x0803365a      0x4  low_level_init.o [3]
  .text              ro code  0x0803365e      0x4  exit.o [3]
  .text              ro code  0x08033664      0xa  cexit.o [8]
  .rodata            const    0x08033670     0x1c  aos.o [1]
  .rodata            const    0x0803368c     0x1c  cli.o [1]
  .rodata            const    0x080336a8     0x1c  cli.o [1]
  .rodata            const    0x080336c4     0x1c  device_iar.o [1]
  .rodata            const    0x080336e0     0x1c  flash_l4.o [1]
  .rodata            const    0x080336fc     0x1c  guider.o [1]
  .rodata            const    0x08033718     0x1c  guider.o [1]
  .rodata            const    0x08033734     0x1c  guider.o [1]
  .rodata            const    0x08033750     0x1c  guider.o [1]
  .rodata            const    0x0803376c     0x1c  guider.o [1]
  .rodata            const    0x08033788     0x1c  k_mm.o [1]
  .rodata            const    0x080337a4     0x1c  k_mm_debug.o [1]
  .rodata            const    0x080337c0     0x1c  mbedtls_net.o [1]
  .rodata            const    0x080337dc     0x1c  mqtt-example-b_l475e.o [1]
  .rodata            const    0x080337f8     0x1c  mqtt-example-b_l475e.o [1]
  .rodata            const    0x08033814     0x1c  mqtt_client.o [1]
  .rodata            const    0x08033830     0x1c  mqtt_client.o [1]
  .rodata            const    0x0803384c     0x1c  mqtt_client.o [1]
  .rodata            const    0x08033868     0x1c  mqtt_client.o [1]
  .rodata            const    0x08033884     0x1c  mqtt_client.o [1]
  .rodata            const    0x080338a0     0x1c  mqtt_client.o [1]
  .rodata            const    0x080338bc     0x1c  mqtt_client.o [1]
  .rodata            const    0x080338d8     0x1c  mqtt_client.o [1]
  .rodata            const    0x080338f4     0x1c  mqtt_client.o [1]
  .rodata            const    0x08033910     0x1c  mqtt_client.o [1]
  .rodata            const    0x0803392c     0x1c  mqtt_client.o [1]
  .rodata            const    0x08033948     0x1c  mqtt_client.o [1]
  .rodata            const    0x08033964     0x1c  mqtt_client.o [1]
  .rodata            const    0x08033980     0x1c  mqtt_client.o [1]
  .rodata            const    0x0803399c     0x1c  mqtt_client.o [1]
  .rodata            const    0x080339b8     0x1c  mqtt_client.o [1]
  .rodata            const    0x080339d4     0x1c  mqtt_client.o [1]
  .rodata            const    0x080339f0     0x1c  mqtt_client.o [1]
  .rodata            const    0x08033a0c     0x1c  mqtt_client.o [1]
  .rodata            const    0x08033a28     0x1c  mqtt_client.o [1]
  .rodata            const    0x08033a44     0x1c  mqtt_client.o [1]
  .rodata            const    0x08033a60     0x1c  mqtt_client.o [1]
  .rodata            const    0x08033a7c     0x1c  mqtt_client.o [1]
  .rodata            const    0x08033a98     0x1c  mqtt_client.o [1]
  .rodata            const    0x08033ab4     0x1c  netmgr.o [1]
  .rodata            const    0x08033ad0     0x1c  ota_download.o [1]
  .rodata            const    0x08033aec     0x1c  ota_port.o [1]
  .rodata            const    0x08033b08     0x1c  ota_transport.o [1]
  .rodata            const    0x08033b24     0x1c  ota_transport.o [1]
  .rodata            const    0x08033b40     0x1c  ota_update_manifest.o [1]
  .rodata            const    0x08033b5c     0x1c  ota_update_manifest.o [1]
  .rodata            const    0x08033b78     0x1c  ota_update_manifest.o [1]
  .rodata            const    0x08033b94     0x1c  sdk-impl.o [1]
  .rodata            const    0x08033bb0     0x1c  sdk-impl.o [1]
  .rodata            const    0x08033bcc     0x1c  sensors_data.o [1]
  .rodata            const    0x08033be8     0x1c  utils_httpc.o [1]
  .rodata            const    0x08033c04     0x1c  utils_httpc.o [1]
  .rodata            const    0x08033c20     0x1c  utils_httpc.o [1]
  .rodata            const    0x08033c3c     0x1c  utils_httpc.o [1]
  .rodata            const    0x08033c58     0x1c  utils_httpc.o [1]
  .rodata            const    0x08033c74     0x1c  utils_httpc.o [1]
  .rodata            const    0x08033c90     0x1c  utils_httpc.o [1]
  .rodata            const    0x08033cac     0x1c  utils_httpc.o [1]
  .rodata            const    0x08033cc8     0x1c  utils_httpc.o [1]
  .rodata            const    0x08033ce4     0x1c  utils_httpc.o [1]
  .rodata            const    0x08033d00     0x1c  utils_list.o [1]
  .rodata            const    0x08033d1c     0x1c  vl53l0x_proximity.o [1]
  .rodata            const    0x08033d38     0x1c  wifi_port.o [1]
  .rodata            const    0x08033d54     0x1c  yloop.o [1]
  .rodata            const    0x08033d70     0x18  cli.o [1]
  .rodata            const    0x08033d88     0x18  cli.o [1]
  .rodata            const    0x08033da0     0x18  cli.o [1]
  .rodata            const    0x08033db8     0x18  cli.o [1]
  .rodata            const    0x08033dd0     0x18  cli.o [1]
  .rodata            const    0x08033de8     0x18  cli.o [1]
  .rodata            const    0x08033e00     0x18  device.o [1]
  .rodata            const    0x08033e18     0x18  device_iar.o [1]
  .rodata            const    0x08033e30     0x18  device_iar.o [1]
  .rodata            const    0x08033e48     0x18  device_iar.o [1]
  .rodata            const    0x08033e60     0x18  flash_port.o [1]
  .rodata            const    0x08033e78     0x18  guider.o [1]
  .rodata            const    0x08033e90     0x18  guider.o [1]
  .rodata            const    0x08033ea8     0x18  guider.o [1]
  .rodata            const    0x08033ec0     0x18  guider.o [1]
  .rodata            const    0x08033ed8     0x18  guider.o [1]
  .rodata            const    0x08033ef0     0x18  guider.o [1]
  .rodata            const    0x08033f08     0x18  guider.o [1]
  .rodata            const    0x08033f20     0x18  guider.o [1]
  .rodata            const    0x08033f38     0x18  HAL_TLS_mbedtls.o [1]
  .rodata            const    0x08033f50     0x18  HAL_TLS_mbedtls.o [1]
  .rodata            const    0x08033f68     0x18  hw.o [1]
  .rodata            const    0x08033f80     0x18  json_parser.o [1]
  .rodata            const    0x08033f98     0x18  k_mm_debug.o [1]
  .rodata            const    0x08033fb0     0x18  mqtt-example-b_l475e.o [1]
  .rodata            const    0x08033fc8     0x18  mqtt-example-b_l475e.o [1]
  .rodata            const    0x08033fe0     0x18  mqtt-example-b_l475e.o [1]
  .rodata            const    0x08033ff8     0x18  mqtt-example-b_l475e.o [1]
  .rodata            const    0x08034010     0x18  mqtt-example-b_l475e.o [1]
  .rodata            const    0x08034028     0x18  mqtt-example-b_l475e.o [1]
  .rodata            const    0x08034040     0x18  mqtt-example-b_l475e.o [1]
  .rodata            const    0x08034058     0x18  mqtt_client.o [1]
  .rodata            const    0x08034070     0x18  mqtt_client.o [1]
  .rodata            const    0x08034088     0x18  mqtt_client.o [1]
  .rodata            const    0x080340a0     0x18  mqtt_client.o [1]
  .rodata            const    0x080340b8     0x18  mqtt_client.o [1]
  .rodata            const    0x080340d0     0x18  mqtt_client.o [1]
  .rodata            const    0x080340e8     0x18  mqtt_client.o [1]
  .rodata            const    0x08034100     0x18  mqtt_client.o [1]
  .rodata            const    0x08034118     0x18  mqtt_client.o [1]
  .rodata            const    0x08034130     0x18  mqtt_client.o [1]
  .rodata            const    0x08034148     0x18  mqtt_client.o [1]
  .rodata            const    0x08034160     0x18  mqtt_client.o [1]
  .rodata            const    0x08034178     0x18  mqtt_client.o [1]
  .rodata            const    0x08034190     0x18  mqtt_client.o [1]
  .rodata            const    0x080341a8     0x18  mqtt_client.o [1]
  .rodata            const    0x080341c0     0x18  mqtt_client.o [1]
  .rodata            const    0x080341d8     0x18  mqtt_client.o [1]
  .rodata            const    0x080341f0     0x18  mqtt_client.o [1]
  .rodata            const    0x08034208     0x18  mqtt_client.o [1]
  .rodata            const    0x08034220     0x18  mqtt_client.o [1]
  .rodata            const    0x08034238     0x18  mqtt_client.o [1]
  .rodata            const    0x08034250     0x18  ota_download.o [1]
  .rodata            const    0x08034268     0x18  ota_download.o [1]
  .rodata            const    0x08034280     0x18  ota_transport.o [1]
  .rodata            const    0x08034298     0x18  ota_transport.o [1]
  .rodata            const    0x080342b0     0x18  ota_transport.o [1]
  .rodata            const    0x080342c8     0x18  ota_transport.o [1]
  .rodata            const    0x080342e0     0x18  sensors_data.o [1]
  .rodata            const    0x080342f8     0x18  trace_impl.o [1]
  .rodata            const    0x08034310     0x18  utils_httpc.o [1]
  .rodata            const    0x08034328     0x18  utils_httpc.o [1]
  .rodata            const    0x08034340     0x18  utils_httpc.o [1]
  .rodata            const    0x08034358     0x18  utils_httpc.o [1]
  .rodata            const    0x08034370     0x18  utils_httpc.o [1]
  .rodata            const    0x08034388     0x18  utils_httpc.o [1]
  .rodata            const    0x080343a0     0x18  utils_httpc.o [1]
  .rodata            const    0x080343b8     0x18  utils_httpc.o [1]
  .rodata            const    0x080343d0     0x18  utils_httpc.o [1]
  .rodata            const    0x080343e8     0x18  utils_httpc.o [1]
  .rodata            const    0x08034400     0x18  utils_httpc.o [1]
  .rodata            const    0x08034418     0x18  utils_httpc.o [1]
  .rodata            const    0x08034430     0x18  utils_httpc.o [1]
  .rodata            const    0x08034448     0x18  utils_httpc.o [1]
  .rodata            const    0x08034460     0x18  utils_httpc.o [1]
  .rodata            const    0x08034478     0x18  utils_httpc.o [1]
  .rodata            const    0x08034490     0x18  utils_list.o [1]
  .rodata            const    0x080344a8     0x18  version.o [1]
  .rodata            const    0x080344c0     0x18  version.o [1]
  .rodata            const    0x080344d8     0x18  vl53l0x_api_strings.o [1]
  .rodata            const    0x080344f0     0x18  wifi_port.o [1]
  .rodata            const    0x08034508     0x18  wifi_port.o [1]
  .rodata            const    0x08034520     0x18  wifi_port.o [1]
  .rodata            const    0x08034538     0x18  wifi_port.o [1]
  .rodata            const    0x08034550     0x18  wifi_port.o [1]
  .text              ro code  0x08034568     0x18  xfprout.o [3]
  .text              ro code  0x08034580     0x16  xprout.o [3]
  .text              ro code  0x08034598      0xc  putchar.o [3]
  .rodata            const    0x080345a4     0x14  cli.o [1]
  .rodata            const    0x080345b8     0x14  cli.o [1]
  .rodata            const    0x080345cc     0x14  cli.o [1]
  .rodata            const    0x080345e0     0x14  cli.o [1]
  .rodata            const    0x080345f4     0x14  cli.o [1]
  .rodata            const    0x08034608     0x14  dumpsys.o [1]
  .rodata            const    0x0803461c     0x14  guider.o [1]
  .rodata            const    0x08034630     0x14  guider.o [1]
  .rodata            const    0x08034644     0x14  guider.o [1]
  .rodata            const    0x08034658     0x14  guider.o [1]
  .rodata            const    0x0803466c     0x14  HAL_TCP_rhino.o [1]
  .rodata            const    0x08034680     0x14  HAL_TLS_mbedtls.o [1]
  .rodata            const    0x08034694     0x14  HAL_TLS_mbedtls.o [1]
  .rodata            const    0x080346a8     0x14  HAL_TLS_mbedtls.o [1]
  .rodata            const    0x080346bc     0x14  json_token.o [1]
  .rodata            const    0x080346d0     0x14  k_dyn_mem_proc.o [1]
  .rodata            const    0x080346e4     0x14  k_mm_debug.o [1]
  .rodata            const    0x080346f8     0x14  k_mm_debug.o [1]
  .rodata            const    0x0803470c     0x14  k_mm_debug.o [1]
  .rodata            const    0x08034720     0x14  kvmgr.o [1]
  .rodata            const    0x08034734     0x14  kvmgr.o [1]
  .rodata            const    0x08034748     0x14  kvmgr.o [1]
  .rodata            const    0x0803475c     0x14  kvmgr.o [1]
  .rodata            const    0x08034770     0x14  mbedtls_net.o [1]
  .rodata            const    0x08034784     0x14  mbedtls_net.o [1]
  .rodata            const    0x08034798     0x14  mbedtls_net.o [1]
  .rodata            const    0x080347ac     0x14  mbedtls_net.o [1]
  .rodata            const    0x080347c0     0x14  mem_stats.o [1]
  .rodata            const    0x080347d4     0x14  mqtt-example-b_l475e.o [1]
  .rodata            const    0x080347e8     0x14  mqtt-example-b_l475e.o [1]
  .rodata            const    0x080347fc     0x14  mqtt-example-b_l475e.o [1]
  .rodata            const    0x08034810     0x14  mqtt-example-b_l475e.o [1]
  .rodata            const    0x08034824     0x14  mqtt_client.o [1]
  .rodata            const    0x08034838     0x14  mqtt_client.o [1]
  .rodata            const    0x0803484c     0x14  mqtt_client.o [1]
  .rodata            const    0x08034860     0x14  mqtt_client.o [1]
  .rodata            const    0x08034874     0x14  mqtt_client.o [1]
  .rodata            const    0x08034888     0x14  mqtt_client.o [1]
  .rodata            const    0x0803489c     0x14  mqtt_client.o [1]
  .rodata            const    0x080348b0     0x14  mqtt_client.o [1]
  .rodata            const    0x080348c4     0x14  mqtt_client.o [1]
  .rodata            const    0x080348d8     0x14  mqtt_client.o [1]
  .rodata            const    0x080348ec     0x14  mqtt_client.o [1]
  .rodata            const    0x08034900     0x14  mqtt_client.o [1]
  .rodata            const    0x08034914     0x14  mqtt_client.o [1]
  .rodata            const    0x08034928     0x14  mqtt_client.o [1]
  .rodata            const    0x0803493c     0x14  mqtt_client.o [1]
  .rodata            const    0x08034950     0x14  mqtt_client.o [1]
  .rodata            const    0x08034964     0x14  mqtt_client.o [1]
  .rodata            const    0x08034978     0x14  mqtt_client.o [1]
  .rodata            const    0x0803498c     0x14  mqtt_client.o [1]
  .rodata            const    0x080349a0     0x14  mqtt_client.o [1]
  .rodata            const    0x080349b4     0x14  mqtt_client.o [1]
  .rodata            const    0x080349c8     0x14  ota_port.o [1]
  .rodata            const    0x080349dc     0x14  sdk-impl.o [1]
  .rodata            const    0x080349f0     0x14  sensors_data.o [1]
  .rodata            const    0x08034a04     0x14  utils_httpc.o [1]
  .rodata            const    0x08034a18     0x14  utils_httpc.o [1]
  .rodata            const    0x08034a2c     0x14  utils_httpc.o [1]
  .rodata            const    0x08034a40     0x14  utils_httpc.o [1]
  .rodata            const    0x08034a54     0x14  utils_httpc.o [1]
  .rodata            const    0x08034a68     0x14  utils_httpc.o [1]
  .rodata            const    0x08034a7c     0x14  utils_httpc.o [1]
  .rodata            const    0x08034a90     0x14  utils_httpc.o [1]
  .rodata            const    0x08034aa4     0x14  utils_httpc.o [1]
  .rodata            const    0x08034ab8     0x14  utils_httpc.o [1]
  .rodata            const    0x08034acc     0x14  utils_httpc.o [1]
  .rodata            const    0x08034ae0     0x14  utils_httpc.o [1]
  .rodata            const    0x08034af4     0x14  utils_httpc.o [1]
  .rodata            const    0x08034b08     0x14  utils_httpc.o [1]
  .rodata            const    0x08034b1c     0x14  utils_httpc.o [1]
  .rodata            const    0x08034b30     0x14  version.o [1]
  .rodata            const    0x08034b44     0x14  wifi_port.o [1]
  .rodata            const    0x08034b58     0x14  yloop.o [1]
  .rodata            const    0x08034b6c     0x10  cli.o [1]
  .rodata            const    0x08034b7c     0x10  cli.o [1]
  .rodata            const    0x08034b8c     0x10  cli.o [1]
  .rodata            const    0x08034b9c     0x10  cli.o [1]
  .rodata            const    0x08034bac     0x10  cli.o [1]
  .rodata            const    0x08034bbc     0x10  cli.o [1]
  .rodata            const    0x08034bcc     0x10  cli.o [1]
  .rodata            const    0x08034bdc     0x10  cli.o [1]
  .rodata            const    0x08034bec     0x10  cli.o [1]
  .rodata            const    0x08034bfc     0x10  es_wifi.o [1]
  .rodata            const    0x08034c0c     0x10  guider.o [1]
  .rodata            const    0x08034c1c     0x10  guider.o [1]
  .rodata            const    0x08034c2c     0x10  guider.o [1]
  .rodata            const    0x08034c3c     0x10  guider.o [1]
  .rodata            const    0x08034c4c     0x10  guider.o [1]
  .rodata            const    0x08034c5c     0x10  guider.o [1]
  .rodata            const    0x08034c6c     0x10  guider.o [1]
  .rodata            const    0x08034c7c     0x10  guider.o [1]
  .rodata            const    0x08034c8c     0x10  guider.o [1]
  .rodata            const    0x08034c9c     0x10  guider.o [1]
  .rodata            const    0x08034cac     0x10  guider.o [1]
  .rodata            const    0x08034cbc     0x10  guider.o [1]
  .rodata            const    0x08034ccc     0x10  guider.o [1]
  .rodata            const    0x08034cdc     0x10  guider.o [1]
  .rodata            const    0x08034cec     0x10  HAL_TCP_rhino.o [1]
  .rodata            const    0x08034cfc     0x10  HAL_TCP_rhino.o [1]
  .rodata            const    0x08034d0c     0x10  HAL_TCP_rhino.o [1]
  .rodata            const    0x08034d1c     0x10  HAL_TLS_mbedtls.o [1]
  .rodata            const    0x08034d2c     0x10  HAL_TLS_mbedtls.o [1]
  .rodata            const    0x08034d3c     0x10  k_mm.o [1]
  .rodata            const    0x08034d4c     0x10  k_mm_debug.o [1]
  .rodata            const    0x08034d5c     0x10  k_mm_debug.o [1]
  .rodata            const    0x08034d6c     0x10  k_mm_debug.o [1]
  .rodata            const    0x08034d7c     0x10  k_mm_debug.o [1]
  .rodata            const    0x08034d8c     0x10  k_timer.o [1]
  .rodata            const    0x08034d9c     0x10  kvmgr.o [1]
  .rodata            const    0x08034dac     0x10  lite-log.o [1]
  .rodata            const    0x08034dbc     0x10  mqtt-example-b_l475e.o [1]
  .rodata            const    0x08034dcc     0x10  mqtt-example-b_l475e.o [1]
  .rodata            const    0x08034ddc     0x10  mqtt-example-b_l475e.o [1]
  .rodata            const    0x08034dec     0x10  mqtt_client.o [1]
  .rodata            const    0x08034dfc     0x10  mqtt_client.o [1]
  .rodata            const    0x08034e0c     0x10  mqtt_client.o [1]
  .rodata            const    0x08034e1c     0x10  mqtt_client.o [1]
  .rodata            const    0x08034e2c     0x10  mqtt_client.o [1]
  .rodata            const    0x08034e3c     0x10  mqtt_client.o [1]
  .rodata            const    0x08034e4c     0x10  mqtt_client.o [1]
  .rodata            const    0x08034e5c     0x10  mqtt_client.o [1]
  .rodata            const    0x08034e6c     0x10  mqtt_client.o [1]
  .rodata            const    0x08034e7c     0x10  mqtt_client.o [1]
  .rodata            const    0x08034e8c     0x10  mqtt_client.o [1]
  .rodata            const    0x08034e9c     0x10  mqtt_client.o [1]
  .rodata            const    0x08034eac     0x10  mqtt_client.o [1]
  .rodata            const    0x08034ebc     0x10  mqtt_client.o [1]
  .rodata            const    0x08034ecc     0x10  mqtt_client.o [1]
  .rodata            const    0x08034edc     0x10  mqtt_client.o [1]
  .rodata            const    0x08034eec     0x10  mqtt_client.o [1]
  .rodata            const    0x08034efc     0x10  mqtt_client.o [1]
  .rodata            const    0x08034f0c     0x10  mqtt_client.o [1]
  .rodata            const    0x08034f1c     0x10  mqtt_client.o [1]
  .rodata            const    0x08034f2c     0x10  mqtt_client.o [1]
  .rodata            const    0x08034f3c     0x10  netmgr.o [1]
  .rodata            const    0x08034f4c     0x10  ota_download.o [1]
  .rodata            const    0x08034f5c     0x10  ota_version.o [1]
  .rodata            const    0x08034f6c     0x10  ota_version.o [1]
  .rodata            const    0x08034f7c     0x10  sdk-impl.o [1]
  .rodata            const    0x08034f8c     0x10  system_stm32l4xx.o [1]
  .rodata            const    0x08034f9c     0x10  utils_httpc.o [1]
  .rodata            const    0x08034fac     0x10  utils_httpc.o [1]
  .rodata            const    0x08034fbc     0x10  utils_httpc.o [1]
  .rodata            const    0x08034fcc     0x10  utils_httpc.o [1]
  .rodata            const    0x08034fdc     0x10  utils_httpc.o [1]
  .rodata            const    0x08034fec     0x10  utils_httpc.o [1]
  .rodata            const    0x08034ffc     0x10  utils_list.o [1]
  .rodata            const    0x0803500c     0x10  utils_list.o [1]
  .rodata            const    0x0803501c     0x10  utils_net.o [1]
  .rodata            const    0x0803502c     0x10  utils_net.o [1]
  .rodata            const    0x0803503c     0x10  utils_net.o [1]
  .rodata            const    0x0803504c     0x10  utils_timer.o [1]
  .rodata            const    0x0803505c     0x10  version.o [1]
  .text              ro code  0x0803506c     0x10  startup_stm32l475xx_icc.o [1]
  .rodata            const    0x0803507c      0xc  aos.o [1]
  .rodata            const    0x08035088      0xc  aos_rhino.o [1]
  .rodata            const    0x08035094      0xc  board.o [1]
  .rodata            const    0x080350a0      0xc  board.o [1]
  .rodata            const    0x080350ac      0xc  board.o [1]
  .rodata            const    0x080350b8      0xc  board.o [1]
  .rodata            const    0x080350c4      0xc  board.o [1]
  .rodata            const    0x080350d0      0xc  board.o [1]
  .rodata            const    0x080350dc      0xc  cli.o [1]
  .rodata            const    0x080350e8      0xc  cli.o [1]
  .rodata            const    0x080350f4      0xc  cli.o [1]
  .rodata            const    0x08035100      0xc  cli.o [1]
  .rodata            const    0x0803510c      0xc  cli.o [1]
  .rodata            const    0x08035118      0xc  cli.o [1]
  .rodata            const    0x08035124      0xc  cli.o [1]
  .rodata            const    0x08035130      0xc  cli.o [1]
  .rodata            const    0x0803513c      0xc  cli.o [1]
  .rodata            const    0x08035148      0xc  cli.o [1]
  .rodata            const    0x08035154      0xc  cli.o [1]
  .rodata            const    0x08035160      0xc  device.o [1]
  .rodata            const    0x0803516c      0xc  dumpsys.o [1]
  .rodata            const    0x08035178      0xc  dumpsys.o [1]
  .rodata            const    0x08035184      0xc  dumpsys.o [1]
  .rodata            const    0x08035190      0xc  es_wifi.o [1]
  .rodata            const    0x0803519c      0xc  es_wifi.o [1]
  .rodata            const    0x080351a8      0xc  guider.o [1]
  .rodata            const    0x080351b4      0xc  guider.o [1]
  .rodata            const    0x080351c0      0xc  guider.o [1]
  .rodata            const    0x080351cc      0xc  guider.o [1]
  .rodata            const    0x080351d8      0xc  guider.o [1]
  .rodata            const    0x080351e4      0xc  guider.o [1]
  .rodata            const    0x080351f0      0xc  guider.o [1]
  .rodata            const    0x080351fc      0xc  guider.o [1]
  .rodata            const    0x08035208      0xc  guider.o [1]
  .rodata            const    0x08035214      0xc  guider.o [1]
  .rodata            const    0x08035220      0xc  guider.o [1]
  .rodata            const    0x0803522c      0xc  guider.o [1]
  .rodata            const    0x08035238      0xc  guider.o [1]
  .rodata            const    0x08035244      0xc  guider.o [1]
  .rodata            const    0x08035250      0xc  guider.o [1]
  .rodata            const    0x0803525c      0xc  guider.o [1]
  .rodata            const    0x08035268      0xc  guider.o [1]
  .rodata            const    0x08035274      0xc  guider.o [1]
  .rodata            const    0x08035280      0xc  guider.o [1]
  .rodata            const    0x0803528c      0xc  HAL_TLS_mbedtls.o [1]
  .rodata            const    0x08035298      0xc  json_parser.o [1]
  .rodata            const    0x080352a4      0xc  json_token.o [1]
  .rodata            const    0x080352b0      0xc  k_mm_debug.o [1]
  .rodata            const    0x080352bc      0xc  k_mm_debug.o [1]
  .rodata            const    0x080352c8      0xc  k_mm_debug.o [1]
  .rodata            const    0x080352d4      0xc  k_sys.o [1]
  .rodata            const    0x080352e0      0xc  k_timer.o [1]
  .rodata            const    0x080352ec      0xc  k_timer.o [1]
  .rodata            const    0x080352f8      0xc  kvmgr.o [1]
  .rodata            const    0x08035304      0xc  local_event.o [1]
  .rodata            const    0x08035310      0xc  mqtt-example-b_l475e.o [1]
  .rodata            const    0x0803531c      0xc  mqtt-example-b_l475e.o [1]
  .rodata            const    0x08035328      0xc  mqtt-example-b_l475e.o [1]
  .rodata            const    0x08035334      0xc  mqtt-example-b_l475e.o [1]
  .rodata            const    0x08035340      0xc  mqtt_client.o [1]
  .rodata            const    0x0803534c      0xc  mqtt_client.o [1]
  .rodata            const    0x08035358      0xc  mqtt_client.o [1]
  .rodata            const    0x08035364      0xc  mqtt_client.o [1]
  .rodata            const    0x08035370      0xc  mqtt_client.o [1]
  .rodata            const    0x0803537c      0xc  mqtt_client.o [1]
  .rodata            const    0x08035388      0xc  mqtt_client.o [1]
  .rodata            const    0x08035394      0xc  netmgr.o [1]
  .rodata            const    0x080353a0      0xc  netmgr.o [1]
  .rodata            const    0x080353ac      0xc  netmgr.o [1]
  .rodata            const    0x080353b8      0xc  ota_download.o [1]
  .rodata            const    0x080353c4      0xc  ota_download.o [1]
  .rodata            const    0x080353d0      0xc  ota_transport.o [1]
  .rodata            const    0x080353dc      0xc  sdk-impl.o [1]
  .rodata            const    0x080353e8      0xc  sdk-impl.o [1]
  .rodata            const    0x080353f4      0xc  utils_httpc.o [1]
  .rodata            const    0x08035400      0xc  utils_httpc.o [1]
  .rodata            const    0x0803540c      0xc  utils_httpc.o [1]
  .rodata            const    0x08035418      0xc  utils_list.o [1]
  .rodata            const    0x08035424      0xc  utils_list.o [1]
  .rodata            const    0x08035430      0xc  utils_net.o [1]
  .rodata            const    0x0803543c      0xc  utils_net.o [1]
  .rodata            const    0x08035448      0xc  utils_net.o [1]
  .rodata            const    0x08035454      0xc  utils_net.o [1]
  .rodata            const    0x08035460      0xc  version.o [1]
  .rodata            const    0x0803546c      0xc  vl53l0x_api_strings.o [1]
  .rodata            const    0x08035478      0xc  vl53l0x_api_strings.o [1]
  .rodata            const    0x08035484      0xc  vl53l0x_api_strings.o [1]
  .rodata            const    0x08035490      0xc  wifi_port.o [1]
  .text              ro code  0x0803549c      0xc  cstartup_M.o [8]
  .rodata            const    0x080354a8      0x8  aos.o [1]
  .rodata            const    0x080354b0      0x8  cJSON.o [1]
  .rodata            const    0x080354b8      0x8  cJSON.o [1]
  .rodata            const    0x080354c0      0x8  cJSON.o [1]
  .rodata            const    0x080354c8      0x8  cJSON.o [1]
  .rodata            const    0x080354d0      0x8  cli.o [1]
  .rodata            const    0x080354d8      0x8  cli.o [1]
  .rodata            const    0x080354e0      0x8  cli.o [1]
  .rodata            const    0x080354e8      0x8  cli.o [1]
  .rodata            const    0x080354f0      0x8  cli.o [1]
  .rodata            const    0x080354f8      0x8  cli.o [1]
  .rodata            const    0x08035500      0x8  cli.o [1]
  .rodata            const    0x08035508      0x8  cli.o [1]
  .rodata            const    0x08035510      0x8  cli.o [1]
  .rodata            const    0x08035518      0x8  cli.o [1]
  .rodata            const    0x08035520      0x8  cli.o [1]
  .rodata            const    0x08035528      0x8  cli.o [1]
  .rodata            const    0x08035530      0x8  cli.o [1]
  .rodata            const    0x08035538      0x8  cli.o [1]
  .rodata            const    0x08035540      0x8  cli.o [1]
  .rodata            const    0x08035548      0x8  cli.o [1]
  .rodata            const    0x08035550      0x8  cli.o [1]
  .rodata            const    0x08035558      0x8  cli.o [1]
  .rodata            const    0x08035560      0x8  cli.o [1]
  .rodata            const    0x08035568      0x8  cli.o [1]
  .rodata            const    0x08035570      0x8  device_iar.o [1]
  .rodata            const    0x08035578      0x8  dumpsys.o [1]
  .rodata            const    0x08035580      0x8  dumpsys.o [1]
[...]
post_poll               0x0802b4f9    0x66  Code  Lc  vfs.o [1]
pow                     0x080289e5    0x14  Code  Gb  pow64.o [7]
power_off               0x0802f48b     0x6  Code  Lc  wifi_port.o [1]
power_on                0x0802f491     0x6  Code  Lc  wifi_port.o [1]
powl                    0x080289e5    0x14  Code  Gb  pow64.o [7]
pre_poll                0x0802b449    0xb0  Code  Lc  vfs.o [1]
preferred_cpu_ready_task_get
                        0x08010699    0x1a  Code  Gb  k_sched.o [1]
print_bad_command       0x08015829    0x14  Code  Lc  cli.o [1]
print_block             0x08010c8d    0xac  Code  Gb  k_mm_debug.o [1]
printf                  0x08004f51    0x28  Code  Gb  printf.o [3]
putchar                 0x08034599     0xc  Code  Gb  putchar.o [3]
queue_create            0x08015f75    0x84  Code  Lc  k_queue.o [1]
rand                    0x0800a891    0x96  Code  Gb  rand.o [3]
randseed                0x20000858     0x4  Data  Lc  ali_crypto_rand.o [4]
ranmatch                0x08014ae3    0x42  Code  Lc  xscanflarge_nomb.o [3]
raw_erase               0x08024e29    0x12  Code  Lc  kvmgr.o [1]
raw_read                0x08024e01    0x14  Code  Lc  kvmgr.o [1]
raw_write               0x08024e15    0x14  Code  Lc  kvmgr.o [1]
readChar                0x08003dbf    0x10  Code  Gb  MQTTPacket.o [1]
readInt                 0x08003da3    0x1c  Code  Gb  MQTTPacket.o [1]
readMQTTLenString       0x08003e75    0x3c  Code  Gb  MQTTPacket.o [1]
read_persistent_conf    0x0802a5ef    0x1c  Code  Lc  netmgr.o [1]
read_ssl                0x080040f5    0x2e  Code  Lc  utils_net.o [1]
read_ssl::__FUNCTION__  0x0803543c     0xc  Data  Lc  utils_net.o [1]
read_tcp                0x08004075    0x18  Code  Gb  utils_net.o [1]
ready_list_add          0x080105d5    0x32  Code  Gb  k_sched.o [1]
ready_list_add_head     0x080105b5    0x10  Code  Gb  k_sched.o [1]
ready_list_add_tail     0x080105c5    0x10  Code  Gb  k_sched.o [1]
ready_list_head_to_tail
                        0x08010685    0x14  Code  Gb  k_sched.o [1]
ready_list_init         0x080104f7    0x40  Code  Lc  k_sched.o [1]
ready_list_rm           0x08010607    0x7e  Code  Gb  k_sched.o [1]
reboot_cmd              0x08015c4d    0x18  Code  Lc  cli.o [1]
reconnect_wifi          0x0802a2c5    0x62  Code  Lc  netmgr.o [1]
refArrayQuadrants       0x20000788    0x10  Data  Gb  vl53l0x_api_calibration.o [1]
register_monitor_cb     0x0802f4b3     0x2  Code  Lc  wifi_port.o [1]
register_wlan_mgnt_monitor_cb
                        0x0802f4b5     0x2  Code  Lc  wifi_port.o [1]
removesize              0x08009ae1    0x1a  Code  Lc  k_mm.o [1]
rhino_stack_check_init  0x0800a44f     0x2  Code  Lc  k_sys.o [1]
ringbuf_headlen_decompress
                        0x080181e7    0x58  Code  Lc  k_ringbuf.o [1]
ringbuf_init            0x080181b1    0x36  Code  Gb  k_ringbuf.o [1]
ringbuf_is_empty        0x080183cb    0x16  Code  Gb  k_ringbuf.o [1]
ringbuf_pop             0x0801823f   0x18c  Code  Gb  k_ringbuf.o [1]
ringbuf_reset           0x080183e1    0x16  Code  Gb  k_ringbuf.o [1]
rsa_alloc_wrap          0x0802fe2f    0x1a  Code  Lc  pk_wrap.o [6]
rsa_can_do              0x0802fdcd     0x8  Code  Lc  pk_wrap.o [6]
rsa_debug_wrap          0x0802fe5b    0x20  Code  Lc  pk_wrap.o [6]
rsa_decrypt_alt         0x08016e8d     0xc  Code  Gb  mbedtls_alt.o [6]
rsa_decrypt_alt::__FUNCTION__
                        0x08017244    0x10  Data  Lc  mbedtls_alt.o [6]
rsa_decrypt_wrap        0x0802fdfb    0x18  Code  Lc  pk_wrap.o [6]
rsa_encrypt_alt         0x08016e99    0xec  Code  Gb  mbedtls_alt.o [6]
rsa_encrypt_alt::__FUNCTION__
                        0x08017254    0x10  Data  Lc  mbedtls_alt.o [6]
rsa_encrypt_wrap        0x0802fe13    0x1c  Code  Lc  pk_wrap.o [6]
rsa_free_wrap           0x0802fe49    0x12  Code  Lc  pk_wrap.o [6]
rsa_get_bitlen          0x0802fdd5     0x6  Code  Lc  pk_wrap.o [6]
rsa_prepare_blinding    0x0801e821    0xc2  Code  Lc  rsa.o [5]
rsa_sign_alt            0x08016e75     0xa  Code  Gb  mbedtls_alt.o [6]
rsa_sign_alt::__FUNCTION__
                        0x08017234    0x10  Data  Lc  mbedtls_alt.o [6]
rsa_sign_wrap           0x0802fdeb    0x10  Code  Lc  pk_wrap.o [6]
rsa_verify_alt          0x08016d09   0x164  Code  Gb  mbedtls_alt.o [6]
rsa_verify_alt::__FUNCTION__
                        0x08017134    0x10  Data  Lc  mbedtls_alt.o [6]
rsa_verify_wrap         0x0802fddb    0x10  Code  Lc  pk_wrap.o [6]
runqueue_init           0x080104db    0x1c  Code  Gb  k_sched.o [1]
sFileInfo               0x20004cc0    0x80  Data  Lc  XShHandles.o [3]
save_state              0x0802ce11     0x2  Code  Gb  download_common.o [1]
scalbln                 0x0800f959          Code  Gb  ldexp.o [7]
scalblnl                0x0800f959          Code  Gb  ldexp.o [7]
scalbn                  0x0800f959          Code  Gb  ldexp.o [7]
scalbnl                 0x0800f959          Code  Gb  ldexp.o [7]
scale                   0x08008147    0x46  Code  Lc  xprintffull_nomb.o [3]
sec_hand                0x20005390     0x4  Data  Lc  xfail_s.o [3]
secmode_str             0x20000720    0x1c  Data  Gb  guider.o [1]
sem_create              0x080096bf    0x56  Code  Lc  k_sem.o [1]
sem_give                0x080097a9    0xa6  Code  Lc  k_sem.o [1]
sequence_step_enabled   0x08022371    0x54  Code  Gb  vl53l0x_api.o [1]
set_access_security     0x0802a205    0x7c  Code  Lc  netmgr.o [1]
set_channel             0x0802f4a9     0x6  Code  Lc  wifi_port.o [1]
set_download_url        0x0802bdfd    0x60  Code  Lc  ota_update_manifest.o [1]
set_ref_spad_map        0x08023373    0x16  Code  Gb  vl53l0x_api_calibration.o [1]
set_sequence_step_timeout
                        0x08020bef   0x178  Code  Gb  vl53l0x_api_core.o [1]
set_wifi_ssid           0x0802a3e1    0x52  Code  Lc  netmgr.o [1]
setup_fd                0x0802b3fd     0x2  Code  Lc  vfs.o [1]
sha1_clone_wrap         0x0802fee3     0x4  Code  Lc  md_wrap.o [6]
sha1_ctx_alloc          0x0802fecd    0x16  Code  Lc  md_wrap.o [6]
sha1_ctx_free           0x0802fee7     0x8  Code  Lc  md_wrap.o [6]
sha1_finish_wrap        0x0802fec9     0x4  Code  Lc  md_wrap.o [6]
sha1_padding            0x08024d88    0x40  Data  Lc  sha1.o [6]
sha1_process_wrap       0x0802fef9     0x4  Code  Lc  md_wrap.o [6]
sha1_starts_wrap        0x0802fec1     0x4  Code  Lc  md_wrap.o [6]
sha1_update_wrap        0x0802fec5     0x4  Code  Lc  md_wrap.o [6]
sha224_clone_wrap       0x0802ff31     0x4  Code  Lc  md_wrap.o [6]
sha224_ctx_alloc        0x0802ff11    0x16  Code  Lc  md_wrap.o [6]
sha224_ctx_free         0x0802ff27     0xa  Code  Lc  md_wrap.o [6]
sha224_finish_wrap      0x0802ff07     0x4  Code  Lc  md_wrap.o [6]
sha224_process_wrap     0x0802ff35     0x4  Code  Lc  md_wrap.o [6]
sha224_starts_wrap      0x0802fefd     0x6  Code  Lc  md_wrap.o [6]
sha224_update_wrap      0x0802ff03     0x4  Code  Lc  md_wrap.o [6]
sha224_wrap             0x0802ff0b     0x6  Code  Lc  md_wrap.o [6]
sha256_padding          0x08013138    0x40  Data  Lc  sha256.o [6]
sha256_starts_wrap      0x0802ff39     0x6  Code  Lc  md_wrap.o [6]
sha256_wrap             0x0802ff3f     0x6  Code  Lc  md_wrap.o [6]
show_version            0x0802faa9    0x24  Code  Lc  version.o [1]
sim_aos_wifi_stm23l475  0x20000434    0x70  Data  Gb  wifi_port.o [1]
sizetoindex             0x08009a7d    0x12  Code  Lc  k_mm.o [1]
skip                    0x0802c91d    0x16  Code  Lc  cJSON.o [1]
snprintf                0x080063b1    0x44  Code  Gb  snprintf.o [3]
soc_err_proc            0x08010acf    0x18  Code  Gb  soc_impl.o [1]
soc_get_cur_sp          0x08010a7d     0x4  Code  Gb  soc_impl.o [1]
soc_print_stack         0x08010a81    0x4e  Code  Lc  soc_impl.o [1]
spi_rx_mutex            0x200052fc     0x4  Data  Lc  es_wifi_io.o [1]
spi_rx_sem              0x20005304     0x4  Data  Lc  es_wifi_io.o [1]
spi_tx_mutex            0x200052f8     0x4  Data  Lc  es_wifi_io.o [1]
spi_tx_sem              0x20005300     0x4  Data  Lc  es_wifi_io.o [1]
sprintf                 0x08007a41    0x40  Code  Gb  sprintf.o [3]
sscanf                  0x0800ef39    0x28  Code  Gb  sscanf.o [3]
ssl_bitmask_set         0x0800b821    0x6a  Code  Lc  ssl_tls.o [6]
ssl_calc_finished_tls_sha256
                        0x0800c169    0x62  Code  Lc  ssl_tls.o [6]
ssl_calc_verify_tls_sha256
                        0x0800b005    0x2a  Code  Lc  ssl_tls.o [6]
ssl_check_timer         0x0800ac69    0x18  Code  Lc  ssl_tls.o [6]
ssl_decrypt_buf         0x0800b14b   0x25a  Code  Lc  ssl_tls.o [6]
ssl_encrypt_buf         0x0800b02f   0x116  Code  Lc  ssl_tls.o [6]
ssl_ep_len              0x0800ac4d     0xe  Code  Lc  ssl_tls.o [6]
ssl_flight_free         0x0800b559    0x1a  Code  Lc  ssl_tls.o [6]
ssl_handshake_init      0x0800c3cd    0xf2  Code  Lc  ssl_tls.o [6]
ssl_handshake_wrapup_free_hs_transform
                        0x0800c1cb    0x2c  Code  Lc  ssl_tls.o [6]
ssl_load_six_bytes      0x0800bae7    0x20  Code  Lc  ssl_tls.o [6]
ssl_parse_certificate_request
                        0x0801383b    0xcc  Code  Lc  ssl_cli.o [6]
ssl_parse_hello_verify_request
                        0x08013479    0xaa  Code  Lc  ssl_cli.o [6]
ssl_parse_record_header
                        0x0800bbbf    0xe2  Code  Lc  ssl_tls.o [6]
ssl_parse_server_hello  0x08013523   0x240  Code  Lc  ssl_cli.o [6]
ssl_preset_default_hashes
                        0x20000798    0x10  Data  Lc  ssl_tls.o [6]
ssl_reassemble_dtls_handshake
                        0x0800b897   0x15c  Code  Lc  ssl_tls.o [6]
ssl_set_timer           0x0800ac5b     0xe  Code  Lc  ssl_tls.o [6]
ssl_swap_epochs         0x0800b573    0x54  Code  Lc  ssl_tls.o [6]
ssl_update_checksum_sha256
                        0x0800c15d     0x4  Code  Lc  ssl_tls.o [6]
ssl_update_checksum_start
                        0x0800c159     0x2  Code  Lc  ssl_tls.o [6]
ssl_write_certificate_verify
                        0x0801391b    0xf4  Code  Lc  ssl_cli.o [6]
ssl_write_client_hello  0x080132d1   0x1a8  Code  Lc  ssl_cli.o [6]
ssl_write_encrypted_pms
                        0x0801376d    0xce  Code  Lc  ssl_cli.o [6]
ssl_write_real          0x0800c781    0x3c  Code  Lc  ssl_tls.o [6]
ssl_write_signature_algorithms_ext
                        0x0801325b    0x76  Code  Lc  ssl_cli.o [6]
start_mesh              0x08029fff     0x2  Code  Lc  netmgr.o [1]
start_monitor           0x0802f4af     0x2  Code  Lc  wifi_port.o [1]
start_scan              0x0802f487     0x2  Code  Lc  wifi_port.o [1]
start_scan_adv          0x0802f489     0x2  Code  Lc  wifi_port.o [1]
stm32_soc_init          0x08017be1    0x44  Code  Gb  soc_init.o [1]
stm32_uart              0x20004730   0x100  Data  Gb  soc_init.o [1]
stm32l475_ota_init      0x0802ef2b    0x70  Code  Lc  ota_port.o [1]
stm32l475_ota_module    0x20000698    0x24  Data  Gb  ota_port.o [1]
stm32l475_ota_read      0x0802f007    0x30  Code  Lc  ota_port.o [1]
stm32l475_ota_set_boot  0x0802f037    0x70  Code  Lc  ota_port.o [1]
stm32l475_ota_write     0x0802ef9b    0x6c  Code  Lc  ota_port.o [1]
stop_mesh               0x0802a001     0x2  Code  Lc  netmgr.o [1]
stop_monitor            0x0802f4b1     0x2  Code  Lc  wifi_port.o [1]
strcat                  0x08007a21    0x20  Code  Gb  strcat.o [3]
strchr                  0x08004fb5          Code  Gb  strchr.o [8]
strcmp                  0x0800eeed          Code  Gb  strcmp.o [8]
strcpy                  0x080079d5          Code  Gb  strcpy.o [8]
strcspn                 0x08004fed    0x22  Code  Gb  strcspn.o [3]
strerror                0x0802dfd5    0x90  Code  Gb  strerror.o [3]
strlen                  0x08002fb5          Code  Gb  strlen.o [8]
strncmp                 0x0800404d    0x28  Code  Gb  strncmp.o [3]
strncpy                 0x08003089          Code  Gb  strncpy.o [8]
strspn                  0x08004fcb    0x22  Code  Gb  strspn.o [3]
strstr                  0x08007a81    0x30  Code  Gb  strstr.o [3]
strtok                  0x080030f9    0x48  Code  Gb  strtok.o [3]
strtol                  0x08017507     0x4  Code  Gb  iar_Stolx.o [3]
strtoul                 0x0800797f     0x2  Code  Gb  iar_Stoulx.o [3]
supported_ciphersuites  0x20005200    0x14  Data  Lc  ssl_ciphersuites.o [6]
supported_init          0x200051fc     0x4  Data  Lc  ssl_ciphersuites.o [6]
suspend                 0x0802f497     0x6  Code  Lc  wifi_port.o [1]
suspend_soft_ap         0x0802f4a3     0x6  Code  Lc  wifi_port.o [1]
suspend_station         0x0802f49d     0x6  Code  Lc  wifi_port.o [1]
sys_init                0x0802f8a9    0x1e  Code  Lc  aos.o [1]
sys_start               0x0802f8c7    0x2c  Code  Lc  aos.o [1]
tab_complete            0x08015389   0x10a  Code  Lc  cli.o [1]
task_cmd                0x08015c01    0x16  Code  Lc  cli.o [1]
task_create             0x080088f1   0x182  Code  Lc  k_task.o [1]
task_dyn_create         0x08008ac7    0xb4  Code  Gb  k_task.o [1]
task_mutex_free         0x08008e51    0x40  Code  Lc  k_task.o [1]
task_pri_change         0x08008d59    0xf8  Code  Gb  k_task.o [1]
teardown_fd             0x0802b3ff     0x2  Code  Lc  vfs.o [1]
tftp_ota_thread         0x08015c7f     0xc  Code  Gb  cli.o [1]
threading_mutex_dummy   0x0802009b     0x2  Code  Lc  threading.o [6]
threading_mutex_fail    0x08020095     0x6  Code  Lc  threading.o [6]
tick_list_init          0x0801075f     0xa  Code  Gb  k_tick.o [1]
tick_list_insert        0x080107a7    0x24  Code  Gb  k_tick.o [1]
tick_list_pri_insert    0x08010769    0x3e  Code  Lc  k_tick.o [1]
tick_list_rm            0x080107cb    0x18  Code  Gb  k_tick.o [1]
tick_list_update        0x080107e3    0xf6  Code  Gb  k_tick.o [1]
time_slice_update       0x080106b3    0x76  Code  Gb  k_sched.o [1]
timer_cb_proc           0x080110db    0x94  Code  Lc  k_timer.o [1]
timer_cmd_proc          0x08011287    0x2e  Code  Lc  k_timer.o [1]
timer_list_pri_insert   0x0801107b    0x4a  Code  Lc  k_timer.o [1]
timer_list_rm           0x080110c5    0x16  Code  Lc  k_timer.o [1]
timer_queue_cb          0x20000f00   0x500  Data  Gb  k_obj.o [1]
timer_task              0x080112b5   0x11c  Code  Lc  k_timer.o [1]
tls_prf_generic         0x0800ac81   0x106  Code  Lc  ssl_tls.o [6]
tls_prf_sha256          0x0800ad97    0x20  Code  Lc  ssl_tls.o [6]
to_capital_letter       0x0802b64d    0x2e  Code  Lc  ota_transport.o [1]
tolower                 0x0800f405    0x14  Code  Gb  tolower.o [3]
trace_start             0x0802fa79    0x10  Code  Gb  trace_impl.o [1]
translate_addr          0x0802a003    0x3a  Code  Lc  netmgr.o [1]
trap_fcntl              0x0802b195     0x8  Code  Lc  vfs.o [1]
trap_open               0x0802b185     0x8  Code  Lc  vfs.o [1]
trap_read               0x0802b18d     0x8  Code  Lc  vfs.o [1]
trigger_gc              0x08024e3b    0x30  Code  Lc  kvmgr.o [1]
tsensor_drv             0x20005378     0x4  Data  Lc  stm32l475e_iot01_tsensor.o [1]
ttio_guard              0x200053a5     0x1  Data  Lc  XShttio.o [3]
uart_0                  0x20005214    0x14  Data  Gb  hw.o [1]
update_action           0x0802ab47    0x6e  Code  Lc  ota_service.o [1]
uptime_cmd              0x08015c65    0x1a  Code  Lc  cli.o [1]
used_bitmap             0x200052e0     0x4  Data  Lc  aos_rhino.o [1]
utils_crc8              0x08024dc9    0x38  Code  Lc  kvmgr.o [1]
utils_hb2hex            0x0800eed9    0x14  Code  Gb  utils_md5.o [1]
utils_hmac_sha1         0x080063f5   0x100  Code  Gb  utils_hmac.o [1]
utils_net_read          0x080041b1    0x2c  Code  Gb  utils_net.o [1]
utils_net_write         0x080041dd    0x2c  Code  Gb  utils_net.o [1]
utils_network_ssl_disconnect
                        0x08005e51    0x42  Code  Gb  HAL_TLS_mbedtls.o [1]
utils_network_ssl_disconnect::__FUNCTION__
                        0x0803309c    0x20  Data  Lc  HAL_TLS_mbedtls.o [1]
utils_network_ssl_read  0x08005cdb    0xf6  Code  Gb  HAL_TLS_mbedtls.o [1]
utils_network_ssl_read::__FUNCTION__
                        0x08033f38    0x18  Data  Lc  HAL_TLS_mbedtls.o [1]
utils_network_ssl_read::net_status
                        0x2000530c     0x4  Data  Lc  HAL_TLS_mbedtls.o [1]
utils_network_ssl_write
                        0x08005dd1    0x80  Code  Gb  HAL_TLS_mbedtls.o [1]
utils_network_ssl_write::__FUNCTION__
                        0x08033f50    0x18  Data  Lc  HAL_TLS_mbedtls.o [1]
utils_sha1_finish       0x0800eddd    0xf0  Code  Gb  utils_sha1.o [1]
utils_sha1_init         0x0800d635    0x14  Code  Gb  utils_sha1.o [1]
utils_sha1_process      0x0800d67d  0x16c8  Code  Gb  utils_sha1.o [1]
utils_sha1_starts       0x0800d649    0x1e  Code  Gb  utils_sha1.o [1]
utils_sha1_update       0x0800ed45    0x98  Code  Gb  utils_sha1.o [1]
utils_time_countdown_ms
                        0x080031bf    0x48  Code  Gb  utils_timer.o [1]
utils_time_is_expired   0x0800318f    0x26  Code  Gb  utils_timer.o [1]
utils_time_spend        0x08003151    0x18  Code  Gb  utils_timer.o [1]
uwTick                  0x2000537c     0x4  Data  Gb  stm32l4xx_hal.o [1]
valid_access_security   0x0802a281    0x44  Code  Lc  netmgr.o [1]
var_init                0x0802f895    0x14  Code  Lc  aos.o [1]
version_cmd             0x080159d9    0x1a  Code  Lc  cli.o [1]
version_config          0x20004630   0x100  Data  Gb  ota_version.o [1]
version_init            0x0802facd    0x22  Code  Gb  version.o [1]
versioncmd              0x200007d8     0xc  Data  Lc  version.o [1]
vfs_device_init         0x0802ebcd    0x2c  Code  Gb  device.o [1]
vfs_init                0x0802b19d    0x34  Code  Gb  vfs.o [1]
vfs_poll_notify         0x0802b401     0xe  Code  Lc  vfs.o [1]
vprintf                 0x080058b1    0x20  Code  Gb  vprintf.o [3]
vsnprintf               0x08004f79    0x3c  Code  Gb  vsnprint.o [3]
wait_io                 0x0802b40f    0x1e  Code  Lc  vfs.o [1]
wifi_debug_cmd          0x08015cb1    0x12  Code  Lc  cli.o [1]
wifi_get_mac_addr       0x0802f37b    0x1c  Code  Lc  wifi_port.o [1]
wifi_init               0x0802f36d     0xe  Code  Lc  wifi_port.o [1]
wifi_service_event      0x08029251    0x3c  Code  Lc  mqtt-example-b_l475e.o [1]
wifi_start              0x0802f451    0x24  Code  Lc  wifi_port.o [1]
wifi_start_adv          0x0802f475     0x6  Code  Lc  wifi_port.o [1]
wlan_send_80211_raw_frame
                        0x0802f4b7     0x6  Code  Lc  wifi_port.o [1]
writeCString            0x08003e05    0x2a  Code  Gb  MQTTPacket.o [1]
writeChar               0x08003dcf     0xc  Code  Gb  MQTTPacket.o [1]
writeInt                0x08003ddb    0x2a  Code  Gb  MQTTPacket.o [1]
writeMQTTString         0x08003e2f    0x46  Code  Gb  MQTTPacket.o [1]
write_ssl               0x08004123    0x2e  Code  Lc  utils_net.o [1]
write_ssl::__FUNCTION__
                        0x08035448     0xc  Data  Lc  utils_net.o [1]
write_tcp               0x0800408d    0x18  Code  Lc  utils_net.o [1]
x509_crt_check_parent   0x0800cfe1    0x52  Code  Lc  x509_crt.o [6]
x509_crt_parse_der_core
                        0x0800cb1b   0x292  Code  Lc  x509_crt.o [6]
x509_crt_verify_child   0x0800d1db   0x1d6  Code  Lc  x509_crt.o [6]
x509_crt_verify_top     0x0800d033   0x19e  Code  Lc  x509_crt.o [6]
x509_get_attr_type_value
                        0x080140d3    0x8c  Code  Lc  x509.o [6]
x509_name_cmp           0x0800cf93    0x4e  Code  Lc  x509_crt.o [6]
x509_profile_check_key  0x0800cad7    0x22  Code  Lc  x509_crt.o [6]
x509_profile_check_md_alg
                        0x0800cab3    0x10  Code  Lc  x509_crt.o [6]
x509_profile_check_pk_alg
                        0x0800cac3     0xe  Code  Lc  x509_crt.o [6]
x509_skip_parse         0x0800caf9    0x22  Code  Lc  x509_crt.o [6]
x509_string_cmp         0x0800cf2b    0x68  Code  Lc  x509_crt.o [6]


[1] = C:\repo\AliOS-Things\projects\IAR\mqttapp\Debug\Obj
[2] = command line
[3] = dl7M_tlf.a
[4] = libalicrypto.a
[5] = libmbedcrytpo.a
[6] = libmbedtls.a
[7] = m7M_tls.a
[8] = rt7M_tl.a
[9] = shb_l.a

  195 403 bytes of readonly  code memory
   25 457 bytes of readonly  data memory
   29 606 bytes of readwrite data memory

Errors: none
Warnings: none
