###############################################################################
#
# IAR ELF Linker V8.20.1.14183/W32 for ARM                07/Nov/2018  11:26:57
# Copyright 2007-2017 IAR Systems AB.
#
#    Output file  =  
#        D:\work\IOT\code\internal_code\projects\autogen\helloworld@stm32f411re-nucleo\iar_project\Debug\Exe\helloworld@stm32f411re-nucleo.out
#    Map file     =  
#        D:\work\IOT\code\internal_code\projects\autogen\helloworld@stm32f411re-nucleo\iar_project\Debug\List\helloworld@stm32f411re-nucleo.map
#    Command line =  
#        -f C:\Users\jinzhou.zjz\AppData\Local\Temp\EW2CF0.tmp
#        (D:\work\IOT\code\internal_code\projects\autogen\helloworld@stm32f411re-nucleo\iar_project\Debug\Obj\aos.o
#        D:\work\IOT\code\internal_code\projects\autogen\helloworld@stm32f411re-nucleo\iar_project\Debug\Obj\aos_common.o
#        D:\work\IOT\code\internal_code\projects\autogen\helloworld@stm32f411re-nucleo\iar_project\Debug\Obj\aos_init.o
#        D:\work\IOT\code\internal_code\projects\autogen\helloworld@stm32f411re-nucleo\iar_project\Debug\Obj\aos_rhino.o
#        D:\work\IOT\code\internal_code\projects\autogen\helloworld@stm32f411re-nucleo\iar_project\Debug\Obj\atparser.o
#        D:\work\IOT\code\internal_code\projects\autogen\helloworld@stm32f411re-nucleo\iar_project\Debug\Obj\board.o
#        D:\work\IOT\code\internal_code\projects\autogen\helloworld@stm32f411re-nucleo\iar_project\Debug\Obj\CheckSumUtils.o
#        D:\work\IOT\code\internal_code\projects\autogen\helloworld@stm32f411re-nucleo\iar_project\Debug\Obj\cli.o
#        D:\work\IOT\code\internal_code\projects\autogen\helloworld@stm32f411re-nucleo\iar_project\Debug\Obj\crc.o
#        D:\work\IOT\code\internal_code\projects\autogen\helloworld@stm32f411re-nucleo\iar_project\Debug\Obj\crc16.o
#        D:\work\IOT\code\internal_code\projects\autogen\helloworld@stm32f411re-nucleo\iar_project\Debug\Obj\device.o
#        D:\work\IOT\code\internal_code\projects\autogen\helloworld@stm32f411re-nucleo\iar_project\Debug\Obj\digest_algorithm.o
#        D:\work\IOT\code\internal_code\projects\autogen\helloworld@stm32f411re-nucleo\iar_project\Debug\Obj\dumpsys.o
#        D:\work\IOT\code\internal_code\projects\autogen\helloworld@stm32f411re-nucleo\iar_project\Debug\Obj\hal_flash_stm32f4.o
#        D:\work\IOT\code\internal_code\projects\autogen\helloworld@stm32f411re-nucleo\iar_project\Debug\Obj\hal_gpio_stm32f4.o
#        D:\work\IOT\code\internal_code\projects\autogen\helloworld@stm32f411re-nucleo\iar_project\Debug\Obj\hal_i2c_stm32f4.o
#        D:\work\IOT\code\internal_code\projects\autogen\helloworld@stm32f411re-nucleo\iar_project\Debug\Obj\hal_spi_stm32f4.o
#        D:\work\IOT\code\internal_code\projects\autogen\helloworld@stm32f411re-nucleo\iar_project\Debug\Obj\hal_uart_stm32f4.o
#        D:\work\IOT\code\internal_code\projects\autogen\helloworld@stm32f411re-nucleo\iar_project\Debug\Obj\helloworld.o
#        D:\work\IOT\code\internal_code\projects\autogen\helloworld@stm32f411re-nucleo\iar_project\Debug\Obj\hw.o
#        D:\work\IOT\code\internal_code\projects\autogen\helloworld@stm32f411re-nucleo\iar_project\Debug\Obj\iar_libc.o
#        D:\work\IOT\code\internal_code\projects\autogen\helloworld@stm32f411re-nucleo\iar_project\Debug\Obj\ip4_addr.o
#        D:\work\IOT\code\internal_code\projects\autogen\helloworld@stm32f411re-nucleo\iar_project\Debug\Obj\k_backtrace.o
#        D:\work\IOT\code\internal_code\projects\autogen\helloworld@stm32f411re-nucleo\iar_project\Debug\Obj\k_buf_queue.o
#        D:\work\IOT\code\internal_code\projects\autogen\helloworld@stm32f411re-nucleo\iar_project\Debug\Obj\k_cpuusage.o
#        D:\work\IOT\code\internal_code\projects\autogen\helloworld@stm32f411re-nucleo\iar_project\Debug\Obj\k_dyn_mem_proc.o
#        D:\work\IOT\code\internal_code\projects\autogen\helloworld@stm32f411re-nucleo\iar_project\Debug\Obj\k_err.o
#        D:\work\IOT\code\internal_code\projects\autogen\helloworld@stm32f411re-nucleo\iar_project\Debug\Obj\k_event.o
#        D:\work\IOT\code\internal_code\projects\autogen\helloworld@stm32f411re-nucleo\iar_project\Debug\Obj\k_fifo.o
#        D:\work\IOT\code\internal_code\projects\autogen\helloworld@stm32f411re-nucleo\iar_project\Debug\Obj\k_idle.o
#        D:\work\IOT\code\internal_code\projects\autogen\helloworld@stm32f411re-nucleo\iar_project\Debug\Obj\k_infoget.o
#        D:\work\IOT\code\internal_code\projects\autogen\helloworld@stm32f411re-nucleo\iar_project\Debug\Obj\k_mm.o
#        D:\work\IOT\code\internal_code\projects\autogen\helloworld@stm32f411re-nucleo\iar_project\Debug\Obj\k_mm_blk.o
#        D:\work\IOT\code\internal_code\projects\autogen\helloworld@stm32f411re-nucleo\iar_project\Debug\Obj\k_mm_debug.o
#        D:\work\IOT\code\internal_code\projects\autogen\helloworld@stm32f411re-nucleo\iar_project\Debug\Obj\k_mutex.o
#        D:\work\IOT\code\internal_code\projects\autogen\helloworld@stm32f411re-nucleo\iar_project\Debug\Obj\k_obj.o
#        D:\work\IOT\code\internal_code\projects\autogen\helloworld@stm32f411re-nucleo\iar_project\Debug\Obj\k_overview.o
#        D:\work\IOT\code\internal_code\projects\autogen\helloworld@stm32f411re-nucleo\iar_project\Debug\Obj\k_panic.o
#        D:\work\IOT\code\internal_code\projects\autogen\helloworld@stm32f411re-nucleo\iar_project\Debug\Obj\k_pend.o
#        D:\work\IOT\code\internal_code\projects\autogen\helloworld@stm32f411re-nucleo\iar_project\Debug\Obj\k_queue.o
#        D:\work\IOT\code\internal_code\projects\autogen\helloworld@stm32f411re-nucleo\iar_project\Debug\Obj\k_ringbuf.o
#        D:\work\IOT\code\internal_code\projects\autogen\helloworld@stm32f411re-nucleo\iar_project\Debug\Obj\k_sched.o
#        D:\work\IOT\code\internal_code\projects\autogen\helloworld@stm32f411re-nucleo\iar_project\Debug\Obj\k_sem.o
#        D:\work\IOT\code\internal_code\projects\autogen\helloworld@stm32f411re-nucleo\iar_project\Debug\Obj\k_spin_lock.o
#        D:\work\IOT\code\internal_code\projects\autogen\helloworld@stm32f411re-nucleo\iar_project\Debug\Obj\k_stats.o
#        D:\work\IOT\code\internal_code\projects\autogen\helloworld@stm32f411re-nucleo\iar_project\Debug\Obj\k_sys.o
#        D:\work\IOT\code\internal_code\projects\autogen\helloworld@stm32f411re-nucleo\iar_project\Debug\Obj\k_task.o
#        D:\work\IOT\code\internal_code\projects\autogen\helloworld@stm32f411re-nucleo\iar_project\Debug\Obj\k_task_sem.o
#        D:\work\IOT\code\internal_code\projects\autogen\helloworld@stm32f411re-nucleo\iar_project\Debug\Obj\k_tick.o
#        D:\work\IOT\code\internal_code\projects\autogen\helloworld@stm32f411re-nucleo\iar_project\Debug\Obj\k_time.o
#        D:\work\IOT\code\internal_code\projects\autogen\helloworld@stm32f411re-nucleo\iar_project\Debug\Obj\k_timer.o
#        D:\work\IOT\code\internal_code\projects\autogen\helloworld@stm32f411re-nucleo\iar_project\Debug\Obj\k_trace.o
#        D:\work\IOT\code\internal_code\projects\autogen\helloworld@stm32f411re-nucleo\iar_project\Debug\Obj\k_workqueue.o
#        D:\work\IOT\code\internal_code\projects\autogen\helloworld@stm32f411re-nucleo\iar_project\Debug\Obj\local_event.o
#        D:\work\IOT\code\internal_code\projects\autogen\helloworld@stm32f411re-nucleo\iar_project\Debug\Obj\log.o
#        D:\work\IOT\code\internal_code\projects\autogen\helloworld@stm32f411re-nucleo\iar_project\Debug\Obj\main.o
#        D:\work\IOT\code\internal_code\projects\autogen\helloworld@stm32f411re-nucleo\iar_project\Debug\Obj\md5.o
#        D:\work\IOT\code\internal_code\projects\autogen\helloworld@stm32f411re-nucleo\iar_project\Debug\Obj\middleware_common_main.o
#        D:\work\IOT\code\internal_code\projects\autogen\helloworld@stm32f411re-nucleo\iar_project\Debug\Obj\mk3060.o
#        D:\work\IOT\code\internal_code\projects\autogen\helloworld@stm32f411re-nucleo\iar_project\Debug\Obj\panic_c.o
#        D:\work\IOT\code\internal_code\projects\autogen\helloworld@stm32f411re-nucleo\iar_project\Debug\Obj\panic_iccarm.o
#        D:\work\IOT\code\internal_code\projects\autogen\helloworld@stm32f411re-nucleo\iar_project\Debug\Obj\port_c.o
#        D:\work\IOT\code\internal_code\projects\autogen\helloworld@stm32f411re-nucleo\iar_project\Debug\Obj\port_s.o
#        D:\work\IOT\code\internal_code\projects\autogen\helloworld@stm32f411re-nucleo\iar_project\Debug\Obj\sal_arch.o
#        D:\work\IOT\code\internal_code\projects\autogen\helloworld@stm32f411re-nucleo\iar_project\Debug\Obj\sal_err.o
#        D:\work\IOT\code\internal_code\projects\autogen\helloworld@stm32f411re-nucleo\iar_project\Debug\Obj\sal_sockets.o
#        D:\work\IOT\code\internal_code\projects\autogen\helloworld@stm32f411re-nucleo\iar_project\Debug\Obj\select.o
#        D:\work\IOT\code\internal_code\projects\autogen\helloworld@stm32f411re-nucleo\iar_project\Debug\Obj\soc_impl.o
#        D:\work\IOT\code\internal_code\projects\autogen\helloworld@stm32f411re-nucleo\iar_project\Debug\Obj\soc_init.o
#        D:\work\IOT\code\internal_code\projects\autogen\helloworld@stm32f411re-nucleo\iar_project\Debug\Obj\startup_stm32f411xe_iar.o
#        D:\work\IOT\code\internal_code\projects\autogen\helloworld@stm32f411re-nucleo\iar_project\Debug\Obj\stm32f4xx_hal.o
#        D:\work\IOT\code\internal_code\projects\autogen\helloworld@stm32f411re-nucleo\iar_project\Debug\Obj\stm32f4xx_hal_adc.o
#        D:\work\IOT\code\internal_code\projects\autogen\helloworld@stm32f411re-nucleo\iar_project\Debug\Obj\stm32f4xx_hal_adc_ex.o
#        D:\work\IOT\code\internal_code\projects\autogen\helloworld@stm32f411re-nucleo\iar_project\Debug\Obj\stm32f4xx_hal_can.o
#        D:\work\IOT\code\internal_code\projects\autogen\helloworld@stm32f411re-nucleo\iar_project\Debug\Obj\stm32f4xx_hal_cortex.o
#        D:\work\IOT\code\internal_code\projects\autogen\helloworld@stm32f411re-nucleo\iar_project\Debug\Obj\stm32f4xx_hal_crc.o
#        D:\work\IOT\code\internal_code\projects\autogen\helloworld@stm32f411re-nucleo\iar_project\Debug\Obj\stm32f4xx_hal_cryp.o
#        D:\work\IOT\code\internal_code\projects\autogen\helloworld@stm32f411re-nucleo\iar_project\Debug\Obj\stm32f4xx_hal_cryp_ex.o
#        D:\work\IOT\code\internal_code\projects\autogen\helloworld@stm32f411re-nucleo\iar_project\Debug\Obj\stm32f4xx_hal_dac.o
#        D:\work\IOT\code\internal_code\projects\autogen\helloworld@stm32f411re-nucleo\iar_project\Debug\Obj\stm32f4xx_hal_dac_ex.o
#        D:\work\IOT\code\internal_code\projects\autogen\helloworld@stm32f411re-nucleo\iar_project\Debug\Obj\stm32f4xx_hal_dcmi.o
#        D:\work\IOT\code\internal_code\projects\autogen\helloworld@stm32f411re-nucleo\iar_project\Debug\Obj\stm32f4xx_hal_dcmi_ex.o
#        D:\work\IOT\code\internal_code\projects\autogen\helloworld@stm32f411re-nucleo\iar_project\Debug\Obj\stm32f4xx_hal_dfsdm.o
#        D:\work\IOT\code\internal_code\projects\autogen\helloworld@stm32f411re-nucleo\iar_project\Debug\Obj\stm32f4xx_hal_dma.o
#        D:\work\IOT\code\internal_code\projects\autogen\helloworld@stm32f411re-nucleo\iar_project\Debug\Obj\stm32f4xx_hal_dma2d.o
#        D:\work\IOT\code\internal_code\projects\autogen\helloworld@stm32f411re-nucleo\iar_project\Debug\Obj\stm32f4xx_hal_dma_ex.o
#        D:\work\IOT\code\internal_code\projects\autogen\helloworld@stm32f411re-nucleo\iar_project\Debug\Obj\stm32f4xx_hal_dsi.o
#        D:\work\IOT\code\internal_code\projects\autogen\helloworld@stm32f411re-nucleo\iar_project\Debug\Obj\stm32f4xx_hal_eth.o
#        D:\work\IOT\code\internal_code\projects\autogen\helloworld@stm32f411re-nucleo\iar_project\Debug\Obj\stm32f4xx_hal_flash.o
#        D:\work\IOT\code\internal_code\projects\autogen\helloworld@stm32f411re-nucleo\iar_project\Debug\Obj\stm32f4xx_hal_flash_ex.o
#        D:\work\IOT\code\internal_code\projects\autogen\helloworld@stm32f411re-nucleo\iar_project\Debug\Obj\stm32f4xx_hal_flash_ramfunc.o
#        D:\work\IOT\code\internal_code\projects\autogen\helloworld@stm32f411re-nucleo\iar_project\Debug\Obj\stm32f4xx_hal_fmpi2c.o
#        D:\work\IOT\code\internal_code\projects\autogen\helloworld@stm32f411re-nucleo\iar_project\Debug\Obj\stm32f4xx_hal_fmpi2c_ex.o
#        D:\work\IOT\code\internal_code\projects\autogen\helloworld@stm32f411re-nucleo\iar_project\Debug\Obj\stm32f4xx_hal_gpio.o
#        D:\work\IOT\code\internal_code\projects\autogen\helloworld@stm32f411re-nucleo\iar_project\Debug\Obj\stm32f4xx_hal_hash.o
#        D:\work\IOT\code\internal_code\projects\autogen\helloworld@stm32f411re-nucleo\iar_project\Debug\Obj\stm32f4xx_hal_hash_ex.o
#        D:\work\IOT\code\internal_code\projects\autogen\helloworld@stm32f411re-nucleo\iar_project\Debug\Obj\stm32f4xx_hal_hcd.o
#        D:\work\IOT\code\internal_code\projects\autogen\helloworld@stm32f411re-nucleo\iar_project\Debug\Obj\stm32f4xx_hal_i2c.o
#        D:\work\IOT\code\internal_code\projects\autogen\helloworld@stm32f411re-nucleo\iar_project\Debug\Obj\stm32f4xx_hal_i2c_ex.o
#        D:\work\IOT\code\internal_code\projects\autogen\helloworld@stm32f411re-nucleo\iar_project\Debug\Obj\stm32f4xx_hal_i2s.o
#        D:\work\IOT\code\internal_code\projects\autogen\helloworld@stm32f411re-nucleo\iar_project\Debug\Obj\stm32f4xx_hal_i2s_ex.o
#        D:\work\IOT\code\internal_code\projects\autogen\helloworld@stm32f411re-nucleo\iar_project\Debug\Obj\stm32f4xx_hal_irda.o
#        D:\work\IOT\code\internal_code\projects\autogen\helloworld@stm32f411re-nucleo\iar_project\Debug\Obj\stm32f4xx_hal_iwdg.o
#        D:\work\IOT\code\internal_code\projects\autogen\helloworld@stm32f411re-nucleo\iar_project\Debug\Obj\stm32f4xx_hal_lptim.o
#        D:\work\IOT\code\internal_code\projects\autogen\helloworld@stm32f411re-nucleo\iar_project\Debug\Obj\stm32f4xx_hal_ltdc.o
#        D:\work\IOT\code\internal_code\projects\autogen\helloworld@stm32f411re-nucleo\iar_project\Debug\Obj\stm32f4xx_hal_ltdc_ex.o
#        D:\work\IOT\code\internal_code\projects\autogen\helloworld@stm32f411re-nucleo\iar_project\Debug\Obj\stm32f4xx_hal_mmc.o
#        D:\work\IOT\code\internal_code\projects\autogen\helloworld@stm32f411re-nucleo\iar_project\Debug\Obj\stm32f4xx_hal_msp.o
#        D:\work\IOT\code\internal_code\projects\autogen\helloworld@stm32f411re-nucleo\iar_project\Debug\Obj\stm32f4xx_hal_nand.o
#        D:\work\IOT\code\internal_code\projects\autogen\helloworld@stm32f411re-nucleo\iar_project\Debug\Obj\stm32f4xx_hal_nor.o
#        D:\work\IOT\code\internal_code\projects\autogen\helloworld@stm32f411re-nucleo\iar_project\Debug\Obj\stm32f4xx_hal_pccard.o
#        D:\work\IOT\code\internal_code\projects\autogen\helloworld@stm32f411re-nucleo\iar_project\Debug\Obj\stm32f4xx_hal_pcd.o
#        D:\work\IOT\code\internal_code\projects\autogen\helloworld@stm32f411re-nucleo\iar_project\Debug\Obj\stm32f4xx_hal_pcd_ex.o
#        D:\work\IOT\code\internal_code\projects\autogen\helloworld@stm32f411re-nucleo\iar_project\Debug\Obj\stm32f4xx_hal_pwr.o
#        D:\work\IOT\code\internal_code\projects\autogen\helloworld@stm32f411re-nucleo\iar_project\Debug\Obj\stm32f4xx_hal_pwr_ex.o
#        D:\work\IOT\code\internal_code\projects\autogen\helloworld@stm32f411re-nucleo\iar_project\Debug\Obj\stm32f4xx_hal_qspi.o
#        D:\work\IOT\code\internal_code\projects\autogen\helloworld@stm32f411re-nucleo\iar_project\Debug\Obj\stm32f4xx_hal_rcc.o
#        D:\work\IOT\code\internal_code\projects\autogen\helloworld@stm32f411re-nucleo\iar_project\Debug\Obj\stm32f4xx_hal_rcc_ex.o
#        D:\work\IOT\code\internal_code\projects\autogen\helloworld@stm32f411re-nucleo\iar_project\Debug\Obj\stm32f4xx_hal_rng.o
#        D:\work\IOT\code\internal_code\projects\autogen\helloworld@stm32f411re-nucleo\iar_project\Debug\Obj\stm32f4xx_hal_rtc.o
#        D:\work\IOT\code\internal_code\projects\autogen\helloworld@stm32f411re-nucleo\iar_project\Debug\Obj\stm32f4xx_hal_rtc_ex.o
#        D:\work\IOT\code\internal_code\projects\autogen\helloworld@stm32f411re-nucleo\iar_project\Debug\Obj\stm32f4xx_hal_sai.o
#        D:\work\IOT\code\internal_code\projects\autogen\helloworld@stm32f411re-nucleo\iar_project\Debug\Obj\stm32f4xx_hal_sd.o
#        D:\work\IOT\code\internal_code\projects\autogen\helloworld@stm32f411re-nucleo\iar_project\Debug\Obj\stm32f4xx_hal_sdram.o
#        D:\work\IOT\code\internal_code\projects\autogen\helloworld@stm32f411re-nucleo\iar_project\Debug\Obj\stm32f4xx_hal_smartcard.o
#        D:\work\IOT\code\internal_code\projects\autogen\helloworld@stm32f411re-nucleo\iar_project\Debug\Obj\stm32f4xx_hal_spdifrx.o
#        D:\work\IOT\code\internal_code\projects\autogen\helloworld@stm32f411re-nucleo\iar_project\Debug\Obj\stm32f4xx_hal_spi.o
#        D:\work\IOT\code\internal_code\projects\autogen\helloworld@stm32f411re-nucleo\iar_project\Debug\Obj\stm32f4xx_hal_sram.o
#        D:\work\IOT\code\internal_code\projects\autogen\helloworld@stm32f411re-nucleo\iar_project\Debug\Obj\stm32f4xx_hal_tim.o
#        D:\work\IOT\code\internal_code\projects\autogen\helloworld@stm32f411re-nucleo\iar_project\Debug\Obj\stm32f4xx_hal_tim_ex.o
#        D:\work\IOT\code\internal_code\projects\autogen\helloworld@stm32f411re-nucleo\iar_project\Debug\Obj\stm32f4xx_hal_uart.o
#        D:\work\IOT\code\internal_code\projects\autogen\helloworld@stm32f411re-nucleo\iar_project\Debug\Obj\stm32f4xx_hal_wwdg.o
#        D:\work\IOT\code\internal_code\projects\autogen\helloworld@stm32f411re-nucleo\iar_project\Debug\Obj\stm32f4xx_it.o
#        D:\work\IOT\code\internal_code\projects\autogen\helloworld@stm32f411re-nucleo\iar_project\Debug\Obj\stm32f4xx_ll_adc.o
#        D:\work\IOT\code\internal_code\projects\autogen\helloworld@stm32f411re-nucleo\iar_project\Debug\Obj\stm32f4xx_ll_crc.o
#        D:\work\IOT\code\internal_code\projects\autogen\helloworld@stm32f411re-nucleo\iar_project\Debug\Obj\stm32f4xx_ll_dac.o
#        D:\work\IOT\code\internal_code\projects\autogen\helloworld@stm32f411re-nucleo\iar_project\Debug\Obj\stm32f4xx_ll_dma.o
#        D:\work\IOT\code\internal_code\projects\autogen\helloworld@stm32f411re-nucleo\iar_project\Debug\Obj\stm32f4xx_ll_dma2d.o
#        D:\work\IOT\code\internal_code\projects\autogen\helloworld@stm32f411re-nucleo\iar_project\Debug\Obj\stm32f4xx_ll_exti.o
#        D:\work\IOT\code\internal_code\projects\autogen\helloworld@stm32f411re-nucleo\iar_project\Debug\Obj\stm32f4xx_ll_fmc.o
#        D:\work\IOT\code\internal_code\projects\autogen\helloworld@stm32f411re-nucleo\iar_project\Debug\Obj\stm32f4xx_ll_fsmc.o
#        D:\work\IOT\code\internal_code\projects\autogen\helloworld@stm32f411re-nucleo\iar_project\Debug\Obj\stm32f4xx_ll_gpio.o
#        D:\work\IOT\code\internal_code\projects\autogen\helloworld@stm32f411re-nucleo\iar_project\Debug\Obj\stm32f4xx_ll_i2c.o
#        D:\work\IOT\code\internal_code\projects\autogen\helloworld@stm32f411re-nucleo\iar_project\Debug\Obj\stm32f4xx_ll_lptim.o
#        D:\work\IOT\code\internal_code\projects\autogen\helloworld@stm32f411re-nucleo\iar_project\Debug\Obj\stm32f4xx_ll_pwr.o
#        D:\work\IOT\code\internal_code\projects\autogen\helloworld@stm32f411re-nucleo\iar_project\Debug\Obj\stm32f4xx_ll_rcc.o
#        D:\work\IOT\code\internal_code\projects\autogen\helloworld@stm32f411re-nucleo\iar_project\Debug\Obj\stm32f4xx_ll_rng.o
#        D:\work\IOT\code\internal_code\projects\autogen\helloworld@stm32f411re-nucleo\iar_project\Debug\Obj\stm32f4xx_ll_rtc.o
#        D:\work\IOT\code\internal_code\projects\autogen\helloworld@stm32f411re-nucleo\iar_project\Debug\Obj\stm32f4xx_ll_sdmmc.o
#        D:\work\IOT\code\internal_code\projects\autogen\helloworld@stm32f411re-nucleo\iar_project\Debug\Obj\stm32f4xx_ll_spi.o
#        D:\work\IOT\code\internal_code\projects\autogen\helloworld@stm32f411re-nucleo\iar_project\Debug\Obj\stm32f4xx_ll_tim.o
#        D:\work\IOT\code\internal_code\projects\autogen\helloworld@stm32f411re-nucleo\iar_project\Debug\Obj\stm32f4xx_ll_usart.o
#        D:\work\IOT\code\internal_code\projects\autogen\helloworld@stm32f411re-nucleo\iar_project\Debug\Obj\stm32f4xx_ll_usb.o
#        D:\work\IOT\code\internal_code\projects\autogen\helloworld@stm32f411re-nucleo\iar_project\Debug\Obj\stm32f4xx_ll_utils.o
#        D:\work\IOT\code\internal_code\projects\autogen\helloworld@stm32f411re-nucleo\iar_project\Debug\Obj\system_stm32f4xx.o
#        D:\work\IOT\code\internal_code\projects\autogen\helloworld@stm32f411re-nucleo\iar_project\Debug\Obj\trace_impl.o
#        D:\work\IOT\code\internal_code\projects\autogen\helloworld@stm32f411re-nucleo\iar_project\Debug\Obj\version.o
#        D:\work\IOT\code\internal_code\projects\autogen\helloworld@stm32f411re-nucleo\iar_project\Debug\Obj\vfs.o
#        D:\work\IOT\code\internal_code\projects\autogen\helloworld@stm32f411re-nucleo\iar_project\Debug\Obj\vfs_adc.o
#        D:\work\IOT\code\internal_code\projects\autogen\helloworld@stm32f411re-nucleo\iar_project\Debug\Obj\vfs_file.o
#        D:\work\IOT\code\internal_code\projects\autogen\helloworld@stm32f411re-nucleo\iar_project\Debug\Obj\vfs_gpio.o
#        D:\work\IOT\code\internal_code\projects\autogen\helloworld@stm32f411re-nucleo\iar_project\Debug\Obj\vfs_i2c.o
#        D:\work\IOT\code\internal_code\projects\autogen\helloworld@stm32f411re-nucleo\iar_project\Debug\Obj\vfs_inode.o
#        D:\work\IOT\code\internal_code\projects\autogen\helloworld@stm32f411re-nucleo\iar_project\Debug\Obj\vfs_pwm.o
#        D:\work\IOT\code\internal_code\projects\autogen\helloworld@stm32f411re-nucleo\iar_project\Debug\Obj\vfs_register.o
#        D:\work\IOT\code\internal_code\projects\autogen\helloworld@stm32f411re-nucleo\iar_project\Debug\Obj\vfs_rtc.o
#        D:\work\IOT\code\internal_code\projects\autogen\helloworld@stm32f411re-nucleo\iar_project\Debug\Obj\vfs_spi.o
#        D:\work\IOT\code\internal_code\projects\autogen\helloworld@stm32f411re-nucleo\iar_project\Debug\Obj\vfs_uart.o
#        D:\work\IOT\code\internal_code\projects\autogen\helloworld@stm32f411re-nucleo\iar_project\Debug\Obj\vfs_wdg.o
#        D:\work\IOT\code\internal_code\projects\autogen\helloworld@stm32f411re-nucleo\iar_project\Debug\Obj\wifi.o
#        D:\work\IOT\code\internal_code\projects\autogen\helloworld@stm32f411re-nucleo\iar_project\Debug\Obj\wifi_atcmd.o
#        D:\work\IOT\code\internal_code\projects\autogen\helloworld@stm32f411re-nucleo\iar_project\Debug\Obj\yloop.o
#        -o
#        D:\work\IOT\code\internal_code\projects\autogen\helloworld@stm32f411re-nucleo\iar_project\Debug\Exe\helloworld@stm32f411re-nucleo.out
#        --map
#        D:\work\IOT\code\internal_code\projects\autogen\helloworld@stm32f411re-nucleo\iar_project\Debug\List\helloworld@stm32f411re-nucleo.map
#        --config
#        D:\work\IOT\code\internal_code\projects\autogen\helloworld@stm32f411re-nucleo\iar_project\../../../../platform/mcu/stm32l475/STM32L475.icf
#        --semihosting --entry __iar_program_start --vfe --text_out locale)
#
###############################################################################

*******************************************************************************
*** RUNTIME MODEL ATTRIBUTES
***

CppFlavor       = *
__SystemLibrary = DLib
__dlib_version  = 6


*******************************************************************************
*** HEAP SELECTION
***

The basic heap was selected because no calls to memory allocation
functions were found in the application outside of system library
functions, and there are calls to deallocation functions in the
application.


*******************************************************************************
*** PLACEMENT SUMMARY
***

"A1":  place at 0x08000000 { ro section .intvec };
"P1":  place in [from 0x08000000 to 0x080647ff] |
                [from 0x08066800 to 0x080fffff] { ro };
define block CSTACK with size = 8K, alignment = 8 { };
define block HEAP with size = 67K, alignment = 8 { };
"P2":  place in [from 0x20000000 to 0x2001efff] {
          block CSTACK, rw, block HEAP };
initialize by copy { rw };

No sections matched the following patterns:

  ro section INITED_FIXED_LOC  in "P4"
  ro section UNINIT_FIXED_LOC  in "P3"
  ro section firewall_section  in "A0"


  Section            Kind        Address     Size  Object
  -------            ----        -------     ----  ------
"A1":                                       0x198
  .intvec            ro code  0x08000000    0x198  startup_stm32f411xe_iar.o [1]
                            - 0x08000198    0x198

"P1":                                     0x1164c
  .text              ro code  0x08000198   0x1808  sal_sockets.o [1]
  .text              ro code  0x080019a0    0x42a  aos_rhino.o [1]
  .text              ro code  0x08001dca     0x1e  xsscin.o [3]
  .text              ro code  0x08001de8     0xa8  rand.o [3]
  .text              ro code  0x08001e90    0x114  log.o [1]
  .text              ro code  0x08001fa4     0x66  ABImemset.o [5]
  .text              ro code  0x0800200a     0x1a  xsnprout.o [3]
  .text              ro code  0x08002024     0x44  snprintf.o [3]
  .text              ro code  0x08002068    0x13c  sal_arch.o [1]
  .text              ro code  0x080021a4      0x6  ABImemclr4.o [5]
  .text              ro code  0x080021aa      0xa  xsprout.o [3]
  .text              ro code  0x080021b4     0x4a  strcmp.o [5]
  .rodata            const    0x080021fe      0x2  cli.o [1]
  .text              ro code  0x08002200    0x6c8  mk3060.o [1]
  .text              ro code  0x080028c8     0xa6  ABImemcpy.o [5]
  .rodata            const    0x0800296e      0x2  cli.o [1]
  .text              ro code  0x08002970     0x24  sal_err.o [1]
  .text              ro code  0x08002994    0x8e0  k_task.o [1]
  .text              ro code  0x08003274    0x410  k_mutex.o [1]
  .text              ro code  0x08003684     0xae  k_time.o [1]
  .text              ro code  0x08003734    0x280  k_sem.o [1]
  .text              ro code  0x080039b4    0x3a4  k_buf_queue.o [1]
  .text              ro code  0x08003d58    0x74c  k_mm.o [1]
  .text              ro code  0x080044a4    0x172  k_sys.o [1]
  .text              ro code  0x08004618   0x111a  cli.o [1]
  .text              ro code  0x08005734     0x36  strlen.o [5]
  .text              ro code  0x0800576a     0x28  strncmp.o [3]
  .text              ro code  0x08005794     0x20  vprintf.o [3]
  .text              ro code  0x080057b4     0xac  fflush.o [3]
  .text              ro code  0x08005860    0xde2  xprintffull_nomb.o [3]
  .text              ro code  0x08006644     0x32  ABImemset48.o [5]
  .text              ro code  0x08006676     0x30  strstr.o [3]
  .text              ro code  0x080066a8     0xa8  port_s.o [1]
  .text              ro code  0x08006750     0x8c  port_c.o [1]
  .text              ro code  0x080067dc    0x428  k_sched.o [1]
  .text              ro code  0x08006c04    0x1bc  k_tick.o [1]
  .text              ro code  0x08006dc0    0x198  k_pend.o [1]
  .text              ro code  0x08006f58     0x94  soc_impl.o [1]
  .text              ro code  0x08006fec     0x18  k_err.o [1]
  .text              ro code  0x08007004    0x22e  I64DivMod.o [5]
  .text              ro code  0x08007232    0x2b8  k_ringbuf.o [1]
  .text              ro code  0x080074ec    0x134  k_mm_blk.o [1]
  .text              ro code  0x08007620     0x28  printf.o [3]
  .text              ro code  0x08007648    0x280  k_mm_debug.o [1]
  .text              ro code  0x080078c8     0xb4  k_stats.o [1]
  .text              ro code  0x0800797c     0xdc  k_dyn_mem_proc.o [1]
  .text              ro code  0x08007a58    0x1d4  k_workqueue.o [1]
  .text              ro code  0x08007c2c    0x36c  k_timer.o [1]
  .text              ro code  0x08007f98     0x16  strchr.o [5]
  .text              ro code  0x08007fb0     0x70  strncpy.o [5]
  .text              ro code  0x08008020     0x86  iar_Stolx.o [3]
  .text              ro code  0x080080a8     0x24  hw.o [1]
  .text              ro code  0x080080cc     0x4c  strcpy.o [5]
  .text              ro code  0x08008118     0x3c  vsnprint.o [3]
  .text              ro code  0x08008154    0xe84  hal_uart_stm32f4.o [1]
  .text              ro code  0x08008fd8     0x64  iar_libc.o [1]
  .text              ro code  0x0800903c     0x44  xfail_s.o [3]
  .text              ro code  0x08009080     0x58  memchr.o [5]
  .text              ro code  0x080090d8    0x1a2  DblMul.o [4]
  .text              ro code  0x0800927c     0x70  frexp.o [4]
  .text              ro code  0x080092ec     0x2e  DblCmpLe.o [4]
  .text              ro code  0x0800931c     0x2e  DblCmpGe.o [4]
  .text              ro code  0x0800934c    0x13a  ldexp.o [4]
  .text              ro code  0x08009488     0x3a  DblToS32.o [4]
  .text              ro code  0x080094c4     0x22  S32ToDbl.o [4]
  .text              ro code  0x080094e8     0xe2  DblSub.o [4]
  .text              ro code  0x080095cc    0x246  DblDiv.o [4]
  .text              ro code  0x08009814     0x28  DblToU32.o [4]
  .text              ro code  0x0800983c     0x1a  U32ToDbl.o [4]
  .text              ro code  0x08009858     0x40  xlocale_c.o [3]
  .text              ro code  0x08009898     0x24  ABIassert.o [6]
  .text              ro code  0x080098bc      0x2  I64DivZer.o [5]
  .text              ro code  0x080098be     0x14  isspace.o [3]
  .text              ro code  0x080098d4    0x17c  iar_Stoulx.o [3]
  .text              ro code  0x08009a50     0x28  errno.o [3]
  .text              ro code  0x08009a78    0x170  stm32f4xx_hal_cortex.o [1]
  .text              ro code  0x08009be8     0xca  wifi.o [1]
  .text              ro code  0x08009cb4    0x8f4  stm32f4xx_hal_uart.o [1]
  .text              ro code  0x0800a5a8     0x14  memset.o [5]
  .text              ro code  0x0800a5bc      0x6  abort.o [3]
  .text              ro code  0x0800a5c4    0x168  DblAdd.o [4]
  .text              ro code  0x0800a72c     0x14  tolower.o [3]
  .text              ro code  0x0800a740      0x4  tp_nothreads.o [3]
  .text              ro code  0x0800a744    0x100  stm32f4xx_hal_msp.o [1]
  .text              ro code  0x0800a844     0xd4  stm32f4xx_hal_dma.o [1]
  .text              ro code  0x0800a918      0x2  stm32f4xx_hal_uart.o [1]
  .text              ro code  0x0800a91a      0x2  stm32f4xx_hal_uart.o [1]
  .text              ro code  0x0800a91c      0x2  stm32f4xx_hal_uart.o [1]
  .text              ro code  0x0800a920    0x21c  stm32f4xx_hal_rcc.o [1]
  .text              ro code  0x0800ab3c     0x14  exit.o [6]
  .text              ro code  0x0800ab50    0x20c  stm32f4xx_hal_gpio.o [1]
  .text              ro code  0x0800ad5c      0xc  stm32f4xx_hal.o [1]
  .text              ro code  0x0800ad68     0x4c  stm32f4xx_hal.o [1]
  .text              ro code  0x0800adb4    0x118  hal_gpio_stm32f4.o [1]
  .text              ro code  0x0800aecc   0x1788  atparser.o [1]
  .text              ro code  0x0800c654     0x68  memcmp.o [5]
  .text              ro code  0x0800c6bc    0x6c4  xscanflarge_nomb.o [3]
  .text              ro code  0x0800cd80    0x4c8  wifi_atcmd.o [1]
  .text              ro code  0x0800d248     0x28  sscanf.o [3]
  .text              ro code  0x0800d270    0x4b4  dumpsys.o [1]
  .text              ro code  0x0800d724     0x40  sprintf.o [3]
  .text              ro code  0x0800d764    0x3b8  stm32f4xx_hal_rcc.o [1]
  .text              ro code  0x0800db1c    0x3b4  yloop.o [1]
  .text              ro code  0x0800ded0     0x94  local_event.o [1]
  .text              ro code  0x0800df64    0x26c  select.o [1]
  .text              ro code  0x0800e1d0    0x154  vfs.o [1]
  .text              ro code  0x0800e324     0x80  vfs_file.o [1]
  .text              ro code  0x0800e3a4    0x156  vfs_inode.o [1]
  .text              ro code  0x0800e4fc    0x29c  device.o [1]
  .text              ro code  0x0800e798     0x70  vfs_register.o [1]
  .text              ro code  0x0800e808    0x1f6  ip4_addr.o [1]
  .text              ro code  0x0800ea00    0x1f4  aos_init.o [1]
  .text              ro code  0x0800ebf4     0x10  trace_impl.o [1]
  .text              ro code  0x0800ec04     0x34  middleware_common_main.o [1]
  .text              ro code  0x0800ec38     0x90  helloworld.o [1]
  .text              ro code  0x0800ecc8     0x38  version.o [1]
  .text              ro code  0x0800ed00      0x8  version.o [1]
  .text              ro code  0x0800ed08      0x8  version.o [1]
  .text              ro code  0x0800ed10    0x1f2  lz77_init.o [5]
  .text              ro code  0x0800ef04    0x134  soc_init.o [1]
  .text              ro code  0x0800f038     0x40  stm32f4xx_hal.o [1]
  .text              ro code  0x0800f078     0xd2  main.o [1]
  .text              ro code  0x0800f14c     0x18  stm32f4xx_hal.o [1]
  .rodata            const    0x0800f164     0x9c  cli.o [1]
  .rodata            const    0x0800f200     0x88  cli.o [1]
  .text              ro code  0x0800f288     0x86  aos.o [1]
  .text              ro code  0x0800f30e      0x2  board.o [1]
  .rodata            const    0x0800f310     0x78  cli.o [1]
  .text              ro code  0x0800f388     0x6c  system_stm32f4xx.o [1]
  .rodata            const    0x0800f3f4     0x58  k_mm_debug.o [1]
  .rodata            const    0x0800f44c     0x58  k_mm_debug.o [1]
  .rodata            const    0x0800f4a4     0x58  k_mm_debug.o [1]
  .rodata            const    0x0800f4fc     0x54  dumpsys.o [1]
  .rodata            const    0x0800f550     0x54  hal_uart_stm32f4.o [1]
  .rodata            const    0x0800f5a4     0x54  sal_sockets.o [1]
  .rodata            const    0x0800f5f8     0x4c  dumpsys.o [1]
  .rodata            const    0x0800f644     0x4c  soc_impl.o [1]
  .rodata            const    0x0800f690     0x44  k_dyn_mem_proc.o [1]
  .rodata            const    0x0800f6d4     0x44  main.o [1]
  .rodata            const    0x0800f718     0x44  sal_err.o [1]
  .rodata            const    0x0800f75c     0x40  atparser.o [1]
  .rodata            const    0x0800f79c     0x40  k_mm_debug.o [1]
  .rodata            const    0x0800f7dc     0x40  k_workqueue.o [1]
  .text              ro code  0x0800f81c     0x40  zero_init3.o [5]
  .rodata            const    0x0800f85c     0x3c  dumpsys.o [1]
  .rodata            const    0x0800f898     0x3c  k_mm_debug.o [1]
  .rodata            const    0x0800f8d4     0x3c  k_mm_debug.o [1]
  .rodata            const    0x0800f910     0x3c  k_mutex.o [1]
  .rodata            const    0x0800f94c     0x3c  k_pend.o [1]
  .rodata            const    0x0800f988     0x3c  k_sched.o [1]
  .rodata            const    0x0800f9c4     0x3c  k_stats.o [1]
  .rodata            const    0x0800fa00     0x3c  k_task.o [1]
  .rodata            const    0x0800fa3c     0x3c  k_tick.o [1]
  .rodata            const    0x0800fa78     0x3c  k_timer.o [1]
  .text              ro code  0x0800fab4     0x3c  k_idle.o [1]
  .rodata            const    0x0800faf0     0x38  dumpsys.o [1]
  .rodata            const    0x0800fb28     0x38  k_mm.o [1]
  .rodata            const    0x0800fb60     0x38  sal_sockets.o [1]
  .rodata            const    0x0800fb98     0x38  sal_sockets.o [1]
  .rodata            const    0x0800fbd0     0x38  sal_sockets.o [1]
  .rodata            const    0x0800fc08     0x34  aos_init.o [1]
  .rodata            const    0x0800fc3c     0x34  atparser.o [1]
  .rodata            const    0x0800fc70     0x34  dumpsys.o [1]
  .rodata            const    0x0800fca4     0x34  dumpsys.o [1]
  .rodata            const    0x0800fcd8     0x34  sal_sockets.o [1]
  .rodata            const    0x0800fd0c     0x34  sal_sockets.o [1]
  .rodata            const    0x0800fd40     0x34  sal_sockets.o [1]
  .rodata            const    0x0800fd74     0x30  aos_init.o [1]
  .rodata            const    0x0800fda4     0x30  atparser.o [1]
  .rodata            const    0x0800fdd4     0x30  cli.o [1]
  .rodata            const    0x0800fe04     0x30  dumpsys.o [1]
  .rodata            const    0x0800fe34     0x30  dumpsys.o [1]
  .rodata            const    0x0800fe64     0x30  dumpsys.o [1]
  .rodata            const    0x0800fe94     0x30  k_mm_debug.o [1]
  .rodata            const    0x0800fec4     0x30  sal_sockets.o [1]
  .rodata            const    0x0800fef4     0x30  sal_sockets.o [1]
  .rodata            const    0x0800ff24     0x2c  atparser.o [1]
  .rodata            const    0x0800ff50     0x2c  atparser.o [1]
  .rodata            const    0x0800ff7c     0x2c  atparser.o [1]
  .rodata            const    0x0800ffa8     0x2c  atparser.o [1]
  .rodata            const    0x0800ffd4     0x2c  atparser.o [1]
  .rodata            const    0x08010000     0x2c  cli.o [1]
  .rodata            const    0x0801002c     0x2c  cli.o [1]
  .rodata            const    0x08010058     0x2c  cli.o [1]
  .rodata            const    0x08010084     0x2c  hal_uart_stm32f4.o [1]
  .rodata            const    0x080100b0     0x2c  k_mm_debug.o [1]
  .rodata            const    0x080100dc     0x2c  sal_sockets.o [1]
  .rodata            const    0x08010108     0x2c  sal_sockets.o [1]
  .rodata            const    0x08010134     0x2c  sal_sockets.o [1]
  .rodata            const    0x08010160     0x28  aos_init.o [1]
  .rodata            const    0x08010188     0x28  atparser.o [1]
  .rodata            const    0x080101b0     0x28  atparser.o [1]
  .rodata            const    0x080101d8     0x28  hal_uart_stm32f4.o [1]
  .rodata            const    0x08010200     0x28  k_mm.o [1]
  .rodata            const    0x08010228     0x28  mk3060.o [1]
  .rodata            const    0x08010250     0x28  mk3060.o [1]
  .rodata            const    0x08010278     0x28  sal_sockets.o [1]
  .rodata            const    0x080102a0     0x28  sal_sockets.o [1]
  .rodata            const    0x080102c8     0x28  sal_sockets.o [1]
  .rodata            const    0x080102f0     0x28  sal_sockets.o [1]
  .rodata            const    0x08010318     0x28  sal_sockets.o [1]
  .rodata            const    0x08010340     0x28  wifi_atcmd.o [1]
  .text              ro code  0x08010368     0x28  data_init.o [5]
  .rodata            const    0x08010390     0x24  atparser.o [1]
  .rodata            const    0x080103b4     0x24  atparser.o [1]
  .rodata            const    0x080103d8     0x24  cli.o [1]
  .rodata            const    0x080103fc     0x24  dumpsys.o [1]
  .rodata            const    0x08010420     0x24  dumpsys.o [1]
  .rodata            const    0x08010444     0x24  k_mm.o [1]
  .rodata            const    0x08010468     0x24  sal_sockets.o [1]
  .rodata            const    0x0801048c     0x24  sal_sockets.o [1]
  .rodata            const    0x080104b0     0x24  sal_sockets.o [1]
  .rodata            const    0x080104d4     0x24  wifi_atcmd.o [1]
  .text              ro code  0x080104f8     0x22  fpinit_M.o [4]
  .iar.init_table    const    0x0801051c     0x2c  - Linker created -
  .rodata            const    0x08010548     0x20  atparser.o [1]
  .rodata            const    0x08010568     0x20  atparser.o [1]
  .rodata            const    0x08010588     0x20  atparser.o [1]
  .rodata            const    0x080105a8     0x20  atparser.o [1]
  .rodata            const    0x080105c8     0x20  atparser.o [1]
  .rodata            const    0x080105e8     0x20  atparser.o [1]
  .rodata            const    0x08010608     0x20  atparser.o [1]
  .rodata            const    0x08010628     0x20  atparser.o [1]
  .rodata            const    0x08010648     0x20  atparser.o [1]
  .rodata            const    0x08010668     0x20  cli.o [1]
  .rodata            const    0x08010688     0x20  cli.o [1]
  .rodata            const    0x080106a8     0x20  dumpsys.o [1]
  .rodata            const    0x080106c8     0x20  k_mm.o [1]
  .rodata            const    0x080106e8     0x20  k_mm.o [1]
  .rodata            const    0x08010708     0x20  mk3060.o [1]
  .rodata            const    0x08010728     0x20  sal_sockets.o [1]
  .rodata            const    0x08010748     0x20  sal_sockets.o [1]
  .rodata            const    0x08010768     0x20  sal_sockets.o [1]
  .rodata            const    0x08010788     0x20  wifi_atcmd.o [1]
  .rodata            const    0x080107a8     0x20  wifi_atcmd.o [1]
  .rodata            const    0x080107c8     0x20  wifi_atcmd.o [1]
  .rodata            const    0x080107e8     0x20  wifi_atcmd.o [1]
  .rodata            const    0x08010808     0x20  wifi_atcmd.o [1]
  .text              ro code  0x08010828     0x1e  cmain.o [5]
  .text              ro code  0x08010846      0x4  low_level_init.o [3]
  .text              ro code  0x0801084a      0x4  exit.o [3]
  .text              ro code  0x08010850      0xa  cexit.o [5]
  .rodata            const    0x0801085c     0x1c  atparser.o [1]
  .rodata            const    0x08010878     0x1c  atparser.o [1]
  .rodata            const    0x08010894     0x1c  atparser.o [1]
  .rodata            const    0x080108b0     0x1c  atparser.o [1]
  .rodata            const    0x080108cc     0x1c  cli.o [1]
  .rodata            const    0x080108e8     0x1c  cli.o [1]
  .rodata            const    0x08010904     0x1c  dumpsys.o [1]
  .rodata            const    0x08010920     0x1c  k_mm.o [1]
  .rodata            const    0x0801093c     0x1c  k_mm_debug.o [1]
  .rodata            const    0x08010958     0x1c  mk3060.o [1]
  .rodata            const    0x08010974     0x1c  mk3060.o [1]
  .rodata            const    0x08010990     0x1c  mk3060.o [1]
  .rodata            const    0x080109ac     0x1c  sal_sockets.o [1]
  .rodata            const    0x080109c8     0x18  aos_init.o [1]
  .rodata            const    0x080109e0     0x18  aos_init.o [1]
  .rodata            const    0x080109f8     0x18  atparser.o [1]
  .rodata            const    0x08010a10     0x18  atparser.o [1]
  .rodata            const    0x08010a28     0x18  atparser.o [1]
  .rodata            const    0x08010a40     0x18  atparser.o [1]
  .rodata            const    0x08010a58     0x18  atparser.o [1]
  .rodata            const    0x08010a70     0x18  atparser.o [1]
  .rodata            const    0x08010a88     0x18  atparser.o [1]
  .rodata            const    0x08010aa0     0x18  atparser.o [1]
  .rodata            const    0x08010ab8     0x18  cli.o [1]
  .rodata            const    0x08010ad0     0x18  cli.o [1]
  .rodata            const    0x08010ae8     0x18  device.o [1]
  .rodata            const    0x08010b00     0x18  dumpsys.o [1]
  .rodata            const    0x08010b18     0x18  hal_uart_stm32f4.o [1]
  .rodata            const    0x08010b30     0x18  hal_uart_stm32f4.o [1]
  .rodata            const    0x08010b48     0x18  helloworld.o [1]
  .rodata            const    0x08010b60     0x18  helloworld.o [1]
  .rodata            const    0x08010b78     0x18  hw.o [1]
  .rodata            const    0x08010b90     0x18  k_mm_debug.o [1]
  .rodata            const    0x08010ba8     0x18  k_mm_debug.o [1]
  .rodata            const    0x08010bc0     0x18  log.o [1]
  .rodata            const    0x08010bd8     0x18  log.o [1]
  .rodata            const    0x08010bf0     0x18  log.o [1]
  .rodata            const    0x08010c08     0x18  sal_sockets.o [1]
  .rodata            const    0x08010c20     0x18  sal_sockets.o [1]
  .rodata            const    0x08010c38     0x18  trace_impl.o [1]
  .rodata            const    0x08010c50     0x18  version.o [1]
  .rodata            const    0x08010c68     0x18  version.o [1]
  .rodata            const    0x08010c80     0x18  wifi_atcmd.o [1]
  .rodata            const    0x08010c98     0x18  wifi_atcmd.o [1]
  .rodata            const    0x08010cb0     0x18  wifi_atcmd.o [1]
  .rodata            const    0x08010cc8     0x18  wifi_atcmd.o [1]
  .rodata            const    0x08010ce0     0x18  yloop.o [1]
  .text              ro code  0x08010cf8     0x16  xprout.o [3]
  .text              ro code  0x08010d10      0xc  putchar.o [3]
  .rodata            const    0x08010d1c     0x14  atparser.o [1]
  .rodata            const    0x08010d30     0x14  atparser.o [1]
  .rodata            const    0x08010d44     0x14  atparser.o [1]
  .rodata            const    0x08010d58     0x14  atparser.o [1]
  .rodata            const    0x08010d6c     0x14  atparser.o [1]
  .rodata            const    0x08010d80     0x14  cli.o [1]
  .rodata            const    0x08010d94     0x14  cli.o [1]
  .rodata            const    0x08010da8     0x14  cli.o [1]
  .rodata            const    0x08010dbc     0x14  cli.o [1]
  .rodata            const    0x08010dd0     0x14  dumpsys.o [1]
  .rodata            const    0x08010de4     0x14  dumpsys.o [1]
  .rodata            const    0x08010df8     0x14  helloworld.o [1]
  .rodata            const    0x08010e0c     0x14  k_dyn_mem_proc.o [1]
  .rodata            const    0x08010e20     0x14  k_mm_debug.o [1]
  .rodata            const    0x08010e34     0x14  k_workqueue.o [1]
  .rodata            const    0x08010e48     0x14  log.o [1]
  .rodata            const    0x08010e5c     0x14  middleware_common_main.o [1]
  .rodata            const    0x08010e70     0x14  mk3060.o [1]
  .rodata            const    0x08010e84     0x14  mk3060.o [1]
  .rodata            const    0x08010e98     0x14  version.o [1]
  .rodata            const    0x08010eac     0x14  wifi_atcmd.o [1]
  .rodata            const    0x08010ec0     0x10  aos_init.o [1]
  .rodata            const    0x08010ed0     0x10  aos_init.o [1]
  .rodata            const    0x08010ee0     0x10  atparser.o [1]
  .rodata            const    0x08010ef0     0x10  atparser.o [1]
  .rodata            const    0x08010f00     0x10  cli.o [1]
  .rodata            const    0x08010f10     0x10  cli.o [1]
  .rodata            const    0x08010f20     0x10  cli.o [1]
  .rodata            const    0x08010f30     0x10  cli.o [1]
  .rodata            const    0x08010f40     0x10  cli.o [1]
  .rodata            const    0x08010f50     0x10  cli.o [1]
  .rodata            const    0x08010f60     0x10  cli.o [1]
  .rodata            const    0x08010f70     0x10  cli.o [1]
  .rodata            const    0x08010f80     0x10  cli.o [1]
  .rodata            const    0x08010f90     0x10  k_mm.o [1]
  .rodata            const    0x08010fa0     0x10  k_mm_debug.o [1]
  .rodata            const    0x08010fb0     0x10  k_mm_debug.o [1]
  .rodata            const    0x08010fc0     0x10  k_mm_debug.o [1]
  .rodata            const    0x08010fd0     0x10  k_workqueue.o [1]
  .rodata            const    0x08010fe0     0x10  log.o [1]
  .rodata            const    0x08010ff0     0x10  mk3060.o [1]
  .rodata            const    0x08011000     0x10  mk3060.o [1]
  .rodata            const    0x08011010     0x10  mk3060.o [1]
  .rodata            const    0x08011020     0x10  mk3060.o [1]
  .rodata            const    0x08011030     0x10  mk3060.o [1]
  .rodata            const    0x08011040     0x10  mk3060.o [1]
  .rodata            const    0x08011050     0x10  mk3060.o [1]
  .rodata            const    0x08011060     0x10  sal_sockets.o [1]
  .rodata            const    0x08011070     0x10  sal_sockets.o [1]
  .rodata            const    0x08011080     0x10  system_stm32f4xx.o [1]
  .rodata            const    0x08011090     0x10  version.o [1]
  .rodata            const    0x080110a0     0x10  wifi_atcmd.o [1]
  .rodata            const    0x080110b0     0x10  wifi_atcmd.o [1]
  .rodata            const    0x080110c0     0x10  yloop.o [1]
  .text              ro code  0x080110d0     0x10  startup_stm32f411xe_iar.o [1]
  .rodata            const    0x080110e0      0xc  aos.o [1]
  .rodata            const    0x080110ec      0xc  aos_common.o [1]
  .rodata            const    0x080110f8      0xc  aos_init.o [1]
  .rodata            const    0x08011104      0xc  aos_init.o [1]
  .rodata            const    0x08011110      0xc  atparser.o [1]
  .rodata            const    0x0801111c      0xc  atparser.o [1]
  .rodata            const    0x08011128      0xc  atparser.o [1]
  .rodata            const    0x08011134      0xc  atparser.o [1]
  .rodata            const    0x08011140      0xc  cli.o [1]
  .rodata            const    0x0801114c      0xc  cli.o [1]
  .rodata            const    0x08011158      0xc  cli.o [1]
  .rodata            const    0x08011164      0xc  cli.o [1]
  .rodata            const    0x08011170      0xc  cli.o [1]
  .rodata            const    0x0801117c      0xc  cli.o [1]
  .rodata            const    0x08011188      0xc  cli.o [1]
  .rodata            const    0x08011194      0xc  cli.o [1]
  .rodata            const    0x080111a0      0xc  cli.o [1]
  .rodata            const    0x080111ac      0xc  device.o [1]
  .rodata            const    0x080111b8      0xc  dumpsys.o [1]
  .rodata            const    0x080111c4      0xc  dumpsys.o [1]
  .rodata            const    0x080111d0      0xc  dumpsys.o [1]
  .rodata            const    0x080111dc      0xc  dumpsys.o [1]
  .rodata            const    0x080111e8      0xc  helloworld.o [1]
  .rodata            const    0x080111f4      0xc  ip4_addr.o [1]
  .rodata            const    0x08011200      0xc  ip4_addr.o [1]
  .rodata            const    0x0801120c      0xc  k_mm_debug.o [1]
  .rodata            const    0x08011218      0xc  k_mm_debug.o [1]
  .rodata            const    0x08011224      0xc  k_mm_debug.o [1]
  .rodata            const    0x08011230      0xc  k_sys.o [1]
  .rodata            const    0x0801123c      0xc  k_timer.o [1]
  .rodata            const    0x08011248      0xc  k_timer.o [1]
  .rodata            const    0x08011254      0xc  local_event.o [1]
  .rodata            const    0x08011260      0xc  log.o [1]
  .rodata            const    0x0801126c      0xc  middleware_common_main.o [1]
  .rodata            const    0x08011278      0xc  mk3060.o [1]
  .rodata            const    0x08011284      0xc  mk3060.o [1]
  .rodata            const    0x08011290      0xc  mk3060.o [1]
  .rodata            const    0x0801129c      0xc  mk3060.o [1]
  .rodata            const    0x080112a8      0xc  mk3060.o [1]
  .rodata            const    0x080112b4      0xc  mk3060.o [1]
  .rodata            const    0x080112c0      0xc  mk3060.o [1]
  .rodata            const    0x080112cc      0xc  mk3060.o [1]
  .rodata            const    0x080112d8      0xc  sal_sockets.o [1]
  .rodata            const    0x080112e4      0xc  sal_sockets.o [1]
  .rodata            const    0x080112f0      0xc  sal_sockets.o [1]
  .rodata            const    0x080112fc      0xc  sal_sockets.o [1]
  .rodata            const    0x08011308      0xc  sal_sockets.o [1]
  .rodata            const    0x08011314      0xc  vfs.o [1]
  .rodata            const    0x08011320      0xc  wifi_atcmd.o [1]
  .rodata            const    0x0801132c      0xc  wifi_atcmd.o [1]
  .rodata            const    0x08011338      0xc  wifi_atcmd.o [1]
  .rodata            const    0x08011344      0xc  wifi_atcmd.o [1]
  .rodata            const    0x08011350      0xc  wifi_atcmd.o [1]
  .rodata            const    0x0801135c      0xc  yloop.o [1]
  .rodata            const    0x08011368      0xc  yloop.o [1]
  .text              ro code  0x08011374      0xc  cstartup_M.o [5]
  .rodata            const    0x08011380      0x8  atparser.o [1]
  .rodata            const    0x08011388      0x8  atparser.o [1]
  .rodata            const    0x08011390      0x8  atparser.o [1]
  .rodata            const    0x08011398      0x8  cli.o [1]
  .rodata            const    0x080113a0      0x8  cli.o [1]
  .rodata            const    0x080113a8      0x8  cli.o [1]
  .rodata            const    0x080113b0      0x8  cli.o [1]
  .rodata            const    0x080113b8      0x8  cli.o [1]
  .rodata            const    0x080113c0      0x8  cli.o [1]
  .rodata            const    0x080113c8      0x8  cli.o [1]
  .rodata            const    0x080113d0      0x8  cli.o [1]
  .rodata            const    0x080113d8      0x8  cli.o [1]
  .rodata            const    0x080113e0      0x8  cli.o [1]
  .rodata            const    0x080113e8      0x8  cli.o [1]
  .rodata            const    0x080113f0      0x8  cli.o [1]
  .rodata            const    0x080113f8      0x8  cli.o [1]
  .rodata            const    0x08011400      0x8  cli.o [1]
  .rodata            const    0x08011408      0x8  cli.o [1]
  .rodata            const    0x08011410      0x8  cli.o [1]
  .rodata            const    0x08011418      0x8  cli.o [1]
  .rodata            const    0x08011420      0x8  dumpsys.o [1]
  .rodata            const    0x08011428      0x8  dumpsys.o [1]
  .rodata            const    0x08011430      0x8  dumpsys.o [1]
  .rodata            const    0x08011438      0x8  dumpsys.o [1]
  .rodata            const    0x08011440      0x8  dumpsys.o [1]
  .rodata            const    0x08011448      0x8  dumpsys.o [1]
  .rodata            const    0x08011450      0x8  dumpsys.o [1]
  .rodata            const    0x08011458      0x8  dumpsys.o [1]
  .rodata            const    0x08011460      0x8  dumpsys.o [1]
  .rodata            const    0x08011468      0x8  dumpsys.o [1]
  .rodata            const    0x08011470      0x8  dumpsys.o [1]
  .rodata            const    0x08011478      0x8  k_mm_debug.o [1]
  .rodata            const    0x08011480      0x8  k_mm_debug.o [1]
  .rodata            const    0x08011488      0x8  k_mm_debug.o [1]
  .rodata            const    0x08011490      0x8  k_mm_debug.o [1]
  .rodata            const    0x08011498      0x8  k_sys.o [1]
  .rodata            const    0x080114a0      0x8  log.o [1]
  .rodata            const    0x080114a8      0x8  log.o [1]
  .rodata            const    0x080114b0      0x8  log.o [1]
  .rodata            const    0x080114b8      0x8  log.o [1]
  .rodata            const    0x080114c0      0x8  log.o [1]
  .rodata            const    0x080114c8      0x8  mk3060.o [1]
  .rodata            const    0x080114d0      0x8  mk3060.o [1]
  .rodata            const    0x080114d8      0x8  mk3060.o [1]
  .rodata            const    0x080114e0      0x8  mk3060.o [1]
  .rodata            const    0x080114e8      0x8  sal_sockets.o [1]
  .rodata            const    0x080114f0      0x8  soc_impl.o [1]
  .rodata            const    0x080114f8      0x8  soc_impl.o [1]
  .rodata            const    0x08011500      0x8  soc_impl.o [1]
  .rodata            const    0x08011508      0x8  system_stm32f4xx.o [1]
  .rodata            const    0x08011510      0x8  version.o [1]
  .rodata            const    0x08011518      0x8  wifi_atcmd.o [1]
  .rodata            const    0x08011520      0x8  wifi_atcmd.o [1]
  .rodata            const    0x08011528      0x8  wifi_atcmd.o [1]
  .rodata            const    0x08011530      0x8  wifi_atcmd.o [1]
  .rodata            const    0x08011538      0x6  xlocale_c.o [3]
  .rodata            const    0x08011540      0x4  aos_init.o [1]
  .rodata            const    0x08011544      0x4  aos_init.o [1]
  .rodata            const    0x08011548      0x4  cli.o [1]
  .rodata            const    0x0801154c      0x4  dumpsys.o [1]
  .rodata            const    0x08011550      0x4  dumpsys.o [1]
  .rodata            const    0x08011554      0x4  dumpsys.o [1]
  .text              ro code  0x08011558      0x4  startup_stm32f411xe_iar.o [1]
  .text              ro code  0x0801155c      0x4  startup_stm32f411xe_iar.o [1]
  .text              ro code  0x08011560      0x4  startup_stm32f411xe_iar.o [1]
  .text              ro code  0x08011564      0x4  startup_stm32f411xe_iar.o [1]
  .text              ro code  0x08011568      0x4  startup_stm32f411xe_iar.o [1]
  .text              ro code  0x0801156c      0x4  startup_stm32f411xe_iar.o [1]
  .text              ro code  0x08011570      0x4  startup_stm32f411xe_iar.o [1]
  .text              ro code  0x08011574      0x4  startup_stm32f411xe_iar.o [1]
  .text              ro code  0x08011578      0x4  startup_stm32f411xe_iar.o [1]
  .text              ro code  0x0801157c      0x4  startup_stm32f411xe_iar.o [1]
  .text              ro code  0x08011580      0x4  startup_stm32f411xe_iar.o [1]
  .text              ro code  0x08011584      0x4  startup_stm32f411xe_iar.o [1]
  .text              ro code  0x08011588      0x4  startup_stm32f411xe_iar.o [1]
  .text              ro code  0x0801158c      0x4  startup_stm32f411xe_iar.o [1]
  .text              ro code  0x08011590      0x4  startup_stm32f411xe_iar.o [1]
  .text              ro code  0x08011594      0x4  startup_stm32f411xe_iar.o [1]
  .text              ro code  0x08011598      0x4  startup_stm32f411xe_iar.o [1]
  .text              ro code  0x0801159c      0x4  startup_stm32f411xe_iar.o [1]
  .text              ro code  0x080115a0      0x4  startup_stm32f411xe_iar.o [1]
  .text              ro code  0x080115a4      0x4  startup_stm32f411xe_iar.o [1]
  .text              ro code  0x080115a8      0x4  startup_stm32f411xe_iar.o [1]
  .text              ro code  0x080115ac      0x4  startup_stm32f411xe_iar.o [1]
  .text              ro code  0x080115b0      0x4  startup_stm32f411xe_iar.o [1]
  .text              ro code  0x080115b4      0x4  startup_stm32f411xe_iar.o [1]
  .text              ro code  0x080115b8      0x4  startup_stm32f411xe_iar.o [1]
  .text              ro code  0x080115bc      0x4  startup_stm32f411xe_iar.o [1]
  .text              ro code  0x080115c0      0x4  startup_stm32f411xe_iar.o [1]
  .text              ro code  0x080115c4      0x4  startup_stm32f411xe_iar.o [1]
  .text              ro code  0x080115c8      0x4  startup_stm32f411xe_iar.o [1]
  .text              ro code  0x080115cc      0x4  startup_stm32f411xe_iar.o [1]
  .text              ro code  0x080115d0      0x4  startup_stm32f411xe_iar.o [1]
  .text              ro code  0x080115d4      0x4  startup_stm32f411xe_iar.o [1]
  .text              ro code  0x080115d8      0x4  startup_stm32f411xe_iar.o [1]
  .text              ro code  0x080115dc      0x4  startup_stm32f411xe_iar.o [1]
  .text              ro code  0x080115e0      0x4  startup_stm32f411xe_iar.o [1]
  .text              ro code  0x080115e4      0x4  startup_stm32f411xe_iar.o [1]
  .text              ro code  0x080115e8      0x4  startup_stm32f411xe_iar.o [1]
  .text              ro code  0x080115ec      0x4  startup_stm32f411xe_iar.o [1]
  .text              ro code  0x080115f0      0x4  startup_stm32f411xe_iar.o [1]
  .text              ro code  0x080115f4      0x4  startup_stm32f411xe_iar.o [1]
  .text              ro code  0x080115f8      0x4  startup_stm32f411xe_iar.o [1]
  .text              ro code  0x080115fc      0x4  startup_stm32f411xe_iar.o [1]
  .text              ro code  0x08011600      0x4  startup_stm32f411xe_iar.o [1]
  .text              ro code  0x08011604      0x4  startup_stm32f411xe_iar.o [1]
  .text              ro code  0x08011608      0x4  startup_stm32f411xe_iar.o [1]
  .text              ro code  0x0801160c      0x4  startup_stm32f411xe_iar.o [1]
  .text              ro code  0x08011610      0x4  startup_stm32f411xe_iar.o [1]
  .text              ro code  0x08011614      0x4  startup_stm32f411xe_iar.o [1]
  .text              ro code  0x08011618      0x4  startup_stm32f411xe_iar.o [1]
  .text              ro code  0x0801161c      0x4  startup_stm32f411xe_iar.o [1]
  .text              ro code  0x08011620      0x4  startup_stm32f411xe_iar.o [1]
  .text              ro code  0x08011624      0x4  startup_stm32f411xe_iar.o [1]
  .text              ro code  0x08011628      0x4  startup_stm32f411xe_iar.o [1]
  .text              ro code  0x0801162c      0x4  startup_stm32f411xe_iar.o [1]
  .text              ro code  0x08011630      0x0  panic_iccarm.o [1]
  .rodata            const    0x08011630      0x0  zero_init3.o [5]
  .rodata            const    0x08011630      0x0  lz77_init.o [5]
  Initializer bytes  const    0x08011630    0x1b4  <for P2 s0>
                            - 0x080117e4  0x1164c

"P2", part 1 of 3:                          0x4e9
  P2 s0                       0x20000000    0x4e9  <Init block>
    .data            inited   0x20000000    0x114  atparser.o [1]
    .data            inited   0x20000114    0x100  hal_gpio_stm32f4.o [1]
    .data            inited   0x20000214     0x90  wifi_atcmd.o [1]
    .data            inited   0x200002a4     0x48  xfiles.o [3]
    .data            inited   0x200002ec     0x48  xfiles.o [3]
    .data            inited   0x20000334     0x48  xfiles.o [3]
    .data            inited   0x2000037c     0x48  xlocale_c.o [3]
    .data            inited   0x200003c4     0x38  xlocale_c.o [3]
    .data            inited   0x200003fc     0x20  soc_init.o [1]
    .data            inited   0x2000041c     0x20  xfiles.o [3]
    .data            inited   0x2000043c     0x18  aos_init.o [1]
    .data            inited   0x20000454     0x18  dumpsys.o [1]
    .data            inited   0x2000046c     0x14  mk3060.o [1]
    .data            inited   0x20000480      0xc  aos_init.o [1]
    .data            inited   0x2000048c      0xc  log.o [1]
    .data            inited   0x20000498      0xc  version.o [1]
    .data            inited   0x200004a4      0x8  local_event.o [1]
    .data            inited   0x200004ac      0x8  local_event.o [1]
    .data            inited   0x200004b4      0x8  soc_impl.o [1]
    .data            inited   0x200004bc      0x8  wifi.o [1]
    .data            inited   0x200004c4      0x8  rand.o [3]
    .data            inited   0x200004cc      0x4  aos_common.o [1]
    .data            inited   0x200004d0      0x4  atparser.o [1]
    .data            inited   0x200004d4      0x4  log.o [1]
    .data            inited   0x200004d8      0x4  soc_impl.o [1]
    .data            inited   0x200004dc      0x4  soc_impl.o [1]
    .data            inited   0x200004e0      0x4  stm32f4xx_hal.o [1]
    .data            inited   0x200004e4      0x4  system_stm32f4xx.o [1]
    .data            inited   0x200004e8      0x1  stm32f4xx_hal.o [1]
                            - 0x200004e9    0x4e9

"P2", part 2 of 3:                         0x8f9c
  .bss               zero     0x200004ec   0x5000  soc_impl.o [1]
  .bss               zero     0x200054ec   0x1800  aos.o [1]
  .bss               zero     0x20006cec    0xc00  k_obj.o [1]
  .bss               zero     0x200078ec    0x4b0  k_obj.o [1]
  .bss               zero     0x20007d9c    0x400  k_obj.o [1]
  .bss               zero     0x2000819c    0x320  k_obj.o [1]
  .bss               zero     0x200084bc    0x258  vfs_file.o [1]
  .bss               zero     0x20008714    0x1f4  vfs_inode.o [1]
  .bss               zero     0x20008908     0x64  sal_sockets.o [1]
  .bss               zero     0x20008970    0x1e0  k_obj.o [1]
  .bss               zero     0x20008b50    0x104  k_obj.o [1]
  .bss               zero     0x20008c54    0x100  cli.o [1]
  .bss               zero     0x20008d54     0xd8  hal_uart_stm32f4.o [1]
  .bss               zero     0x20008e2c     0x4c  k_obj.o [1]
  .bss               zero     0x20008e78     0xb8  k_obj.o [1]
  .bss               zero     0x20008f30     0x84  rand.o [3]
  .bss               zero     0x20008fb4     0x3c  mk3060.o [1]
  .bss               zero     0x20008ff0     0x78  aos.o [1]
  .bss               zero     0x20009068     0x78  k_obj.o [1]
  .bss               zero     0x200090e0     0x78  k_obj.o [1]
  .bss               zero     0x20009158     0x78  k_obj.o [1]
  .bss               zero     0x200091d0     0x78  sal_sockets.o [1]
  .bss               zero     0x20009248     0x50  xfiles.o [3]
  .bss               zero     0x20009298     0x50  xfiles.o [3]
  .bss               zero     0x200092e8     0x40  cli.o [1]
  .bss               zero     0x20009328     0x38  k_obj.o [1]
  .bss               zero     0x20009360     0x28  vfs.o [1]
  .bss               zero     0x20009388     0x24  k_obj.o [1]
  .bss               zero     0x200093ac     0x14  atparser.o [1]
  .bss               zero     0x200093c0     0x14  soc_init.o [1]
  .bss               zero     0x200093d4      0xc  aos.o [1]
  .bss               zero     0x200093e0      0x8  k_obj.o [1]
  .bss               zero     0x200093e8      0x8  k_obj.o [1]
  .bss               zero     0x200093f0      0x8  k_obj.o [1]
  .bss               zero     0x200093f8      0x8  k_obj.o [1]
  .bss               zero     0x20009400      0x8  k_obj.o [1]
  .bss               zero     0x20009408      0x8  k_obj.o [1]
  .bss               zero     0x20009410      0x8  k_obj.o [1]
  .bss               zero     0x20009418      0x4  aos_rhino.o [1]
  .bss               zero     0x2000941c      0x4  atparser.o [1]
  .bss               zero     0x20009420      0x4  cli.o [1]
  .bss               zero     0x20009424      0x4  cli.o [1]
  .bss               zero     0x20009428      0x4  cli.o [1]
  .bss               zero     0x2000942c      0x4  device.o [1]
  .bss               zero     0x20009430      0x4  hal_uart_stm32f4.o [1]
  .bss               zero     0x20009434      0x4  iar_libc.o [1]
  .bss               zero     0x20009438      0x4  k_mm.o [1]
  .bss               zero     0x2000943c      0x4  k_obj.o [1]
  .bss               zero     0x20009440      0x4  k_obj.o [1]
  .bss               zero     0x20009444      0x4  k_obj.o [1]
  .bss               zero     0x20009448      0x4  log.o [1]
  .bss               zero     0x2000944c      0x4  mk3060.o [1]
  .bss               zero     0x20009450      0x4  sal_arch.o [1]
  .bss               zero     0x20009454      0x4  sal_sockets.o [1]
  .bss               zero     0x20009458      0x4  sal_sockets.o [1]
  .bss               zero     0x2000945c      0x4  sal_sockets.o [1]
  .bss               zero     0x20009460      0x4  sal_sockets.o [1]
  .bss               zero     0x20009464      0x4  sal_sockets.o [1]
  .bss               zero     0x20009468      0x4  stm32f4xx_hal.o [1]
  .bss               zero     0x2000946c      0x4  yloop.o [1]
  .bss               zero     0x20009470      0x4  yloop.o [1]
  .bss               zero     0x20009474      0x4  xfail_s.o [3]
  .tbss              zero     0x20009478      0x4  errno.o [3]
  .bss               zero     0x2000947c      0x2  k_obj.o [1]
  .bss               zero     0x2000947e      0x2  sal_sockets.o [1]
  .bss               zero     0x20009480      0x1  atparser.o [1]
  .bss               zero     0x20009481      0x1  cli.o [1]
  .bss               zero     0x20009482      0x1  k_obj.o [1]
  .bss               zero     0x20009483      0x1  k_obj.o [1]
  .bss               zero     0x20009484      0x1  k_obj.o [1]
  .bss               zero     0x20009485      0x1  vfs.o [1]
                            - 0x20009486   0x8f9a

"P2", part 3 of 3:                         0x2000
  CSTACK                      0x20009488   0x2000  <Block>
    CSTACK           uninit   0x20009488   0x2000  <Block tail>
                            - 0x2000b488   0x2000


*******************************************************************************
*** INIT TABLE
***

          Address     Size
          -------     ----
Zero (__iar_zero_init3)
    1 destination range, total size 0x8f9a:
          0x200004ec  0x8f9a

Copy/lz77 (__iar_lz77_init3)
    1 source range, total size 0x1b4 (34% of destination):
          0x08011630   0x1b4
    1 destination range, total size 0x4e9:
          0x20000000   0x4e9



*******************************************************************************
*** MODULE SUMMARY
***

    Module                     ro code  ro data  rw data
    ------                     -------  -------  -------
D:\work\IOT\code\internal_code\projects\autogen\helloworld@stm32f411re-nucleo\iar_project\Debug\Obj: [1]
    aos.o                          134       12    6 276
    aos_common.o                             14        4
    aos_init.o                     500      265       36
    aos_rhino.o                  1 066                 4
    atparser.o                   6 024    1 428      305
    board.o                          2
    cli.o                        4 378    1 272      333
    device.o                       668       36        4
    dumpsys.o                    1 204      876       24
    hal_gpio_stm32f4.o             280       89      256
    hal_uart_stm32f4.o           3 716      216      220
    helloworld.o                   144       80
    hw.o                            36       24
    iar_libc.o                     100                 4
    ip4_addr.o                     502       24
    k_buf_queue.o                  932
    k_dyn_mem_proc.o               220       88
    k_err.o                         24
    k_idle.o                        60
    k_mm.o                       1 868      240        4
    k_mm_blk.o                     308
    k_mm_debug.o                   640      752
    k_mutex.o                    1 040       60
    k_obj.o                                        7 621
    k_pend.o                       408       60
    k_ringbuf.o                    696
    k_sched.o                    1 064       60
    k_sem.o                        640
    k_stats.o                      180       60
    k_sys.o                        370       20
    k_task.o                     2 272       60
    k_tick.o                       444       60
    k_time.o                       174
    k_timer.o                      876       84
    k_workqueue.o                  468      100
    local_event.o                  148       17       16
    log.o                          276      166       20
    main.o                         210       68
    middleware_common_main.o        52       32
    mk3060.o                     1 736      483       84
    panic_iccarm.o
    port_c.o                       140
    port_s.o                       168
    sal_arch.o                     316                 4
    sal_err.o                       36       68
    sal_sockets.o                6 152    1 216      242
    select.o                       620
    soc_impl.o                     148      105   20 496
    soc_init.o                     308       11       52
    startup_stm32f411xe_iar.o      640
    stm32f4xx_hal.o                176        3        9
    stm32f4xx_hal_cortex.o         368
    stm32f4xx_hal_dma.o            212
    stm32f4xx_hal_gpio.o           524
    stm32f4xx_hal_msp.o            256
    stm32f4xx_hal_rcc.o          1 492
    stm32f4xx_hal_uart.o         2 298
    system_stm32f4xx.o             108       25        4
    trace_impl.o                    16       24
    version.o                       72       97       12
    vfs.o                          340       12       41
    vfs_file.o                     128               600
    vfs_inode.o                    342               500
    vfs_register.o                 112
    wifi.o                         202        3        8
    wifi_atcmd.o                 1 224      526      144
    yloop.o                        948       64        8
    ----------------------------------------------------
    Total:                      51 206    8 900   37 331

command line: [2]
    ----------------------------------------------------
    Total:

dl7M_tlf.a: [3]
    abort.o                          6
    errno.o                         40                 4
    exit.o                           4
    fflush.o                       172
    iar_Stolx.o                    134
    iar_Stoulx.o                   380
    isspace.o                       20
    low_level_init.o                 4
    printf.o                        40
    putchar.o                       12
    rand.o                         168        2      140
    snprintf.o                      68
    sprintf.o                       64
    sscanf.o                        40
    strncmp.o                       40
    strstr.o                        48
    tolower.o                       20
    tp_nothreads.o                   4
    vprintf.o                       32
    vsnprint.o                      60
    xfail_s.o                       68                 4
    xfiles.o                                 86      408
    xlocale_c.o                     64       50      128
    xprintffull_nomb.o           3 554
    xprout.o                        22
    xscanflarge_nomb.o           1 732
    xsnprout.o                      26
    xsprout.o                       10
    xsscin.o                        30
    ----------------------------------------------------
    Total:                       6 862      138      684

m7M_tls.a: [4]
    DblAdd.o                       360
    DblCmpGe.o                      46
    DblCmpLe.o                      46
    DblDiv.o                       582
    DblMul.o                       418
    DblSub.o                       226
    DblToS32.o                      58
    DblToU32.o                      40
    S32ToDbl.o                      34
    U32ToDbl.o                      26
    fpinit_M.o                      34
    frexp.o                        112
    ldexp.o                        314
    ----------------------------------------------------
    Total:                       2 296

rt7M_tl.a: [5]
    ABImemclr4.o                     6
    ABImemcpy.o                    166
    ABImemset.o                    102
    ABImemset48.o                   50
    I64DivMod.o                    558
    I64DivZer.o                      2
    cexit.o                         10
    cmain.o                         30
    cstartup_M.o                    12
    data_init.o                     40
    lz77_init.o                    498
    memchr.o                        88
    memcmp.o                       104
    memset.o                        20
    strchr.o                        22
    strcmp.o                        74
    strcpy.o                        76
    strlen.o                        54
    strncpy.o                      112
    zero_init3.o                    64
    ----------------------------------------------------
    Total:                       2 088

shb_l.a: [6]
    ABIassert.o                     36
    exit.o                          20
    ----------------------------------------------------
    Total:                          56

    Gaps                            56        6        4
    Linker created                           44    8 192
--------------------------------------------------------
    Grand Total:                62 564    9 088   46 211


*******************************************************************************
*** ENTRY LIST
***

Entry                      Address    Size  Type      Object
-----                      -------    ----  ----      ------
.iar.init_table$$Base   0x0801051c           --   Gb  - Linker created -
.iar.init_table$$Limit  0x08010548           --   Gb  - Linker created -
?main                   0x08010829          Code  Gb  cmain.o [5]
AHBPrescTable           0x08011080    0x10  Data  Gb  system_stm32f4xx.o [1]
APBPrescTable           0x08011508     0x8  Data  Gb  system_stm32f4xx.o [1]
CSTACK$$Base            0x20009488           --   Gb  - Linker created -
CSTACK$$Limit           0x2000b488           --   Gb  - Linker created -
DMA_SetConfig           0x0800a8eb    0x2e  Code  Lc  stm32f4xx_hal_dma.o [1]
EXTI0_IRQHandler        0x0800ae03    0x12  Code  Gb  hal_gpio_stm32f4.o [1]
EXTI15_10_IRQHandler    0x0800ae8b    0x3c  Code  Gb  hal_gpio_stm32f4.o [1]
EXTI1_IRQHandler        0x0800ae15    0x12  Code  Gb  hal_gpio_stm32f4.o [1]
EXTI2_IRQHandler        0x0800ae27    0x12  Code  Gb  hal_gpio_stm32f4.o [1]
EXTI3_IRQHandler        0x0800ae39    0x12  Code  Gb  hal_gpio_stm32f4.o [1]
EXTI4_IRQHandler        0x0800ae4b    0x12  Code  Gb  hal_gpio_stm32f4.o [1]
EXTI9_5_IRQHandler      0x0800ae5d    0x2e  Code  Gb  hal_gpio_stm32f4.o [1]
GetAppPortFromPhyInstanse
                        0x080081e3    0x32  Code  Lc  hal_uart_stm32f4.o [1]
GetUARTMapping          0x080081af    0x34  Code  Lc  hal_uart_stm32f4.o [1]
HAL_DMA_Abort_IT        0x0800a8c5    0x26  Code  Gb  stm32f4xx_hal_dma.o [1]
HAL_DMA_Start_IT        0x0800a845    0x80  Code  Gb  stm32f4xx_hal_dma.o [1]
HAL_GPIO_EXTI_Callback  0x0800adb5     0xa  Code  Gb  hal_gpio_stm32f4.o [1]
HAL_GPIO_EXTI_IRQHandler
                        0x0800ad11    0x1a  Code  Gb  stm32f4xx_hal_gpio.o [1]
HAL_GPIO_Init           0x0800ab51   0x1c0  Code  Gb  stm32f4xx_hal_gpio.o [1]
HAL_GetTick             0x0800ad5d     0xc  Code  Wk  stm32f4xx_hal.o [1]
HAL_IncTick             0x0800f14d    0x18  Code  Wk  stm32f4xx_hal.o [1]
HAL_Init                0x0800f039    0x3a  Code  Gb  stm32f4xx_hal.o [1]
HAL_InitTick            0x0800ad69    0x4c  Code  Wk  stm32f4xx_hal.o [1]
HAL_MspInit             0x0800a745    0x96  Code  Gb  stm32f4xx_hal_msp.o [1]
HAL_NVIC_EnableIRQ      0x08009b87     0xa  Code  Gb  stm32f4xx_hal_cortex.o [1]
HAL_NVIC_SetPriority    0x08009b65    0x22  Code  Gb  stm32f4xx_hal_cortex.o [1]
HAL_NVIC_SetPriorityGrouping
                        0x08009b5d     0x8  Code  Gb  stm32f4xx_hal_cortex.o [1]
HAL_NVIC_SystemReset    0x08009b91     0x8  Code  Gb  stm32f4xx_hal_cortex.o [1]
HAL_RCC_ClockConfig     0x0800a921   0x14a  Code  Gb  stm32f4xx_hal_rcc.o [1]
HAL_RCC_GetHCLKFreq     0x0800aa6b     0x6  Code  Gb  stm32f4xx_hal_rcc.o [1]
HAL_RCC_GetPCLK1Freq    0x0800aa71    0x16  Code  Gb  stm32f4xx_hal_rcc.o [1]
HAL_RCC_GetPCLK2Freq    0x0800aa87    0x16  Code  Gb  stm32f4xx_hal_rcc.o [1]
HAL_RCC_OscConfig       0x0800d765   0x3b8  Code  Wk  stm32f4xx_hal_rcc.o [1]
HAL_SAL_Close           0x080026ad   0x182  Code  Gb  mk3060.o [1]
HAL_SAL_Close::__func__
                        0x08011050    0x10  Data  Lc  mk3060.o [1]
HAL_SAL_Start           0x0800220d   0x41a  Code  Gb  mk3060.o [1]
HAL_SAL_Start::__func__
                        0x08011010    0x10  Data  Lc  mk3060.o [1]
HAL_SYSTICK_CLKSourceConfig
                        0x08009ba1    0x20  Code  Gb  stm32f4xx_hal_cortex.o [1]
HAL_SYSTICK_Config      0x08009b99     0x8  Code  Gb  stm32f4xx_hal_cortex.o [1]
HAL_UART_IRQHandler     0x08009f1f   0x134  Code  Gb  stm32f4xx_hal_uart.o [1]
HAL_UART_IdleCallback   0x08008e85   0x11c  Code  Gb  hal_uart_stm32f4.o [1]
HAL_UART_Init           0x08009cb5    0x76  Code  Gb  stm32f4xx_hal_uart.o [1]
HAL_UART_MspInit        0x0800a7db    0x58  Code  Gb  stm32f4xx_hal_msp.o [1]
HAL_UART_Receive_DMA    0x08009e6d    0xb2  Code  Gb  stm32f4xx_hal_uart.o [1]
HAL_UART_Receive_IT     0x08009d7d    0x5e  Code  Gb  stm32f4xx_hal_uart.o [1]
HAL_UART_RxCpltCallback
                        0x08008bff    0x50  Code  Gb  hal_uart_stm32f4.o [1]
HAL_UART_Transmit_DMA   0x08009ddb    0x92  Code  Gb  stm32f4xx_hal_uart.o [1]
HAL_UART_Transmit_IT    0x08009d2b    0x52  Code  Gb  stm32f4xx_hal_uart.o [1]
HAL_UART_TxCpltCallback
                        0x08008be3    0x1c  Code  Gb  hal_uart_stm32f4.o [1]
InStream_Read           0x0800ed25    0x26  Code  Lc  lz77_init.o [5]
InStream_StepRegion     0x0800ed11    0x14  Code  Lc  lz77_init.o [5]
LoadInt                 0x080059fb    0x7a  Code  Lc  xprintffull_nomb.o [3]
NVIC_EnableIRQ          0x08009a9f    0x14  Code  Lc  stm32f4xx_hal_cortex.o [1]
NVIC_EncodePriority     0x08009ad5    0x3e  Code  Lc  stm32f4xx_hal_cortex.o [1]
NVIC_GetPriorityGrouping
[...]
klist_rm                0x0800798d     0xe  Code  Lc  k_dyn_mem_proc.o [1]
klist_rm                0x08003299     0xe  Code  Lc  k_mutex.o [1]
klist_rm                0x08006dcf     0xe  Code  Lc  k_pend.o [1]
klist_rm                0x080067f1     0xe  Code  Lc  k_sched.o [1]
klist_rm                0x08003759     0xe  Code  Lc  k_sem.o [1]
klist_rm                0x080029b3     0xe  Code  Lc  k_task.o [1]
klist_rm                0x08006c19     0xe  Code  Lc  k_tick.o [1]
klist_rm                0x08007c51     0xe  Code  Lc  k_timer.o [1]
klist_rm_init           0x08007a6d    0x14  Code  Lc  k_workqueue.o [1]
kobj_list_init          0x080078d3    0x2e  Code  Gb  k_stats.o [1]
krhino_add_mm_region    0x08003fc7    0x88  Code  Gb  k_mm.o [1]
krhino_bitmap_clear     0x08006825    0x22  Code  Lc  k_sched.o [1]
krhino_bitmap_set       0x08006803    0x22  Code  Lc  k_sched.o [1]
krhino_buf_queue_create
                        0x08003a81    0x14  Code  Gb  k_buf_queue.o [1]
krhino_buf_queue_del    0x08003aab    0x86  Code  Gb  k_buf_queue.o [1]
krhino_buf_queue_recv   0x08003c15   0x132  Code  Gb  k_buf_queue.o [1]
krhino_buf_queue_send   0x08003bfd    0x18  Code  Gb  k_buf_queue.o [1]
krhino_clz32            0x08003d59    0x40  Code  Lc  k_mm.o [1]
krhino_ctz32            0x08003d99    0x3a  Code  Lc  k_mm.o [1]
krhino_cur_task_get     0x08002d5d    0x1e  Code  Gb  k_task.o [1]
krhino_find_first_bit   0x08006847    0x46  Code  Lc  k_sched.o [1]
krhino_fix_buf_queue_create
                        0x08003a95    0x16  Code  Gb  k_buf_queue.o [1]
krhino_init             0x080044b1    0x66  Code  Gb  k_sys.o [1]
krhino_init_mm_head     0x08003ee9    0xde  Code  Gb  k_mm.o [1]
krhino_intrpt_enter     0x08004545    0x24  Code  Gb  k_sys.o [1]
krhino_intrpt_exit      0x08004569    0x72  Code  Gb  k_sys.o [1]
krhino_mblk_alloc       0x08007599    0x4e  Code  Gb  k_mm_blk.o [1]
krhino_mblk_free        0x080075e7    0x3a  Code  Gb  k_mm_blk.o [1]
krhino_mblk_pool_init   0x080074fb    0x9a  Code  Gb  k_mm_blk.o [1]
krhino_mm_alloc         0x08004411    0x56  Code  Gb  k_mm.o [1]
krhino_mm_alloc{2}{3}::dumped
                        0x20009438     0x4  Data  Lc  k_mm.o [1]
krhino_mm_free          0x08004467     0xe  Code  Gb  k_mm.o [1]
krhino_ms_to_ticks      0x080036d7    0x5c  Code  Gb  k_time.o [1]
krhino_mutex_create     0x080032fb     0xa  Code  Gb  k_mutex.o [1]
krhino_mutex_del        0x08003327    0x94  Code  Gb  k_mutex.o [1]
krhino_mutex_lock       0x0800342f   0x16e  Code  Gb  k_mutex.o [1]
krhino_mutex_unlock     0x0800359d    0xce  Code  Gb  k_mutex.o [1]
krhino_sched_disable    0x0800688d    0x54  Code  Gb  k_sched.o [1]
krhino_sched_enable     0x080068e1    0x6c  Code  Gb  k_sched.o [1]
krhino_sem_create       0x080037b9     0xa  Code  Gb  k_sem.o [1]
krhino_sem_del          0x080037c3    0x7e  Code  Gb  k_sem.o [1]
krhino_sem_give         0x080038cb    0x12  Code  Gb  k_sem.o [1]
krhino_sem_take         0x080038dd    0xc6  Code  Gb  k_sem.o [1]
krhino_stack_ovf_check  0x08007901    0x54  Code  Gb  k_stats.o [1]
krhino_start            0x08004517    0x2e  Code  Gb  k_sys.o [1]
krhino_sys_tick_get     0x08003695    0x16  Code  Gb  k_time.o [1]
krhino_sys_time_get     0x080036b1    0x26  Code  Gb  k_time.o [1]
krhino_task_create      0x08002b67    0x4c  Code  Gb  k_task.o [1]
krhino_task_deathbed    0x08003257    0x1e  Code  Gb  k_task.o [1]
krhino_task_del         0x08002f63   0x106  Code  Gb  k_task.o [1]
krhino_task_dyn_create  0x08002c77    0x30  Code  Gb  k_task.o [1]
krhino_task_dyn_del     0x08003069   0x174  Code  Gb  k_task.o [1]
krhino_task_info_get    0x08003233    0x24  Code  Gb  k_task.o [1]
krhino_task_info_set    0x08003209    0x2a  Code  Gb  k_task.o [1]
krhino_task_sleep       0x08002ca7    0xb6  Code  Gb  k_task.o [1]
krhino_task_stack_cur_free
                        0x08002db3    0x92  Code  Gb  k_task.o [1]
krhino_task_stack_min_free
                        0x08002d7b    0x38  Code  Gb  k_task.o [1]
krhino_tick_proc        0x08003685    0x10  Code  Gb  k_time.o [1]
krhino_version_get      0x08004611     0x6  Code  Gb  k_sys.o [1]
krhino_workqueue_create
                        0x08007b0b    0xea  Code  Gb  k_workqueue.o [1]
ktimer_init             0x08007f2b    0x44  Code  Gb  k_timer.o [1]
ldexp                   0x0800934d          Code  Gb  ldexp.o [4]
ldexpl                  0x0800934d          Code  Gb  ldexp.o [4]
local_event             0x200004a4     0x8  Data  Lc  local_event.o [1]
localeconv              0x08009889     0x4  Code  Gb  xlocale_c.o [3]
lock_sal_core           0x20009464     0x4  Data  Gb  sal_sockets.o [1]
log_cli_cmd             0x2000048c     0xc  Data  Gb  log.o [1]
log_cli_init            0x08001f35    0x18  Code  Gb  log.o [1]
log_cmd                 0x08001ecf    0x66  Code  Lc  log.o [1]
log_mutex               0x20009448     0x4  Data  Gb  log.o [1]
lookup_command          0x08004619    0x8e  Code  Lc  cli.o [1]
mac_cmd                 0x0800eb09    0x7c  Code  Gb  aos_init.o [1]
mac_str_to_hex          0x0800cdbb    0x78  Code  Lc  wifi_atcmd.o [1]
main                    0x0800f305     0xa  Code  Gb  aos.o [1]
memchr                  0x08009081          Code  Gb  memchr.o [5]
memcmp                  0x0800c655          Code  Gb  memcmp.o [5]
memset                  0x0800a5a9    0x14  Code  Gb  memset.o [5]
mmem_cmd                0x080053a1    0x78  Code  Lc  cli.o [1]
mutex_create            0x080032ab    0x50  Code  Gb  k_mutex.o [1]
mutex_pri_look          0x080033bb    0x50  Code  Gb  k_mutex.o [1]
mutex_release           0x08003305    0x22  Code  Lc  k_mutex.o [1]
mutex_task_pri_reset    0x0800340b    0x24  Code  Gb  k_mutex.o [1]
ndigs                   0x08009a28    0x28  Data  Lc  iar_Stoulx.o [3]
new_file                0x0800e325    0x34  Code  Gb  vfs_file.o [1]
obuf                    0x20009298    0x50  Data  Lc  xfiles.o [3]
ota_cmd                 0x0800544f    0x12  Code  Lc  cli.o [1]
pend_list_add           0x08006ddd    0x22  Code  Lc  k_pend.o [1]
pend_list_reorder       0x08006ef3    0x1e  Code  Gb  k_pend.o [1]
pend_state_end_proc     0x08006f11    0x40  Code  Gb  k_pend.o [1]
pend_task_rm            0x08006e9d    0x56  Code  Gb  k_pend.o [1]
pend_task_wakeup        0x08006dff    0x56  Code  Gb  k_pend.o [1]
pend_to_blk_obj         0x08006e55    0x48  Code  Gb  k_pend.o [1]
pmem_cmd                0x0800525d   0x13e  Code  Lc  cli.o [1]
post_poll               0x0800e0ad    0x62  Code  Lc  select.o [1]
power_off               0x0800d225     0x4  Code  Lc  wifi_atcmd.o [1]
power_on                0x0800d229     0x4  Code  Lc  wifi_atcmd.o [1]
pre_poll                0x0800e007    0xa6  Code  Lc  select.o [1]
preferred_cpu_ready_task_get
                        0x08006b5f     0xc  Code  Gb  k_sched.o [1]
print_bad_command       0x08005075    0x12  Code  Lc  cli.o [1]
print_block             0x08007649    0xac  Code  Gb  k_mm_debug.o [1]
printf                  0x08007621    0x28  Code  Gb  printf.o [3]
proc_onecmd             0x080046a7    0xd6  Code  Gb  cli.o [1]
putchar                 0x08010d11     0xc  Code  Gb  putchar.o [3]
rand                    0x08001de9    0x96  Code  Gb  rand.o [3]
ranmatch                0x0800c927    0x42  Code  Lc  xscanflarge_nomb.o [3]
ready_list_add          0x08006a9b    0x32  Code  Gb  k_sched.o [1]
ready_list_add_head     0x08006a8b     0x8  Code  Gb  k_sched.o [1]
ready_list_add_tail     0x08006a93     0x8  Code  Gb  k_sched.o [1]
ready_list_head_to_tail
                        0x08006b4b    0x14  Code  Gb  k_sched.o [1]
ready_list_init         0x080069cd    0x40  Code  Lc  k_sched.o [1]
ready_list_rm           0x08006acd    0x7e  Code  Gb  k_sched.o [1]
reboot_cmd              0x08005419    0x10  Code  Lc  cli.o [1]
register_monitor_cb     0x0800d241     0x2  Code  Lc  wifi_atcmd.o [1]
register_wlan_mgnt_monitor_cb
                        0x0800d243     0x2  Code  Lc  wifi_atcmd.o [1]
removesize              0x08003ecf    0x1a  Code  Lc  k_mm.o [1]
rhino_stack_check_init  0x080044af     0x2  Code  Lc  k_sys.o [1]
ringbuf_init            0x08007233    0x16  Code  Gb  k_ringbuf.o [1]
ringbuf_is_empty        0x080074c3    0x14  Code  Gb  k_ringbuf.o [1]
ringbuf_pop             0x0800738b   0x138  Code  Gb  k_ringbuf.o [1]
ringbuf_push            0x08007249   0x142  Code  Gb  k_ringbuf.o [1]
ringbuf_reset           0x080074d7    0x14  Code  Gb  k_ringbuf.o [1]
runqueue_init           0x080069b1    0x1c  Code  Gb  k_sched.o [1]
sal_arch_mbox_tryfetch  0x0800214f    0x1a  Code  Gb  sal_arch.o [1]
sal_arch_mutex          0x20009450     0x4  Data  Lc  sal_arch.o [1]
sal_arch_protect        0x08002185    0x10  Code  Gb  sal_arch.o [1]
sal_arch_sem_wait       0x08002095    0x52  Code  Gb  sal_arch.o [1]
sal_arch_unprotect      0x08002195     0xa  Code  Gb  sal_arch.o [1]
sal_close               0x08001897    0xe2  Code  Gb  sal_sockets.o [1]
sal_close::__func__     0x08011308     0xc  Data  Lc  sal_sockets.o [1]
sal_deal_event          0x08001581   0x14a  Code  Gb  sal_sockets.o [1]
sal_device_init         0x08002835    0x26  Code  Gb  mk3060.o [1]
sal_eventfd             0x08000475    0x8a  Code  Gb  sal_sockets.o [1]
sal_mbox_free           0x08002119    0x1e  Code  Gb  sal_arch.o [1]
sal_mbox_new            0x080020e7    0x32  Code  Gb  sal_arch.o [1]
sal_mbox_trypost        0x08002137    0x18  Code  Gb  sal_arch.o [1]
sal_mutex_lock          0x08002169     0xc  Code  Gb  sal_arch.o [1]
sal_mutex_unlock        0x08002175     0x8  Code  Gb  sal_arch.o [1]
sal_now                 0x0800217d     0x8  Code  Gb  sal_arch.o [1]
sal_select              0x08000c45   0x37e  Code  Gb  sal_sockets.o [1]
sal_selscan             0x08000fd5   0x1fa  Code  Lc  sal_sockets.o [1]
sal_sem_free            0x08002081     0xc  Code  Gb  sal_arch.o [1]
sal_sem_new             0x08002069    0x18  Code  Gb  sal_arch.o [1]
sal_sem_signal          0x0800208d     0x8  Code  Gb  sal_arch.o [1]
sal_send                0x080014f9    0x10  Code  Gb  sal_sockets.o [1]
sal_sendto              0x080011fd   0x2e4  Code  Gb  sal_sockets.o [1]
sal_sendto::__FUNCTION__
                        0x080112fc     0xc  Data  Lc  sal_sockets.o [1]
sal_socket              0x08001799    0xac  Code  Gb  sal_sockets.o [1]
sal_tcp_pcbs            0x20009460     0x4  Data  Gb  sal_sockets.o [1]
sal_tcp_remove          0x080001a1    0x40  Code  Lc  sal_sockets.o [1]
sal_udp_bind            0x08000255    0xfc  Code  Lc  sal_sockets.o [1]
sal_udp_new_port        0x080001e1    0x74  Code  Lc  sal_sockets.o [1]
sal_udp_new_port::udp_port
                        0x2000947e     0x2  Data  Lc  sal_sockets.o [1]
sal_udp_pcbs            0x2000945c     0x4  Data  Gb  sal_sockets.o [1]
sal_udp_remove          0x08000351    0x40  Code  Lc  sal_sockets.o [1]
sal_write               0x08001509    0x6e  Code  Gb  sal_sockets.o [1]
salnetconn_connect      0x08000909   0x308  Code  Lc  sal_sockets.o [1]
salnetconn_delete       0x08000879    0x8a  Code  Lc  sal_sockets.o [1]
salnetconn_drain        0x0800067b    0xba  Code  Lc  sal_sockets.o [1]
salnetconn_new          0x08000735   0x140  Code  Lc  sal_sockets.o [1]
salpcb_new              0x08000587    0xf4  Code  Lc  sal_sockets.o [1]
scalbln                 0x0800934d          Code  Gb  ldexp.o [4]
scalblnl                0x0800934d          Code  Gb  ldexp.o [4]
scalbn                  0x0800934d          Code  Gb  ldexp.o [4]
scalbnl                 0x0800934d          Code  Gb  ldexp.o [4]
scale                   0x08005ef7    0x46  Code  Lc  xprintffull_nomb.o [3]
sec_hand                0x20009474     0x4  Data  Lc  xfail_s.o [3]
select_cb_ctr           0x20009458     0x4  Data  Lc  sal_sockets.o [1]
select_cb_list          0x20009454     0x4  Data  Lc  sal_sockets.o [1]
sem_create              0x0800376b    0x4e  Code  Lc  k_sem.o [1]
sem_give                0x08003841    0x8a  Code  Lc  k_sem.o [1]
set_channel             0x0800d239     0x4  Code  Lc  wifi_atcmd.o [1]
setup_fd                0x0800df7d     0x2  Code  Lc  select.o [1]
show_version            0x0800ecc9    0x1c  Code  Lc  version.o [1]
size_to_level           0x08003e67    0x20  Code  Lc  k_mm.o [1]
slist_add               0x0800aed5     0x8  Code  Lc  atparser.o [1]
slist_add_tail          0x0800aedd    0x12  Code  Lc  atparser.o [1]
slist_del               0x0800aeef    0x16  Code  Lc  atparser.o [1]
slist_empty             0x0800af05    0x10  Code  Lc  atparser.o [1]
slist_init              0x0800af15     0x6  Code  Lc  atparser.o [1]
snprintf                0x08002025    0x44  Code  Gb  snprintf.o [3]
soc_err_proc            0x08006fb9    0x16  Code  Gb  soc_impl.o [1]
soc_get_cur_sp          0x08006f69     0x4  Code  Gb  soc_impl.o [1]
soc_print_stack         0x08006f6d    0x4c  Code  Lc  soc_impl.o [1]
sockaddr_to_ipaddr_port
                        0x0800045d    0x18  Code  Lc  sal_sockets.o [1]
sockets                 0x20008908    0x64  Data  Lc  sal_sockets.o [1]
sprintf                 0x0800d725    0x40  Code  Gb  sprintf.o [3]
sscanf                  0x0800d249    0x28  Code  Gb  sscanf.o [3]
start_cmd_type_str      0x2000046c    0x14  Data  Lc  mk3060.o [1]
start_monitor           0x0800d23d     0x2  Code  Lc  wifi_atcmd.o [1]
start_scan              0x0800d221     0x2  Code  Lc  wifi_atcmd.o [1]
start_scan_adv          0x0800d223     0x2  Code  Lc  wifi_atcmd.o [1]
stduart_init            0x0800efbb    0x36  Code  Lc  soc_init.o [1]
stm32_soc_init          0x0800ef05    0xb6  Code  Gb  soc_init.o [1]
stm32_uart              0x20008d54    0xd8  Data  Lc  hal_uart_stm32f4.o [1]
stop_monitor            0x0800d23f     0x2  Code  Lc  wifi_atcmd.o [1]
strchr                  0x08007f99          Code  Gb  strchr.o [5]
strcmp                  0x080021b5          Code  Gb  strcmp.o [5]
strcpy                  0x080080cd          Code  Gb  strcpy.o [5]
strlen                  0x08005735          Code  Gb  strlen.o [5]
strncmp                 0x0800576b    0x28  Code  Gb  strncmp.o [3]
strncpy                 0x08007fb1          Code  Gb  strncpy.o [5]
strstr                  0x08006677    0x30  Code  Gb  strstr.o [3]
strtol                  0x080080a3     0x4  Code  Gb  iar_Stolx.o [3]
strtoul                 0x080099fb     0x2  Code  Gb  iar_Stoulx.o [3]
suspend                 0x0800d22d     0x4  Code  Lc  wifi_atcmd.o [1]
suspend_soft_ap         0x0800d235     0x4  Code  Lc  wifi_atcmd.o [1]
suspend_station         0x0800d231     0x4  Code  Lc  wifi_atcmd.o [1]
sys_init                0x0800f29d    0x1a  Code  Lc  aos.o [1]
sys_start               0x0800f2b7    0x3a  Code  Lc  aos.o [1]
tab_complete            0x08004a05   0x116  Code  Lc  cli.o [1]
task_cmd                0x0800d693     0xe  Code  Lc  dumpsys.o [1]
task_create             0x080029c5   0x1a2  Code  Lc  k_task.o [1]
task_dyn_create         0x08002bb3    0xc4  Code  Gb  k_task.o [1]
task_mutex_free         0x08002f2d    0x36  Code  Lc  k_task.o [1]
task_pri_change         0x08002e45    0xe8  Code  Gb  k_task.o [1]
tcpip_cli_cmd           0x20000480     0xc  Data  Gb  aos_init.o [1]
tcpip_cli_init          0x0800ea87     0xc  Code  Gb  aos_init.o [1]
teardown_fd             0x0800df7f     0x2  Code  Lc  select.o [1]
tftp_ota_thread         0x08005445     0xa  Code  Gb  cli.o [1]
tick_list_init          0x08006c27     0xa  Code  Gb  k_tick.o [1]
tick_list_insert        0x08006c6f    0x30  Code  Gb  k_tick.o [1]
tick_list_pri_insert    0x08006c31    0x3e  Code  Lc  k_tick.o [1]
tick_list_rm            0x08006c9f    0x18  Code  Gb  k_tick.o [1]
tick_list_update        0x08006cb7    0xf8  Code  Gb  k_tick.o [1]
time_slice_update       0x08006b6b    0x82  Code  Gb  k_sched.o [1]
timer_cb_proc           0x08007caf    0x7c  Code  Lc  k_timer.o [1]
timer_cmd_proc          0x08007e43    0x2e  Code  Lc  k_timer.o [1]
timer_list_pri_insert   0x08007c5f    0x3a  Code  Lc  k_timer.o [1]
timer_list_rm           0x08007c99    0x16  Code  Lc  k_timer.o [1]
timer_queue_cb          0x20008970   0x1e0  Data  Gb  k_obj.o [1]
timer_task              0x08007e71    0xba  Code  Lc  k_timer.o [1]
tolower                 0x0800a72d    0x14  Code  Gb  tolower.o [3]
trace_start             0x0800ebf5    0x10  Code  Gb  trace_impl.o [1]
tryget_event            0x080004ff    0x2e  Code  Lc  sal_sockets.o [1]
tryget_socket           0x0800052d    0x2a  Code  Lc  sal_sockets.o [1]
uart_0                  0x200093c0    0x14  Data  Gb  soc_init.o [1]
uart_dataWidth_transform
                        0x08008ad3    0x28  Code  Lc  hal_uart_stm32f4.o [1]
uart_flow_control_transform
                        0x08008b57    0x40  Code  Lc  hal_uart_stm32f4.o [1]
uart_get_handle         0x08008bc7    0x1c  Code  Lc  hal_uart_stm32f4.o [1]
uart_mode_transform     0x08008b97    0x30  Code  Lc  hal_uart_stm32f4.o [1]
uart_parity_transform   0x08008afb    0x34  Code  Lc  hal_uart_stm32f4.o [1]
uart_receive_dma        0x08008905   0x1ce  Code  Lc  hal_uart_stm32f4.o [1]
uart_receive_it         0x08008773   0x192  Code  Lc  hal_uart_stm32f4.o [1]
uart_receive_start_dma  0x080084e9    0x70  Code  Lc  hal_uart_stm32f4.o [1]
uart_receive_start_it   0x0800849d    0x4c  Code  Lc  hal_uart_stm32f4.o [1]
uart_send_dma           0x0800864b    0x76  Code  Lc  hal_uart_stm32f4.o [1]
uart_send_it            0x080085d5    0x76  Code  Lc  hal_uart_stm32f4.o [1]
uart_stop_bits_transform
                        0x08008b2f    0x28  Code  Lc  hal_uart_stm32f4.o [1]
udp_cmd                 0x0800ea01    0x86  Code  Lc  aos_init.o [1]
uptime_cmd              0x08005429    0x16  Code  Lc  cli.o [1]
used_bitmap             0x20009418     0x4  Data  Lc  aos_rhino.o [1]
uwTick                  0x20009468     0x4  Data  Gb  stm32f4xx_hal.o [1]
uwTickFreq              0x200004e8     0x1  Data  Gb  stm32f4xx_hal.o [1]
uwTickPrio              0x200004e0     0x4  Data  Gb  stm32f4xx_hal.o [1]
var_init                0x0800f289    0x14  Code  Lc  aos.o [1]
version_cmd             0x080051b1    0x12  Code  Lc  cli.o [1]
version_init            0x0800ece5     0xe  Code  Gb  version.o [1]
versioncmd              0x20000498     0xc  Data  Lc  version.o [1]
vfs_device_init         0x0800e765    0x26  Code  Gb  device.o [1]
vfs_init                0x0800e1d1    0x34  Code  Gb  vfs.o [1]
vfs_poll_notify         0x0800df65    0x18  Code  Lc  select.o [1]
vprintf                 0x08005795    0x20  Code  Gb  vprintf.o [3]
vsnprintf               0x08008119    0x3c  Code  Gb  vsnprint.o [3]
wait_io                 0x0800dfa7    0x60  Code  Lc  select.o [1]
wifi_cli_cmd            0x2000043c    0x18  Data  Gb  aos_init.o [1]
wifi_debug_cmd          0x0800ea93     0xa  Code  Gb  aos_init.o [1]
wifi_get_mac_addr       0x0800ce33    0x74  Code  Lc  wifi_atcmd.o [1]
wifi_init               0x0800cd89    0x32  Code  Lc  wifi_atcmd.o [1]
wifi_start              0x0800cea7   0x110  Code  Lc  wifi_atcmd.o [1]
wifi_start_adv          0x0800cfbd     0x4  Code  Lc  wifi_atcmd.o [1]
wlan_send_80211_raw_frame
                        0x0800d245     0x4  Code  Lc  wifi_atcmd.o [1]
worker_task             0x08007ab3    0x58  Code  Lc  k_workqueue.o [1]
workqueue_init          0x08007bf5    0x1c  Code  Gb  k_workqueue.o [1]
workqueue_is_exist      0x08007a81    0x32  Code  Lc  k_workqueue.o [1]


[1] = D:\work\IOT\code\internal_code\projects\autogen\helloworld@stm32f411re-nucleo\iar_project\Debug\Obj
[2] = command line
[3] = dl7M_tlf.a
[4] = m7M_tls.a
[5] = rt7M_tl.a
[6] = shb_l.a

  62 564 bytes of readonly  code memory
   9 088 bytes of readonly  data memory
  46 211 bytes of readwrite data memory

Errors: none
Warnings: none
