###############################################################################
#
# IAR ELF Linker V8.20.1.14183/W32 for ARM                09/Nov/2018  14:39:34
# Copyright 2007-2017 IAR Systems AB.
#
#    Output file  =  
#        D:\work\IOT\code\internal_code\projects\autogen\helloworld@developerkit\iar_project\Debug\Exe\helloworld@developerkit.out
#    Map file     =  
#        D:\work\IOT\code\internal_code\projects\autogen\helloworld@developerkit\iar_project\Debug\List\helloworld@developerkit.map
#    Command line =  
#        -f C:\Users\jinzhou.zjz\AppData\Local\Temp\EWDC43.tmp
#        (D:\work\IOT\code\internal_code\projects\autogen\helloworld@developerkit\iar_project\Debug\Obj\adc.o
#        D:\work\IOT\code\internal_code\projects\autogen\helloworld@developerkit\iar_project\Debug\Obj\aos.o
#        D:\work\IOT\code\internal_code\projects\autogen\helloworld@developerkit\iar_project\Debug\Obj\aos_common.o
#        D:\work\IOT\code\internal_code\projects\autogen\helloworld@developerkit\iar_project\Debug\Obj\aos_init.o
#        D:\work\IOT\code\internal_code\projects\autogen\helloworld@developerkit\iar_project\Debug\Obj\aos_rhino.o
#        D:\work\IOT\code\internal_code\projects\autogen\helloworld@developerkit\iar_project\Debug\Obj\atparser.o
#        D:\work\IOT\code\internal_code\projects\autogen\helloworld@developerkit\iar_project\Debug\Obj\bk7231.o
#        D:\work\IOT\code\internal_code\projects\autogen\helloworld@developerkit\iar_project\Debug\Obj\board.o
#        D:\work\IOT\code\internal_code\projects\autogen\helloworld@developerkit\iar_project\Debug\Obj\board_cli.o
#        D:\work\IOT\code\internal_code\projects\autogen\helloworld@developerkit\iar_project\Debug\Obj\board_cpu_pwr.o
#        D:\work\IOT\code\internal_code\projects\autogen\helloworld@developerkit\iar_project\Debug\Obj\board_cpu_pwr_rtc.o
#        D:\work\IOT\code\internal_code\projects\autogen\helloworld@developerkit\iar_project\Debug\Obj\board_cpu_pwr_systick.o
#        D:\work\IOT\code\internal_code\projects\autogen\helloworld@developerkit\iar_project\Debug\Obj\board_cpu_pwr_timer.o
#        D:\work\IOT\code\internal_code\projects\autogen\helloworld@developerkit\iar_project\Debug\Obj\CheckSumUtils.o
#        D:\work\IOT\code\internal_code\projects\autogen\helloworld@developerkit\iar_project\Debug\Obj\cli.o
#        D:\work\IOT\code\internal_code\projects\autogen\helloworld@developerkit\iar_project\Debug\Obj\crc.o
#        D:\work\IOT\code\internal_code\projects\autogen\helloworld@developerkit\iar_project\Debug\Obj\crc16.o
#        D:\work\IOT\code\internal_code\projects\autogen\helloworld@developerkit\iar_project\Debug\Obj\dcmi.o
#        D:\work\IOT\code\internal_code\projects\autogen\helloworld@developerkit\iar_project\Debug\Obj\device.o
#        D:\work\IOT\code\internal_code\projects\autogen\helloworld@developerkit\iar_project\Debug\Obj\digest_algorithm.o
#        D:\work\IOT\code\internal_code\projects\autogen\helloworld@developerkit\iar_project\Debug\Obj\dma.o
#        D:\work\IOT\code\internal_code\projects\autogen\helloworld@developerkit\iar_project\Debug\Obj\drv_acc_bosch_bma253.o
#        D:\work\IOT\code\internal_code\projects\autogen\helloworld@developerkit\iar_project\Debug\Obj\drv_acc_gyro_st_lsm6dsl.o
#        D:\work\IOT\code\internal_code\projects\autogen\helloworld@developerkit\iar_project\Debug\Obj\drv_acc_mir3_da217.o
#        D:\work\IOT\code\internal_code\projects\autogen\helloworld@developerkit\iar_project\Debug\Obj\drv_als_ps_liteon_ltr553.o
#        D:\work\IOT\code\internal_code\projects\autogen\helloworld@developerkit\iar_project\Debug\Obj\drv_baro_bosch_bmp280.o
#        D:\work\IOT\code\internal_code\projects\autogen\helloworld@developerkit\iar_project\Debug\Obj\drv_baro_st_lps22hb.o
#        D:\work\IOT\code\internal_code\projects\autogen\helloworld@developerkit\iar_project\Debug\Obj\drv_humi_bosch_bme280.o
#        D:\work\IOT\code\internal_code\projects\autogen\helloworld@developerkit\iar_project\Debug\Obj\drv_mag_st_lis3mdl.o
#        D:\work\IOT\code\internal_code\projects\autogen\helloworld@developerkit\iar_project\Debug\Obj\drv_mag_temp_memsic_mmc3680kj.o
#        D:\work\IOT\code\internal_code\projects\autogen\helloworld@developerkit\iar_project\Debug\Obj\drv_temp_humi_sensirion_shtc1.o
#        D:\work\IOT\code\internal_code\projects\autogen\helloworld@developerkit\iar_project\Debug\Obj\drv_temp_humi_st_hts221.o
#        D:\work\IOT\code\internal_code\projects\autogen\helloworld@developerkit\iar_project\Debug\Obj\dumpsys.o
#        D:\work\IOT\code\internal_code\projects\autogen\helloworld@developerkit\iar_project\Debug\Obj\gpio.o
#        D:\work\IOT\code\internal_code\projects\autogen\helloworld@developerkit\iar_project\Debug\Obj\hal.o
#        D:\work\IOT\code\internal_code\projects\autogen\helloworld@developerkit\iar_project\Debug\Obj\hal_adc_stm32l4.o
#        D:\work\IOT\code\internal_code\projects\autogen\helloworld@developerkit\iar_project\Debug\Obj\hal_flash_stm32l4.o
#        D:\work\IOT\code\internal_code\projects\autogen\helloworld@developerkit\iar_project\Debug\Obj\hal_gpio_stm32l4.o
#        D:\work\IOT\code\internal_code\projects\autogen\helloworld@developerkit\iar_project\Debug\Obj\hal_i2c_stm32l4.o
#        D:\work\IOT\code\internal_code\projects\autogen\helloworld@developerkit\iar_project\Debug\Obj\hal_nand_stm32l4.o
#        D:\work\IOT\code\internal_code\projects\autogen\helloworld@developerkit\iar_project\Debug\Obj\hal_nor_stm32l4.o
#        D:\work\IOT\code\internal_code\projects\autogen\helloworld@developerkit\iar_project\Debug\Obj\hal_qspi_stm32l4.o
#        D:\work\IOT\code\internal_code\projects\autogen\helloworld@developerkit\iar_project\Debug\Obj\hal_rtc_stm32l4.o
#        D:\work\IOT\code\internal_code\projects\autogen\helloworld@developerkit\iar_project\Debug\Obj\hal_sd_stm32l4.o
#        D:\work\IOT\code\internal_code\projects\autogen\helloworld@developerkit\iar_project\Debug\Obj\hal_spi_stm32l4.o
#        D:\work\IOT\code\internal_code\projects\autogen\helloworld@developerkit\iar_project\Debug\Obj\hal_uart_stm32l4.o
#        D:\work\IOT\code\internal_code\projects\autogen\helloworld@developerkit\iar_project\Debug\Obj\helloworld.o
#        D:\work\IOT\code\internal_code\projects\autogen\helloworld@developerkit\iar_project\Debug\Obj\hook_impl.o
#        D:\work\IOT\code\internal_code\projects\autogen\helloworld@developerkit\iar_project\Debug\Obj\hw.o
#        D:\work\IOT\code\internal_code\projects\autogen\helloworld@developerkit\iar_project\Debug\Obj\i2c.o
#        D:\work\IOT\code\internal_code\projects\autogen\helloworld@developerkit\iar_project\Debug\Obj\iar_libc.o
#        D:\work\IOT\code\internal_code\projects\autogen\helloworld@developerkit\iar_project\Debug\Obj\ip4_addr.o
#        D:\work\IOT\code\internal_code\projects\autogen\helloworld@developerkit\iar_project\Debug\Obj\irtim.o
#        D:\work\IOT\code\internal_code\projects\autogen\helloworld@developerkit\iar_project\Debug\Obj\k_backtrace.o
#        D:\work\IOT\code\internal_code\projects\autogen\helloworld@developerkit\iar_project\Debug\Obj\k_buf_queue.o
#        D:\work\IOT\code\internal_code\projects\autogen\helloworld@developerkit\iar_project\Debug\Obj\k_cpuusage.o
#        D:\work\IOT\code\internal_code\projects\autogen\helloworld@developerkit\iar_project\Debug\Obj\k_dyn_mem_proc.o
#        D:\work\IOT\code\internal_code\projects\autogen\helloworld@developerkit\iar_project\Debug\Obj\k_err.o
#        D:\work\IOT\code\internal_code\projects\autogen\helloworld@developerkit\iar_project\Debug\Obj\k_event.o
#        D:\work\IOT\code\internal_code\projects\autogen\helloworld@developerkit\iar_project\Debug\Obj\k_fifo.o
#        D:\work\IOT\code\internal_code\projects\autogen\helloworld@developerkit\iar_project\Debug\Obj\k_idle.o
#        D:\work\IOT\code\internal_code\projects\autogen\helloworld@developerkit\iar_project\Debug\Obj\k_infoget.o
#        D:\work\IOT\code\internal_code\projects\autogen\helloworld@developerkit\iar_project\Debug\Obj\k_mm.o
#        D:\work\IOT\code\internal_code\projects\autogen\helloworld@developerkit\iar_project\Debug\Obj\k_mm_blk.o
#        D:\work\IOT\code\internal_code\projects\autogen\helloworld@developerkit\iar_project\Debug\Obj\k_mm_debug.o
#        D:\work\IOT\code\internal_code\projects\autogen\helloworld@developerkit\iar_project\Debug\Obj\k_mutex.o
#        D:\work\IOT\code\internal_code\projects\autogen\helloworld@developerkit\iar_project\Debug\Obj\k_obj.o
#        D:\work\IOT\code\internal_code\projects\autogen\helloworld@developerkit\iar_project\Debug\Obj\k_overview.o
#        D:\work\IOT\code\internal_code\projects\autogen\helloworld@developerkit\iar_project\Debug\Obj\k_panic.o
#        D:\work\IOT\code\internal_code\projects\autogen\helloworld@developerkit\iar_project\Debug\Obj\k_pend.o
#        D:\work\IOT\code\internal_code\projects\autogen\helloworld@developerkit\iar_project\Debug\Obj\k_queue.o
#        D:\work\IOT\code\internal_code\projects\autogen\helloworld@developerkit\iar_project\Debug\Obj\k_ringbuf.o
#        D:\work\IOT\code\internal_code\projects\autogen\helloworld@developerkit\iar_project\Debug\Obj\k_sched.o
#        D:\work\IOT\code\internal_code\projects\autogen\helloworld@developerkit\iar_project\Debug\Obj\k_sem.o
#        D:\work\IOT\code\internal_code\projects\autogen\helloworld@developerkit\iar_project\Debug\Obj\k_spin_lock.o
#        D:\work\IOT\code\internal_code\projects\autogen\helloworld@developerkit\iar_project\Debug\Obj\k_stats.o
#        D:\work\IOT\code\internal_code\projects\autogen\helloworld@developerkit\iar_project\Debug\Obj\k_sys.o
#        D:\work\IOT\code\internal_code\projects\autogen\helloworld@developerkit\iar_project\Debug\Obj\k_task.o
#        D:\work\IOT\code\internal_code\projects\autogen\helloworld@developerkit\iar_project\Debug\Obj\k_task_sem.o
#        D:\work\IOT\code\internal_code\projects\autogen\helloworld@developerkit\iar_project\Debug\Obj\k_tick.o
#        D:\work\IOT\code\internal_code\projects\autogen\helloworld@developerkit\iar_project\Debug\Obj\k_time.o
#        D:\work\IOT\code\internal_code\projects\autogen\helloworld@developerkit\iar_project\Debug\Obj\k_timer.o
#        D:\work\IOT\code\internal_code\projects\autogen\helloworld@developerkit\iar_project\Debug\Obj\k_trace.o
#        D:\work\IOT\code\internal_code\projects\autogen\helloworld@developerkit\iar_project\Debug\Obj\k_workqueue.o
#        D:\work\IOT\code\internal_code\projects\autogen\helloworld@developerkit\iar_project\Debug\Obj\kv_osal.o
#        D:\work\IOT\code\internal_code\projects\autogen\helloworld@developerkit\iar_project\Debug\Obj\kvmgr.o
#        D:\work\IOT\code\internal_code\projects\autogen\helloworld@developerkit\iar_project\Debug\Obj\local_event.o
#        D:\work\IOT\code\internal_code\projects\autogen\helloworld@developerkit\iar_project\Debug\Obj\log.o
#        D:\work\IOT\code\internal_code\projects\autogen\helloworld@developerkit\iar_project\Debug\Obj\main.o
#        D:\work\IOT\code\internal_code\projects\autogen\helloworld@developerkit\iar_project\Debug\Obj\md5.o
#        D:\work\IOT\code\internal_code\projects\autogen\helloworld@developerkit\iar_project\Debug\Obj\middleware_common_main.o
#        D:\work\IOT\code\internal_code\projects\autogen\helloworld@developerkit\iar_project\Debug\Obj\panic_c.o
#        D:\work\IOT\code\internal_code\projects\autogen\helloworld@developerkit\iar_project\Debug\Obj\panic_iccarm.o
#        D:\work\IOT\code\internal_code\projects\autogen\helloworld@developerkit\iar_project\Debug\Obj\port_c.o
#        D:\work\IOT\code\internal_code\projects\autogen\helloworld@developerkit\iar_project\Debug\Obj\port_s.o
#        D:\work\IOT\code\internal_code\projects\autogen\helloworld@developerkit\iar_project\Debug\Obj\port_serial.o
#        D:\work\IOT\code\internal_code\projects\autogen\helloworld@developerkit\iar_project\Debug\Obj\rttest_impl.o
#        D:\work\IOT\code\internal_code\projects\autogen\helloworld@developerkit\iar_project\Debug\Obj\sai.o
#        D:\work\IOT\code\internal_code\projects\autogen\helloworld@developerkit\iar_project\Debug\Obj\sal_arch_aos.o
#        D:\work\IOT\code\internal_code\projects\autogen\helloworld@developerkit\iar_project\Debug\Obj\sal_err.o
#        D:\work\IOT\code\internal_code\projects\autogen\helloworld@developerkit\iar_project\Debug\Obj\sal_sockets.o
#        D:\work\IOT\code\internal_code\projects\autogen\helloworld@developerkit\iar_project\Debug\Obj\sdmmc.o
#        D:\work\IOT\code\internal_code\projects\autogen\helloworld@developerkit\iar_project\Debug\Obj\select.o
#        D:\work\IOT\code\internal_code\projects\autogen\helloworld@developerkit\iar_project\Debug\Obj\sensor_drv_api.o
#        D:\work\IOT\code\internal_code\projects\autogen\helloworld@developerkit\iar_project\Debug\Obj\sensor_hal.o
#        D:\work\IOT\code\internal_code\projects\autogen\helloworld@developerkit\iar_project\Debug\Obj\soc_impl.o
#        D:\work\IOT\code\internal_code\projects\autogen\helloworld@developerkit\iar_project\Debug\Obj\soc_init.o
#        D:\work\IOT\code\internal_code\projects\autogen\helloworld@developerkit\iar_project\Debug\Obj\spi.o
#        D:\work\IOT\code\internal_code\projects\autogen\helloworld@developerkit\iar_project\Debug\Obj\st7789.o
#        D:\work\IOT\code\internal_code\projects\autogen\helloworld@developerkit\iar_project\Debug\Obj\startup_stm32l496xx_iar.o
#        D:\work\IOT\code\internal_code\projects\autogen\helloworld@developerkit\iar_project\Debug\Obj\stm32l4xx_hal.o
#        D:\work\IOT\code\internal_code\projects\autogen\helloworld@developerkit\iar_project\Debug\Obj\stm32l4xx_hal_adc.o
#        D:\work\IOT\code\internal_code\projects\autogen\helloworld@developerkit\iar_project\Debug\Obj\stm32l4xx_hal_adc_ex.o
#        D:\work\IOT\code\internal_code\projects\autogen\helloworld@developerkit\iar_project\Debug\Obj\stm32l4xx_hal_can.o
#        D:\work\IOT\code\internal_code\projects\autogen\helloworld@developerkit\iar_project\Debug\Obj\stm32l4xx_hal_comp.o
#        D:\work\IOT\code\internal_code\projects\autogen\helloworld@developerkit\iar_project\Debug\Obj\stm32l4xx_hal_cortex.o
#        D:\work\IOT\code\internal_code\projects\autogen\helloworld@developerkit\iar_project\Debug\Obj\stm32l4xx_hal_crc.o
#        D:\work\IOT\code\internal_code\projects\autogen\helloworld@developerkit\iar_project\Debug\Obj\stm32l4xx_hal_crc_ex.o
#        D:\work\IOT\code\internal_code\projects\autogen\helloworld@developerkit\iar_project\Debug\Obj\stm32l4xx_hal_cryp.o
#        D:\work\IOT\code\internal_code\projects\autogen\helloworld@developerkit\iar_project\Debug\Obj\stm32l4xx_hal_cryp_ex.o
#        D:\work\IOT\code\internal_code\projects\autogen\helloworld@developerkit\iar_project\Debug\Obj\stm32l4xx_hal_dac.o
#        D:\work\IOT\code\internal_code\projects\autogen\helloworld@developerkit\iar_project\Debug\Obj\stm32l4xx_hal_dac_ex.o
#        D:\work\IOT\code\internal_code\projects\autogen\helloworld@developerkit\iar_project\Debug\Obj\stm32l4xx_hal_dcmi.o
#        D:\work\IOT\code\internal_code\projects\autogen\helloworld@developerkit\iar_project\Debug\Obj\stm32l4xx_hal_dfsdm.o
#        D:\work\IOT\code\internal_code\projects\autogen\helloworld@developerkit\iar_project\Debug\Obj\stm32l4xx_hal_dfsdm_ex.o
#        D:\work\IOT\code\internal_code\projects\autogen\helloworld@developerkit\iar_project\Debug\Obj\stm32l4xx_hal_dma.o
#        D:\work\IOT\code\internal_code\projects\autogen\helloworld@developerkit\iar_project\Debug\Obj\stm32l4xx_hal_dma2d.o
#        D:\work\IOT\code\internal_code\projects\autogen\helloworld@developerkit\iar_project\Debug\Obj\stm32l4xx_hal_dma_ex.o
#        D:\work\IOT\code\internal_code\projects\autogen\helloworld@developerkit\iar_project\Debug\Obj\stm32l4xx_hal_dsi.o
#        D:\work\IOT\code\internal_code\projects\autogen\helloworld@developerkit\iar_project\Debug\Obj\stm32l4xx_hal_firewall.o
#        D:\work\IOT\code\internal_code\projects\autogen\helloworld@developerkit\iar_project\Debug\Obj\stm32l4xx_hal_flash.o
#        D:\work\IOT\code\internal_code\projects\autogen\helloworld@developerkit\iar_project\Debug\Obj\stm32l4xx_hal_flash_ex.o
#        D:\work\IOT\code\internal_code\projects\autogen\helloworld@developerkit\iar_project\Debug\Obj\stm32l4xx_hal_flash_ramfunc.o
#        D:\work\IOT\code\internal_code\projects\autogen\helloworld@developerkit\iar_project\Debug\Obj\stm32l4xx_hal_gfxmmu.o
#        D:\work\IOT\code\internal_code\projects\autogen\helloworld@developerkit\iar_project\Debug\Obj\stm32l4xx_hal_gpio.o
#        D:\work\IOT\code\internal_code\projects\autogen\helloworld@developerkit\iar_project\Debug\Obj\stm32l4xx_hal_hash.o
#        D:\work\IOT\code\internal_code\projects\autogen\helloworld@developerkit\iar_project\Debug\Obj\stm32l4xx_hal_hash_ex.o
#        D:\work\IOT\code\internal_code\projects\autogen\helloworld@developerkit\iar_project\Debug\Obj\stm32l4xx_hal_hcd.o
#        D:\work\IOT\code\internal_code\projects\autogen\helloworld@developerkit\iar_project\Debug\Obj\stm32l4xx_hal_i2c.o
#        D:\work\IOT\code\internal_code\projects\autogen\helloworld@developerkit\iar_project\Debug\Obj\stm32l4xx_hal_i2c_ex.o
#        D:\work\IOT\code\internal_code\projects\autogen\helloworld@developerkit\iar_project\Debug\Obj\stm32l4xx_hal_irda.o
#        D:\work\IOT\code\internal_code\projects\autogen\helloworld@developerkit\iar_project\Debug\Obj\stm32l4xx_hal_iwdg.o
#        D:\work\IOT\code\internal_code\projects\autogen\helloworld@developerkit\iar_project\Debug\Obj\stm32l4xx_hal_lcd.o
#        D:\work\IOT\code\internal_code\projects\autogen\helloworld@developerkit\iar_project\Debug\Obj\stm32l4xx_hal_lptim.o
#        D:\work\IOT\code\internal_code\projects\autogen\helloworld@developerkit\iar_project\Debug\Obj\stm32l4xx_hal_ltdc.o
#        D:\work\IOT\code\internal_code\projects\autogen\helloworld@developerkit\iar_project\Debug\Obj\stm32l4xx_hal_ltdc_ex.o
#        D:\work\IOT\code\internal_code\projects\autogen\helloworld@developerkit\iar_project\Debug\Obj\stm32l4xx_hal_msp.o
#        D:\work\IOT\code\internal_code\projects\autogen\helloworld@developerkit\iar_project\Debug\Obj\stm32l4xx_hal_nand.o
#        D:\work\IOT\code\internal_code\projects\autogen\helloworld@developerkit\iar_project\Debug\Obj\stm32l4xx_hal_nor.o
#        D:\work\IOT\code\internal_code\projects\autogen\helloworld@developerkit\iar_project\Debug\Obj\stm32l4xx_hal_opamp.o
#        D:\work\IOT\code\internal_code\projects\autogen\helloworld@developerkit\iar_project\Debug\Obj\stm32l4xx_hal_opamp_ex.o
#        D:\work\IOT\code\internal_code\projects\autogen\helloworld@developerkit\iar_project\Debug\Obj\stm32l4xx_hal_ospi.o
#        D:\work\IOT\code\internal_code\projects\autogen\helloworld@developerkit\iar_project\Debug\Obj\stm32l4xx_hal_pcd.o
#        D:\work\IOT\code\internal_code\projects\autogen\helloworld@developerkit\iar_project\Debug\Obj\stm32l4xx_hal_pcd_ex.o
#        D:\work\IOT\code\internal_code\projects\autogen\helloworld@developerkit\iar_project\Debug\Obj\stm32l4xx_hal_pwr.o
#        D:\work\IOT\code\internal_code\projects\autogen\helloworld@developerkit\iar_project\Debug\Obj\stm32l4xx_hal_pwr_ex.o
#        D:\work\IOT\code\internal_code\projects\autogen\helloworld@developerkit\iar_project\Debug\Obj\stm32l4xx_hal_qspi.o
#        D:\work\IOT\code\internal_code\projects\autogen\helloworld@developerkit\iar_project\Debug\Obj\stm32l4xx_hal_rcc.o
#        D:\work\IOT\code\internal_code\projects\autogen\helloworld@developerkit\iar_project\Debug\Obj\stm32l4xx_hal_rcc_ex.o
#        D:\work\IOT\code\internal_code\projects\autogen\helloworld@developerkit\iar_project\Debug\Obj\stm32l4xx_hal_rng.o
#        D:\work\IOT\code\internal_code\projects\autogen\helloworld@developerkit\iar_project\Debug\Obj\stm32l4xx_hal_rtc.o
#        D:\work\IOT\code\internal_code\projects\autogen\helloworld@developerkit\iar_project\Debug\Obj\stm32l4xx_hal_rtc_ex.o
#        D:\work\IOT\code\internal_code\projects\autogen\helloworld@developerkit\iar_project\Debug\Obj\stm32l4xx_hal_sai.o
#        D:\work\IOT\code\internal_code\projects\autogen\helloworld@developerkit\iar_project\Debug\Obj\stm32l4xx_hal_sd.o
#        D:\work\IOT\code\internal_code\projects\autogen\helloworld@developerkit\iar_project\Debug\Obj\stm32l4xx_hal_sd_ex.o
#        D:\work\IOT\code\internal_code\projects\autogen\helloworld@developerkit\iar_project\Debug\Obj\stm32l4xx_hal_smartcard.o
#        D:\work\IOT\code\internal_code\projects\autogen\helloworld@developerkit\iar_project\Debug\Obj\stm32l4xx_hal_smartcard_ex.o
#        D:\work\IOT\code\internal_code\projects\autogen\helloworld@developerkit\iar_project\Debug\Obj\stm32l4xx_hal_smbus.o
#        D:\work\IOT\code\internal_code\projects\autogen\helloworld@developerkit\iar_project\Debug\Obj\stm32l4xx_hal_spi.o
#        D:\work\IOT\code\internal_code\projects\autogen\helloworld@developerkit\iar_project\Debug\Obj\stm32l4xx_hal_spi_ex.o
#        D:\work\IOT\code\internal_code\projects\autogen\helloworld@developerkit\iar_project\Debug\Obj\stm32l4xx_hal_sram.o
#        D:\work\IOT\code\internal_code\projects\autogen\helloworld@developerkit\iar_project\Debug\Obj\stm32l4xx_hal_swpmi.o
#        D:\work\IOT\code\internal_code\projects\autogen\helloworld@developerkit\iar_project\Debug\Obj\stm32l4xx_hal_tim.o
#        D:\work\IOT\code\internal_code\projects\autogen\helloworld@developerkit\iar_project\Debug\Obj\stm32l4xx_hal_tim_ex.o
#        D:\work\IOT\code\internal_code\projects\autogen\helloworld@developerkit\iar_project\Debug\Obj\stm32l4xx_hal_tsc.o
#        D:\work\IOT\code\internal_code\projects\autogen\helloworld@developerkit\iar_project\Debug\Obj\stm32l4xx_hal_uart.o
#        D:\work\IOT\code\internal_code\projects\autogen\helloworld@developerkit\iar_project\Debug\Obj\stm32l4xx_hal_uart_ex.o
#        D:\work\IOT\code\internal_code\projects\autogen\helloworld@developerkit\iar_project\Debug\Obj\stm32l4xx_hal_wwdg.o
#        D:\work\IOT\code\internal_code\projects\autogen\helloworld@developerkit\iar_project\Debug\Obj\stm32l4xx_ll_adc.o
#        D:\work\IOT\code\internal_code\projects\autogen\helloworld@developerkit\iar_project\Debug\Obj\stm32l4xx_ll_comp.o
#        D:\work\IOT\code\internal_code\projects\autogen\helloworld@developerkit\iar_project\Debug\Obj\stm32l4xx_ll_crc.o
#        D:\work\IOT\code\internal_code\projects\autogen\helloworld@developerkit\iar_project\Debug\Obj\stm32l4xx_ll_crs.o
#        D:\work\IOT\code\internal_code\projects\autogen\helloworld@developerkit\iar_project\Debug\Obj\stm32l4xx_ll_dac.o
#        D:\work\IOT\code\internal_code\projects\autogen\helloworld@developerkit\iar_project\Debug\Obj\stm32l4xx_ll_dma.o
#        D:\work\IOT\code\internal_code\projects\autogen\helloworld@developerkit\iar_project\Debug\Obj\stm32l4xx_ll_dma2d.o
#        D:\work\IOT\code\internal_code\projects\autogen\helloworld@developerkit\iar_project\Debug\Obj\stm32l4xx_ll_exti.o
#        D:\work\IOT\code\internal_code\projects\autogen\helloworld@developerkit\iar_project\Debug\Obj\stm32l4xx_ll_fmc.o
#        D:\work\IOT\code\internal_code\projects\autogen\helloworld@developerkit\iar_project\Debug\Obj\stm32l4xx_ll_gpio.o
#        D:\work\IOT\code\internal_code\projects\autogen\helloworld@developerkit\iar_project\Debug\Obj\stm32l4xx_ll_i2c.o
#        D:\work\IOT\code\internal_code\projects\autogen\helloworld@developerkit\iar_project\Debug\Obj\stm32l4xx_ll_lptim.o
#        D:\work\IOT\code\internal_code\projects\autogen\helloworld@developerkit\iar_project\Debug\Obj\stm32l4xx_ll_lpuart.o
#        D:\work\IOT\code\internal_code\projects\autogen\helloworld@developerkit\iar_project\Debug\Obj\stm32l4xx_ll_opamp.o
#        D:\work\IOT\code\internal_code\projects\autogen\helloworld@developerkit\iar_project\Debug\Obj\stm32l4xx_ll_pwr.o
#        D:\work\IOT\code\internal_code\projects\autogen\helloworld@developerkit\iar_project\Debug\Obj\stm32l4xx_ll_rcc.o
#        D:\work\IOT\code\internal_code\projects\autogen\helloworld@developerkit\iar_project\Debug\Obj\stm32l4xx_ll_rng.o
#        D:\work\IOT\code\internal_code\projects\autogen\helloworld@developerkit\iar_project\Debug\Obj\stm32l4xx_ll_rtc.o
#        D:\work\IOT\code\internal_code\projects\autogen\helloworld@developerkit\iar_project\Debug\Obj\stm32l4xx_ll_sdmmc.o
#        D:\work\IOT\code\internal_code\projects\autogen\helloworld@developerkit\iar_project\Debug\Obj\stm32l4xx_ll_spi.o
#        D:\work\IOT\code\internal_code\projects\autogen\helloworld@developerkit\iar_project\Debug\Obj\stm32l4xx_ll_usart.o
#        D:\work\IOT\code\internal_code\projects\autogen\helloworld@developerkit\iar_project\Debug\Obj\stm32l4xx_ll_usb.o
#        D:\work\IOT\code\internal_code\projects\autogen\helloworld@developerkit\iar_project\Debug\Obj\stm32l4xx_ll_utils.o
#        D:\work\IOT\code\internal_code\projects\autogen\helloworld@developerkit\iar_project\Debug\Obj\system_stm32l4xx.o
#        D:\work\IOT\code\internal_code\projects\autogen\helloworld@developerkit\iar_project\Debug\Obj\tim.o
#        D:\work\IOT\code\internal_code\projects\autogen\helloworld@developerkit\iar_project\Debug\Obj\trace_impl.o
#        D:\work\IOT\code\internal_code\projects\autogen\helloworld@developerkit\iar_project\Debug\Obj\usart.o
#        D:\work\IOT\code\internal_code\projects\autogen\helloworld@developerkit\iar_project\Debug\Obj\usb_otg.o
#        D:\work\IOT\code\internal_code\projects\autogen\helloworld@developerkit\iar_project\Debug\Obj\utility_digest_algorithm_crc.o
#        D:\work\IOT\code\internal_code\projects\autogen\helloworld@developerkit\iar_project\Debug\Obj\version.o
#        D:\work\IOT\code\internal_code\projects\autogen\helloworld@developerkit\iar_project\Debug\Obj\vfs.o
#        D:\work\IOT\code\internal_code\projects\autogen\helloworld@developerkit\iar_project\Debug\Obj\vfs_adc.o
#        D:\work\IOT\code\internal_code\projects\autogen\helloworld@developerkit\iar_project\Debug\Obj\vfs_file.o
#        D:\work\IOT\code\internal_code\projects\autogen\helloworld@developerkit\iar_project\Debug\Obj\vfs_gpio.o
#        D:\work\IOT\code\internal_code\projects\autogen\helloworld@developerkit\iar_project\Debug\Obj\vfs_i2c.o
#        D:\work\IOT\code\internal_code\projects\autogen\helloworld@developerkit\iar_project\Debug\Obj\vfs_inode.o
#        D:\work\IOT\code\internal_code\projects\autogen\helloworld@developerkit\iar_project\Debug\Obj\vfs_pwm.o
#        D:\work\IOT\code\internal_code\projects\autogen\helloworld@developerkit\iar_project\Debug\Obj\vfs_register.o
#        D:\work\IOT\code\internal_code\projects\autogen\helloworld@developerkit\iar_project\Debug\Obj\vfs_rtc.o
#        D:\work\IOT\code\internal_code\projects\autogen\helloworld@developerkit\iar_project\Debug\Obj\vfs_spi.o
#        D:\work\IOT\code\internal_code\projects\autogen\helloworld@developerkit\iar_project\Debug\Obj\vfs_uart.o
#        D:\work\IOT\code\internal_code\projects\autogen\helloworld@developerkit\iar_project\Debug\Obj\vfs_wdg.o
#        D:\work\IOT\code\internal_code\projects\autogen\helloworld@developerkit\iar_project\Debug\Obj\wifi.o
#        D:\work\IOT\code\internal_code\projects\autogen\helloworld@developerkit\iar_project\Debug\Obj\wifi_atcmd_bk7231.o
#        D:\work\IOT\code\internal_code\projects\autogen\helloworld@developerkit\iar_project\Debug\Obj\yloop.o
#        -o
#        D:\work\IOT\code\internal_code\projects\autogen\helloworld@developerkit\iar_project\Debug\Exe\helloworld@developerkit.out
#        --map
#        D:\work\IOT\code\internal_code\projects\autogen\helloworld@developerkit\iar_project\Debug\List\helloworld@developerkit.map
#        --config
#        D:\work\IOT\code\internal_code\projects\autogen\helloworld@developerkit\iar_project\../../../../platform/mcu/stm32l475/STM32L475.icf
#        --semihosting --entry __iar_program_start --vfe --text_out locale)
#
###############################################################################

*******************************************************************************
*** RUNTIME MODEL ATTRIBUTES
***

CppFlavor       = *
__SystemLibrary = DLib
__dlib_version  = 6


*******************************************************************************
*** HEAP SELECTION
***

The basic heap was selected because no calls to memory allocation
functions were found in the application outside of system library
functions, and there are calls to deallocation functions in the
application.


*******************************************************************************
*** PLACEMENT SUMMARY
***

"A1":  place at 0x08000000 { ro section .intvec };
"P1":  place in [from 0x08000000 to 0x080647ff] |
                [from 0x08066800 to 0x080fffff] { ro };
define block CSTACK with size = 8K, alignment = 8 { };
define block HEAP with size = 67K, alignment = 8 { };
"P2":  place in [from 0x20000000 to 0x2001efff] {
          block CSTACK, rw, block HEAP };
initialize by copy { rw };

No sections matched the following patterns:

  ro section INITED_FIXED_LOC  in "P4"
  ro section UNINIT_FIXED_LOC  in "P3"
  ro section firewall_section  in "A0"


  Section            Kind        Address     Size  Object
  -------            ----        -------     ----  ------
"A1":                                       0x1ac
  .intvec            ro code  0x08000000    0x1ac  startup_stm32l496xx_iar.o [1]
                            - 0x080001ac    0x1ac

"P1":                                     0x1e6fc
  .text              ro code  0x080001ac   0x17f4  sal_sockets.o [1]
  .text              ro code  0x080019a0    0x180  sal_arch_aos.o [1]
  .text              ro code  0x08001b20     0xa8  rand.o [3]
  .text              ro code  0x08001bc8    0x42a  aos_rhino.o [1]
  .text              ro code  0x08001ff2     0x1e  xsscin.o [3]
  .text              ro code  0x08002010    0x114  log.o [1]
  .text              ro code  0x08002124     0x66  ABImemset.o [5]
  .text              ro code  0x0800218a     0x1a  xsnprout.o [3]
  .text              ro code  0x080021a4      0x6  ABImemclr4.o [5]
  .text              ro code  0x080021aa      0xa  xsprout.o [3]
  .text              ro code  0x080021b4     0x4a  strcmp.o [5]
  .rodata            const    0x080021fe      0x2  cli.o [1]
  .text              ro code  0x08002200    0x6c4  bk7231.o [1]
  .text              ro code  0x080028c4    0x2be  ip4_addr.o [1]
  .rodata            const    0x08002b82      0x2  cli.o [1]
  .text              ro code  0x08002b84     0xa6  ABImemcpy.o [5]
  .rodata            const    0x08002c2a      0x1  kvmgr.o [1]
  .rodata            const    0x08002c2b      0x1  kvmgr.o [1]
  .text              ro code  0x08002c2c     0x24  sal_err.o [1]
  .text              ro code  0x08002c50    0x908  k_task.o [1]
  .text              ro code  0x08003558    0x410  k_mutex.o [1]
  .text              ro code  0x08003968     0xb2  k_time.o [1]
  .text              ro code  0x08003a1c    0x290  k_sem.o [1]
  .text              ro code  0x08003cac    0x3a4  k_buf_queue.o [1]
  .text              ro code  0x08004050    0x758  k_mm.o [1]
  .text              ro code  0x080047a8    0x17a  k_sys.o [1]
  .text              ro code  0x08004924   0x1122  cli.o [1]
  .text              ro code  0x08005a48     0x36  strlen.o [5]
  .text              ro code  0x08005a7e     0x28  strncmp.o [3]
  .text              ro code  0x08005aa8     0x20  vprintf.o [3]
  .text              ro code  0x08005ac8     0xac  fflush.o [3]
  .text              ro code  0x08005b74     0x32  ABImemset48.o [5]
  .text              ro code  0x08005ba8     0x44  snprintf.o [3]
  .text              ro code  0x08005bec     0x30  strstr.o [3]
  .text              ro code  0x08005c1c     0xa8  port_s.o [1]
  .text              ro code  0x08005cc4     0x8c  port_c.o [1]
  .text              ro code  0x08005d50     0x18  hook_impl.o [1]
  .text              ro code  0x08005d68    0x44c  k_sched.o [1]
  .text              ro code  0x080061b4    0x1bc  k_tick.o [1]
  .text              ro code  0x08006370    0x198  k_pend.o [1]
  .text              ro code  0x08006508     0xfc  soc_impl.o [1]
  .text              ro code  0x08006604     0x18  k_err.o [1]
  .text              ro code  0x0800661c    0x22e  I64DivMod.o [5]
  .text              ro code  0x0800684a    0x2b8  k_ringbuf.o [1]
  .text              ro code  0x08006b04    0x134  k_mm_blk.o [1]
  .text              ro code  0x08006c38     0x28  printf.o [3]
  .text              ro code  0x08006c60    0x280  k_mm_debug.o [1]
  .text              ro code  0x08006ee0     0xb4  k_stats.o [1]
  .text              ro code  0x08006f94     0xdc  k_dyn_mem_proc.o [1]
  .text              ro code  0x08007070    0x1d4  k_workqueue.o [1]
  .text              ro code  0x08007244    0x36c  k_timer.o [1]
  .text              ro code  0x080075b0     0x16  strchr.o [5]
  .text              ro code  0x080075c8     0x70  strncpy.o [5]
  .text              ro code  0x08007638     0x86  iar_Stolx.o [3]
  .text              ro code  0x080076c0     0x24  hw.o [1]
  .text              ro code  0x080076e4    0x3bc  board_cli.o [1]
  .text              ro code  0x08007aa0     0x4c  strcpy.o [5]
  .text              ro code  0x08007aec     0x3c  vsnprint.o [3]
  .text              ro code  0x08007b28    0xfac  hal_uart_stm32l4.o [1]
  .text              ro code  0x08008ad4    0xde2  xprintffull_nomb.o [3]
  .text              ro code  0x080098b8     0x94  iar_libc.o [1]
  .text              ro code  0x0800994c    0xb2a  stm32l4xx_hal_tim.o [1]
  .text              ro code  0x0800a478     0x24  ABIassert.o [6]
  .text              ro code  0x0800a49c      0x2  I64DivZer.o [5]
  .text              ro code  0x0800a49e     0x14  isspace.o [3]
  .text              ro code  0x0800a4b4    0x17c  iar_Stoulx.o [3]
  .text              ro code  0x0800a630     0x28  errno.o [3]
  .text              ro code  0x0800a658    0x16c  stm32l4xx_hal_cortex.o [1]
  .text              ro code  0x0800a7c4     0xca  wifi.o [1]
  .text              ro code  0x0800a890     0xdc  local_event.o [1]
  .text              ro code  0x0800a96c    0xd0a  stm32l4xx_hal_uart.o [1]
  .text              ro code  0x0800b678    0x2c4  stm32l4xx_hal_dma.o [1]
  .text              ro code  0x0800b93c     0x44  xfail_s.o [3]
  .text              ro code  0x0800b980     0x58  memchr.o [5]
  .text              ro code  0x0800b9d8    0x1a2  DblMul.o [4]
  .text              ro code  0x0800bb7c     0x70  frexp.o [4]
  .text              ro code  0x0800bbec     0x2e  DblCmpLe.o [4]
  .text              ro code  0x0800bc1c     0x2e  DblCmpGe.o [4]
  .text              ro code  0x0800bc4c    0x13a  ldexp.o [4]
  .text              ro code  0x0800bd88     0x3a  DblToS32.o [4]
  .text              ro code  0x0800bdc4     0x22  S32ToDbl.o [4]
  .text              ro code  0x0800bde8     0xe2  DblSub.o [4]
  .text              ro code  0x0800becc    0x246  DblDiv.o [4]
  .text              ro code  0x0800c114     0x28  DblToU32.o [4]
  .text              ro code  0x0800c13c     0x1a  U32ToDbl.o [4]
  .text              ro code  0x0800c158     0x40  xlocale_c.o [3]
  .text              ro code  0x0800c198     0x14  memset.o [5]
  .text              ro code  0x0800c1ac    0x374  tim.o [1]
  .text              ro code  0x0800c520      0x2  stm32l4xx_hal_tim.o [1]
  .text              ro code  0x0800c522      0x2  stm32l4xx_hal_tim.o [1]
  .text              ro code  0x0800c524      0x2  stm32l4xx_hal_tim.o [1]
  .text              ro code  0x0800c526      0x6  abort.o [3]
  .text              ro code  0x0800c52c     0x14  tolower.o [3]
  .text              ro code  0x0800c540      0x4  tp_nothreads.o [3]
  .text              ro code  0x0800c544    0x154  vfs.o [1]
  .text              ro code  0x0800c698    0x3b4  yloop.o [1]
  .text              ro code  0x0800ca4c    0x278  usart.o [1]
  .text              ro code  0x0800ccc4      0x2  stm32l4xx_hal_uart.o [1]
  .text              ro code  0x0800ccc6      0x2  stm32l4xx_hal_uart_ex.o [1]
  .text              ro code  0x0800ccc8    0xab4  stm32l4xx_hal_rcc.o [1]
  .text              ro code  0x0800d77c      0xc  stm32l4xx_hal.o [1]
  .text              ro code  0x0800d788      0x2  stm32l4xx_hal_uart.o [1]
  .text              ro code  0x0800d78a      0x2  stm32l4xx_hal_uart.o [1]
  .text              ro code  0x0800d78c    0x168  DblAdd.o [4]
  .text              ro code  0x0800d8f4    0x142  main.o [1]
  .text              ro code  0x0800da38     0xfc  stm32l4xx_hal_tim_ex.o [1]
  .text              ro code  0x0800db34    0x24c  stm32l4xx_hal_gpio.o [1]
  .text              ro code  0x0800dd80     0x14  exit.o [6]
  .text              ro code  0x0800dd94    0x156  vfs_inode.o [1]
  .text              ro code  0x0800deec     0x80  vfs_file.o [1]
  .text              ro code  0x0800df6c    0x26c  select.o [1]
  .text              ro code  0x0800e1d8     0x28  stm32l4xx_hal.o [1]
  .text              ro code  0x0800e200     0xa4  stm32l4xx_hal_pwr_ex.o [1]
  .text              ro code  0x0800e2a4     0x14  stm32l4xx_hal_pwr.o [1]
  .text              ro code  0x0800e2b8    0xf2c  stm32l4xx_hal_rcc_ex.o [1]
  .text              ro code  0x0800f1e4    0x648  hal_gpio_stm32l4.o [1]
  .text              ro code  0x0800f82c   0x1790  atparser.o [1]
  .text              ro code  0x08010fbc     0x68  memcmp.o [5]
  .text              ro code  0x08011024    0xe6c  kvmgr.o [1]
  .text              ro code  0x08011e90     0x60  kv_osal.o [1]
  .text              ro code  0x08011ef0    0x4bc  hal_flash_stm32l4.o [1]
  .text              ro code  0x080123ac    0x270  stm32l4xx_hal_flash_ex.o [1]
  .text              ro code  0x0801261c    0x30c  stm32l4xx_hal_flash.o [1]
  .text              ro code  0x08012928    0xb4c  stm32l4xx_hal_i2c.o [1]
  .text              ro code  0x08013474     0xe4  i2c.o [1]
  .text              ro code  0x08013558    0xa8c  drv_acc_gyro_st_lsm6dsl.o [1]
  .text              ro code  0x08013fe4     0x50  sensor_drv_api.o [1]
  .text              ro code  0x08014034    0x638  sensor_hal.o [1]
  .text              ro code  0x0801466c    0x284  hal_i2c_stm32l4.o [1]
  .text              ro code  0x080148f0     0x70  vfs_register.o [1]
  .text              ro code  0x08014960    0x75c  drv_baro_bosch_bmp280.o [1]
  .text              ro code  0x080150bc    0x7b0  drv_als_ps_liteon_ltr553.o [1]
  .text              ro code  0x0801586c    0x558  drv_temp_humi_sensirion_shtc1.o [1]
  .text              ro code  0x08015dc4    0x6e8  drv_mag_temp_memsic_mmc3680kj.o [1]
  .text              ro code  0x080164ac    0x9d0  stm32l4xx_hal_adc.o [1]
  .text              ro code  0x08016e7c    0x100  adc.o [1]
  .text              ro code  0x08016f7c    0x6c4  xscanflarge_nomb.o [3]
  .text              ro code  0x08017640    0x568  dumpsys.o [1]
  .text              ro code  0x08017ba8     0x9c  k_cpuusage.o [1]
  .text              ro code  0x08017c44     0x40  sprintf.o [3]
  .text              ro code  0x08017c84    0x538  k_overview.o [1]
  .text              ro code  0x080181bc    0x52c  panic_c.o [1]
  .text              ro code  0x080186e8     0x30  k_infoget.o [1]
  .text              ro code  0x08018718    0x4b8  wifi_atcmd_bk7231.o [1]
  .text              ro code  0x08018bd0     0x28  sscanf.o [3]
  .text              ro code  0x08018bf8    0x41a  stm32l4xx_hal_sai.o [1]
  .text              ro code  0x08019014    0x17c  sai.o [1]
  .text              ro code  0x08019190    0x30e  stm32l4xx_hal_sd.o [1]
  .text              ro code  0x080194a0    0x1e8  stm32l4xx_ll_sdmmc.o [1]
  .text              ro code  0x08019688      0x2  stm32l4xx_hal_sd.o [1]
  .text              ro code  0x0801968a      0x2  stm32l4xx_hal_sd.o [1]
  .text              ro code  0x0801968c      0x2  stm32l4xx_hal_sd.o [1]
  .text              ro code  0x0801968e      0x2  stm32l4xx_hal_sd.o [1]
  .text              ro code  0x08019690    0x29c  device.o [1]
  .text              ro code  0x0801992c    0x27c  k_panic.o [1]
  .text              ro code  0x08019ba8    0x1fc  aos_init.o [1]
  .text              ro code  0x08019da4     0x10  trace_impl.o [1]
  .text              ro code  0x08019db4     0x34  middleware_common_main.o [1]
  .text              ro code  0x08019de8     0x90  helloworld.o [1]
  .text              ro code  0x08019e78     0x50  version.o [1]
  .text              ro code  0x08019ec8      0x8  version.o [1]
  .text              ro code  0x08019ed0      0x8  version.o [1]
  .text              ro code  0x08019ed8    0x1f2  lz77_init.o [5]
  .text              ro code  0x0801a0cc    0x1c4  dcmi.o [1]
  .text              ro code  0x0801a290     0xd8  stm32l4xx_hal_dcmi.o [1]
  .text              ro code  0x0801a368    0x1ac  soc_init.o [1]
  .text              ro code  0x0801a514     0x16  stm32l4xx_hal.o [1]
  .text              ro code  0x0801a52c     0xe8  dma.o [1]
  .text              ro code  0x0801a614     0xc8  spi.o [1]
  .text              ro code  0x0801a6dc      0x2  usb_otg.o [1]
  .text              ro code  0x0801a6e0     0x70  crc.o [1]
  .text              ro code  0x0801a750      0x2  irtim.o [1]
  .text              ro code  0x0801a754     0x10  stm32l4xx_hal.o [1]
  .text              ro code  0x0801a764     0x98  stm32l4xx_hal_msp.o [1]
  .text              ro code  0x0801a7fc     0xc8  stm32l4xx_hal_spi.o [1]
  .text              ro code  0x0801a8c4     0x8c  stm32l4xx_hal_crc.o [1]
  .text              ro code  0x0801a950     0x60  stm32l4xx_hal_crc_ex.o [1]
  .text              ro code  0x0801a9b0    0x148  board.o [1]
  .text              ro code  0x0801aaf8     0xc8  panic_iccarm.o [1]
  .rodata            const    0x0801abc0     0x9c  board_cli.o [1]
  .rodata            const    0x0801ac5c     0x9c  cli.o [1]
  .rodata            const    0x0801acf8     0x9c  panic_c.o [1]
  .text              ro code  0x0801ad94     0x8a  aos.o [1]
  .rodata            const    0x0801ae20     0x88  cli.o [1]
  .rodata            const    0x0801aea8     0x78  cli.o [1]
  .text              ro code  0x0801af20     0x6c  system_stm32l4xx.o [1]
  .rodata            const    0x0801af8c     0x58  k_mm_debug.o [1]
  .rodata            const    0x0801afe4     0x58  k_mm_debug.o [1]
  .rodata            const    0x0801b03c     0x58  k_mm_debug.o [1]
  .rodata            const    0x0801b094     0x54  dumpsys.o [1]
  .rodata            const    0x0801b0e8     0x54  hal_uart_stm32l4.o [1]
  .rodata            const    0x0801b13c     0x54  sal_sockets.o [1]
  .rodata            const    0x0801b190     0x50  k_overview.o [1]
  .rodata            const    0x0801b1e0     0x50  k_overview.o [1]
  .rodata            const    0x0801b230     0x50  k_overview.o [1]
  .rodata            const    0x0801b280     0x4c  dumpsys.o [1]
  .rodata            const    0x0801b2cc     0x4c  k_overview.o [1]
  .rodata            const    0x0801b318     0x4c  kvmgr.o [1]
  .rodata            const    0x0801b364     0x4c  soc_impl.o [1]
  .rodata            const    0x0801b3b0     0x48  k_overview.o [1]
  .rodata            const    0x0801b3f8     0x48  k_overview.o [1]
  .rodata            const    0x0801b440     0x44  board_cli.o [1]
  .rodata            const    0x0801b484     0x44  k_dyn_mem_proc.o [1]
  .rodata            const    0x0801b4c8     0x44  k_overview.o [1]
  .rodata            const    0x0801b50c     0x44  k_panic.o [1]
  .rodata            const    0x0801b550     0x44  sal_err.o [1]
  .text              ro code  0x0801b594     0x44  k_idle.o [1]
  .rodata            const    0x0801b5d8     0x40  atparser.o [1]
  .rodata            const    0x0801b618     0x40  dcmi.o [1]
  .rodata            const    0x0801b658     0x40  hal_flash_stm32l4.o [1]
  .rodata            const    0x0801b698     0x40  k_mm_debug.o [1]
  .rodata            const    0x0801b6d8     0x40  k_overview.o [1]
  .rodata            const    0x0801b718     0x40  k_overview.o [1]
  .rodata            const    0x0801b758     0x40  k_overview.o [1]
  .rodata            const    0x0801b798     0x40  k_overview.o [1]
  .rodata            const    0x0801b7d8     0x40  k_workqueue.o [1]
  .rodata            const    0x0801b818     0x40  main.o [1]
  .rodata            const    0x0801b858     0x40  usart.o [1]
  .text              ro code  0x0801b898     0x40  zero_init3.o [5]
  .rodata            const    0x0801b8d8     0x3c  adc.o [1]
  .rodata            const    0x0801b914     0x3c  crc.o [1]
  .rodata            const    0x0801b950     0x3c  dumpsys.o [1]
  .rodata            const    0x0801b98c     0x3c  k_mm_debug.o [1]
  .rodata            const    0x0801b9c8     0x3c  k_mm_debug.o [1]
  .rodata            const    0x0801ba04     0x3c  k_mutex.o [1]
  .rodata            const    0x0801ba40     0x3c  k_overview.o [1]
  .rodata            const    0x0801ba7c     0x3c  k_overview.o [1]
  .rodata            const    0x0801bab8     0x3c  k_pend.o [1]
  .rodata            const    0x0801baf4     0x3c  k_sched.o [1]
  .rodata            const    0x0801bb30     0x3c  k_stats.o [1]
  .rodata            const    0x0801bb6c     0x3c  k_task.o [1]
  .rodata            const    0x0801bba8     0x3c  k_tick.o [1]
  .rodata            const    0x0801bbe4     0x3c  k_timer.o [1]
  .rodata            const    0x0801bc20     0x3c  sai.o [1]
  .rodata            const    0x0801bc5c     0x3c  spi.o [1]
  .rodata            const    0x0801bc98     0x3c  tim.o [1]
  .rodata            const    0x0801bcd4     0x38  dumpsys.o [1]
  .rodata            const    0x0801bd0c     0x38  k_mm.o [1]
  .rodata            const    0x0801bd44     0x38  k_overview.o [1]
  .rodata            const    0x0801bd7c     0x38  sal_sockets.o [1]
  .rodata            const    0x0801bdb4     0x38  sal_sockets.o [1]
  .rodata            const    0x0801bdec     0x38  sal_sockets.o [1]
  .rodata            const    0x0801be24     0x34  aos_init.o [1]
  .rodata            const    0x0801be58     0x34  atparser.o [1]
  .rodata            const    0x0801be8c     0x34  dumpsys.o [1]
  .rodata            const    0x0801bec0     0x34  dumpsys.o [1]
  .rodata            const    0x0801bef4     0x34  dumpsys.o [1]
  .rodata            const    0x0801bf28     0x34  sal_sockets.o [1]
  .rodata            const    0x0801bf5c     0x34  sal_sockets.o [1]
  .rodata            const    0x0801bf90     0x34  sal_sockets.o [1]
  .rodata            const    0x0801bfc4     0x30  aos_init.o [1]
  .rodata            const    0x0801bff4     0x30  atparser.o [1]
  .rodata            const    0x0801c024     0x30  cli.o [1]
  .rodata            const    0x0801c054     0x30  dumpsys.o [1]
  .rodata            const    0x0801c084     0x30  dumpsys.o [1]
  .rodata            const    0x0801c0b4     0x30  dumpsys.o [1]
  .rodata            const    0x0801c0e4     0x30  dumpsys.o [1]
  .rodata            const    0x0801c114     0x30  hal_uart_stm32l4.o [1]
  .rodata            const    0x0801c144     0x30  k_mm_debug.o [1]
  .rodata            const    0x0801c174     0x30  k_overview.o [1]
  .rodata            const    0x0801c1a4     0x30  k_overview.o [1]
  .rodata            const    0x0801c1d4     0x30  sal_sockets.o [1]
  .rodata            const    0x0801c204     0x30  sal_sockets.o [1]
  .rodata            const    0x0801c234     0x30  system_stm32l4xx.o [1]
  .rodata            const    0x0801c264     0x2c  atparser.o [1]
  .rodata            const    0x0801c290     0x2c  atparser.o [1]
  .rodata            const    0x0801c2bc     0x2c  atparser.o [1]
  .rodata            const    0x0801c2e8     0x2c  atparser.o [1]
  .rodata            const    0x0801c314     0x2c  atparser.o [1]
  .rodata            const    0x0801c340     0x2c  cli.o [1]
  .rodata            const    0x0801c36c     0x2c  cli.o [1]
  .rodata            const    0x0801c398     0x2c  cli.o [1]
  .rodata            const    0x0801c3c4     0x2c  hal_flash_stm32l4.o [1]
  .rodata            const    0x0801c3f0     0x2c  hal_uart_stm32l4.o [1]
  .rodata            const    0x0801c41c     0x2c  k_mm_debug.o [1]
  .rodata            const    0x0801c448     0x2c  k_panic.o [1]
  .rodata            const    0x0801c474     0x2c  sal_sockets.o [1]
  .rodata            const    0x0801c4a0     0x2c  sal_sockets.o [1]
  .rodata            const    0x0801c4cc     0x2c  sal_sockets.o [1]
  .rodata            const    0x0801c4f8     0x28  aos_init.o [1]
  .rodata            const    0x0801c520     0x28  atparser.o [1]
  .rodata            const    0x0801c548     0x28  atparser.o [1]
  .rodata            const    0x0801c570     0x28  bk7231.o [1]
  .rodata            const    0x0801c598     0x28  bk7231.o [1]
  .rodata            const    0x0801c5c0     0x28  board_cli.o [1]
  .rodata            const    0x0801c5e8     0x28  board_cli.o [1]
  .rodata            const    0x0801c610     0x28  hal_uart_stm32l4.o [1]
  .rodata            const    0x0801c638     0x28  k_mm.o [1]
  .rodata            const    0x0801c660     0x28  sal_sockets.o [1]
  .rodata            const    0x0801c688     0x28  sal_sockets.o [1]
  .rodata            const    0x0801c6b0     0x28  sal_sockets.o [1]
  .rodata            const    0x0801c6d8     0x28  sal_sockets.o [1]
  .rodata            const    0x0801c700     0x28  sal_sockets.o [1]
  .rodata            const    0x0801c728     0x28  wifi_atcmd_bk7231.o [1]
  .text              ro code  0x0801c750     0x28  data_init.o [5]
  .rodata            const    0x0801c778     0x24  atparser.o [1]
  .rodata            const    0x0801c79c     0x24  atparser.o [1]
  .rodata            const    0x0801c7c0     0x24  board_cli.o [1]
  .rodata            const    0x0801c7e4     0x24  cli.o [1]
  .rodata            const    0x0801c808     0x24  dumpsys.o [1]
  .rodata            const    0x0801c82c     0x24  dumpsys.o [1]
  .rodata            const    0x0801c850     0x24  hal_flash_stm32l4.o [1]
  .rodata            const    0x0801c874     0x24  k_mm.o [1]
  .rodata            const    0x0801c898     0x24  k_panic.o [1]
  .rodata            const    0x0801c8bc     0x24  k_panic.o [1]
  .rodata            const    0x0801c8e0     0x24  k_panic.o [1]
  .rodata            const    0x0801c904     0x24  k_panic.o [1]
  .rodata            const    0x0801c928     0x24  k_panic.o [1]
  .rodata            const    0x0801c94c     0x24  k_panic.o [1]
  .rodata            const    0x0801c970     0x24  k_panic.o [1]
  .rodata            const    0x0801c994     0x24  k_panic.o [1]
  .rodata            const    0x0801c9b8     0x24  k_panic.o [1]
  .rodata            const    0x0801c9dc     0x24  panic_c.o [1]
  .rodata            const    0x0801ca00     0x24  panic_c.o [1]
  .rodata            const    0x0801ca24     0x24  sal_sockets.o [1]
  .rodata            const    0x0801ca48     0x24  sal_sockets.o [1]
  .rodata            const    0x0801ca6c     0x24  sal_sockets.o [1]
  .rodata            const    0x0801ca90     0x24  wifi_atcmd_bk7231.o [1]
  .text              ro code  0x0801cab4     0x22  fpinit_M.o [4]
  .iar.init_table    const    0x0801cad8     0x2c  - Linker created -
  .rodata            const    0x0801cb04     0x20  atparser.o [1]
  .rodata            const    0x0801cb24     0x20  atparser.o [1]
  .rodata            const    0x0801cb44     0x20  atparser.o [1]
  .rodata            const    0x0801cb64     0x20  atparser.o [1]
  .rodata            const    0x0801cb84     0x20  atparser.o [1]
  .rodata            const    0x0801cba4     0x20  atparser.o [1]
  .rodata            const    0x0801cbc4     0x20  atparser.o [1]
  .rodata            const    0x0801cbe4     0x20  atparser.o [1]
  .rodata            const    0x0801cc04     0x20  atparser.o [1]
  .rodata            const    0x0801cc24     0x20  bk7231.o [1]
  .rodata            const    0x0801cc44     0x20  board_cli.o [1]
  .rodata            const    0x0801cc64     0x20  board_cli.o [1]
  .rodata            const    0x0801cc84     0x20  board_cli.o [1]
  .rodata            const    0x0801cca4     0x20  board_cli.o [1]
  .rodata            const    0x0801ccc4     0x20  cli.o [1]
  .rodata            const    0x0801cce4     0x20  cli.o [1]
  .rodata            const    0x0801cd04     0x20  drv_acc_gyro_st_lsm6dsl.o [1]
  .rodata            const    0x0801cd24     0x20  drv_acc_gyro_st_lsm6dsl.o [1]
  .rodata            const    0x0801cd44     0x20  drv_mag_temp_memsic_mmc3680kj.o [1]
  .rodata            const    0x0801cd64     0x20  drv_mag_temp_memsic_mmc3680kj.o [1]
  .rodata            const    0x0801cd84     0x20  drv_mag_temp_memsic_mmc3680kj.o [1]
  .rodata            const    0x0801cda4     0x20  drv_mag_temp_memsic_mmc3680kj.o [1]
  .rodata            const    0x0801cdc4     0x20  drv_temp_humi_sensirion_shtc1.o [1]
  .rodata            const    0x0801cde4     0x20  drv_temp_humi_sensirion_shtc1.o [1]
  .rodata            const    0x0801ce04     0x20  drv_temp_humi_sensirion_shtc1.o [1]
  .rodata            const    0x0801ce24     0x20  drv_temp_humi_sensirion_shtc1.o [1]
  .rodata            const    0x0801ce44     0x20  drv_temp_humi_sensirion_shtc1.o [1]
  .rodata            const    0x0801ce64     0x20  drv_temp_humi_sensirion_shtc1.o [1]
  .rodata            const    0x0801ce84     0x20  drv_temp_humi_sensirion_shtc1.o [1]
  .rodata            const    0x0801cea4     0x20  drv_temp_humi_sensirion_shtc1.o [1]
  .rodata            const    0x0801cec4     0x20  dumpsys.o [1]
  .rodata            const    0x0801cee4     0x20  dumpsys.o [1]
  .rodata            const    0x0801cf04     0x20  hal_flash_stm32l4.o [1]
  .rodata            const    0x0801cf24     0x20  k_mm.o [1]
  .rodata            const    0x0801cf44     0x20  k_mm.o [1]
  .rodata            const    0x0801cf64     0x20  k_overview.o [1]
  .rodata            const    0x0801cf84     0x20  kvmgr.o [1]
  .rodata            const    0x0801cfa4     0x20  sal_sockets.o [1]
  .rodata            const    0x0801cfc4     0x20  sal_sockets.o [1]
  .rodata            const    0x0801cfe4     0x20  sal_sockets.o [1]
  .rodata            const    0x0801d004     0x20  wifi_atcmd_bk7231.o [1]
  .rodata            const    0x0801d024     0x20  wifi_atcmd_bk7231.o [1]
  .rodata            const    0x0801d044     0x20  wifi_atcmd_bk7231.o [1]
  .rodata            const    0x0801d064     0x20  wifi_atcmd_bk7231.o [1]
  .text              ro code  0x0801d084     0x1e  cmain.o [5]
  .text              ro code  0x0801d0a2      0x4  low_level_init.o [3]
  .text              ro code  0x0801d0a6      0x4  exit.o [3]
  .text              ro code  0x0801d0ac      0xa  cexit.o [5]
  .rodata            const    0x0801d0b8     0x1c  atparser.o [1]
  .rodata            const    0x0801d0d4     0x1c  atparser.o [1]
  .rodata            const    0x0801d0f0     0x1c  atparser.o [1]
  .rodata            const    0x0801d10c     0x1c  atparser.o [1]
  .rodata            const    0x0801d128     0x1c  bk7231.o [1]
  .rodata            const    0x0801d144     0x1c  bk7231.o [1]
  .rodata            const    0x0801d160     0x1c  bk7231.o [1]
  .rodata            const    0x0801d17c     0x1c  board_cli.o [1]
  .rodata            const    0x0801d198     0x1c  board_cli.o [1]
  .rodata            const    0x0801d1b4     0x1c  board_cli.o [1]
  .rodata            const    0x0801d1d0     0x1c  board_cli.o [1]
  .rodata            const    0x0801d1ec     0x1c  board_cli.o [1]
  .rodata            const    0x0801d208     0x1c  cli.o [1]
  .rodata            const    0x0801d224     0x1c  cli.o [1]
  .rodata            const    0x0801d240     0x1c  drv_acc_gyro_st_lsm6dsl.o [1]
  .rodata            const    0x0801d25c     0x1c  drv_als_ps_liteon_ltr553.o [1]
  .rodata            const    0x0801d278     0x1c  drv_als_ps_liteon_ltr553.o [1]
  .rodata            const    0x0801d294     0x1c  drv_als_ps_liteon_ltr553.o [1]
  .rodata            const    0x0801d2b0     0x1c  drv_als_ps_liteon_ltr553.o [1]
  .rodata            const    0x0801d2cc     0x1c  drv_als_ps_liteon_ltr553.o [1]
  .rodata            const    0x0801d2e8     0x1c  drv_als_ps_liteon_ltr553.o [1]
  .rodata            const    0x0801d304     0x1c  drv_als_ps_liteon_ltr553.o [1]
  .rodata            const    0x0801d320     0x1c  drv_als_ps_liteon_ltr553.o [1]
  .rodata            const    0x0801d33c     0x1c  drv_baro_bosch_bmp280.o [1]
  .rodata            const    0x0801d358     0x1c  drv_baro_bosch_bmp280.o [1]
  .rodata            const    0x0801d374     0x1c  drv_baro_bosch_bmp280.o [1]
  .rodata            const    0x0801d390     0x1c  drv_baro_bosch_bmp280.o [1]
  .rodata            const    0x0801d3ac     0x1c  dumpsys.o [1]
  .rodata            const    0x0801d3c8     0x1c  hal_flash_stm32l4.o [1]
  .rodata            const    0x0801d3e4     0x1c  hal_flash_stm32l4.o [1]
  .rodata            const    0x0801d400     0x1c  hal_flash_stm32l4.o [1]
  .rodata            const    0x0801d41c     0x1c  k_mm.o [1]
  .rodata            const    0x0801d438     0x1c  k_mm_debug.o [1]
  .rodata            const    0x0801d454     0x1c  panic_c.o [1]
  .rodata            const    0x0801d470     0x1c  panic_c.o [1]
  .rodata            const    0x0801d48c     0x1c  panic_c.o [1]
  .rodata            const    0x0801d4a8     0x1c  panic_c.o [1]
  .rodata            const    0x0801d4c4     0x1c  panic_c.o [1]
  .rodata            const    0x0801d4e0     0x1c  sal_sockets.o [1]
  .rodata            const    0x0801d4fc     0x18  aos_init.o [1]
  .rodata            const    0x0801d514     0x18  aos_init.o [1]
  .rodata            const    0x0801d52c     0x18  atparser.o [1]
  .rodata            const    0x0801d544     0x18  atparser.o [1]
  .rodata            const    0x0801d55c     0x18  atparser.o [1]
  .rodata            const    0x0801d574     0x18  atparser.o [1]
  .rodata            const    0x0801d58c     0x18  atparser.o [1]
  .rodata            const    0x0801d5a4     0x18  atparser.o [1]
  .rodata            const    0x0801d5bc     0x18  atparser.o [1]
  .rodata            const    0x0801d5d4     0x18  atparser.o [1]
  .rodata            const    0x0801d5ec     0x18  board_cli.o [1]
  .rodata            const    0x0801d604     0x18  board_cli.o [1]
  .rodata            const    0x0801d61c     0x18  cli.o [1]
  .rodata            const    0x0801d634     0x18  cli.o [1]
  .rodata            const    0x0801d64c     0x18  device.o [1]
  .rodata            const    0x0801d664     0x18  drv_acc_gyro_st_lsm6dsl.o [1]
  .rodata            const    0x0801d67c     0x18  drv_acc_gyro_st_lsm6dsl.o [1]
  .rodata            const    0x0801d694     0x18  drv_als_ps_liteon_ltr553.o [1]
  .rodata            const    0x0801d6ac     0x18  drv_baro_bosch_bmp280.o [1]
  .rodata            const    0x0801d6c4     0x18  drv_mag_temp_memsic_mmc3680kj.o [1]
  .rodata            const    0x0801d6dc     0x18  drv_temp_humi_sensirion_shtc1.o [1]
  .rodata            const    0x0801d6f4     0x18  dumpsys.o [1]
  .rodata            const    0x0801d70c     0x18  hal_flash_stm32l4.o [1]
  .rodata            const    0x0801d724     0x18  hal_uart_stm32l4.o [1]
  .rodata            const    0x0801d73c     0x18  hal_uart_stm32l4.o [1]
  .rodata            const    0x0801d754     0x18  helloworld.o [1]
  .rodata            const    0x0801d76c     0x18  helloworld.o [1]
  .rodata            const    0x0801d784     0x18  hw.o [1]
  .rodata            const    0x0801d79c     0x18  k_mm_debug.o [1]
  .rodata            const    0x0801d7b4     0x18  k_mm_debug.o [1]
  .rodata            const    0x0801d7cc     0x18  k_overview.o [1]
  .rodata            const    0x0801d7e4     0x18  kvmgr.o [1]
  .rodata            const    0x0801d7fc     0x18  kvmgr.o [1]
  .rodata            const    0x0801d814     0x18  log.o [1]
  .rodata            const    0x0801d82c     0x18  log.o [1]
  .rodata            const    0x0801d844     0x18  log.o [1]
  .rodata            const    0x0801d85c     0x18  sal_sockets.o [1]
  .rodata            const    0x0801d874     0x18  sal_sockets.o [1]
  .rodata            const    0x0801d88c     0x18  sensor_hal.o [1]
  .rodata            const    0x0801d8a4     0x18  trace_impl.o [1]
  .rodata            const    0x0801d8bc     0x18  version.o [1]
  .rodata            const    0x0801d8d4     0x18  version.o [1]
  .rodata            const    0x0801d8ec     0x18  wifi_atcmd_bk7231.o [1]
  .rodata            const    0x0801d904     0x18  wifi_atcmd_bk7231.o [1]
  .rodata            const    0x0801d91c     0x18  wifi_atcmd_bk7231.o [1]
  .rodata            const    0x0801d934     0x18  wifi_atcmd_bk7231.o [1]
  .rodata            const    0x0801d94c     0x18  wifi_atcmd_bk7231.o [1]
  .rodata            const    0x0801d964     0x18  yloop.o [1]
  .text              ro code  0x0801d97c     0x16  xprout.o [3]
  .text              ro code  0x0801d994      0xc  putchar.o [3]
  .rodata            const    0x0801d9a0     0x14  atparser.o [1]
  .rodata            const    0x0801d9b4     0x14  atparser.o [1]
  .rodata            const    0x0801d9c8     0x14  atparser.o [1]
  .rodata            const    0x0801d9dc     0x14  atparser.o [1]
  .rodata            const    0x0801d9f0     0x14  atparser.o [1]
  .rodata            const    0x0801da04     0x14  bk7231.o [1]
  .rodata            const    0x0801da18     0x14  bk7231.o [1]
  .rodata            const    0x0801da2c     0x14  board_cli.o [1]
  .rodata            const    0x0801da40     0x14  cli.o [1]
  .rodata            const    0x0801da54     0x14  cli.o [1]
  .rodata            const    0x0801da68     0x14  cli.o [1]
  .rodata            const    0x0801da7c     0x14  cli.o [1]
  .rodata            const    0x0801da90     0x14  dumpsys.o [1]
  .rodata            const    0x0801daa4     0x14  dumpsys.o [1]
  .rodata            const    0x0801dab8     0x14  helloworld.o [1]
  .rodata            const    0x0801dacc     0x14  k_dyn_mem_proc.o [1]
  .rodata            const    0x0801dae0     0x14  k_mm_debug.o [1]
  .rodata            const    0x0801daf4     0x14  k_overview.o [1]
  .rodata            const    0x0801db08     0x14  k_overview.o [1]
  .rodata            const    0x0801db1c     0x14  k_overview.o [1]
  .rodata            const    0x0801db30     0x14  k_workqueue.o [1]
  .rodata            const    0x0801db44     0x14  kvmgr.o [1]
  .rodata            const    0x0801db58     0x14  kvmgr.o [1]
  .rodata            const    0x0801db6c     0x14  log.o [1]
  .rodata            const    0x0801db80     0x14  middleware_common_main.o [1]
  .rodata            const    0x0801db94     0x14  panic_c.o [1]
  .rodata            const    0x0801dba8     0x14  version.o [1]
  .rodata            const    0x0801dbbc     0x14  wifi_atcmd_bk7231.o [1]
  .rodata            const    0x0801dbd0     0x10  aos_init.o [1]
  .rodata            const    0x0801dbe0     0x10  aos_init.o [1]
  .rodata            const    0x0801dbf0     0x10  atparser.o [1]
  .rodata            const    0x0801dc00     0x10  atparser.o [1]
  .rodata            const    0x0801dc10     0x10  bk7231.o [1]
  .rodata            const    0x0801dc20     0x10  bk7231.o [1]
  .rodata            const    0x0801dc30     0x10  bk7231.o [1]
  .rodata            const    0x0801dc40     0x10  bk7231.o [1]
  .rodata            const    0x0801dc50     0x10  bk7231.o [1]
  .rodata            const    0x0801dc60     0x10  bk7231.o [1]
  .rodata            const    0x0801dc70     0x10  bk7231.o [1]
  .rodata            const    0x0801dc80     0x10  board_cli.o [1]
  .rodata            const    0x0801dc90     0x10  board_cli.o [1]
  .rodata            const    0x0801dca0     0x10  cli.o [1]
  .rodata            const    0x0801dcb0     0x10  cli.o [1]
  .rodata            const    0x0801dcc0     0x10  cli.o [1]
  .rodata            const    0x0801dcd0     0x10  cli.o [1]
  .rodata            const    0x0801dce0     0x10  cli.o [1]
  .rodata            const    0x0801dcf0     0x10  cli.o [1]
  .rodata            const    0x0801dd00     0x10  cli.o [1]
  .rodata            const    0x0801dd10     0x10  cli.o [1]
  .rodata            const    0x0801dd20     0x10  cli.o [1]
  .rodata            const    0x0801dd30     0x10  cli.o [1]
  .rodata            const    0x0801dd40     0x10  k_mm.o [1]
  .rodata            const    0x0801dd50     0x10  k_mm_debug.o [1]
  .rodata            const    0x0801dd60     0x10  k_mm_debug.o [1]
  .rodata            const    0x0801dd70     0x10  k_mm_debug.o [1]
  .rodata            const    0x0801dd80     0x10  k_workqueue.o [1]
  .rodata            const    0x0801dd90     0x10  kvmgr.o [1]
  .rodata            const    0x0801dda0     0x10  kvmgr.o [1]
  .rodata            const    0x0801ddb0     0x10  log.o [1]
  .rodata            const    0x0801ddc0     0x10  sal_sockets.o [1]
  .rodata            const    0x0801ddd0     0x10  sal_sockets.o [1]
  .rodata            const    0x0801dde0     0x10  system_stm32l4xx.o [1]
  .rodata            const    0x0801ddf0     0x10  version.o [1]
  .rodata            const    0x0801de00     0x10  wifi_atcmd_bk7231.o [1]
  .rodata            const    0x0801de10     0x10  wifi_atcmd_bk7231.o [1]
  .rodata            const    0x0801de20     0x10  yloop.o [1]
  .text              ro code  0x0801de30     0x10  hal_sd_stm32l4.o [1]
  .text              ro code  0x0801de40     0x10  startup_stm32l496xx_iar.o [1]
  .rodata            const    0x0801de50      0xc  aos.o [1]
  .rodata            const    0x0801de5c      0xc  aos_common.o [1]
  .rodata            const    0x0801de68      0xc  aos_init.o [1]
  .rodata            const    0x0801de74      0xc  aos_init.o [1]
  .rodata            const    0x0801de80      0xc  atparser.o [1]
  .rodata            const    0x0801de8c      0xc  atparser.o [1]
  .rodata            const    0x0801de98      0xc  atparser.o [1]
  .rodata            const    0x0801dea4      0xc  atparser.o [1]
  .rodata            const    0x0801deb0      0xc  bk7231.o [1]
  .rodata            const    0x0801debc      0xc  bk7231.o [1]
  .rodata            const    0x0801dec8      0xc  bk7231.o [1]
  .rodata            const    0x0801ded4      0xc  bk7231.o [1]
  .rodata            const    0x0801dee0      0xc  bk7231.o [1]
  .rodata            const    0x0801deec      0xc  bk7231.o [1]
  .rodata            const    0x0801def8      0xc  bk7231.o [1]
  .rodata            const    0x0801df04      0xc  bk7231.o [1]
  .rodata            const    0x0801df10      0xc  board.o [1]
  .rodata            const    0x0801df1c      0xc  board.o [1]
  .rodata            const    0x0801df28      0xc  board.o [1]
  .rodata            const    0x0801df34      0xc  board.o [1]
  .rodata            const    0x0801df40      0xc  board.o [1]
  .rodata            const    0x0801df4c      0xc  board.o [1]
  .rodata            const    0x0801df58      0xc  board.o [1]
  .rodata            const    0x0801df64      0xc  board_cli.o [1]
  .rodata            const    0x0801df70      0xc  board_cli.o [1]
  .rodata            const    0x0801df7c      0xc  board_cli.o [1]
  .rodata            const    0x0801df88      0xc  cli.o [1]
  .rodata            const    0x0801df94      0xc  cli.o [1]
  .rodata            const    0x0801dfa0      0xc  cli.o [1]
  .rodata            const    0x0801dfac      0xc  cli.o [1]
  .rodata            const    0x0801dfb8      0xc  cli.o [1]
  .rodata            const    0x0801dfc4      0xc  cli.o [1]
  .rodata            const    0x0801dfd0      0xc  cli.o [1]
  .rodata            const    0x0801dfdc      0xc  cli.o [1]
  .rodata            const    0x0801dfe8      0xc  device.o [1]
  .rodata            const    0x0801dff4      0xc  drv_acc_gyro_st_lsm6dsl.o [1]
  .rodata            const    0x0801e000      0xc  drv_acc_gyro_st_lsm6dsl.o [1]
  .rodata            const    0x0801e00c      0xc  drv_acc_gyro_st_lsm6dsl.o [1]
  .rodata            const    0x0801e018      0xc  drv_acc_gyro_st_lsm6dsl.o [1]
  .rodata            const    0x0801e024      0xc  drv_als_ps_liteon_ltr553.o [1]
  .rodata            const    0x0801e030      0xc  drv_als_ps_liteon_ltr553.o [1]
  .rodata            const    0x0801e03c      0xc  drv_als_ps_liteon_ltr553.o [1]
  .rodata            const    0x0801e048      0xc  drv_baro_bosch_bmp280.o [1]
  .rodata            const    0x0801e054      0xc  drv_baro_bosch_bmp280.o [1]
  .rodata            const    0x0801e060      0xc  drv_baro_bosch_bmp280.o [1]
  .rodata            const    0x0801e06c      0xc  drv_mag_temp_memsic_mmc3680kj.o [1]
  .rodata            const    0x0801e078      0xc  drv_mag_temp_memsic_mmc3680kj.o [1]
  .rodata            const    0x0801e084      0xc  drv_mag_temp_memsic_mmc3680kj.o [1]
  .rodata            const    0x0801e090      0xc  drv_mag_temp_memsic_mmc3680kj.o [1]
  .rodata            const    0x0801e09c      0xc  drv_temp_humi_sensirion_shtc1.o [1]
  .rodata            const    0x0801e0a8      0xc  drv_temp_humi_sensirion_shtc1.o [1]
  .rodata            const    0x0801e0b4      0xc  drv_temp_humi_sensirion_shtc1.o [1]
  .rodata            const    0x0801e0c0      0xc  drv_temp_humi_sensirion_shtc1.o [1]
  .rodata            const    0x0801e0cc      0xc  drv_temp_humi_sensirion_shtc1.o [1]
  .rodata            const    0x0801e0d8      0xc  dumpsys.o [1]
  .rodata            const    0x0801e0e4      0xc  dumpsys.o [1]
  .rodata            const    0x0801e0f0      0xc  dumpsys.o [1]
  .rodata            const    0x0801e0fc      0xc  dumpsys.o [1]
  .rodata            const    0x0801e108      0xc  helloworld.o [1]
  .rodata            const    0x0801e114      0xc  ip4_addr.o [1]
  .rodata            const    0x0801e120      0xc  ip4_addr.o [1]
  .rodata            const    0x0801e12c      0xc  ip4_addr.o [1]
  .rodata            const    0x0801e138      0xc  k_mm_debug.o [1]
  .rodata            const    0x0801e144      0xc  k_mm_debug.o [1]
  .rodata            const    0x0801e150      0xc  k_mm_debug.o [1]
  .rodata            const    0x0801e15c      0xc  k_overview.o [1]
  .rodata            const    0x0801e168      0xc  k_panic.o [1]
  .rodata            const    0x0801e174      0xc  k_sys.o [1]
  .rodata            const    0x0801e180      0xc  k_timer.o [1]
  .rodata            const    0x0801e18c      0xc  k_timer.o [1]
  .rodata            const    0x0801e198      0xc  kvmgr.o [1]
  .rodata            const    0x0801e1a4      0xc  local_event.o [1]
  .rodata            const    0x0801e1b0      0xc  log.o [1]
  .rodata            const    0x0801e1bc      0xc  middleware_common_main.o [1]
  .rodata            const    0x0801e1c8      0xc  sal_sockets.o [1]
  .rodata            const    0x0801e1d4      0xc  sal_sockets.o [1]
  .rodata            const    0x0801e1e0      0xc  sal_sockets.o [1]
  .rodata            const    0x0801e1ec      0xc  sal_sockets.o [1]
  .rodata            const    0x0801e1f8      0xc  sensor_hal.o [1]
  .rodata            const    0x0801e204      0xc  version.o [1]
  .rodata            const    0x0801e210      0xc  vfs.o [1]
  .rodata            const    0x0801e21c      0xc  wifi_atcmd_bk7231.o [1]
  .rodata            const    0x0801e228      0xc  wifi_atcmd_bk7231.o [1]
  .rodata            const    0x0801e234      0xc  wifi_atcmd_bk7231.o [1]
  .rodata            const    0x0801e240      0xc  wifi_atcmd_bk7231.o [1]
  .rodata            const    0x0801e24c      0xc  wifi_atcmd_bk7231.o [1]
  .rodata            const    0x0801e258      0xc  yloop.o [1]
  .rodata            const    0x0801e264      0xc  yloop.o [1]
  .text              ro code  0x0801e270      0xc  cstartup_M.o [5]
  .rodata            const    0x0801e27c      0x8  atparser.o [1]
  .rodata            const    0x0801e284      0x8  atparser.o [1]
  .rodata            const    0x0801e28c      0x8  atparser.o [1]
  .rodata            const    0x0801e294      0x8  bk7231.o [1]
  .rodata            const    0x0801e29c      0x8  bk7231.o [1]
  .rodata            const    0x0801e2a4      0x8  bk7231.o [1]
  .rodata            const    0x0801e2ac      0x8  bk7231.o [1]
  .rodata            const    0x0801e2b4      0x8  board_cli.o [1]
  .rodata            const    0x0801e2bc      0x8  board_cli.o [1]
  .rodata            const    0x0801e2c4      0x8  cli.o [1]
  .rodata            const    0x0801e2cc      0x8  cli.o [1]
  .rodata            const    0x0801e2d4      0x8  cli.o [1]
  .rodata            const    0x0801e2dc      0x8  cli.o [1]
  .rodata            const    0x0801e2e4      0x8  cli.o [1]
  .rodata            const    0x0801e2ec      0x8  cli.o [1]
  .rodata            const    0x0801e2f4      0x8  cli.o [1]
  .rodata            const    0x0801e2fc      0x8  cli.o [1]
  .rodata            const    0x0801e304      0x8  cli.o [1]
  .rodata            const    0x0801e30c      0x8  cli.o [1]
  .rodata            const    0x0801e314      0x8  cli.o [1]
  .rodata            const    0x0801e31c      0x8  cli.o [1]
  .rodata            const    0x0801e324      0x8  cli.o [1]
  .rodata            const    0x0801e32c      0x8  cli.o [1]
  .rodata            const    0x0801e334      0x8  cli.o [1]
  .rodata            const    0x0801e33c      0x8  cli.o [1]
  .rodata            const    0x0801e344      0x8  cli.o [1]
  .rodata            const    0x0801e34c      0x8  drv_acc_gyro_st_lsm6dsl.o [1]
  .rodata            const    0x0801e354      0x8  drv_als_ps_liteon_ltr553.o [1]
  .rodata            const    0x0801e35c      0x8  drv_als_ps_liteon_ltr553.o [1]
  .rodata            const    0x0801e364      0x8  drv_baro_bosch_bmp280.o [1]
  .rodata            const    0x0801e36c      0x8  drv_temp_humi_sensirion_shtc1.o [1]
  .rodata            const    0x0801e374      0x8  dumpsys.o [1]
  .rodata            const    0x0801e37c      0x8  dumpsys.o [1]
  .rodata            const    0x0801e384      0x8  dumpsys.o [1]
  .rodata            const    0x0801e38c      0x8  dumpsys.o [1]
  .rodata            const    0x0801e394      0x8  dumpsys.o [1]
  .rodata            const    0x0801e39c      0x8  dumpsys.o [1]
  .rodata            const    0x0801e3a4      0x8  dumpsys.o [1]
  .rodata            const    0x0801e3ac      0x8  dumpsys.o [1]
  .rodata            const    0x0801e3b4      0x8  dumpsys.o [1]
  .rodata            const    0x0801e3bc      0x8  dumpsys.o [1]
  .rodata            const    0x0801e3c4      0x8  dumpsys.o [1]
  .rodata            const    0x0801e3cc      0x8  k_mm_debug.o [1]
  .rodata            const    0x0801e3d4      0x8  k_mm_debug.o [1]
  .rodata            const    0x0801e3dc      0x8  k_mm_debug.o [1]
  .rodata            const    0x0801e3e4      0x8  k_mm_debug.o [1]
  .rodata            const    0x0801e3ec      0x8  k_overview.o [1]
  .rodata            const    0x0801e3f4      0x8  k_overview.o [1]
  .rodata            const    0x0801e3fc      0x8  k_overview.o [1]
  .rodata            const    0x0801e404      0x8  k_sys.o [1]
  .rodata            const    0x0801e40c      0x8  kvmgr.o [1]
  .rodata            const    0x0801e414      0x8  kvmgr.o [1]
  .rodata            const    0x0801e41c      0x8  kvmgr.o [1]
  .rodata            const    0x0801e424      0x8  kvmgr.o [1]
  .rodata            const    0x0801e42c      0x8  log.o [1]
  .rodata            const    0x0801e434      0x8  log.o [1]
  .rodata            const    0x0801e43c      0x8  log.o [1]
  .rodata            const    0x0801e444      0x8  log.o [1]
  .rodata            const    0x0801e44c      0x8  log.o [1]
  .rodata            const    0x0801e454      0x8  sal_sockets.o [1]
  .rodata            const    0x0801e45c      0x8  soc_impl.o [1]
  .rodata            const    0x0801e464      0x8  soc_impl.o [1]
  .rodata            const    0x0801e46c      0x8  soc_impl.o [1]
  .rodata            const    0x0801e474      0x8  system_stm32l4xx.o [1]
  .rodata            const    0x0801e47c      0x8  version.o [1]
  .rodata            const    0x0801e484      0x8  wifi_atcmd_bk7231.o [1]
  .rodata            const    0x0801e48c      0x8  wifi_atcmd_bk7231.o [1]
  .rodata            const    0x0801e494      0x8  wifi_atcmd_bk7231.o [1]
  .rodata            const    0x0801e49c      0x8  wifi_atcmd_bk7231.o [1]
  .rodata            const    0x0801e4a4      0x8  wifi_atcmd_bk7231.o [1]
  .rodata            const    0x0801e4ac      0x6  xlocale_c.o [3]
  .rodata            const    0x0801e4b4      0x4  aos_init.o [1]
  .rodata            const    0x0801e4b8      0x4  aos_init.o [1]
  .rodata            const    0x0801e4bc      0x4  cli.o [1]
  .rodata            const    0x0801e4c0      0x4  dumpsys.o [1]
  .rodata            const    0x0801e4c4      0x4  dumpsys.o [1]
  .rodata            const    0x0801e4c8      0x4  dumpsys.o [1]
  .rodata            const    0x0801e4cc      0x4  k_overview.o [1]
  .rodata            const    0x0801e4d0      0x4  k_overview.o [1]
  .rodata            const    0x0801e4d4      0x4  k_overview.o [1]
  .rodata            const    0x0801e4d8      0x4  k_overview.o [1]
  .rodata            const    0x0801e4dc      0x4  k_overview.o [1]
  .rodata            const    0x0801e4e0      0x4  kvmgr.o [1]
  .text              ro code  0x0801e4e4      0x4  startup_stm32l496xx_iar.o [1]
  .text              ro code  0x0801e4e8      0x4  startup_stm32l496xx_iar.o [1]
  .text              ro code  0x0801e4ec      0x4  startup_stm32l496xx_iar.o [1]
  .text              ro code  0x0801e4f0      0x4  startup_stm32l496xx_iar.o [1]
  .text              ro code  0x0801e4f4      0x4  startup_stm32l496xx_iar.o [1]
  .text              ro code  0x0801e4f8      0x4  startup_stm32l496xx_iar.o [1]
  .text              ro code  0x0801e4fc      0x4  startup_stm32l496xx_iar.o [1]
  .text              ro code  0x0801e500      0x4  startup_stm32l496xx_iar.o [1]
  .text              ro code  0x0801e504      0x4  startup_stm32l496xx_iar.o [1]
  .text              ro code  0x0801e508      0x4  startup_stm32l496xx_iar.o [1]
  .text              ro code  0x0801e50c      0x4  startup_stm32l496xx_iar.o [1]
  .text              ro code  0x0801e510      0x4  startup_stm32l496xx_iar.o [1]
  .text              ro code  0x0801e514      0x4  startup_stm32l496xx_iar.o [1]
  .text              ro code  0x0801e518      0x4  startup_stm32l496xx_iar.o [1]
  .text              ro code  0x0801e51c      0x4  startup_stm32l496xx_iar.o [1]
  .text              ro code  0x0801e520      0x4  startup_stm32l496xx_iar.o [1]
  .text              ro code  0x0801e524      0x4  startup_stm32l496xx_iar.o [1]
  .text              ro code  0x0801e528      0x4  startup_stm32l496xx_iar.o [1]
  .text              ro code  0x0801e52c      0x4  startup_stm32l496xx_iar.o [1]
  .text              ro code  0x0801e530      0x4  startup_stm32l496xx_iar.o [1]
  .text              ro code  0x0801e534      0x4  startup_stm32l496xx_iar.o [1]
  .text              ro code  0x0801e538      0x4  startup_stm32l496xx_iar.o [1]
  .text              ro code  0x0801e53c      0x4  startup_stm32l496xx_iar.o [1]
  .text              ro code  0x0801e540      0x4  startup_stm32l496xx_iar.o [1]
  .text              ro code  0x0801e544      0x4  startup_stm32l496xx_iar.o [1]
  .text              ro code  0x0801e548      0x4  startup_stm32l496xx_iar.o [1]
  .text              ro code  0x0801e54c      0x4  startup_stm32l496xx_iar.o [1]
[...]
log_mutex               0x2000c8d8     0x4  Data  Gb  log.o [1]
lookup_command          0x08004925    0x8e  Code  Lc  cli.o [1]
lsm6dsl_acc_factor      0x2000051c    0x28  Data  Lc  drv_acc_gyro_st_lsm6dsl.o [1]
lsm6dsl_ctx             0x200005bc    0x14  Data  Gb  drv_acc_gyro_st_lsm6dsl.o [1]
lsm6dsl_gyro_factor     0x200005a8    0x14  Data  Lc  drv_acc_gyro_st_lsm6dsl.o [1]
ltr553_ctx              0x200005d0    0x14  Data  Gb  drv_als_ps_liteon_ltr553.o [1]
mac_cmd                 0x08019cb1    0x7c  Code  Gb  aos_init.o [1]
mac_str_to_hex          0x08018753    0x78  Code  Lc  wifi_atcmd_bk7231.o [1]
main                    0x0801ae15     0xa  Code  Gb  aos.o [1]
memchr                  0x0800b981          Code  Gb  memchr.o [5]
memcmp                  0x08010fbd          Code  Gb  memcmp.o [5]
memset                  0x0800c199    0x14  Code  Gb  memset.o [5]
mmc3680kj_check_otp     0x08015e03    0x3a  Code  Lc  drv_mag_temp_memsic_mmc3680kj.o [1]
mmc3680kj_ctx           0x200005f8    0x14  Data  Gb  drv_mag_temp_memsic_mmc3680kj.o [1]
mmc3680kj_enable        0x08016093    0xc0  Code  Lc  drv_mag_temp_memsic_mmc3680kj.o [1]
mmc3680kj_get_comp_matrix
                        0x08015e3d   0x166  Code  Lc  drv_mag_temp_memsic_mmc3680kj.o [1]
mmc3680kj_need_set      0x08016153    0x38  Code  Lc  drv_mag_temp_memsic_mmc3680kj.o [1]
mmc3680kj_need_set::last_time
                        0x2000c838     0x8  Data  Lc  drv_mag_temp_memsic_mmc3680kj.o [1]
mmc3680kj_set           0x0801602d    0x3e  Code  Lc  drv_mag_temp_memsic_mmc3680kj.o [1]
mmc3680kj_set_output_resolution
                        0x0801606b    0x28  Code  Lc  drv_mag_temp_memsic_mmc3680kj.o [1]
mmc3680kj_set_pulse_width
                        0x08015fa3    0x8a  Code  Lc  drv_mag_temp_memsic_mmc3680kj.o [1]
mmc3680kj_validate_id   0x08015dc5    0x3e  Code  Lc  drv_mag_temp_memsic_mmc3680kj.o [1]
mmem_cmd                0x080056ad    0x78  Code  Lc  cli.o [1]
mode_rising             0x200006ec     0x1  Data  Lc  soc_init.o [1]
module_fota_firmware_md5_check
                        0x08007755    0x74  Code  Lc  board_cli.o [1]
module_fota_firmware_size_check
                        0x080076e5    0x70  Code  Lc  board_cli.o [1]
module_ota_cli_cmd      0x20000668     0xc  Data  Gb  board_cli.o [1]
mutex_create            0x0800358f    0x50  Code  Gb  k_mutex.o [1]
mutex_pri_look          0x0800369f    0x50  Code  Gb  k_mutex.o [1]
mutex_release           0x080035e9    0x22  Code  Lc  k_mutex.o [1]
mutex_task_pri_reset    0x080036ef    0x24  Code  Gb  k_mutex.o [1]
ncmd                    0x20000680     0xc  Data  Lc  kvmgr.o [1]
ndigs                   0x0800a608    0x28  Data  Lc  iar_Stoulx.o [3]
new_file                0x0800deed    0x34  Code  Gb  vfs_file.o [1]
obuf                    0x2000c220    0x50  Data  Lc  xfiles.o [3]
ota_cmd                 0x0800575b    0x12  Code  Lc  cli.o [1]
pFlash                  0x2000c7c0    0x20  Data  Gb  stm32l4xx_hal_flash.o [1]
panicBacktraceCallee    0x0801863b    0x68  Code  Gb  panic_c.o [1]
panicBacktraceCaller    0x080185bd    0x7e  Code  Gb  panic_c.o [1]
panicGetCtx             0x080184c7    0x12  Code  Gb  panic_c.o [1]
panicHandler            0x0801996f   0x1ee  Code  Gb  k_panic.o [1]
panicHandler::LR        0x2000c8d4     0x4  Data  Lc  k_panic.o [1]
panicHandler::PC        0x2000c8d0     0x4  Data  Lc  k_panic.o [1]
panicHandler::SP        0x2000c8cc     0x4  Data  Lc  k_panic.o [1]
panicRestoreCheck       0x08019931    0x3e  Code  Gb  k_panic.o [1]
panicShowRegs           0x080184d9    0xe4  Code  Gb  panic_c.o [1]
pend_list_add           0x0800638d    0x22  Code  Lc  k_pend.o [1]
pend_list_reorder       0x080064a3    0x1e  Code  Gb  k_pend.o [1]
pend_state_end_proc     0x080064c1    0x40  Code  Gb  k_pend.o [1]
pend_task_rm            0x0800644d    0x56  Code  Gb  k_pend.o [1]
pend_task_wakeup        0x080063af    0x56  Code  Gb  k_pend.o [1]
pend_to_blk_obj         0x08006405    0x48  Code  Gb  k_pend.o [1]
pmem_cmd                0x08005569   0x13e  Code  Lc  cli.o [1]
post_poll               0x0800e0b5    0x62  Code  Lc  select.o [1]
power_off               0x08018bad     0x4  Code  Lc  wifi_atcmd_bk7231.o [1]
power_on                0x08018bb1     0x4  Code  Lc  wifi_atcmd_bk7231.o [1]
pre_poll                0x0800e00f    0xa6  Code  Lc  select.o [1]
preferred_cpu_ready_task_get
                        0x08006103     0xc  Code  Gb  k_sched.o [1]
print_bad_command       0x08005381    0x12  Code  Lc  cli.o [1]
print_block             0x08006c61    0xac  Code  Gb  k_mm_debug.o [1]
printf                  0x08006c39    0x28  Code  Gb  printf.o [3]
proc_onecmd             0x080049b3    0xd6  Code  Gb  cli.o [1]
putchar                 0x0801d995     0xc  Code  Gb  putchar.o [3]
rand                    0x08001b21    0x96  Code  Gb  rand.o [3]
ranmatch                0x080171e7    0x42  Code  Lc  xscanflarge_nomb.o [3]
ready_list_add          0x0800603f    0x32  Code  Gb  k_sched.o [1]
ready_list_add_head     0x0800602f     0x8  Code  Gb  k_sched.o [1]
ready_list_add_tail     0x08006037     0x8  Code  Gb  k_sched.o [1]
ready_list_head_to_tail
                        0x080060ef    0x14  Code  Gb  k_sched.o [1]
ready_list_init         0x08005f71    0x40  Code  Lc  k_sched.o [1]
ready_list_rm           0x08006071    0x7e  Code  Gb  k_sched.o [1]
reboot_cmd              0x08005725    0x10  Code  Lc  cli.o [1]
register_monitor_cb     0x08018bc9     0x2  Code  Lc  wifi_atcmd_bk7231.o [1]
register_wlan_mgnt_monitor_cb
                        0x08018bcb     0x2  Code  Lc  wifi_atcmd_bk7231.o [1]
removesize              0x080041c7    0x1a  Code  Lc  k_mm.o [1]
rhino_stack_check_init  0x080047b3     0x2  Code  Lc  k_sys.o [1]
ringbuf_init            0x0800684b    0x16  Code  Gb  k_ringbuf.o [1]
ringbuf_is_empty        0x08006adb    0x14  Code  Gb  k_ringbuf.o [1]
ringbuf_pop             0x080069a3   0x138  Code  Gb  k_ringbuf.o [1]
ringbuf_push            0x08006861   0x142  Code  Gb  k_ringbuf.o [1]
ringbuf_reset           0x08006aef    0x14  Code  Gb  k_ringbuf.o [1]
runqueue_init           0x08005f55    0x1c  Code  Gb  k_sched.o [1]
sal_arch_mbox_tryfetch  0x08001ac5    0x24  Code  Gb  sal_arch_aos.o [1]
sal_arch_mutex          0x2000c8e0     0x4  Data  Lc  sal_arch_aos.o [1]
sal_arch_protect        0x08001b05     0xc  Code  Gb  sal_arch_aos.o [1]
sal_arch_sem_wait       0x080019e5    0x52  Code  Gb  sal_arch_aos.o [1]
sal_arch_unprotect      0x08001b11     0xa  Code  Gb  sal_arch_aos.o [1]
sal_close               0x08001897    0xe0  Code  Gb  sal_sockets.o [1]
sal_close::__func__     0x0801e1ec     0xc  Data  Lc  sal_sockets.o [1]
sal_deal_event          0x08001579   0x174  Code  Gb  sal_sockets.o [1]
sal_device_init         0x08002835    0x26  Code  Gb  bk7231.o [1]
sal_eventfd             0x080003c1    0x8a  Code  Gb  sal_sockets.o [1]
sal_free                0x080019a9     0x8  Code  Gb  sal_arch_aos.o [1]
sal_malloc              0x080019a1     0x8  Code  Gb  sal_arch_aos.o [1]
sal_mbox_free           0x08001a79    0x1e  Code  Gb  sal_arch_aos.o [1]
sal_mbox_new            0x08001a37    0x42  Code  Gb  sal_arch_aos.o [1]
sal_mbox_trypost        0x08001a97    0x18  Code  Gb  sal_arch_aos.o [1]
sal_mbox_valid          0x08001aaf    0x16  Code  Gb  sal_arch_aos.o [1]
sal_msleep              0x080019b1     0x8  Code  Gb  sal_arch_aos.o [1]
sal_mutex_lock          0x08001ae9     0xc  Code  Gb  sal_arch_aos.o [1]
sal_mutex_unlock        0x08001af5     0x8  Code  Gb  sal_arch_aos.o [1]
sal_now                 0x08001afd     0x8  Code  Gb  sal_arch_aos.o [1]
sal_select              0x08000b59   0x3e4  Code  Gb  sal_sockets.o [1]
sal_selscan             0x08000f51   0x280  Code  Lc  sal_sockets.o [1]
sal_sem_free            0x080019d1     0xc  Code  Gb  sal_arch_aos.o [1]
sal_sem_new             0x080019b9    0x18  Code  Gb  sal_arch_aos.o [1]
sal_sem_signal          0x080019dd     0x8  Code  Gb  sal_arch_aos.o [1]
sal_send                0x080014f1    0x10  Code  Gb  sal_sockets.o [1]
sal_sendto              0x08001205   0x2dc  Code  Gb  sal_sockets.o [1]
sal_sendto::__FUNCTION__
                        0x0801e1e0     0xc  Data  Lc  sal_sockets.o [1]
sal_socket              0x080017bd    0x8a  Code  Gb  sal_sockets.o [1]
sal_tcp_pcbs            0x2000c8f0     0x4  Data  Gb  sal_sockets.o [1]
sal_tcp_remove          0x080001b5    0x40  Code  Lc  sal_sockets.o [1]
sal_udp_bind            0x08000269    0xf8  Code  Lc  sal_sockets.o [1]
sal_udp_new_port        0x080001f5    0x74  Code  Lc  sal_sockets.o [1]
sal_udp_new_port::udp_port
                        0x2000c916     0x2  Data  Lc  sal_sockets.o [1]
sal_udp_pcbs            0x2000c8ec     0x4  Data  Gb  sal_sockets.o [1]
sal_udp_remove          0x08000361    0x40  Code  Lc  sal_sockets.o [1]
sal_write               0x08001501    0x6e  Code  Gb  sal_sockets.o [1]
salnetconn_connect      0x0800082d   0x300  Code  Lc  sal_sockets.o [1]
salnetconn_delete       0x0800079d    0x8a  Code  Lc  sal_sockets.o [1]
salnetconn_drain        0x080005a3    0xba  Code  Lc  sal_sockets.o [1]
salnetconn_new          0x0800065d   0x140  Code  Lc  sal_sockets.o [1]
salpcb_new              0x080004d3    0xd0  Code  Lc  sal_sockets.o [1]
scalbln                 0x0800bc4d          Code  Gb  ldexp.o [4]
scalblnl                0x0800bc4d          Code  Gb  ldexp.o [4]
scalbn                  0x0800bc4d          Code  Gb  ldexp.o [4]
scalbnl                 0x0800bc4d          Code  Gb  ldexp.o [4]
scale                   0x0800916b    0x46  Code  Lc  xprintffull_nomb.o [3]
sd_handle               0x2000bd68    0x84  Data  Lc  hal_sd_stm32l4.o [1]
sec_hand                0x2000c90c     0x4  Data  Lc  xfail_s.o [3]
select_cb_ctr           0x2000c8e8     0x4  Data  Lc  sal_sockets.o [1]
select_cb_list          0x2000c8e4     0x4  Data  Lc  sal_sockets.o [1]
sem_create              0x08003a53    0x4e  Code  Lc  k_sem.o [1]
sem_give                0x08003b29    0x8a  Code  Lc  k_sem.o [1]
sensor_close            0x08014471    0x8a  Code  Lc  sensor_hal.o [1]
sensor_create_obj       0x080141f1   0x1ba  Code  Gb  sensor_hal.o [1]
sensor_fops             0x0801d88c    0x18  Data  Gb  sensor_hal.o [1]
sensor_get_sensor_mode_config
                        0x08014059    0x42  Code  Lc  sensor_hal.o [1]
sensor_hal_get_dev_list
                        0x080143ab    0x42  Code  Lc  sensor_hal.o [1]
sensor_hal_register     0x080145fd    0x1c  Code  Lc  sensor_hal.o [1]
sensor_i2c_read         0x08013fe5    0x28  Code  Gb  sensor_drv_api.o [1]
sensor_i2c_write        0x0801400d    0x28  Code  Gb  sensor_drv_api.o [1]
sensor_init             0x08014619    0x3c  Code  Gb  sensor_hal.o [1]
sensor_ioctl            0x0801454f    0xae  Code  Lc  sensor_hal.o [1]
sensor_irq_handle       0x0801409b    0x6a  Code  Lc  sensor_hal.o [1]
sensor_obj_register     0x0801418f    0x62  Code  Lc  sensor_hal.o [1]
sensor_open             0x080143ed    0x84  Code  Lc  sensor_hal.o [1]
sensor_read             0x080144fb    0x50  Code  Lc  sensor_hal.o [1]
sensor_register_irq     0x08014105    0x44  Code  Lc  sensor_hal.o [1]
sensor_set_sensor_service
                        0x08014035    0x24  Code  Lc  sensor_hal.o [1]
sensor_write            0x0801454b     0x4  Code  Lc  sensor_hal.o [1]
set_channel             0x08018bc1     0x4  Code  Lc  wifi_atcmd_bk7231.o [1]
setup_fd                0x0800df85     0x2  Code  Lc  select.o [1]
show_version            0x08019e79    0x1c  Code  Lc  version.o [1]
shtc1_cmd_list          0x0801e0cc     0xc  Data  Lc  drv_temp_humi_sensirion_shtc1.o [1]
shtc1_ctx               0x2000060c    0x14  Data  Gb  drv_temp_humi_sensirion_shtc1.o [1]
size_to_level           0x0800415f    0x20  Code  Lc  k_mm.o [1]
slist_add               0x0800f835     0x8  Code  Lc  atparser.o [1]
slist_add_tail          0x0800f83d    0x12  Code  Lc  atparser.o [1]
slist_del               0x0800f84f    0x16  Code  Lc  atparser.o [1]
slist_empty             0x0800f865    0x10  Code  Lc  atparser.o [1]
slist_init              0x0800f875     0x6  Code  Lc  atparser.o [1]
snprintf                0x08005ba9    0x44  Code  Gb  snprintf.o [3]
soc_err_proc            0x080065d1    0x16  Code  Gb  soc_impl.o [1]
soc_get_cur_sp          0x08006581     0x4  Code  Gb  soc_impl.o [1]
soc_hw_timer_init       0x08006509    0x6e  Code  Gb  soc_impl.o [1]
soc_lr_hw_cnt_get       0x08006577     0x8  Code  Gb  soc_impl.o [1]
soc_print_stack         0x08006585    0x4c  Code  Lc  soc_impl.o [1]
sockaddr_to_ipaddr_port
                        0x080003a9    0x18  Code  Lc  sal_sockets.o [1]
sockets                 0x2000c054    0x64  Data  Lc  sal_sockets.o [1]
sprintf                 0x08017c45    0x40  Code  Gb  sprintf.o [3]
sscanf                  0x08018bd1    0x28  Code  Gb  sscanf.o [3]
start_cmd_type_str      0x20000594    0x14  Data  Lc  bk7231.o [1]
start_monitor           0x08018bc5     0x2  Code  Lc  wifi_atcmd_bk7231.o [1]
start_scan              0x08018ba9     0x2  Code  Lc  wifi_atcmd_bk7231.o [1]
start_scan_adv          0x08018bab     0x2  Code  Lc  wifi_atcmd_bk7231.o [1]
stduart_init            0x0801a457    0x36  Code  Lc  soc_init.o [1]
stm32_soc_init          0x0801a369    0xd6  Code  Gb  soc_init.o [1]
stm32_soc_peripheral_init
                        0x0801a43f    0x18  Code  Gb  soc_init.o [1]
stm32_uart              0x2000b30c   0x1ec  Data  Lc  hal_uart_stm32l4.o [1]
stop_monitor            0x08018bc7     0x2  Code  Lc  wifi_atcmd_bk7231.o [1]
strchr                  0x080075b1          Code  Gb  strchr.o [5]
strcmp                  0x080021b5          Code  Gb  strcmp.o [5]
strcpy                  0x08007aa1          Code  Gb  strcpy.o [5]
strlen                  0x08005a49          Code  Gb  strlen.o [5]
strncmp                 0x08005a7f    0x28  Code  Gb  strncmp.o [3]
strncpy                 0x080075c9          Code  Gb  strncpy.o [5]
strstr                  0x08005bed    0x30  Code  Gb  strstr.o [3]
strtol                  0x080076bb     0x4  Code  Gb  iar_Stolx.o [3]
strtoul                 0x0800a5db     0x2  Code  Gb  iar_Stoulx.o [3]
suspend                 0x08018bb5     0x4  Code  Lc  wifi_atcmd_bk7231.o [1]
suspend_soft_ap         0x08018bbd     0x4  Code  Lc  wifi_atcmd_bk7231.o [1]
suspend_station         0x08018bb9     0x4  Code  Lc  wifi_atcmd_bk7231.o [1]
sys_init                0x0801ada9    0x1a  Code  Lc  aos.o [1]
sys_start               0x0801adc3    0x3e  Code  Lc  aos.o [1]
tab_complete            0x08004d11   0x116  Code  Lc  cli.o [1]
task_cmd                0x08017b09     0xe  Code  Lc  dumpsys.o [1]
task_cpu_usage_period   0x2000c8b0     0x4  Data  Lc  k_cpuusage.o [1]
task_create             0x08002c81   0x1ae  Code  Lc  k_task.o [1]
task_dyn_create         0x08002e7b    0xc4  Code  Gb  k_task.o [1]
task_mutex_free         0x080031f5    0x36  Code  Lc  k_task.o [1]
task_pri_change         0x0800310d    0xe8  Code  Gb  k_task.o [1]
tcpip_cli_cmd           0x2000065c     0xc  Data  Gb  aos_init.o [1]
tcpip_cli_init          0x08019c2f     0xc  Code  Gb  aos_init.o [1]
teardown_fd             0x0800df87     0x2  Code  Lc  select.o [1]
tftp_ota_thread         0x08005751     0xa  Code  Gb  cli.o [1]
tick_list_init          0x080061d7     0xa  Code  Gb  k_tick.o [1]
tick_list_insert        0x0800621f    0x30  Code  Gb  k_tick.o [1]
tick_list_pri_insert    0x080061e1    0x3e  Code  Lc  k_tick.o [1]
tick_list_rm            0x0800624f    0x18  Code  Gb  k_tick.o [1]
tick_list_update        0x08006267    0xf8  Code  Gb  k_tick.o [1]
time_slice_update       0x0800610f    0x8e  Code  Gb  k_sched.o [1]
timer_cb_proc           0x080072c7    0x7c  Code  Lc  k_timer.o [1]
timer_cmd_proc          0x0800745b    0x2e  Code  Lc  k_timer.o [1]
timer_list_pri_insert   0x08007277    0x3a  Code  Lc  k_timer.o [1]
timer_list_rm           0x080072b1    0x16  Code  Lc  k_timer.o [1]
timer_queue_cb          0x2000b4f8   0x1e0  Data  Gb  k_obj.o [1]
timer_task              0x08007489    0xba  Code  Lc  k_timer.o [1]
tolower                 0x0800c52d    0x14  Code  Gb  tolower.o [3]
trace_start             0x08019da5    0x10  Code  Gb  trace_impl.o [1]
tryget_event            0x0800044b    0x2e  Code  Lc  sal_sockets.o [1]
tryget_socket           0x08000479    0x2a  Code  Lc  sal_sockets.o [1]
uart_0                  0x2000c810    0x14  Data  Gb  soc_init.o [1]
uart_dataWidth_transform
                        0x08008585    0x34  Code  Lc  hal_uart_stm32l4.o [1]
uart_flow_control_transform
                        0x08008615    0x40  Code  Lc  hal_uart_stm32l4.o [1]
uart_get_handle         0x08008685    0x1a  Code  Lc  hal_uart_stm32l4.o [1]
uart_mode_transform     0x08008655    0x30  Code  Lc  hal_uart_stm32l4.o [1]
uart_parity_transform   0x080085b9    0x34  Code  Lc  hal_uart_stm32l4.o [1]
uart_receive_dma        0x0800837d   0x208  Code  Lc  hal_uart_stm32l4.o [1]
uart_receive_it         0x080081e7   0x196  Code  Lc  hal_uart_stm32l4.o [1]
uart_receive_start_dma  0x08007f69    0x62  Code  Lc  hal_uart_stm32l4.o [1]
uart_receive_start_it   0x08007f2d    0x3c  Code  Lc  hal_uart_stm32l4.o [1]
uart_send_dma           0x080080bd    0x76  Code  Lc  hal_uart_stm32l4.o [1]
uart_send_it            0x08008047    0x76  Code  Lc  hal_uart_stm32l4.o [1]
uart_stop_bits_transform
                        0x080085ed    0x28  Code  Lc  hal_uart_stm32l4.o [1]
udp_cmd                 0x08019ba9    0x86  Code  Lc  aos_init.o [1]
uptime_cmd              0x08005735    0x16  Code  Lc  cli.o [1]
used_bitmap             0x2000c880     0x4  Data  Lc  aos_rhino.o [1]
uwTick                  0x2000c900     0x4  Data  Gb  stm32l4xx_hal.o [1]
var_init                0x0801ad95    0x14  Code  Lc  aos.o [1]
version_cmd             0x080054bd    0x12  Code  Lc  cli.o [1]
version_init            0x08019e95    0x22  Code  Gb  version.o [1]
versioncmd              0x20000698     0xc  Data  Lc  version.o [1]
vfs_device_init         0x080198f9    0x26  Code  Gb  device.o [1]
vfs_init                0x0800c545    0x34  Code  Gb  vfs.o [1]
vfs_poll_notify         0x0800df6d    0x18  Code  Lc  select.o [1]
vprintf                 0x08005aa9    0x20  Code  Gb  vprintf.o [3]
vsnprintf               0x08007aed    0x3c  Code  Gb  vsnprint.o [3]
wait_io                 0x0800dfaf    0x60  Code  Lc  select.o [1]
wifi_cli_cmd            0x20000564    0x18  Data  Gb  aos_init.o [1]
wifi_debug_cmd          0x08019c3b     0xa  Code  Gb  aos_init.o [1]
wifi_event_handler      0x080079a5    0x54  Code  Lc  board_cli.o [1]
wifi_get_mac_addr       0x080187cb    0x74  Code  Lc  wifi_atcmd_bk7231.o [1]
wifi_init               0x08018721    0x32  Code  Lc  wifi_atcmd_bk7231.o [1]
wifi_module_fota        0x080077c9    0xf2  Code  Lc  board_cli.o [1]
wifi_module_fota::__func__
                        0x0801da2c    0x14  Data  Lc  board_cli.o [1]
wifi_start              0x0801883f   0x10e  Code  Lc  wifi_atcmd_bk7231.o [1]
wifi_start_adv          0x08018955     0x4  Code  Lc  wifi_atcmd_bk7231.o [1]
wlan_send_80211_raw_frame
                        0x08018bcd     0x4  Code  Lc  wifi_atcmd_bk7231.o [1]
worker_task             0x080070cb    0x58  Code  Lc  k_workqueue.o [1]
workqueue_init          0x0800720d    0x1c  Code  Gb  k_workqueue.o [1]
workqueue_is_exist      0x08007099    0x32  Code  Lc  k_workqueue.o [1]


[1] = D:\work\IOT\code\internal_code\projects\autogen\helloworld@developerkit\iar_project\Debug\Obj
[2] = command line
[3] = dl7M_tlf.a
[4] = m7M_tls.a
[5] = rt7M_tl.a
[6] = shb_l.a

  110 380 bytes of readonly  code memory
   14 716 bytes of readonly  data memory
   59 680 bytes of readwrite data memory

Errors: none
Warnings: none
