Archive member included because of file (symbol)

..\..\..\..\..\lib\libdriver.a(eq.o)
                              ..\obj\sys_vol.o (EqStyleConfigure)
..\..\..\..\..\lib\libdriver.a(gpio.o)
                              ..\obj\main.o (GpioFuartRxIoConfig)
..\..\..\..\..\lib\libdriver.a(beep.o)
                              ..\obj\key.o (BeepStart)
..\..\..\..\..\lib\libdriver.a(otg_detect_usb1.o)
                              ..\obj\dev_detect_driver.o (UsbDevice1IsLink)
..\..\..\..\..\lib\libdriver.a(timer_api.o)
                              ..\obj\rtc_control.o (DeinitTimer)
..\..\..\..\..\lib\libdriver.a(host_stor.o)
                              ..\obj\partition.o (HostStorGetBlockSize)
..\..\..\..\..\lib\libdriver.a(host_hcd.o)
                              ..\..\..\..\..\lib\libdriver.a(host_stor.o) (UsbHostPortReset)
..\..\..\..\..\lib\libdriver.a(rst.o)
                              ..\obj\sys_vol.o (RstMclk)
..\..\..\..\..\lib\libdriver.a(wakeup.o)
                              ..\obj\power_management.o (PowerKeyDetect)
..\..\..\..\..\lib\libdriver.a(nvm.o)
                              ..\obj\breakpoint.o (NvmRead)
..\..\..\..\..\lib\libdriver.a(rtc_lunar.o)
                              ..\obj\rtc_control.o (GetHeavenlyStem)
..\..\..\..\..\lib\libdriver.a(pcm_transfer.o)
                              ..\obj\sys_vol.o (PcmTxSetPcmDataMode)
..\..\..\..\..\lib\libdriver.a(watchdog.o)
                              ..\obj\main.o (WdgDis)
..\..\..\..\..\lib\libdriver.a(device_audio.o)
                              ..\obj\sys_vol.o (AudioLeftVolume)
..\..\..\..\..\lib\libdriver.a(audio_adc.o)
                              ..\obj\sys_vol.o (AdcPmemWriteEn)
..\..\..\..\..\lib\libdriver.a(mixer.o)
                              ..\obj\sys_vol.o (MixerConfigVolume)
..\..\..\..\..\lib\libdriver.a(rtc.o)
                              ..\..\..\..\..\lib\libdriver.a(rtc_lunar.o) (RtcIsLeapYear)
..\..\..\..\..\lib\libdriver.a(i2s.o)
                              ..\obj\sys_vol.o (I2sSetMasterMode)
..\..\..\..\..\lib\libdriver.a(sd_card.o)
                              ..\obj\diskio.o (SdWriteBlock)
..\..\..\..\..\lib\libdriver.a(sdio.o)
                              ..\..\..\..\..\lib\libdriver.a(sd_card.o) (SdioEnableClk)
..\..\..\..\..\lib\libdriver.a(random.o)
                              ..\obj\player_control.o (GetRandomNum)
..\..\..\..\..\lib\libdriver.a(sample_rate_convert.o)
                              ..\..\..\..\..\lib\libdriver.a(mixer.o) (SampleRateConvertInit)
..\..\..\..\..\lib\libdriver.a(device_stor_audio_request.o)
                              ..\..\..\..\..\lib\libdriver.a(device_audio.o) (Setup)
..\..\..\..\..\lib\libdriver.a(timeout.o)
                              ..\..\..\..\..\lib\libdriver.a(timer_api.o) (GetSysTick1MsCnt)
..\..\..\..\..\lib\libdriver.a(device_hcd.o)
                              ..\obj\main.o (schedule_timeout)
..\..\..\..\..\lib\libdriver.a(ir.o)
                              ..\obj\ir_key.o (IrGpioSel)
..\..\..\..\..\lib\libdriver.a(otg_detect.o)
                              ..\..\..\..\..\lib\libdriver.a(gpio.o) (UsbSetCurrentPort)
..\..\..\..\..\lib\libdriver.a(dac.o)
                              ..\obj\sys_vol.o (DacAdcSampleRateGet)
..\..\..\..\..\lib\libdriver.a(spi_flash.o)
                              ..\obj\sys_app.o (SpiFlashIOCtl)
..\..\..\..\..\lib\libdriver.a(audio_path.o)
                              ..\obj\sys_vol.o (PhubPathSel)
..\..\..\..\..\lib\libdriver.a(timer.o)
                              ..\obj\main.o (Timer1IntClr)
..\..\..\..\..\lib\libdriver.a(clk.o)
                              ..\obj\main.o (ClkModuleEn)
..\..\..\..\..\lib\libdriver.a(otg_hal.o)
                              ..\..\..\..\..\lib\libdriver.a(host_hcd.o) (LoadFIFOData)
..\..\..\..\..\lib\libdriver.a(adc.o)
                              ..\..\..\..\..\lib\libdriver.a(wakeup.o) (SarAdcPowerDown)
..\..\..\..\..\lib\libdriver.a(lrc.o)
                              ..\obj\player_control.o (GetLrcEncodeType)
..\..\..\..\..\lib\libdriver.a(cache.o)
                              ..\obj\main.o (CacheInit)
..\..\..\..\..\lib\libdriver.a(pcm_fifo.o)
                              ..\..\..\..\..\lib\libdriver.a(pcm_transfer.o) (PcmFifoInitialize)
..\..\..\..\..\lib\libdriver.a(otg_detect_usb2.o)
                              ..\..\..\..\..\lib\libdriver.a(otg_detect.o) (Enable_DPPU_1K_USB2)
..\..\..\..\..\lib\libdriver.a(fuart.o)
                              ..\obj\print.o (FuartSend)
..\..\..\..\..\lib\libdriver.a(ldo_config.o)
                              ..\..\..\..\..\lib\libdriver.a(adc.o) (LdoGetOtpTrimValue)
..\..\..\..\..\lib\libdriver.a(buart.o)
                              ..\..\..\..\..\lib\libdriver.a(gpio.o) (GetBuartDevInfoId)
..\..\..\..\..\lib\libdriver.a(pmem.o)
                              ..\..\..\..\..\lib\libdriver.a(audio_adc.o) (PmemDataPathSel)
[...]
Memory Configuration

Name             Origin             Length             Attributes
rom              0x00000000         0x01000000         xr
ram              0x20000400         0x0000fc00         xrw
*default*        0x00000000         0xffffffff

Linker script and memory map

LOAD d:/tkstudio/build/sourcery g++ lite/bin/../lib/gcc/arm-none-eabi/4.4.1/thumb2/crti.o
LOAD d:/tkstudio/build/sourcery g++ lite/bin/../lib/gcc/arm-none-eabi/4.4.1/thumb2/crtbegin.o
                0x20010000                _eram = 0x20010000

.text           0x00000000    0x44668
 *(.isr_vector)
 .isr_vector    0x00000000       0x80 ..\obj\startup.o
                0x00000000                g_pfnVectors
 *(.stub_section)
 .stub_section  0x00000080       0x84 ..\obj\startup.o
                0x00000080                stub
 *(.shell0.cmd)
 .shell0.cmd    0x00000104       0x18 ..\..\..\..\..\lib\libos.a(shell.o)
                0x00000104                __cmdline_start
 *(.shell1.cmd)
 .shell1.cmd    0x0000011c       0x18 ..\obj\debug_test.o
                0x0000011c                __shell_cmd_sim_adc
 .shell1.cmd    0x00000134       0x18 ..\..\..\..\..\lib\libos.a(mmm.o)
                0x00000134                __shell_cmd_mmm
 .shell1.cmd    0x0000014c       0x30 ..\..\..\..\..\lib\libos.a(setup.o)
                0x0000014c                __shell_cmd_dsleep
                0x00000164                __shell_cmd_reboot
 .shell1.cmd    0x0000017c       0x18 ..\..\..\..\..\lib\libos.a(msgq.o)
                0x0000017c                __shell_cmd_qmsg
 .shell1.cmd    0x00000194       0x30 ..\..\..\..\..\lib\libos.a(shell.o)
                0x00000194                __shell_cmd_all
                0x000001ac                __shell_cmd_help
 .shell1.cmd    0x000001c4       0x30 ..\..\..\..\..\lib\libos.a(auxinfo.o)
                0x000001c4                __shell_cmd_free
                0x000001dc                __shell_cmd_top
 .shell1.cmd    0x000001f4       0x18 ..\..\..\..\..\lib\libos.a(tasks.o)
                0x000001f4                __shell_cmd_param
 *(.shell2.cmd)
 .shell2.cmd    0x0000020c       0x18 ..\..\..\..\..\lib\libos.a(shell.o)
                0x0000020c                __cmdline_end
 *(.text*)
 .text          0x00000224        0x0 d:/tkstudio/build/sourcery g++ lite/bin/../lib/gcc/arm-none-eabi/4.4.1/thumb2/crti.o
 .text          0x00000224       0x30 d:/tkstudio/build/sourcery g++ lite/bin/../lib/gcc/arm-none-eabi/4.4.1/thumb2/crtbegin.o
 .text          0x00000254        0x0 ..\obj\i2s_in_control.o
 .text          0x00000254      0xb90 ..\obj\breakpoint.o
                0x00000254                GetCrc8CheckSum
                0x0000043c                BP_GetInfo
                0x00000454                EraseFlashOfUserArea
                0x0000059c                BP_InfoLog
                0x00000af4                BP_SaveInfo
                0x00000bc0                BP_LoadInfo
 .text          0x00000de4      0x180 ..\obj\main.o
                0x00000de4                main
                0x00000f24                SendTask
                0x00000f3c                RecvTask
 .text          0x00000f64      0xfa4 ..\obj\sys_vol.o
                0x00000f64                GetBtHfVol
                0x00000f70                AudioAnaSetChannel
                0x00000f74                SpecTrumProc
                0x0000115c                AudioDRCPro
                0x0000117c                Audio3dPro
                0x0000119c                AudioVbPro
                0x000011c0                InitVb3dPcmPara
                0x000011d0                DealWithVb3dPcmPara
                0x00001260                TrebBassSet
                0x00001570                AudioPlayerSwitchEQ
                0x000015c0                SaveCurSendLast
                0x000017b8                AudioPlayerMute
                0x000017e8                AudioSampleRateSet
                0x000017f0                AudioAnaInit
                0x0000183c                AudioDacOutSetChannel
                0x000018a0                AudioOutputInit
                0x000018a4                AudioStaOutSetChannel
                0x0000196c                AudioI2sOutSetChannel
                0x000019d0                I2sPortSet
                0x000019e4                SetBtHfVol
                0x00001a20                SetSysVol
                0x00001af8                CommonMsgProccess
 .text          0x00001f08      0x614 ..\obj\dev_state_machine.o
                0x00001f08                IsModeEnvOk
                0x00001f6c                GetNextModeId
                0x000020cc                GetNextModeIdByProi
                0x000021a8                SysDeviceMsgCtrl
 .text          0x0000251c        0x0 ..\obj\mtk_fm_drv.o
 .text          0x0000251c      0x384 ..\obj\print.o
                0x0000251c                SetDebugFlag
                0x0000252c                trapfault_handler_dumpstack
                0x00002530                printchar
                0x0000256c                prints
                0x00002648                printi
                0x00002700                print
                0x00002840                mvsnprintf
                0x00002864                mvsprintf
                0x00002888                mvprintf
 .text          0x000028a0      0x15c ..\obj\debug_test.o
                0x000028a0                ShellCommand
                0x000028b8                DbgUuartRecv
                0x000028e8                DbgUartSend
                0x000028ec                sim_adc
 .text          0x000029fc      0x3c0 ..\obj\RDA5807.o
                0x000029fc                RDA5807Read
                0x00002a34                RDA5807SearchRead
                0x00002a88                RDA5807Write
                0x00002ab8                RDA5807VolSet
                0x00002ae0                RDA5807SetFreq
                0x00002afc                RDA5807SearchSet
                0x00002b14                RDA5807OutputHIZ
                0x00002b34                RDA5807Mute
                0x00002b5c                RDA5807PowerDown
                0x00002b68                RDA5807ReadID
                0x00002c14                RDA5807PowerOn
                0x00002c38                RDA5807Init
 .text          0x00002dbc      0x2f0 ..\obj\sys_app.o
                0x00002dbc                SetModeSwitchState
                0x00002dc8                GetModeSwitchState
                0x00002dd4                MsgClear
                0x00002ddc                MsgClearClass
                0x00002e04                MsgCheck
                0x00002e18                MsgSend
                0x00002ed8                MsgRecv
                0x00002f20                FlashLock
                0x00002f34                FlashUnlock
                0x00002f68                SysVarDeinit
                0x00002f70                AudioSysInfoSetBreakPoint
                0x00002ffc                SystemOn
                0x00003024                SysVarInit
 .text          0x000030ac     0x1ad8 ..\obj\player_control.o
                0x000030ac                GetPlayState
                0x000030c0                SetPlayState
                0x000030f0                AudioPlayerRepeatAB
                0x000031ac                AudioPlayerFastBackward
                0x000031f0                AudioPlayerFastForward
                0x00003234                AudioPlayerRecorder
                0x00003268                AudioPlayerControlPause
                0x00003290                AudioPlayerControlPlay
                0x000032b8                AudioPlayerFFFBEnd
                0x000032e8                AudioPlayerPower
                0x00003304                AudioPlayerChangeMode
                0x00003310                UpdatePlayingTime
                0x00003440                AudioPlayerPlayPause
                0x0000347c                AudioPlayerFolderMode
                0x00003554                AudioPlayerSwitchMode
                0x00003634                AudioPlayerRecBackPlay
                0x000037e8                AudioPlayerCloseSongFile
                0x00003838                AudioPlayerStop
                0x000038d4                AudioPlayerNumMsg
                0x00003970                AudioPlayerSetBreakPoint
                0x00003ab8                IsPlayerEnvironmentOk
                0x00003b00                SwitchPlayerDisk
                0x00003b48                PlayerTimerCB
                0x00003d9c                SearchAndOpenLrcFile
                0x00003ee4                AudioPlayerOpenSongFile
                0x00003f80                AudioPlayerSongOpen
                0x000040a0                AudioPlayerFolderPre
                0x00004134                AudioPlayerFolderNext
                0x000041d4                AudioPlayerPreSong
                0x00004280                AudioPlayerNextSong
                0x00004330                AudioPlayerEvent
                0x00004594                AudioPlayerInitialize
                0x00004874                NumKeyTimerCB
                0x000048e4                AudioPlayerDeinitialize
                0x000049a0                PlayerControl
 .text          0x00004b84      0x12c ..\obj\startup.o
                0x00004bfc                reset_handler
 .text          0x00004cb0     0x1080 ..\obj\recorder_control.o
                0x00004cb0                RecordNewFileNameGet
                0x00004d5c                GetRecordFileHandle
                0x00004d78                InitBtHfRecordBuffer
                0x00004d9c                PcmRxGetSamplesAvailable
                0x00004da0                PcmRxReceiveSamples
                0x00004da4                Mp3GetDataLen
                0x00004db0                ShowRecordingTime
                0x00004dec                LeaveRecPlayBack
                0x00004e4c                InitRecBackPlayHandle
                0x00004e64                IsRecorderEnvironmentOk
                0x00004e7c                CurrRecordDeviceIsRemoved
                0x00004eb4                RecordDevInit
                0x00004f24                EnterRecBackPlay
                0x00004f64                RecBackPlayControl
                0x00005288                FileRefreshTimerCB
                0x000052cc                Mp3EncoderFrame
                0x00005360                RecordResume
                0x0000538c                RecoderFileReflesh
                0x000053e8                RecordPause
                0x000053f0                RecordFileSearch
                0x00005524                RecoderMemAllocate
                0x00005554                UnLockRecProcess
                0x00005568                UnLockRecordPlayHandle
                0x0000557c                LockRecProcess
                0x00005590                Mp3OutBufManagement
                0x000055e0                MixerForRecoder
                0x0000566c                Mp3EncoderInit
                0x000056a0                AdpcmEncoderInit
                0x000056e0                EncodedDataToBuffer
                0x00005778                LockRecordPlayHandle
                0x0000578c                RecoderProc
                0x0000586c                Mp3OutBufWriteFile
                0x000058d4                EncodedDataBufferToFile
                0x00005970                RecoderMemFree
                0x000059a0                RecoderExit
                0x00005a34                RecorderInit
                0x00005af8                RecordStatusCtrl
                0x00005b6c                RecorderControl
 .text          0x00005d30       0xc4 ..\obj\micro_adjust.o
                0x00005d30                DacAdjust
 .text          0x00005df4      0x514 ..\obj\mass_test.o
                0x00005df4                Digital2Text
                0x00005e04                GetMassTestFlag
                0x00005e18                IsLegaleSignalToggle
                0x00005f08                SetGPIOAValue
                0x00005f34                SetGPIOATogleCfg
                0x00005f5c                SetMassTestCfg
                0x00005fc8                OtherMassTestFunc
                0x000060cc                DetectMassTestCondition
 .text          0x00006308      0x6a4 ..\obj\partition.o
                0x00006308                PartitionLoad
 .text          0x000069ac        0x0 ..\obj\asc16.o
 .text          0x000069ac      0x258 ..\obj\ir_key.o
                0x000069ac                IrKeyInit
                0x000069d8                IrKeyScan
 .text          0x00006c04        0x0 ..\obj\filesort.o
 .text          0x00006c04      0x114 ..\obj\upgrade_detect.o
                0x00006c04                BootUpgradeChk
 .text          0x00006d18      0x530 ..\obj\dev_detect_driver.o
                0x00006d18                CheckCardLinkFlag
                0x00006d24                CheckUSBLinkFlag
                0x00006d30                CheckAllDiskLinkFlag
                0x00006d4c                IsI2sInLink
                0x00006d50                LockSdClk
                0x00006d64                SetQuickResponseFlag
                0x00006da8                GetQuickResponseFlag
                0x00006dc4                UnLockSdClk
                0x00006dd8                IsRadioLink
                0x00006df4                IsMicInLink
                0x00006e68                IsLineInLink
                0x00006ec0                IsPcLink
                0x00006ec4                IsUDiskLink
                0x00006ec8                IsCardLink
                0x00006f24                InitDeviceDetect
                0x00006f80                DeviceDetect
 .text          0x00007248      0x2b4 ..\obj\get_bootup_info.o
                0x00007248                PorUpdateDisable
                0x00007258                ExCrystalConfig
                0x00007268                UpdateDevConfig
                0x00007278                GetRemapType
                0x00007288                GetChipType
                0x00007294                GetPatchVersion
                0x000072a0                GetBootVersion
                0x000072ac                GetBootVersionEx
                0x000072c4                GetWakeupSrcName
                0x00007434                GetCodeEncryptedInfo
                0x00007474                GetCodeSize
                0x00007488                GetSdkVer
                0x0000749c                Osc32kExtCapCalibrate
                0x000074bc                ClkGetFshcClkFreq
 .text          0x000074fc        0x0 ..\obj\QN8035.o
 .text          0x000074fc      0x1e8 ..\obj\adc_key.o
                0x000074fc                AdcKeyInit
                0x00007558                AdcKeyScan
 .text          0x000076e4      0x254 ..\obj\sound_remind.o
                0x000076e4                IsSoundRemindPlaying
                0x000076f0                ResetSoundRemindStopFlag
                0x00007700                IsMsgInQueue
                0x00007798                StopSoundRemind
                0x000077b4                SoundRemind
                0x0000785c                SoundRemindFillStream
                0x000078cc                SoundRemindFillStreamCallback
                0x00007914                SoundRemindInit
 .text          0x00007938      0x650 ..\obj\browser.o
                0x00007938                FileBrowseGetResult
                0x00007d60                FileBrowseOp
                0x00007f14                FileBrowseInit
 .text          0x00007f88       0x70 ..\obj\diskio.o
                0x00007f88                disk_initialize
                0x00007f8c                disk_status
                0x00007f90                disk_write
                0x00007fc4                disk_read
 .text          0x00007ff8      0xad4 ..\obj\rtc_control.o
                0x00007ff8                RtcSubStateDbg
                0x00008088                RtcSwitchNextSubState
                0x0000813c                RtcControlSetAlarm
                0x000081c4                RtcControlSetTime
                0x00008208                RtcTimeDown
                0x000082c4                RtcSetTimeDown
                0x000083b0                RtcTimeUp
                0x00008470                RtcSetTimeUp
                0x00008550                RtcDeinitialize
                0x00008580                RtcInitialize
                0x0000861c                RtcControl
                0x00008794                RtcTimerCB
 .text          0x00008acc        0x0 ..\obj\power_key.o
 .text          0x00008acc       0x98 ..\obj\coding_key.o
                0x00008acc                CodingKeyScan
                0x00008afc                CodingKeyInit
 .text          0x00008b64      0x268 ..\obj\string_convert.o
                0x00008c34                CharConvert
                0x00008c44                StringConvert
 .text          0x00008dcc      0x1ac ..\obj\line_in_control.o
                0x00008dcc                LineInLedCb
                0x00008de4                LineInControl
 .text          0x00008f78      0x18c ..\obj\radio.o
                0x00008f78                IsRadioWorking
                0x00008f8c                RadioIsStereo
                0x00008f90                RadioSetStereo
                0x00008f94                RadioLinkOutputHIZ
                0x00008fa8                RadioRSSIRead
                0x00008fc0                RadioMute
                0x00008fdc                RadioSearchSet
                0x00008ff0                RadioSetFreq
                0x0000900c                RadioPowerOff
                0x00009060                RadioPowerOn
                0x0000909c                RadioValidCheck
                0x000090bc                RadioInit
 .text          0x00009104      0x290 ..\obj\eq_params.o
                0x00009104                EqStyleConvert2I2CData
                0x00009374                EqStyleSelect
 .text          0x00009394      0x5ac ..\obj\i2c.o
                0x00009394                ValidateI2cHandle
                0x000093b0                I2cMasterCreate
                0x000094a0                GetSDA
                0x000094b8                SetInputSDA
                0x000094c4                ClrSDA
                0x000094dc                ClrSCL
                0x000094f4                SetSDA
                0x0000950c                SetOutputSDA
                0x00009518                SetSCL
                0x00009530                I2cReadByte
                0x00009620                I2cChkAck
                0x0000964c                I2cWriteByte
                0x0000976c                I2cWriteBytes
                0x000097a8                I2cSendNoAck
                0x000097c0                I2cSendAck
                0x000097d8                I2cReadBytes
                0x0000980c                SetOutputSCL
                0x00009818                I2cStop
                0x00009840                I2cStart
                0x00009868                I2cSendAddr
                0x000098d8                I2cReadNByte
                0x0000990c                I2cWriteNByte
 .text          0x00009940        0x0 ..\obj\font.o
 .text          0x00009940       0x6c ..\obj\idle_control.o
                0x00009940                IdleControl
 .text          0x000099ac        0x0 ..\obj\hzk16.o
 .text          0x000099ac      0xda4 ..\obj\radio_control.o
                0x000099ac                RadioLedCb
                0x000099d0                RadioPlay
                0x00009a68                RadioSeekEnd
                0x00009aec                RadioSeekStart
                0x00009ba4                RadioGetBreakPoint
                0x00009ca8                RadioSaveBreakPoint
                0x00009d50                RadioSwitchChannel
                0x00009e0c                RadioDeinitialize
                0x00009efc                RadioInitialize
                0x0000a09c                RadioControl
                0x0000a320                RadioChannelAdd
                0x0000a398                RadioTimerCB
                0x0000a504                RadioNumKeyTimerCB
                0x0000a614                RadioDelaySwithChlCB
 .text          0x0000a750      0x1b0 ..\obj\key.o
                0x0000a750                KeyScan
                0x0000a8d4                KeyInit
 .text          0x0000a900      0x1e8 ..\obj\task_main.o
                0x0000a900                SysClkDivison
                0x0000a940                GuiTaskEntrance
 .text          0x0000aae8      0x730 ..\obj\presearch.o
                0x0000aae8                FileGetType
                0x0000ab98                GetMatchPlayerBPRet
                0x0000aba4                SetMatchPlayerBPRet
                0x0000abb4                IsFsInited
                0x0000abb8                FsUnLock
                0x0000abd0                FindSpecialFileCallBack
                0x0000acf4                PreSearch
                0x0000afb0                FsLock
                0x0000afc8                FSDeInit
                0x0000b018                FSInit
                0x0000b1a8                FsSyncInit
 .text          0x0000b218      0x228 ..\obj\power_management.o
                0x0000b218                PowerMonitorDisp
                0x0000b21c                SystemPowerOffControl
                0x0000b250                SysGotoDeepSleepGpioCfg
                0x0000b2d0                SystemStandbyControl
                0x0000b324                SystemPowerOffDetect
                0x0000b368                PowerMonitorInit
                0x0000b38c                PowerMonitor
 .text          0x0000b440       0x90 ..\obj\retarget.o
                0x0000b440                _sbrk_r
                0x0000b444                _write_r
                0x0000b448                _close_r
                0x0000b44c                _read_r
                0x0000b450                _fstat_r
                0x0000b454                _isatty_r
                0x0000b458                _lseek_r
                0x0000b45c                _ttywrch
                0x0000b460                _exit
                0x0000b464                _sys_exit
                0x0000b468                OsSetDebugFlag
                0x0000b474                EnableSwUartAsFuart
                0x0000b480                SwUartSend
                0x0000b484                fgetc
                0x0000b488                fputc
 .text          0x0000b4d0     0x10a8 ..\..\..\..\..\lib\libdriver.a(eq.o)
                0x0000b4d0                EqPreGainSet
                0x0000b4dc                EqPreGainGet
                0x0000b4e8                EqEnable
                0x0000b504                EqDisable
                0x0000b518                EqIsUsed
                0x0000b528                EqRamClear
                0x0000b544                SwEqApply
                0x0000bbbc                SwEqPreGainSet
                0x0000bbc4                SwEqEnable
                0x0000bbcc                SwEqDisable
                0x0000bbd4                SwEqIsEnabled
                0x0000bbd8                MixedEqApply
                0x0000bbdc                MixedEqPreGainSet
                0x0000bbe4                MixedEqEnable
                0x0000bc04                MixedEqDisable
                0x0000bc1c                MixedEqIsEnabled
                0x0000bc3c                SwEqRamClear
                0x0000bc5c                MixedEqRamClear
                0x0000bc60                SwEqInit
                0x0000bc6c                MixedEqInit
                0x0000bc70                EqFilterCoefsCalculate
                0x0000c0c0                MixedEqStyleConfigure
                0x0000c334                SwEqStyleConfigure
                0x0000c428                EqStyleConfigure
 .text          0x0000c578     0x14a4 ..\..\..\..\..\lib\libdriver.a(gpio.o)
                0x0000c578                GpioDpllOutFreqTest
                0x0000c59c                GpioSpimIoConfig
                0x0000c5c0                GpioFuartRxIoConfig
                0x0000c634                GpioBuartRxIoConfig
                0x0000c658                GpioBuartTxIoConfig
                0x0000c67c                GpioBuartCtsIoConfig
                0x0000c6a0                GpioBuartRtsIoConfig
                0x0000c6c4                GpioSdIoConfig
                0x0000c964                GpioLcdIoConfig
                0x0000c980                GpioPwcIoConfig
                0x0000c9a4                GpioIrIoConfig
                0x0000c9c8                GpioFshcIoConfig
                0x0000c9ec                GpioSdramIoConfig
                0x0000ca60                GpioClk32kIoConfig
                0x0000ca84                GpioClk12m6mIoConfig
                0x0000caa8                GpioPcmSyncIoConfig
                0x0000cad4                GpioI2sIoConfig
                0x0000cb1c                GpioMclkIoConfig
                0x0000cb40                GpioSwIoConfig
                0x0000cb5c                GpioSwoIoConfig
                0x0000cb78                GpioSpisIoConfig
                0x0000cb94                GpioCtsCmpoutIoConfig
                0x0000cbb0                GpioAdcReuseSet
                0x0000cbc4                GpioSdSpiSel
                0x0000cbd0                GpioSetReg
                0x0000cbe0                GpioGetReg
                0x0000cbf0                GpioSetRegOneBit
                0x0000cfa0                GpioClrRegOneBit
                0x0000d350                GpioSetRegBits
                0x0000d36c                GpioClrRegBits
                0x0000d388                GpioIntEn
                0x0000d3bc                GpioIntDis
                0x0000d3c0                GpioIntFlagGet
                0x0000d3d4                GpioPorSysReset
                0x0000d3e0                GetLibVersionDriver
                0x0000d3ec                __IsFunction__
                0x0000d614                GetDeviceClassType
                0x0000d658                __IsFunction2__
                0x0000d674                GpioConfigGeneralPin
                0x0000d798                GpioConfigUsbPin
                0x0000d8c8                GpioA0SetMode
                0x0000d944                GpioFuartTxIoConfig
                0x0000d9d0                GpioA0SetIcs
                0x0000d9f4                GpioIntClr
 .text          0x0000da1c      0x124 ..\..\..\..\..\lib\libdriver.a(beep.o)
                0x0000da1c                BeepSingleModeSet
                0x0000daa0                BeepContinuousModeSet
                0x0000db04                BeepStart
                0x0000db24                BeepStop
 .text          0x0000db40      0x49c ..\..\..\..\..\lib\libdriver.a(otg_detect_usb1.o)
                0x0000db40                GetDP_USB1
                0x0000db50                GetDM_USB1
                0x0000db60                Enable_DPPU_1K_USB1
                0x0000db78                Disable_DPPU_1K_USB1
                0x0000db90                IsEnable_DPPU_1K_USB1
                0x0000dba4                Enable_PD_15K_USB1
                0x0000dbbc                Disable_PD_15K_USB1
                0x0000dbd4                IsEnable_PD_15K_USB1
                0x0000dbe4                Enable_PU_500K_USB1
                0x0000dbfc                Disable_PU_500K_USB1
                0x0000dc14                SetUsbSpeed_USB1
                0x0000dc2c                UsbHost1IsLink
                0x0000dc44                EnUsbSofTimeOut
                0x0000dc50                UsbDevice1IsLink
                0x0000dccc                Usb1SetDetectMode
                0x0000dcdc                OTGLinkCheck_USB1
 .text          0x0000dfdc      0x3ec ..\..\..\..\..\lib\libdriver.a(timer_api.o)
                0x0000dfdc                DeinitTimer
                0x0000dff0                ResetTimer
                0x0000e038                StopTimer
                0x0000e070                InitTimer
                0x0000e0e8                GetPassTime
                0x0000e1f0                StartTimer
                0x0000e2d8                ChangeTimerPeriod
                0x0000e31c                CheckTimer
 .text          0x0000e3c8      0x90c ..\..\..\..\..\lib\libdriver.a(host_stor.o)
                0x0000e3c8                HostStorGetBlockSize
                0x0000e3d4                HostStorGetLastLBA
                0x0000e3e0                SetDriverTerminateFuc
                0x0000e3ec                DiscardPackets
                0x0000e43c                StorBulkTransport
                0x0000e648                HostStorWriteBlock
                0x0000e6ec                StorTestUnitReady
                0x0000e720                StorRequestSense
                0x0000e76c                StorReadCapacity
                0x0000e7a4                StorReadFormatCapacity
                0x0000e7e0                StorInquiry
                0x0000e81c                StorGetMaxLUN
                0x0000e850                StorStartDevice
                0x0000eaa0                HostStorInit
                0x0000eb58                HostStorReadBlock
 .text          0x0000ecd4      0xa80 ..\..\..\..\..\lib\libdriver.a(host_hcd.o)
                0x0000ecd4                HostStopRcvPacket
                0x0000ecd8                HostStopSendPacket
                0x0000ecec                UsbHostIsSendOK
                0x0000ed00                UsbHostPortReset
                0x0000ed3c                UsbHostStartRcvPacket
                0x0000ef00                UsbHostStartSendPacket
                0x0000f0e0                UsbHostSendPacket
                0x0000f190                UsbHostRcvPacket
                0x0000f444                UsbHostControlInTransfer
                0x0000f51c                UsbHostGetDescriptor
                0x0000f560                UsbHostControlOutTransfer
                0x0000f604                UsbHostSetIpodChargeCurrent
                0x0000f634                UsbHostSetInterface
                0x0000f65c                UsbHostSetConfiguration
                0x0000f684                UsbHostSetAddress
                0x0000f6dc                UsbHostOpen
 .text          0x0000f754      0x344 ..\..\..\..\..\lib\libdriver.a(rst.o)
                0x0000f754                RstMclk
                0x0000f778                Rst12p288GeneratorModule
                0x0000f79c                RstDmacModule
                0x0000f7c0                RstDlutModule
                0x0000f7e4                RstLcdcModule
                0x0000f808                RstPmemModule
                0x0000f82c                RstPhubModule
                0x0000f850                RstSpisModule
                0x0000f874                RstI2sModule
                0x0000f898                RstSdramModule
                0x0000f8bc                RstSpimModule
                0x0000f8e0                RstTimer1Module
                0x0000f904                RstTimer0Module
                0x0000f928                RstFuartModule
                0x0000f94c                RstBuartModule
                0x0000f970                RstFshcModule
                0x0000f994                RstIrModule
                0x0000f9b8                RstCtsModule
                0x0000f9dc                RstSardcModule
                0x0000fa00                RstUsbModule
                0x0000fa24                RstDecModule
                0x0000fa48                RstSdModule
                0x0000fa74                RstCodecModule
 .text          0x0000fa98      0xe70 ..\..\..\..\..\lib\libdriver.a(wakeup.o)
                0x0000fa98                SysPowerDownOtp
                0x0000faac                SysGlobalWakeEn
                0x0000fac0                PowerKeyDetect
                0x0000fb10                SysGotoPowerDown
                0x0000fba8                BootGetWakeUpFlag
                0x0000fc80                PowerkeySetBypassMode
                0x0000fccc                PowerkeySetHwMode
                0x0000fd18                PowerkeySetSwMode
                0x0000fd64                PowerkeySetMcuOffSeq
                0x0000fda0                PowerkeyClrMcuOffSeq
                0x0000fddc                PowerkeyGetMcuOffSeq
                0x0000fdec                PowerkeyClrOnkeyTrg
                0x0000fe28                PowerkeyGetOnkeyReg
                0x0000fe38                PowerkeyGetSOnOff
                0x0000fe48                PowerkeyGetOnkeyTrg
                0x0000fe58                PowerkeyGetOsc32KReady
                0x0000fe68                PowerkeyGetRst8s
                0x0000fe78                SetLpMode
                0x0000ff14                LpSetWakeupDis
                0x0000ff48                LpWriteEn
                0x0000ff64                LpWriteDis
                0x0000ff74                LpChargePumpEn
                0x0000ff88                LpRegRead
                0x0000ffa8                LpRegWrite
                0x0000fffc                LpSetWakeupEn
                0x00010054                PowerkeySetOnkeyCnt
                0x000100bc                PowerkeyClrWakeCore
                0x000100fc                PowerkeyClrRst8s
                0x00010164                SysGetWakeUpFlag
                0x00010288                SysClrWakeUpSrc
                0x00010344                SysSetWakeUpSrcInPowerDown
                0x000103e0                SysSetWakeUpSrcInDeepSleep
                0x000104e4                SysPowerKeyInit
                0x0001084c                SysGotoDeepSleep
                0x000108b0                SysGotoDeepSleepCfg
 .text          0x00010908       0xe8 ..\..\..\..\..\lib\libdriver.a(nvm.o)
                0x00010908                NvmRead
                0x0001097c                NvmWrite
 .text          0x000109f0      0x190 ..\..\..\..\..\lib\libdriver.a(rtc_lunar.o)
                0x000109f0                LoadLunarInfo
                0x00010a58                GetHeavenlyStem
                0x00010a7c                GetEarthlyBranch
                0x00010aa0                SolarToLunar
 .text          0x00010b80       0xf4 ..\..\..\..\..\lib\libdriver.a(pcm_transfer.o)
                0x00010b80                PcmTxTransferData
                0x00010be8                PcmTxIsTransferDone
                0x00010bf8                PcmTxDoneSignalClear
                0x00010c08                PcmTxSetPcmDataMode
                0x00010c14                PcmTxGetPcmDataMode
                0x00010c24                PcmTxSetGain
                0x00010c30                PcmTxGetGain
                0x00010c3c                PcmTxInitWithDefaultPcmFifoSize
 .text          0x00010c74       0x84 ..\..\..\..\..\lib\libdriver.a(watchdog.o)
                0x00010c74                WdgEn
                0x00010cc0                WdgDis
                0x00010cdc                WdgFeed
 .text          0x00010cf8      0x2f0 ..\..\..\..\..\lib\libdriver.a(device_audio.o)
                0x00010cfc                OnDeviceAudioSendIsoPacket
                0x00010d00                DeviceAudioSendPcCmd
                0x00010d28                DeviceAudioInit
                0x00010d40                DeviceAudioProcess
                0x00010d44                DeviceAudioCmd
                0x00010fcc                OnDeviceAudioRcvIsoPacket
 .text          0x00010fe8      0xb58 ..\..\..\..\..\lib\libdriver.a(audio_adc.o)
                0x00010fe8                AdcTestModeSet
                0x00010fec                AdcDcBlockEn
                0x00011000                AdcDcBlockDis
                0x0001101c                AdcMixCurrWritePointGet
                0x0001102c                AdcChannelSwap
                0x00011050                AdcVolumeSet
                0x00011060                AdcPmemWriteEn
                0x00011070                AdcPmemWriteDis
                0x00011080                AdcClose
                0x0001109c                AdcSampleRateAdjust
                0x000110f4                AdcAlcGainSet
                0x00011110                AdcAlcNoiseGateSet
                0x00011138                AdcAlcTimeConfig
                0x00011160                AdcAlcTargetLevelConfig
                0x00011174                AdcAlcConfig
                0x000111ac                AdcAlcSel
                0x000111c0                AdcPmemPcmRemainLenGet
                0x00011208                CodecDacPgaMuteSet
                0x00011224                CodecAdcAnaInit
                0x000112a8                CodecAdcAnaDeInit
                0x0001130c                CodecAdcChannelDisconnect
                0x00011514                CodecAdcFmGainConfig
                0x00011530                CodecAdcLineInGainConfig
                0x0001154c                CodecAdcMicGainConfig
                0x00011568                CodecPgaSrcSelect
                0x00011614                CodecFmSrcSelect
                0x000116e4                CodecAdcChannelSel
                0x0001181c                PcmDataExtract
                0x00011914                AdcPcmDataRead
                0x000119dc                AdcConfig
                0x00011ab8                AdcToI2s
                0x00011acc                AdcToPmem
 .text          0x00011b40      0x788 ..\..\..\..\..\lib\libdriver.a(mixer.o)
                0x00011b40                audio_decoder_hardware_done_callback
                0x00011b50                MixerSrcEnable
                0x00011b5c                MixerConfigVolume
                0x00011b84                MixerMute
                0x00011b9c                MixerUnmute
                0x00011bbc                MixerSetFadeSpeed
                0x00011bd4                MixerGetRemainSamples
                0x00011cb0                MixerDisable
                0x00011cd8                MixerEnable
                0x00012124                MixerSetData
                0x00012170                MixerIsDone
                0x000121b8                audio_decoder_hardware_start_callback
                0x000121d4                MixerConfigFormat
                0x00012208                MixerInit
 .text          0x000122c8     0x1080 ..\..\..\..\..\lib\libdriver.a(rtc.o)
                0x000122c8                RtcGetWeekDay
                0x000122e4                RtcIsLeapYear
                0x000122f0                RtcGetMonthDays
                0x00012328                RtcDayOffsetInYear
                0x00012350                RtcDaysToDate
                0x00012420                RtcSecondsToDate
                0x0001247c                RtcDateToDays
                0x000124c8                RtcDateToSeconds
                0x000124f4                RtcGetRefRegCnt
                0x0001253c                RtcGetRefCnt
                0x0001259c                RtcGetAlarmCnt
                0x000125e4                RtcFindCurrAlarmIndex
                0x00012698                RtcUpdataAlarmTimeWorkday
                0x00012a40                RtcUpdateAlarmTimeInSeconds
                0x00012c30                RtcGetAlarmTime
                0x00012cbc                RtcGetAlarmStatus
                0x00012cf8                RtcCheckAlarmFlag
                0x00012d18                RtcAlarmIntClear
                0x00012d38                RtcSetAlarmCnt
                0x00012db8                RtcLoadCurrAlarm
                0x00012e30                RtcAlarmArrivedProcess
                0x00012e44                RtcAlarmSetStatus
                0x00012e98                RtcSetAlarmTime
                0x00012fa4                RtcSetRefRegCnt
                0x00013014                IsRtcCurrentTimeCompliant
                0x000130e8                RtcGetCurrTime
                0x0001310c                RtcSetRefCnt
                0x000131ac                RtcSetCurrTime
                0x000131c0                RtcInit
 .text          0x00013348      0x8cc ..\..\..\..\..\lib\libdriver.a(i2s.o)
                0x00013348                I2sLrSwapSel
                0x0001335c                I2sLrpSel
                0x00013370                I2sDatSel
                0x00013384                I2sSampleRateGet
                0x000133a8                I2sSetMasterMode
                0x0001344c                I2sSetSlaveMode
                0x000134f0                I2sBluetoothMasterModeSet
                0x000135a8                I2sBluetoothSlaveModeSet
                0x00013660                I2sClassdMasterModeSet
                0x000136c4                I2sClassdSlaveModeSet
                0x00013728                I2SCurrWritePointGet
                0x00013738                I2sWritePmemEn
                0x00013748                I2sWritePmemDis
                0x00013758                I2sPmemPcmRemainLenGet
                0x000137a0                I2sPcmDataRead
                0x00013868                I2sInToPmemConfig
                0x000138bc                I2sSampleRateSet
                0x00013a20                I2sClassdSTASampleRateSet
                0x00013b5c                I2sClassdSampleRateSet
 .text          0x00013c14      0x8d0 ..\..\..\..\..\lib\libdriver.a(sd_card.o)
                0x00013c1c                SdCardCapacityGet
                0x00013c28                SdAppSendCommand
                0x00013c64                SdCardWriteBlockStart
                0x00013ca8                SdCardWaitTransEnd
                0x00013ce4                SdCardWriteBlockEnd
                0x00013d4c                SdCardWriteBlockNext
                0x00013dc4                SdCardReadBlockEnd
                0x00013dfc                SdCardReadBlockNext
                0x00013e28                SdCardReadBlockStart
                0x00013e88                SdWriteBlock
                0x00013f90                SdReadBlock
                0x0001407c                SdCardGetInfo
                0x000143d4                SdControllerInit
                0x000143e8                SdCardDetect
                0x0001447c                SdCardInit
 .text          0x000144e4      0x464 ..\..\..\..\..\lib\libdriver.a(sdio.o)
                0x000144e4                SdioModeEn
                0x000144f8                SdioStartCmd
                0x0001450c                SdioEndCmd
                0x00014520                SdioIsCmdDone
                0x00014530                SdioEnableClk
                0x00014554                SdioDisableClk
                0x00014578                SdioSetClk
                0x0001458c                SdioEndDatTrans
                0x000145a0                SdioIsDatTransDone
                0x000145b0                SdioGetStatus
                0x000145c0                SdioGetResponseStatus
                0x000145d0                SdioIsBusy
                0x000145e0                SdioStartReciveData
                0x00014634                SdioStartSendData
                0x00014688                SdioControllerInit
                0x000146c4                SdioGetCmdResp
                0x000147e8                SdioDataInterruptEn
                0x000147f8                SdioDataInterruptDis
                0x0001480c                SdioDataInterruptClear
                0x00014820                SetClockStatusAfterSendCommd
                0x0001482c                SdioSendCommand
 .text          0x00014948      0x264 ..\..\..\..\..\lib\libdriver.a(random.o)
                0x00014948                ConvertNum
                0x00014a98                GetRandomNumA
                0x00014b4c                GetRandomNum
 .text          0x00014bac      0x7e8 ..\..\..\..\..\lib\libdriver.a(sample_rate_convert.o)
                0x00014bac                SampleRateConvertInit
                0x00015230                SampleRateConvert
 .text          0x00015394      0x388 ..\..\..\..\..\lib\libdriver.a(device_stor_audio_request.o)
                0x00015394                DeviceAudioSetMode
                0x000153f8                DeviceGetDescriptor
                0x000155e4                DeviceSendResp
                0x000155f8                DeviceRequestProcess
 .text          0x0001571c       0xf4 ..\..\..\..\..\lib\libdriver.a(timeout.o)
                0x0001571c                SysTickDeInit
                0x00015734                PastTimeGet
                0x00015744                TimeOutSet
                0x00015760                IsTimeOut
                0x00015784                __udelay
                0x000157d4                SysTickInit
 .text          0x00015810      0x5a4 ..\..\..\..\..\lib\libdriver.a(device_hcd.o)
                0x00015814                UsbDeviceResetEndpoint
                0x000158d4                UsbDeviceGetBusEvent
                0x000158e0                UsbDeviceIsoSend
                0x0001599c                UsbDeviceIntSend
                0x000159dc                UsbDeviceBulkSend
                0x00015a34                UsbDeviceSetAddress
                0x00015a6c                UsbDeviceIsoRcv
                0x00015ab0                UsbDeviceBulkRcv
                0x00015b40                UsbDeviceSetupRcv
                0x00015b88                UsbDeviceControlRcv
                0x00015bf4                UsbDeviceControlSend
                0x00015c90                UsbDeviceSendStall
                0x00015cf0                UsbDeviceDisConnect
                0x00015d00                UsbDeviceConnect
                0x00015d04                UsbDeviceInit
 .text          0x00015db4       0xd0 ..\..\..\..\..\lib\libdriver.a(ir.o)
                0x00015db4                IrGpioSel
                0x00015de4                IrInit
                0x00015e0c                IrIsKeyCome
                0x00015e1c                IrGetKeyCode
                0x00015e38                IrIsContinuePrs
                0x00015e5c                IrIgnoreLeadHeader
 .text          0x00015e84       0xf8 ..\..\..\..\..\lib\libdriver.a(otg_detect.o)
                0x00015e84                UsbSetCurrentPort
                0x00015eb4                UsbDeviceIsLink
                0x00015ed4                UsbHostIsLink
                0x00015ef4                OTGLinkCheck
                0x00015f04                SetUsbSpeed
                0x00015f1c                Disable_PD_15K
                0x00015f34                Enable_PD_15K
                0x00015f4c                Disable_DPPU_1K
                0x00015f64                Enable_DPPU_1K
 .text          0x00015f7c     0x1f14 ..\..\..\..\..\lib\libdriver.a(dac.o)
                0x00015f7c                DacDitherConfig
                0x00015fa4                DacScramConfig
                0x00015fcc                DacPhaseDiffConfig
                0x00015fe4                DacDisable
                0x00016000                DacEnable
                0x00016014                DacAdcSampleRateGet
                0x00016030                DacSidetoneConfig
                0x00016060                DacVolumeSet
                0x00016080                DacDigitalMuteSet
                0x0001609c                DacMonoConfig
                0x000160d0                DacSampRateAdjust
                0x00016128                AdcDacClkModeSet
                0x000161a0                DacIsUsbMode
                0x000161b0                DacNoUseCapacityToPlay
                0x000161c4                CodecClockEnable
                0x000161f8                CodecClockRestore
                0x00016228                CodecDacAnaVolSet
                0x00016244                CodecDacDifferenceOrSignleEndOutSel
                0x00016258                DacAnalogMuteSet
                0x00016274                CodecDacIsSoftMute
                0x0001628c                DacIsLeftAnaMute
                0x000162bc                DacIsRightAnaMute
                0x000162e8                CodecDacIsAnaMute
                0x00016330                CodecLineinIsConnect
                0x00016348                CodecFminIsConnect
                0x00016360                CodecPgainIsConnect
                0x00016378                CodecDacGetCurrChannel
                0x000163d4                CodecDacLineInGainConfig
                0x000163f0                CodecDacFmInGainConfig
                0x0001640c                CodecDacMicInGainConfig
                0x00016428                CodecMixerGainGet
                0x00016468                CodecMicBiasEn
                0x000164b0                CodecDacMuteSet
                0x000168c4                CodecMixPgaDisconnect
                0x00016a34                CodecMixPgaConnect
                0x00016bd0                CodecMixFmDisconnect
                0x00016d40                CodecMixLineinDisconnect
                0x00016efc                CodecMixLineinConnect
                0x00017120                CodecMixDacDisconnect
                0x000172a0                CodecDacChannelDisconnect
                0x00017350                CodecDacChannelDisconnectNotChangeMode
                0x00017400                CodecMixDacConnect
                0x0001759c                CodecDacVmidChargeOp
                0x00017688                CodecDacDeinit
                0x00017738                CodecDacInit
                0x000178a4                DacSoftMuteSet
                0x00017910                CodecMixFmConnect
                0x00017afc                CodecDacChannelSel
                0x00017bb8                CodecDacChannelSelNotChangeMode
                0x00017c74                DacConfig
                0x00017d8c                DacAdcSampleRateSet
 .text          0x00017e90      0x360 ..\..\..\..\..\lib\libdriver.a(spi_flash.o)
                0x00017e90                SpiFlashGetInfo
                0x00017eac                SpiFlashClkRestore
                0x00017efc                SpiFlashClktoSysClk
                0x00017f34                SpiFlashClkSet
                0x00017fd0                SpiFlashWrite
                0x00018004                SpiFlashConstGetInfo
                0x000181e0                SpiFlashConstDataRead
 .text          0x000181f0       0xac ..\..\..\..\..\lib\libdriver.a(audio_path.o)
                0x000181f0                PhubDebugModeSet
                0x00018218                PhubPathSel
                0x00018258                PhubPathClose
                0x0001826c                PhubOfifoInGainSet
                0x00018284                PhubAdcI2sInGainSet
 .text          0x0001829c      0x258 ..\..\..\..\..\lib\libdriver.a(timer.o)
                0x0001829c                Timer0HaltModeSet
                0x000182a8                Timer1HaltModeSet
                0x000182b4                Timer0IntClr
                0x000182c8                Timer1IntClr
                0x000182dc                Timer0GetTime
                0x00018308                Timer1GetTime
                0x00018334                Timer0Close
                0x00018350                Timer1Close
                0x0001836c                Timer0Adjust
                0x000183c0                Timer1Adjust
                0x00018414                Timer1Set
                0x00018484                Timer0Set
 .text          0x000184f4      0x8a4 ..\..\..\..\..\lib\libdriver.a(clk.o)
                0x000184f4                ClkRcModeTest
                0x00018518                ClkFshcClkSel
                0x0001852c                ClkModuleEn
                0x00018554                ClkModuleDis
                0x0001857c                ClkModuleGateEn
                0x00018598                ClkModuleGateDis
                0x000185ac                ClkMclkSel
                0x000185f8                ClkDpllClkGatingEn
                0x00018620                ClkDisDpllAutoCalibration
                0x0001866c                Clk12MOr16MGenerate
                0x00018680                ClkSwitchDpllToRc
                0x0001869c                ClkSwitchRcToDpll
                0x000186b0                ClkSysClkSelGet
                0x000186c0                ClkFshcClkSelGet
                0x000186d0                ClkSysClkSel
                0x000186ec                ClkModuleDivSet
                0x0001871c                ClkModuleDivSetNotify
                0x0001876c                ClkModuleClkSelGet
                0x0001877c                ClkModuleDivGet
                0x0001878c                ClkModuleDivDis
                0x0001879c                ClkMclkSelBySampleRate
                0x00018880                ClkCurrentClkModeGet
                0x00018890                RC48MHzTrimBy1MHz
                0x000188b4                ClkOsc32kNoNeedExtCapacitanceSet
                0x000188f4                ClkDpllClose
                0x0001892c                ClkOscPowerModeSel
                0x00018954                ClkCheckAndSwitchRCToDpll
                0x0001899c                ClkPorRcToDpllSetting
                0x00018a6c                ClkPorRcToDpll
                0x00018b74                ClkUseOsc32kCheckRc48m
                0x00018c28                ClkGetCurrentSysClkFreq
                0x00018cf8                ClkEnableAutoCalibrationDpll
 .text          0x00018d98      0x14c ..\..\..\..\..\lib\libdriver.a(otg_hal.o)
                0x00018d98                LoadFIFOData
                0x00018e40                UnloadFIFOData
 .text          0x00018ee4      0x6dc ..\..\..\..\..\lib\libdriver.a(adc.o)
                0x00018ee4                SarAdcPowerDown
                0x00018ef8                SarAdcGetVinFromX
                0x00018fa0                SarAdcLdoinVolInit
                0x000191a0                SarAdcChannelGetValue
                0x00019254                SarAdcGetLdoinVoltage
                0x000192e4                SarAdcGetRemainBatteryCapacity
                0x000193d8                SarAdcGetGpioVoltage
                0x00019400                SarAdcTrimLdo3V3
                0x000194bc                SarAdcGpioSel
 .text          0x000195c0     0x18c8 ..\..\..\..\..\lib\libdriver.a(lrc.o)
                0x00019720                GetLrcEncodeType
                0x0001a4f0                GetLrcInfo
                0x0001aa38                GetLrcTextLength
                0x0001aa50                CloseLrcFile
                0x0001ad78                OpenLrcByFileId
                0x0001adf4                OpenLrcByFileName
 .text          0x0001ae88      0x148 ..\..\..\..\..\lib\libdriver.a(cache.o)
                0x0001ae88                CacheInit
                0x0001af18                CacheIOctl
                0x0001afa4                CacheDeInit
 .text          0x0001afd0       0xf8 ..\..\..\..\..\lib\libdriver.a(pcm_fifo.o)
                0x0001afd0                PcmFifoInitialize
                0x0001b048                PcmFifoClear
                0x0001b058                PcmFifoIsEmpty
                0x0001b068                PcmFifoSetStatus
                0x0001b074                PcmFifoGetStatus
                0x0001b080                PcmFifoSetChannelExchangeFlag
                0x0001b08c                PcmFifoGetChannelExchangeFlag
                0x0001b098                PcmFifoGetDepth
                0x0001b0a8                PcmFifoGetRemainSamples
                0x0001b0b8                PcmFifoGetReadAddr
 .text          0x0001b0c8      0x498 ..\..\..\..\..\lib\libdriver.a(otg_detect_usb2.o)
                0x0001b0c8                GetDP_USB2
                0x0001b0d8                GetDM_USB2
                0x0001b0e8                Enable_DPPU_1K_USB2
                0x0001b100                Disable_DPPU_1K_USB2
                0x0001b118                IsEnable_DPPU_1K_USB2
                0x0001b12c                Enable_PD_15K_USB2
                0x0001b144                Disable_PD_15K_USB2
                0x0001b15c                IsEnable_PD_15K_USB2
                0x0001b16c                Enable_PU_500K_USB2
                0x0001b184                Disable_PU_500K_USB2
                0x0001b19c                SetUsbSpeed_USB2
                0x0001b1b4                UsbHost2IsLink
                0x0001b1cc                UsbDevice2IsLink
                0x0001b250                Usb2SetDetectMode
                0x0001b260                OTGLinkCheck_USB2
 .text          0x0001b560      0x4ec ..\..\..\..\..\lib\libdriver.a(fuart.o)
                0x0001b560                FuartRecvByte
                0x0001b588                FuartStartByteSend
                0x0001b5cc                IsFuartRxIntSrc
                0x0001b5dc                IsFuartTxIntSrc
                0x0001b5ec                FuartSend
                0x0001b6c8                FuartIOctl
                0x0001b868                FuartRecv
                0x0001b8f4                FuartInit
 .text          0x0001ba4c       0x48 ..\..\..\..\..\lib\libdriver.a(ldo_config.o)
                0x0001ba4c                LdoGetOtpTrimValue
                0x0001ba5c                LdoCfg
 .text          0x0001ba94      0xcb4 ..\..\..\..\..\lib\libdriver.a(buart.o)
                0x0001ba94                BuartDevInfo
                0x0001baa0                BuartDevInfo_
                0x0001bab0                GetBuartDevInfoId
                0x0001babc                BuartExFifoInit
                0x0001bc08                BuartInit
                0x0001bd1c                BuartIOctl
                0x0001c09c                BuartSend
                0x0001c414                BuartRecv
 .text          0x0001c748       0x34 ..\..\..\..\..\lib\libdriver.a(pmem.o)
                0x0001c748                PmemDataPathSel
                0x0001c768                PmemDataPathClose
 .text          0x0001c77c      0x1d4 ..\..\..\..\..\lib\libdriver.a(pcm_play.o)
                0x0001c77c                PcmPlay
                0x0001c7f8                SetExtDacSamplingRate
                0x0001c8d8                PcmPlayInit
 .text          0x0001c950      0x248 ..\..\..\..\..\lib\libdriver.a(host_stor_request.o)
                0x0001c950                UsbStartDevice
 .text          0x0001cb98      0x198 ..\..\..\..\..\lib\libdriver.a(otg_int.o)
                0x0001cb98                UsbHostEnableInt
                0x0001cc10                UsbHostDisableInt
                0x0001cc84                UsbDeviceEnableInt
                0x0001ccdc                UsbDeviceDisableInt
 .text          0x0001cd30      0x75c ..\..\..\..\..\lib\libdriver.a(device_stor.o)
                0x0001cd30                GetSdReaderState
                0x0001cd3c                SetSdReaderState
                0x0001cd48                DeviceStorSendCSW
                0x0001cd5c                DeviceStorInit
                0x0001cd8c                DeviceStorIsStopped
                0x0001cdc0                DeviceStorIsPrevent
                0x0001cde4                DeviceStorWrite10
                0x0001cea4                DeviceStorRead10
                0x0001d010                DeviceStorIsCardLink
                0x0001d044                DeviceStorModeSense
                0x0001d0e4                DeviceStorReadCapacity
                0x0001d158                DeviceStorReadFmtCapacity
                0x0001d1c0                DeviceStorProcess
 .text          0x0001d48c       0x34 ..\..\..\..\..\lib\libos.a(init.o)
                0x0001d48c                start_kernel
 .text          0x0001d4c0      0x674 ..\..\..\..\..\lib\libos.a(mmm.o)
                0x0001d4c0                mmm_print
                0x0001d5d0                mmm_malloc
                0x0001d8c4                mmm_free
                0x0001da5c                mmm_realloc
                0x0001da98                mmm_ioctl
 .text          0x0001db34      0x5cc ..\..\..\..\..\lib\libos.a(setup.o)
                0x0001db34                system_dsleep
                0x0001db44                system_reboot
                0x0001db70                setup_stack_frame
                0x0001dba8                svcall_interrupt
                0x0001dbc8                start_first_task
                0x0001dbdc                task_stackinfo
                0x0001dc34                start_schedule
                0x0001dcb4                stop_schedule
                0x0001dcb8                schedule_yield
                0x0001dcd4                ENTER_CRITICAL_SECTION
                0x0001dce8                EXIT_CRITICAL_SECTION
                0x0001dcfc                pendsv_interrupt
                0x0001dd38                systick_interrupt
                0x0001df90                get_chip_nvic_prio_bits
                0x0001dfec                systick_config_basic
                0x0001e018                systick_ioctl
                0x0001e080                GetSysTick1MsCnt
                0x0001e08c                Wait4EventTimeout
                0x0001e090                DelayMs
                0x0001e0d8                GetLibVersionFreertos
                0x0001e0e0                cpu_idle
 .text          0x0001e100      0x4c0 ..\..\..\..\..\lib\libos.a(semaphore.o)
                0x0001e100                __down_op
                0x0001e128                __down_op_ret_1
                0x0001e158                __down_op_ret_2
                0x0001e188                __up_op
                0x0001e1b0                __down_op_write
                0x0001e1d8                __up_op_write
                0x0001e1fc                __down_op_read
                0x0001e224                __up_op_read
                0x0001e24c                __up
                0x0001e298                __down
                0x0001e374                __down_interruptible
                0x0001e4d0                __down_trylock
                0x0001e540                __down_failed
                0x0001e550                __down_interruptible_failed
                0x0001e574                __down_trylock_failed
                0x0001e594                __up_wakeup
 .text          0x0001e5c0     0x3214 ..\..\..\..\..\lib\libos.a(msgq.o)
                0x0001e5c0                msgq_debug
                0x0001eaa8                MsgAddSet
                0x0001eb20                MsgDelSet
                0x0001eb98                MsgEmptySet
                0x0001ebf4                MsgFillSet
                0x0001ec54                AltMsgAddSet
                0x0001eccc                AltMsgDelSet
                0x0001ed44                AltMsgEmptySet
                0x0001eda0                AltMsgFillSet
                0x0001ee00                msgq_sleepon_msgqueue
                0x0001ee5c                msgq_tmrchk_cbfun
                0x0001effc                msgq_msg_recv
                0x0001f230                msgq_msg_send
                0x000202ac                msgq_msg_send_fromisr
                0x0002138c                msgq_msg_notify_fromisr
                0x00021408                msgq_wait4msg_restricted
                0x00021444                msgq_msg_ioctl
                0x00021748                msgq_task_register
                0x000217a0                msgq_task_unregister
 .text          0x000217d4      0xf30 ..\..\..\..\..\lib\libos.a(shell.o)
                0x000217d4                cmd_do_all
                0x0002190c                cmd_do_help
                0x00021adc                cmd_do_autocomp
                0x00021cb8                command_parse_spawn
                0x00022638                hexdump
 .text          0x00022704       0xf4 ..\..\..\..\..\lib\libos.a(locks.o)
                0x00022704                _atomic_set
                0x00022714                _atomic_add
                0x00022728                _atomic_add_return
                0x0002273c                _atomic_sub_return
                0x00022754                _atomic_clear_mask
                0x00022768                _spin_trylock
                0x0002276c                _spin_lock_irqsave
                0x00022778                _spin_lock_irq
                0x00022780                _spin_lock
                0x00022784                _spin_unlock
                0x00022788                _spin_unlock_irqrestore
                0x00022790                _spin_unlock_irq
                0x00022798                _read_trylock
                0x0002279c                _write_trylock
                0x000227a0                _read_lock
                0x000227a4                _read_lock_irqsave
                0x000227b0                _read_lock_irq
                0x000227b8                _write_lock_irqsave
                0x000227c4                _write_lock_irq
                0x000227cc                _write_lock
                0x000227d0                _write_unlock
                0x000227d4                _read_unlock
                0x000227d8                _read_unlock_irqrestore
                0x000227e0                _read_unlock_irq
                0x000227e8                _write_unlock_irqrestore
                0x000227f0                _write_unlock_irq
 .text          0x000227f8      0x198 ..\..\..\..\..\lib\libos.a(auxinfo.o)
                0x000227f8                do_free
                0x00022854                do_top
                0x00022984                auxtmr_count_get
 .text          0x00022990     0x180c ..\..\..\..\..\lib\libos.a(tasks.o)
                0x0002303c                prvCheckDelayedTasks
                0x00023114                xTaskGenericCreate
                0x00023228                vTaskDelete
                0x000232a4                uxTaskPriorityGet
                0x000232c4                vTaskPrioritySet
                0x00023370                xTaskIsTaskSuspended
                0x00023394                vTaskResume
                0x00023410                vTaskStartScheduler
                0x000234bc                vTaskEndScheduler
                0x000234d0                vTaskSuspendAll
                0x000234dc                xTaskGetTickCount
                0x000234e8                uxTaskGetNumberOfTasks
                0x000234f4                task_getpid
                0x00023508                vTaskStartTrace
                0x00023534                ulTaskEndTrace
                0x00023554                vTaskIncrementTick
                0x00023690                xTaskResumeAll
                0x00023780                task_param_set
                0x00023874                vTaskGetRunTimeStats
                0x00023964                vTaskList
                0x00023b9c                vTaskSleep
                0x00023bd4                schedule_timeout
                0x00023bf4                vTaskSleepUntil
                0x00023c4c                vTaskCleanUpResources
                0x00023d54                vTaskSwitchContext
                0x00023e40                vTaskSuspend
                0x00023eb0                vTaskPlaceOnEventList
                0x00023ef4                vTaskPlaceOnEventListRestricted
                0x00023f20                xTaskRemoveFromEventList
                0x00023fac                vTaskSetTimeOutState
                0x00023fc0                xTaskCheckForTimeOut
                0x00024028                vTaskMissedYield
                0x00024038                uxTaskGetStackHighWaterMark
                0x00024050                xTaskGetCurrentTaskHandle
                0x0002405c                xTaskGetSchedulerState
                0x00024078                vTaskPriorityInherit
                0x000240ec                vTaskPriorityDisinherit
                0x0002413c                early_init_task
 .text          0x0002419c       0x94 ..\..\..\..\..\lib\libos.a(mach.o)
                0x0002419c                NVIC_interrupt_prio_set
 .text          0x00024230       0xec ..\..\..\..\..\lib\libos.a(list.o)
                0x00024230                vListInitialise
                0x00024248                vListInitialiseItem
                0x00024250                vListInsertEnd
                0x0002426c                vListInsertIndex
                0x00024284                vListInsertIndexByPid
                0x000242c0                vListInsert
                0x000242f8                vListRemove
 .text          0x0002431c      0x810 ..\..\..\..\..\lib\libfs.a(dir.o)
                0x0002431c                DirSetStartEntry
                0x00024354                RewindFolderStart
                0x00024360                DirGetSonClusNum
                0x00024390                DirGetNextEntry
                0x00024444                DirGetSonSecNum
                0x00024458                DirSetSonClusNum
                0x000244ac                DirEnterSonFolder
                0x00024514                DirEnterParentFolder
                0x00024544                DirFindNextFolder
                0x00024580                DirNameConvert
                0x00024660                DirGenItem
                0x00024764                DirGenLongItem
                0x000248c8                GetPrevEntrySector
                0x00024944                GetLongName
                0x00024ad0                FindNextFolder
 .text          0x00024b2c       0xbc ..\..\..\..\..\lib\libfs.a(fs_mount.o)
                0x00024b2c                FsMount
                0x00024b44                FsChDrive
                0x00024b58                FsGetDriveType
                0x00024b6c                FsGetAvailableLogicId
                0x00024b80                FsGetCurContext
                0x00024b90                FsGetContextByDeviceType
                0x00024ba8                FsGetLogicIdByDeviceType
                0x00024bc8                GetCurFsDevType
 .text          0x00024be8      0x72c ..\..\..\..\..\lib\libfs.a(fat.o)
                0x00024be8                GetSecNum
                0x00024c04                GetClusNum
                0x00024c18                SaveOneSec
                0x00024c98                ReadOneSec
                0x00024d38                ReadDirSec
                0x00024d60                SaveDirSec
                0x00024d74                SaveFatSec
                0x00024dc0                ReadFATSec
                0x00024e00                GetNextClusNum
                0x00024e84                GetNextSecNum
                0x00024ee4                ModifyFatItem
                0x00024f2c                IsFreeClus
                0x00024f7c                ParseFat
                0x00025074                SetBitMap
                0x000250bc                CheckFreeClus
                0x00025120                FreeClusAlloc
                0x0002524c                FreeSectorOfClus
                0x00025268                DeleteClusterChain
                0x00025310                ValidityCheck
 .text          0x00025314     0x10dc ..\..\..\..\..\lib\libfs.a(exfat.o)
                0x00025314                SaveBitMapSec
                0x00025370                ReadBitMapSec
                0x000253c4                InitFolderNoFatChainFlag
                0x000253d8                ClrFolderNoFatChainFlag
                0x0002541c                SetFolderNoFatChainFlag
                0x0002545c                IsFolderNoFatChain
                0x000254a0                SetEntryNoFatChain
                0x000254ac                ExFatStartChackSum
                0x000254dc                ExFatAddCheckSum
                0x00025500                ExfatFullName2ShortName
                0x000256ac                ExfatShortName2FullName
                0x00025740                ExFatReadDirSec
                0x0002596c                ExFatSaveDirSec
                0x00025e94                ExFatFileOpenByLfName
                0x00026234                ExFatFileGetFullName
 .text          0x000263f0     0x1850 ..\..\..\..\..\lib\libfs.a(fat_file.o)
                0x000263f0                FileEOF
                0x00026400                FileRewind
                0x00026410                FileSof
                0x00026418                FileTell
                0x00026420                FileForceToEnd
                0x0002642c                FileSeek
                0x0002654c                _FileRead
                0x000267d4                FileReadCallBack
                0x000267d8                FileRead
                0x000267f0                FileGetLongName
                0x00026838                FileGetInfo
                0x000268bc                FileOpenByNum
                0x00026a0c                FileOpenByName
                0x00026af4                FileOpenByLfName
                0x00026c74                FileCreate
                0x00026d54                FileCreateShortFileName
                0x00026e78                FileCreateByLfName
                0x00026f7c                FileCreateByLfSfName
                0x00027070                FileWrite
                0x00027548                FileRename
                0x000275c4                FileFlush
                0x0002765c                FileOpen
                0x00027718                FileDelete
                0x00027824                FileSave
                0x00027894                FileClose
                0x00027918                FSFormat
                0x00027a1c                FileSetTime
                0x00027b08                FileGetTime
                0x00027c34                SetFsTerminateFuc
 .text          0x00027c40      0x2ec ..\..\..\..\..\lib\libfs.a(dir_lookup.o)
                0x00027c6c                DirSplit
 .text          0x00027f2c      0x3b8 ..\..\..\..\..\lib\libfs.a(utf.o)
                0x00027f2c                utf16_to_utf8
                0x00028130                utf8_to_utf16
                0x000282c4                utf16_to_gbk
                0x000282c8                gbk_to_utf16
                0x000282cc                utf16_length
 .text          0x000282e4      0x7c8 ..\..\..\..\..\lib\libfs.a(fsinfo.o)
                0x000282e4                FSINFO_SaveFdi
                0x000283b4                FSINFO_ChangeFileNum
                0x00028430                FSINFO_CreateFile
                0x00028454                FSINFO_DeleteFile
                0x000284bc                FSINFO_ChangeFolderNum
                0x00028508                FSINFO_InitOpenFolder
                0x000285ec                FSINFO_FindLastNode
                0x0002872c                FSINFO_InitOpenFile
                0x000288dc                InitFolderEmptyFlag
                0x000288ec                FSINFO_Init
                0x0002894c                ClrFolderEmptyFlag
                0x00028990                SetFolderEmptyFlag
                0x000289d4                IsFolderEmpty
                0x00028a10                GetValidFolderNum
                0x00028a40                GetOriginalFolderNum
                0x00028a78                GetValidFolderSum
                0x00028aa4                GetLibVersionFs
 .text          0x00028aac      0xc88 ..\..\..\..\..\lib\libfs.a(folder.o)
                0x00028aac                FolderGetInfo
                0x00028c1c                FolderOpenByNum
                0x00028f40                FolderOpenByValidNum
                0x00028f68                FolderOpenByName
                0x00029098                FolderOpenByLfName
                0x00029200                FolderGetLongName
                0x00029230                FolderAllocNewItem
                0x00029364                FolderCreate
                0x00029578                FolderCreateByLongName
 .text          0x00029734       0x60 ..\..\..\..\..\lib\libfs.a(fsmount_buffermanager.o)
                0x00029734                FSContextBufferFree
                0x0002975c                FSContextBufferAlloc
 .text          0x00029794       0x98 d:/tkstudio/build/sourcery g++ lite/bin/../lib/gcc/arm-none-eabi/4.4.1/../../../../arm-none-eabi/lib/thumb2\libm.a(lib_a-s_cos.o)
                0x00029794                cos
 .text          0x0002982c       0xa0 d:/tkstudio/build/sourcery g++ lite/bin/../lib/gcc/arm-none-eabi/4.4.1/../../../../arm-none-eabi/lib/thumb2\libm.a(lib_a-s_sin.o)
                0x0002982c                sin
 .text          0x000298cc      0x100 d:/tkstudio/build/sourcery g++ lite/bin/../lib/gcc/arm-none-eabi/4.4.1/../../../../arm-none-eabi/lib/thumb2\libm.a(lib_a-w_log10.o)
                0x000298cc                log10
 *fill*         0x000299cc        0x4 00
 .text          0x000299d0      0x128 d:/tkstudio/build/sourcery g++ lite/bin/../lib/gcc/arm-none-eabi/4.4.1/../../../../arm-none-eabi/lib/thumb2\libm.a(lib_a-e_log10.o)
                0x000299d0                __ieee754_log10
 .text          0x00029af8      0x418 d:/tkstudio/build/sourcery g++ lite/bin/../lib/gcc/arm-none-eabi/4.4.1/../../../../arm-none-eabi/lib/thumb2\libm.a(lib_a-e_rem_pio2.o)
                0x00029af8                __ieee754_rem_pio2
 .text          0x00029f10      0x250 d:/tkstudio/build/sourcery g++ lite/bin/../lib/gcc/arm-none-eabi/4.4.1/../../../../arm-none-eabi/lib/thumb2\libm.a(lib_a-k_cos.o)
                0x00029f10                __kernel_cos
 .text          0x0002a160      0x7b4 d:/tkstudio/build/sourcery g++ lite/bin/../lib/gcc/arm-none-eabi/4.4.1/../../../../arm-none-eabi/lib/thumb2\libm.a(lib_a-k_rem_pio2.o)
                0x0002a160                __kernel_rem_pio2
 *fill*         0x0002a914        0x4 00
 .text          0x0002a918      0x170 d:/tkstudio/build/sourcery g++ lite/bin/../lib/gcc/arm-none-eabi/4.4.1/../../../../arm-none-eabi/lib/thumb2\libm.a(lib_a-k_sin.o)
                0x0002a918                __kernel_sin
 .text          0x0002aa88        0x8 d:/tkstudio/build/sourcery g++ lite/bin/../lib/gcc/arm-none-eabi/4.4.1/../../../../arm-none-eabi/lib/thumb2\libm.a(lib_a-s_fabs.o)
                0x0002aa88                fabs
 .text          0x0002aa90      0x128 d:/tkstudio/build/sourcery g++ lite/bin/../lib/gcc/arm-none-eabi/4.4.1/../../../../arm-none-eabi/lib/thumb2\libm.a(lib_a-s_floor.o)
                0x0002aa90                floor
 .text          0x0002abb8       0x1c d:/tkstudio/build/sourcery g++ lite/bin/../lib/gcc/arm-none-eabi/4.4.1/../../../../arm-none-eabi/lib/thumb2\libm.a(lib_a-s_isnand.o)
                0x0002abb8                __isnand
 .text          0x0002abd4        0x0 d:/tkstudio/build/sourcery g++ lite/bin/../lib/gcc/arm-none-eabi/4.4.1/../../../../arm-none-eabi/lib/thumb2\libm.a(lib_a-s_lib_ver.o)
 .text          0x0002abd4        0x4 d:/tkstudio/build/sourcery g++ lite/bin/../lib/gcc/arm-none-eabi/4.4.1/../../../../arm-none-eabi/lib/thumb2\libm.a(lib_a-s_matherr.o)
                0x0002abd4                matherr
 .text          0x0002abd8        0xc d:/tkstudio/build/sourcery g++ lite/bin/../lib/gcc/arm-none-eabi/4.4.1/../../../../arm-none-eabi/lib/thumb2\libm.a(lib_a-s_nan.o)
                0x0002abd8                nan
 *fill*         0x0002abe4        0x4 00
 .text          0x0002abe8      0x118 d:/tkstudio/build/sourcery g++ lite/bin/../lib/gcc/arm-none-eabi/4.4.1/../../../../arm-none-eabi/lib/thumb2\libm.a(lib_a-s_scalbn.o)
                0x0002abe8                scalbn
 .text          0x0002ad00      0x428 d:/tkstudio/build/sourcery g++ lite/bin/../lib/gcc/arm-none-eabi/4.4.1/../../../../arm-none-eabi/lib/thumb2\libm.a(lib_a-e_log.o)
                0x0002ad00                __ieee754_log
 .text          0x0002b128       0x18 d:/tkstudio/build/sourcery g++ lite/bin/../lib/gcc/arm-none-eabi/4.4.1/../../../../arm-none-eabi/lib/thumb2\libm.a(lib_a-s_copysign.o)
                0x0002b128                copysign
 .text          0x0002b140      0x2b0 d:/tkstudio/build/sourcery g++ lite/bin/../lib/gcc/arm-none-eabi/4.4.1/thumb2\libgcc.a(_divsi3.o)
                0x0002b140                __divsi3
                0x0002b140                __aeabi_idiv
                0x0002b3d4                __aeabi_idivmod
 .text          0x0002b3f0        0x4 d:/tkstudio/build/sourcery g++ lite/bin/../lib/gcc/arm-none-eabi/4.4.1/thumb2\libgcc.a(_dvmd_tls.o)
                0x0002b3f0                __aeabi_idiv0
                0x0002b3f0                __aeabi_ldiv0
 .text          0x0002b3f4      0x370 d:/tkstudio/build/sourcery g++ lite/bin/../lib/gcc/arm-none-eabi/4.4.1/thumb2\libgcc.a(_arm_addsubdf3.o)
                0x0002b3f4                __aeabi_drsub
                0x0002b3fc                __aeabi_dsub
                0x0002b3fc                __subdf3
                0x0002b400                __aeabi_dadd
                0x0002b400                __adddf3
                0x0002b678                __floatunsidf
                0x0002b678                __aeabi_ui2d
                0x0002b698                __floatsidf
                0x0002b698                __aeabi_i2d
                0x0002b6bc                __aeabi_f2d
                0x0002b6bc                __extendsfdf2
                0x0002b6f8                __floatundidf
                0x0002b6f8                __aeabi_ul2d
                0x0002b708                __floatdidf
                0x0002b708                __aeabi_l2d
 .text          0x0002b764      0x424 d:/tkstudio/build/sourcery g++ lite/bin/../lib/gcc/arm-none-eabi/4.4.1/thumb2\libgcc.a(_arm_muldivdf3.o)
                0x0002b764                __aeabi_dmul
                0x0002b764                __muldf3
                0x0002b9b8                __divdf3
                0x0002b9b8                __aeabi_ddiv
 .text          0x0002bb88      0x110 d:/tkstudio/build/sourcery g++ lite/bin/../lib/gcc/arm-none-eabi/4.4.1/thumb2\libgcc.a(_arm_cmpdf2.o)
                0x0002bb88                __gtdf2
                0x0002bb88                __gedf2
                0x0002bb90                __ltdf2
                0x0002bb90                __ledf2
                0x0002bb98                __nedf2
                0x0002bb98                __eqdf2
                0x0002bb98                __cmpdf2
                0x0002bc14                __aeabi_cdrcmple
                0x0002bc24                __aeabi_cdcmpeq
                0x0002bc24                __aeabi_cdcmple
                0x0002bc34                __aeabi_dcmpeq
                0x0002bc48                __aeabi_dcmplt
                0x0002bc5c                __aeabi_dcmple
                0x0002bc70                __aeabi_dcmpge
                0x0002bc84                __aeabi_dcmpgt
 .text          0x0002bc98       0x50 d:/tkstudio/build/sourcery g++ lite/bin/../lib/gcc/arm-none-eabi/4.4.1/thumb2\libgcc.a(_arm_fixdfsi.o)
                0x0002bc98                __aeabi_d2iz
                0x0002bc98                __fixdfsi
 .text          0x0002bce8       0x40 d:/tkstudio/build/sourcery g++ lite/bin/../lib/gcc/arm-none-eabi/4.4.1/thumb2\libgcc.a(_arm_fixunsdfsi.o)
                0x0002bce8                __aeabi_d2uiz
                0x0002bce8                __fixunsdfsi
 .text          0x0002bd28       0xa0 d:/tkstudio/build/sourcery g++ lite/bin/../lib/gcc/arm-none-eabi/4.4.1/thumb2\libgcc.a(_arm_truncdfsf2.o)
                0x0002bd28                __truncdfsf2
                0x0002bd28                __aeabi_d2f
 .text          0x0002bdc8      0x21c d:/tkstudio/build/sourcery g++ lite/bin/../lib/gcc/arm-none-eabi/4.4.1/thumb2\libgcc.a(_arm_addsubsf3.o)
                0x0002bdc8                __aeabi_frsub
                0x0002bdd0                __subsf3
                0x0002bdd0                __aeabi_fsub
                0x0002bdd4                __aeabi_fadd
                0x0002bdd4                __addsf3
                0x0002bf34                __aeabi_ui2f
                0x0002bf34                __floatunsisf
                0x0002bf3c                __aeabi_i2f
                0x0002bf3c                __floatsisf
                0x0002bf58                __aeabi_ul2f
                0x0002bf58                __floatundisf
                0x0002bf68                __aeabi_l2f
                0x0002bf68                __floatdisf
 .text          0x0002bfe4      0x2a0 d:/tkstudio/build/sourcery g++ lite/bin/../lib/gcc/arm-none-eabi/4.4.1/thumb2\libgcc.a(_arm_muldivsf3.o)
                0x0002bfe4                __mulsf3
                0x0002bfe4                __aeabi_fmul
                0x0002c14c                __aeabi_fdiv
                0x0002c14c                __divsf3
 .text          0x0002c284       0xec d:/tkstudio/build/sourcery g++ lite/bin/../lib/gcc/arm-none-eabi/4.4.1/thumb2\libgcc.a(_arm_cmpsf2.o)
                0x0002c284                __gesf2
                0x0002c284                __gtsf2
                0x0002c28c                __lesf2
                0x0002c28c                __ltsf2
                0x0002c294                __nesf2
                0x0002c294                __eqsf2
                0x0002c294                __cmpsf2
                0x0002c2f4                __aeabi_cfrcmple
                0x0002c2fc                __aeabi_cfcmpeq
                0x0002c2fc                __aeabi_cfcmple
                0x0002c30c                __aeabi_fcmpeq
                0x0002c320                __aeabi_fcmplt
                0x0002c334                __aeabi_fcmple
                0x0002c348                __aeabi_fcmpge
                0x0002c35c                __aeabi_fcmpgt
 .text          0x0002c370       0x4c d:/tkstudio/build/sourcery g++ lite/bin/../lib/gcc/arm-none-eabi/4.4.1/thumb2\libgcc.a(_arm_fixsfsi.o)
                0x0002c370                __aeabi_f2iz
                0x0002c370                __fixsfsi
 .text          0x0002c3bc       0x2c d:/tkstudio/build/sourcery g++ lite/bin/../lib/gcc/arm-none-eabi/4.4.1/thumb2\libgcc.a(_aeabi_uldivmod.o)
                0x0002c3bc                __aeabi_uldivmod
 .text          0x0002c3e8       0x58 d:/tkstudio/build/sourcery g++ lite/bin/../lib/gcc/arm-none-eabi/4.4.1/thumb2\libgcc.a(bpabi.o)
                0x0002c3e8                __gnu_uldivmod_helper
                0x0002c414                __gnu_ldivmod_helper
 .text          0x0002c440      0x364 d:/tkstudio/build/sourcery g++ lite/bin/../lib/gcc/arm-none-eabi/4.4.1/thumb2\libgcc.a(_divdi3.o)
                0x0002c440                __divdi3
 .text          0x0002c7a4      0x300 d:/tkstudio/build/sourcery g++ lite/bin/../lib/gcc/arm-none-eabi/4.4.1/thumb2\libgcc.a(_udivdi3.o)
                0x0002c7a4                __udivdi3
 *fill*         0x0002caa4        0x4 00
 .text          0x0002caa8      0x278 d:/tkstudio/build/sourcery g++ lite/bin/../lib/gcc/arm-none-eabi/4.4.1/thumb2\libgcc.a(_udivsi3.o)
                0x0002caa8                __aeabi_uidiv
                0x0002caa8                __udivsi3
                0x0002cd04                __aeabi_uidivmod
 .text          0x0002cd20       0x10 d:/tkstudio/build/sourcery g++ lite/bin/../lib/gcc/arm-none-eabi/4.4.1/../../../../arm-none-eabi/lib/thumb2\libc.a(lib_a-atoi.o)
                0x0002cd20                _atoi_r
                0x0002cd28                atoi
 .text          0x0002cd30        0x0 d:/tkstudio/build/sourcery g++ lite/bin/../lib/gcc/arm-none-eabi/4.4.1/../../../../arm-none-eabi/lib/thumb2\libc.a(lib_a-ctype_.o)
 .text          0x0002cd30        0xc d:/tkstudio/build/sourcery g++ lite/bin/../lib/gcc/arm-none-eabi/4.4.1/../../../../arm-none-eabi/lib/thumb2\libc.a(lib_a-errno.o)
                0x0002cd30                __errno
 .text          0x0002cd3c        0x0 d:/tkstudio/build/sourcery g++ lite/bin/../lib/gcc/arm-none-eabi/4.4.1/../../../../arm-none-eabi/lib/thumb2\libc.a(lib_a-impure.o)
 .text          0x0002cd3c       0x64 d:/tkstudio/build/sourcery g++ lite/bin/../lib/gcc/arm-none-eabi/4.4.1/../../../../arm-none-eabi/lib/thumb2\libc.a(lib_a-memcmp.o)
                0x0002cd3c                memcmp
 .text          0x0002cda0      0x190 d:/tkstudio/build/sourcery g++ lite/bin/../lib/gcc/arm-none-eabi/4.4.1/../../../../arm-none-eabi/lib/thumb2\libc.a(lib_a-memcpy.o)
                0x0002cda0                memcpy
 .text          0x0002cf30       0xb8 d:/tkstudio/build/sourcery g++ lite/bin/../lib/gcc/arm-none-eabi/4.4.1/../../../../arm-none-eabi/lib/thumb2\libc.a(lib_a-memmove.o)
                0x0002cf30                memmove
 .text          0x0002cfe8       0xd4 d:/tkstudio/build/sourcery g++ lite/bin/../lib/gcc/arm-none-eabi/4.4.1/../../../../arm-none-eabi/lib/thumb2\libc.a(lib_a-memset.o)
                0x0002cfe8                memset
 .text          0x0002d0bc       0x88 d:/tkstudio/build/sourcery g++ lite/bin/../lib/gcc/arm-none-eabi/4.4.1/../../../../arm-none-eabi/lib/thumb2\libc.a(lib_a-puts.o)
                0x0002d0bc                _puts_r
                0x0002d134                puts
 .text          0x0002d144       0xb8 d:/tkstudio/build/sourcery g++ lite/bin/../lib/gcc/arm-none-eabi/4.4.1/../../../../arm-none-eabi/lib/thumb2\libc.a(lib_a-sscanf.o)
                0x0002d148                _sscanf_r
                0x0002d1a0                sscanf
 .text          0x0002d1fc       0x7c d:/tkstudio/build/sourcery g++ lite/bin/../lib/gcc/arm-none-eabi/4.4.1/../../../../arm-none-eabi/lib/thumb2\libc.a(lib_a-strcasecmp.o)
                0x0002d1fc                strcasecmp
 .text          0x0002d278       0xc0 d:/tkstudio/build/sourcery g++ lite/bin/../lib/gcc/arm-none-eabi/4.4.1/../../../../arm-none-eabi/lib/thumb2\libc.a(lib_a-strchr.o)
                0x0002d278                strchr
 .text          0x0002d338      0x1dc d:/tkstudio/build/sourcery g++ lite/bin/../lib/gcc/arm-none-eabi/4.4.1/../../../../arm-none-eabi/lib/thumb2\libc.a(lib_a-strcmp.o)
                0x0002d338                strcmp
 .text          0x0002d514       0x60 d:/tkstudio/build/sourcery g++ lite/bin/../lib/gcc/arm-none-eabi/4.4.1/../../../../arm-none-eabi/lib/thumb2\libc.a(lib_a-strlen.o)
                0x0002d514                strlen
 .text          0x0002d574       0x70 d:/tkstudio/build/sourcery g++ lite/bin/../lib/gcc/arm-none-eabi/4.4.1/../../../../arm-none-eabi/lib/thumb2\libc.a(lib_a-strncasecmp.o)
                0x0002d574                strncasecmp
 .text          0x0002d5e4       0x78 d:/tkstudio/build/sourcery g++ lite/bin/../lib/gcc/arm-none-eabi/4.4.1/../../../../arm-none-eabi/lib/thumb2\libc.a(lib_a-strncpy.o)
                0x0002d5e4                strncpy
 .text          0x0002d65c       0x40 d:/tkstudio/build/sourcery g++ lite/bin/../lib/gcc/arm-none-eabi/4.4.1/../../../../arm-none-eabi/lib/thumb2\libc.a(lib_a-strspn.o)
                0x0002d65c                strspn
 .text          0x0002d69c      0x158 d:/tkstudio/build/sourcery g++ lite/bin/../lib/gcc/arm-none-eabi/4.4.1/../../../../arm-none-eabi/lib/thumb2\libc.a(lib_a-strtol.o)
                0x0002d69c                _strtol_r
                0x0002d7dc                strtol
 .text          0x0002d7f4     0x10f8 d:/tkstudio/build/sourcery g++ lite/bin/../lib/gcc/arm-none-eabi/4.4.1/../../../../arm-none-eabi/lib/thumb2\libc.a(lib_a-svfscanf.o)
                0x0002d8c0                __ssvfscanf_r
 .text          0x0002e8ec      0x1bc d:/tkstudio/build/sourcery g++ lite/bin/../lib/gcc/arm-none-eabi/4.4.1/../../../../arm-none-eabi/lib/thumb2\libc.a(lib_a-ungetc.o)
                0x0002e8ec                __submore
                0x0002e968                _ungetc_r
                0x0002ea98                ungetc
 .text          0x0002eaa8      0x178 d:/tkstudio/build/sourcery g++ lite/bin/../lib/gcc/arm-none-eabi/4.4.1/../../../../arm-none-eabi/lib/thumb2\libc.a(lib_a-fflush.o)
                0x0002eaa8                _fflush_r
                0x0002ebf8                fflush
 .text          0x0002ec20      0x1c8 d:/tkstudio/build/sourcery g++ lite/bin/../lib/gcc/arm-none-eabi/4.4.1/../../../../arm-none-eabi/lib/thumb2\libc.a(lib_a-findfp.o)
                0x0002ec20                __sfp_lock_acquire
                0x0002ec24                __sfp_lock_release