


ARM Macro Assembler    Page 1 


    1 00000000                 EXTERN           g_active_task
    2 00000000                 EXTERN           g_preferred_ready_task
    3 00000000                 IMPORT           krhino_stack_ovf_check
    4 00000000                 EXPORT           cpu_intrpt_save
    5 00000000                 EXPORT           cpu_intrpt_restore
    6 00000000                 EXPORT           cpu_first_task_start
    7 00000000                 EXPORT           cpu_task_switch
    8 00000000                 EXPORT           cpu_intrpt_switch
    9 00000000                 EXPORT           PendSV_Handler
   10 00000000         
   11 00000000         
   12 00000000 E000ED04 
                       NVIC_INT_CTRL
                               EQU              0xE000ED04
   13 00000000 E000ED22 
                       NVIC_SYSPRI14
                               EQU              0xE000ED22
   14 00000000 000000FF 
                       NVIC_PENDSV_PRI
                               EQU              0xFF
   15 00000000 10000000 
                       NVIC_PENDSVSET
                               EQU              0x10000000
   16 00000000         
   17 00000000                 AREA             |.text|, CODE, READONLY, ALIGN=
2
   18 00000000                 THUMB
   19 00000000                 REQUIRE8
   20 00000000                 PRESERVE8
   21 00000000         
   22 00000000         cpu_intrpt_save
   23 00000000 F3EF 8010       MRS              R0, PRIMASK
   24 00000004 B672            CPSID            I
   25 00000006 4770            BX               LR
   26 00000008         
   27 00000008         cpu_intrpt_restore
   28 00000008 F380 8810       MSR              PRIMASK, R0
   29 0000000C 4770            BX               LR
   30 0000000E         
   31 0000000E         
   32 0000000E         cpu_first_task_start
   33 0000000E 481D            LDR              R0, =NVIC_SYSPRI14
   34 00000010 F04F 01FF       LDR              R1, =NVIC_PENDSV_PRI
   35 00000014 7001            STRB             R1, [R0]
   36 00000016         
   37 00000016 2000            MOVS             R0, #0
   38 00000018 F380 8809       MSR              PSP, R0
   39 0000001C         
   40 0000001C         ;align msp to 8 byte
   41 0000001C F3EF 8008       MRS              R0, MSP
   42 00000020 08C0            LSRS             R0, R0, #3
   43 00000022 00C0            LSLS             R0, R0, #3
   44 00000024 F380 8808       MSR              MSP, R0
   45 00000028         
   46 00000028 4817            LDR              R0, =NVIC_INT_CTRL
   47 0000002A F04F 5180       LDR              R1, =NVIC_PENDSVSET
   48 0000002E 6001            STR              R1, [R0]
   49 00000030         
   50 00000030 B662            CPSIE            I



ARM Macro Assembler    Page 2 


   51 00000032         
   52 00000032         
   53 00000032         cpu_task_switch
   54 00000032 4815            LDR              R0, =NVIC_INT_CTRL
   55 00000034 F04F 5180       LDR              R1, =NVIC_PENDSVSET
   56 00000038 6001            STR              R1, [R0]
   57 0000003A 4770            BX               LR
   58 0000003C         
   59 0000003C         
   60 0000003C         cpu_intrpt_switch
   61 0000003C 4812            LDR              R0, =NVIC_INT_CTRL
   62 0000003E F04F 5180       LDR              R1, =NVIC_PENDSVSET
   63 00000042 6001            STR              R1, [R0]
   64 00000044 4770            BX               LR
   65 00000046         
   66 00000046         
   67 00000046         PendSV_Handler
   68 00000046 B672            CPSID            I
   69 00000048 F3EF 8009       MRS              R0, PSP
   70 0000004C B148            CBZ              R0, _pendsv_handler_nosave
   71 0000004E         
   72 0000004E                 IF               {FPU} != "SoftVFP"
   73 0000004E ED20 8B10       VSTMFD           r0!, {d8 - d15}
   74 00000052                 ENDIF
   75 00000052         
   76 00000052 3824            SUBS             R0, R0, #0x24
   77 00000054 E880 4FF0       STM              R0, {R4-R11, LR}
   78 00000058         
   79 00000058 490C            LDR              R1, =g_active_task
   80 0000005A 6809            LDR              R1, [R1]
   81 0000005C 6008            STR              R0, [R1]
   82 0000005E         
   83 0000005E F7FF FFFE       bl               krhino_stack_ovf_check
   84 00000062         
   85 00000062         _pendsv_handler_nosave
   86 00000062 480A            LDR              R0, =g_active_task
   87 00000064 490A            LDR              R1, =g_preferred_ready_task
   88 00000066 680A            LDR              R2, [R1]
   89 00000068 6002            STR              R2, [R0]
   90 0000006A         
   91 0000006A 6810            LDR              R0, [R2]
   92 0000006C E890 4FF0       LDM              R0, {R4-R11, LR}
   93 00000070 3024            ADDS             R0, R0, #0x24
   94 00000072         
   95 00000072                 IF               {FPU} != "SoftVFP"
   96 00000072 ECB0 8B10       VLDMFD           r0!, {d8 - d15}
   97 00000076                 ENDIF
   98 00000076         
   99 00000076         ;return stack = PSP
  100 00000076 F380 8809       MSR              PSP, R0
  101 0000007A F04E 0E04       ORR              LR, LR, #0x04
  102 0000007E         
  103 0000007E B662            CPSIE            I
  104 00000080 4770            BX               LR
  105 00000082         
  106 00000082 00 00           ALIGN                        ;align to avoid war
                                                            ning A1581W
  107 00000084                 END
              E000ED22 



ARM Macro Assembler    Page 3 


              E000ED04 
              00000000 
              00000000 
Command Line: --debug --xref --diag_suppress=9931 --cpu=Cortex-M4.fp --apcs=int
erwork --depend=stm32l433rctxp\port_c_1.d -ostm32l433rctxp\port_c_1.o -ID:\aos_
github\AliOS-Things\projects\Keil\STM32L433RC-Nucleo\gui_demo\RTE -IC:\Keil_v5\
ARM\PACK\ARM\CMSIS\4.5.0\CMSIS\Include -IC:\Keil_v5\ARM\PACK\Keil\STM32L4xx_DFP
\2.0.0\Drivers\CMSIS\Device\ST\STM32L4xx\Include --predefine="__MICROLIB SETA 1
" --predefine="__UVISION_VERSION SETA 521" --predefine="_RTE_ SETA 1" --predefi
ne="STM32L433xx SETA 1" --list=port_c.lst ..\..\..\..\platform\arch\arm\armv7m\
armcc\m4\port_c.s



ARM Macro Assembler    Page 1 Alphabetic symbol ordering
Relocatable symbols

.text 00000000

Symbol: .text
   Definitions
      At line 17 in file ..\..\..\..\platform\arch\arm\armv7m\armcc\m4\port_c.s
   Uses
      None
Comment: .text unused
PendSV_Handler 00000046

Symbol: PendSV_Handler
   Definitions
      At line 67 in file ..\..\..\..\platform\arch\arm\armv7m\armcc\m4\port_c.s
   Uses
      At line 9 in file ..\..\..\..\platform\arch\arm\armv7m\armcc\m4\port_c.s
Comment: PendSV_Handler used once
_pendsv_handler_nosave 00000062

Symbol: _pendsv_handler_nosave
   Definitions
      At line 85 in file ..\..\..\..\platform\arch\arm\armv7m\armcc\m4\port_c.s
   Uses
      At line 70 in file ..\..\..\..\platform\arch\arm\armv7m\armcc\m4\port_c.s
Comment: _pendsv_handler_nosave used once
cpu_first_task_start 0000000E

Symbol: cpu_first_task_start
   Definitions
      At line 32 in file ..\..\..\..\platform\arch\arm\armv7m\armcc\m4\port_c.s
   Uses
      At line 6 in file ..\..\..\..\platform\arch\arm\armv7m\armcc\m4\port_c.s
Comment: cpu_first_task_start used once
cpu_intrpt_restore 00000008

Symbol: cpu_intrpt_restore
   Definitions
      At line 27 in file ..\..\..\..\platform\arch\arm\armv7m\armcc\m4\port_c.s
   Uses
      At line 5 in file ..\..\..\..\platform\arch\arm\armv7m\armcc\m4\port_c.s
Comment: cpu_intrpt_restore used once
cpu_intrpt_save 00000000

Symbol: cpu_intrpt_save
   Definitions
      At line 22 in file ..\..\..\..\platform\arch\arm\armv7m\armcc\m4\port_c.s
   Uses
      At line 4 in file ..\..\..\..\platform\arch\arm\armv7m\armcc\m4\port_c.s
Comment: cpu_intrpt_save used once
cpu_intrpt_switch 0000003C

Symbol: cpu_intrpt_switch
   Definitions
      At line 60 in file ..\..\..\..\platform\arch\arm\armv7m\armcc\m4\port_c.s
   Uses
      At line 8 in file ..\..\..\..\platform\arch\arm\armv7m\armcc\m4\port_c.s
Comment: cpu_intrpt_switch used once
cpu_task_switch 00000032

Symbol: cpu_task_switch



ARM Macro Assembler    Page 2 Alphabetic symbol ordering
Relocatable symbols

   Definitions
      At line 53 in file ..\..\..\..\platform\arch\arm\armv7m\armcc\m4\port_c.s
   Uses
      At line 7 in file ..\..\..\..\platform\arch\arm\armv7m\armcc\m4\port_c.s
Comment: cpu_task_switch used once
8 symbols



ARM Macro Assembler    Page 1 Alphabetic symbol ordering
Absolute symbols

NVIC_INT_CTRL E000ED04

Symbol: NVIC_INT_CTRL
   Definitions
      At line 12 in file ..\..\..\..\platform\arch\arm\armv7m\armcc\m4\port_c.s
   Uses
      At line 46 in file ..\..\..\..\platform\arch\arm\armv7m\armcc\m4\port_c.s
      At line 54 in file ..\..\..\..\platform\arch\arm\armv7m\armcc\m4\port_c.s
      At line 61 in file ..\..\..\..\platform\arch\arm\armv7m\armcc\m4\port_c.s

NVIC_PENDSVSET 10000000

Symbol: NVIC_PENDSVSET
   Definitions
      At line 15 in file ..\..\..\..\platform\arch\arm\armv7m\armcc\m4\port_c.s
   Uses
      At line 47 in file ..\..\..\..\platform\arch\arm\armv7m\armcc\m4\port_c.s
      At line 55 in file ..\..\..\..\platform\arch\arm\armv7m\armcc\m4\port_c.s
      At line 62 in file ..\..\..\..\platform\arch\arm\armv7m\armcc\m4\port_c.s

NVIC_PENDSV_PRI 000000FF

Symbol: NVIC_PENDSV_PRI
   Definitions
      At line 14 in file ..\..\..\..\platform\arch\arm\armv7m\armcc\m4\port_c.s
   Uses
      At line 34 in file ..\..\..\..\platform\arch\arm\armv7m\armcc\m4\port_c.s
Comment: NVIC_PENDSV_PRI used once
NVIC_SYSPRI14 E000ED22

Symbol: NVIC_SYSPRI14
   Definitions
      At line 13 in file ..\..\..\..\platform\arch\arm\armv7m\armcc\m4\port_c.s
   Uses
      At line 33 in file ..\..\..\..\platform\arch\arm\armv7m\armcc\m4\port_c.s
Comment: NVIC_SYSPRI14 used once
4 symbols



ARM Macro Assembler    Page 1 Alphabetic symbol ordering
External symbols

g_active_task 00000000

Symbol: g_active_task
   Definitions
      At line 1 in file ..\..\..\..\platform\arch\arm\armv7m\armcc\m4\port_c.s
   Uses
      At line 79 in file ..\..\..\..\platform\arch\arm\armv7m\armcc\m4\port_c.s
      At line 86 in file ..\..\..\..\platform\arch\arm\armv7m\armcc\m4\port_c.s

g_preferred_ready_task 00000000

Symbol: g_preferred_ready_task
   Definitions
      At line 2 in file ..\..\..\..\platform\arch\arm\armv7m\armcc\m4\port_c.s
   Uses
      At line 87 in file ..\..\..\..\platform\arch\arm\armv7m\armcc\m4\port_c.s
Comment: g_preferred_ready_task used once
krhino_stack_ovf_check 00000000

Symbol: krhino_stack_ovf_check
   Definitions
      At line 3 in file ..\..\..\..\platform\arch\arm\armv7m\armcc\m4\port_c.s
   Uses
      At line 83 in file ..\..\..\..\platform\arch\arm\armv7m\armcc\m4\port_c.s
Comment: krhino_stack_ovf_check used once
3 symbols
352 symbols in table
